#0 building with "desktop-linux" instance using docker driver

#1 [internal] load build definition from Dockerfile.sdk2026
#1 transferring dockerfile: 2.76kB done
#1 WARN: FromPlatformFlagConstDisallowed: FROM --platform flag should not use constant value "linux/amd64" (line 4)
#1 WARN: FromPlatformFlagConstDisallowed: FROM --platform flag should not use constant value "linux/amd64" (line 20)
#1 DONE 0.0s

#2 [internal] load metadata for ghcr.io/nabucasa/silabs-firmware-builder@sha256:aaeedf3cceb95dc15a9d3333093e76957ef20d06f94d3f7b23d5bd88d337a85d
#2 DONE 0.0s

#3 [internal] load .dockerignore
#3 transferring context: 2B done
#3 DONE 0.0s

#4 [sdk2026-builder 1/6] FROM ghcr.io/nabucasa/silabs-firmware-builder@sha256:aaeedf3cceb95dc15a9d3333093e76957ef20d06f94d3f7b23d5bd88d337a85d
#4 resolve ghcr.io/nabucasa/silabs-firmware-builder@sha256:aaeedf3cceb95dc15a9d3333093e76957ef20d06f94d3f7b23d5bd88d337a85d 0.0s done
#4 DONE 0.0s

#5 [internal] load build context
#5 transferring context: 1.94kB done
#5 DONE 0.0s

#6 [sdk2026-builder 2/6] COPY review/sdk2026/recipe/pin-debian-snapshot.sh /pin-debian-snapshot.sh
#6 CACHED

#7 [sdk2026-builder 3/6] RUN sh /pin-debian-snapshot.sh && apt-get update && apt-get install -y --no-install-recommends     build-essential cmake ninja-build git patch pkg-config     libmbedtls-dev libreadline-dev libncurses-dev libboost-dev     libboost-filesystem-dev libboost-system-dev libjsoncpp-dev     libdbus-1-dev libnetfilter-queue-dev libsystemd-dev libprotobuf-dev protobuf-compiler nodejs npm     && rm -rf /var/lib/apt/lists/*
#7 CACHED

#8 [sdk2026-builder 4/6] COPY hassio-ihost-silabs-multiprotocol/otbr-patches/ /recipe/patches/
#8 CACHED

#9 [sdk2026-builder 5/6] COPY review/sdk2026/recipe/ /recipe/
#9 CACHED

#10 [sdk2026-builder 6/6] RUN bash /recipe/build-in-container.sh
#10 CACHED

#11 exporting to image
#11 exporting layers
#11 exporting layers 16.9s done
#11 exporting manifest sha256:96723dab51a0aed6602fe0bb42171699a1219d519cbd2f89c8cd8383e210af3a 0.0s done
#11 exporting config sha256:98dfccf0c13fe8e9a1971052732cb561990062fcf8ab474ed4231bc755a15e51 done
#11 exporting attestation manifest sha256:709f1dffcacf5b51db238d93743d2a62b87b74f3fc522b9381fcb5b8a2027024 0.0s done
#11 exporting manifest list sha256:16c33ae1703ed252a2cb30f341a16a667f80edba3bbc9ecd18f65d83b6cabeed 0.0s done
#11 naming to docker.io/local/otbr-sdk2026-builder:state-dns-fixed-20260919 done
#11 unpacking to docker.io/local/otbr-sdk2026-builder:state-dns-fixed-20260919
#11 unpacking to docker.io/local/otbr-sdk2026-builder:state-dns-fixed-20260919 14.0s done
#11 DONE 31.0s

 2 warnings found (use docker --debug to expand):
 - FromPlatformFlagConstDisallowed: FROM --platform flag should not use constant value "linux/amd64" (line 4)
 - FromPlatformFlagConstDisallowed: FROM --platform flag should not use constant value "linux/amd64" (line 20)
