#0 building with "desktop-linux" instance using docker driver

#1 [internal] load build definition from Dockerfile
#1 transferring dockerfile: 489B done
#1 DONE 0.0s

#2 [internal] load metadata for docker.io/local/otbr-sdk2026:key-format-fixed-20260919
#2 DONE 0.0s

#3 [internal] load .dockerignore
#3 transferring context: 2B done
#3 DONE 0.0s

#4 [1/4] FROM docker.io/local/otbr-sdk2026:key-format-fixed-20260919@sha256:eb72da990dd231d4cd30134f8af8fb162e7cca2330700635b375c99819d61aea
#4 resolve docker.io/local/otbr-sdk2026:key-format-fixed-20260919@sha256:eb72da990dd231d4cd30134f8af8fb162e7cca2330700635b375c99819d61aea 0.0s done
#4 DONE 0.0s

#5 [internal] load build context
#5 transferring context: 31.72kB 0.0s done
#5 DONE 0.0s

#4 [1/4] FROM docker.io/local/otbr-sdk2026:key-format-fixed-20260919@sha256:eb72da990dd231d4cd30134f8af8fb162e7cca2330700635b375c99819d61aea
#4 CACHED

#6 [2/4] COPY rootfs/ /
#6 DONE 0.0s

#7 [3/4] RUN rm /etc/s6-overlay/s6-rc.d/user/contents.d/otbr-agent-rest-discovery
#7 DONE 0.1s

#8 [4/4] RUN chmod 0755 /etc/s6-overlay/s6-rc.d/local-observe/run
#8 DONE 0.1s

#9 exporting to image
#9 exporting layers 0.1s done
#9 exporting manifest sha256:4617beb33fc56a998f10e70392f03b511c4b40fd503d117c238c48f8d10ddb10 done
#9 exporting config sha256:3fe098c651d16b5502f5105644db1fccd6166fee926e3c6f54a00ea4832fbe96 done
#9 exporting attestation manifest sha256:54dfe8c6d0db3a65a2e4e81d31b48cc8193c7f331e04f4b2db41fcd25a20d9a2 0.0s done
#9 exporting manifest list sha256:f34bcbad0113df786aba81619b8ccf2b580bb1ac56ed8f3b3c23acc99c5c0844 0.0s done
#9 naming to docker.io/local/otbr-sdk2026-trial:0.3.1-sdk2026 done
#9 unpacking to docker.io/local/otbr-sdk2026-trial:0.3.1-sdk2026 0.1s done
#9 DONE 0.2s
