Archive member included to satisfy reference by file (symbol)

/opt/toolchains/gcc-arm-none-eabi/bin/../lib/gcc/arm-none-eabi/14.2.1/../../../../arm-none-eabi/lib/thumb/v8-m.main+fp/hard/libc_nano.a(libc_a-assert.o)
                              CMakeFiles/slc.dir/base/opt/silabs/sdks/simplicity_sdk_2026.6.1/openthread/platform-abstraction/efr32/radio.cpp.obj (symbol from plugin) (__assert_func)
/opt/toolchains/gcc-arm-none-eabi/bin/../lib/gcc/arm-none-eabi/14.2.1/../../../../arm-none-eabi/lib/thumb/v8-m.main+fp/hard/libc_nano.a(libc_a-exit.o)
                              /opt/toolchains/gcc-arm-none-eabi/bin/../lib/gcc/arm-none-eabi/14.2.1/../../../../arm-none-eabi/lib/thumb/v8-m.main+fp/hard/crt0.o (exit)
/opt/toolchains/gcc-arm-none-eabi/bin/../lib/gcc/arm-none-eabi/14.2.1/../../../../arm-none-eabi/lib/thumb/v8-m.main+fp/hard/libc_nano.a(libc_a-strtoul.o)
                              CMakeFiles/slc.dir/base/opt/silabs/sdks/simplicity_sdk_2026.6.1/openthread_stack/util/third_party/openthread/src/lib/spinel/radio_spinel.cpp.obj (symbol from plugin) (strtoul)
/opt/toolchains/gcc-arm-none-eabi/bin/../lib/gcc/arm-none-eabi/14.2.1/../../../../arm-none-eabi/lib/thumb/v8-m.main+fp/hard/libc_nano.a(libc_a-ctype_.o)
                              /opt/toolchains/gcc-arm-none-eabi/bin/../lib/gcc/arm-none-eabi/14.2.1/../../../../arm-none-eabi/lib/thumb/v8-m.main+fp/hard/libc_nano.a(libc_a-strtoul.o) (_ctype_)
/opt/toolchains/gcc-arm-none-eabi/bin/../lib/gcc/arm-none-eabi/14.2.1/../../../../arm-none-eabi/lib/thumb/v8-m.main+fp/hard/libc_nano.a(libc_a-findfp.o)
                              /opt/toolchains/gcc-arm-none-eabi/bin/../lib/gcc/arm-none-eabi/14.2.1/../../../../arm-none-eabi/lib/thumb/v8-m.main+fp/hard/libc_nano.a(libc_a-exit.o) (__stdio_exit_handler)
/opt/toolchains/gcc-arm-none-eabi/bin/../lib/gcc/arm-none-eabi/14.2.1/../../../../arm-none-eabi/lib/thumb/v8-m.main+fp/hard/libc_nano.a(libc_a-fprintf.o)
                              /opt/toolchains/gcc-arm-none-eabi/bin/../lib/gcc/arm-none-eabi/14.2.1/../../../../arm-none-eabi/lib/thumb/v8-m.main+fp/hard/libc_nano.a(libc_a-assert.o) (fiprintf)
/opt/toolchains/gcc-arm-none-eabi/bin/../lib/gcc/arm-none-eabi/14.2.1/../../../../arm-none-eabi/lib/thumb/v8-m.main+fp/hard/libc_nano.a(libc_a-fwalk.o)
                              /opt/toolchains/gcc-arm-none-eabi/bin/../lib/gcc/arm-none-eabi/14.2.1/../../../../arm-none-eabi/lib/thumb/v8-m.main+fp/hard/libc_nano.a(libc_a-findfp.o) (_fwalk_sglue)
/opt/toolchains/gcc-arm-none-eabi/bin/../lib/gcc/arm-none-eabi/14.2.1/../../../../arm-none-eabi/lib/thumb/v8-m.main+fp/hard/libc_nano.a(libc_a-stdio.o)
                              /opt/toolchains/gcc-arm-none-eabi/bin/../lib/gcc/arm-none-eabi/14.2.1/../../../../arm-none-eabi/lib/thumb/v8-m.main+fp/hard/libc_nano.a(libc_a-findfp.o) (__sread)
/opt/toolchains/gcc-arm-none-eabi/bin/../lib/gcc/arm-none-eabi/14.2.1/../../../../arm-none-eabi/lib/thumb/v8-m.main+fp/hard/libc_nano.a(libc_a-memset.o)
                              /opt/toolchains/gcc-arm-none-eabi/bin/../lib/gcc/arm-none-eabi/14.2.1/../../../../arm-none-eabi/lib/thumb/v8-m.main+fp/hard/crt0.o (memset)
/opt/toolchains/gcc-arm-none-eabi/bin/../lib/gcc/arm-none-eabi/14.2.1/../../../../arm-none-eabi/lib/thumb/v8-m.main+fp/hard/libc_nano.a(libc_a-closer.o)
                              /opt/toolchains/gcc-arm-none-eabi/bin/../lib/gcc/arm-none-eabi/14.2.1/../../../../arm-none-eabi/lib/thumb/v8-m.main+fp/hard/libc_nano.a(libc_a-stdio.o) (_close_r)
/opt/toolchains/gcc-arm-none-eabi/bin/../lib/gcc/arm-none-eabi/14.2.1/../../../../arm-none-eabi/lib/thumb/v8-m.main+fp/hard/libc_nano.a(libc_a-reent.o)
                              /opt/toolchains/gcc-arm-none-eabi/bin/../lib/gcc/arm-none-eabi/14.2.1/../../../../arm-none-eabi/lib/thumb/v8-m.main+fp/hard/libc_nano.a(libc_a-closer.o) (errno)
/opt/toolchains/gcc-arm-none-eabi/bin/../lib/gcc/arm-none-eabi/14.2.1/../../../../arm-none-eabi/lib/thumb/v8-m.main+fp/hard/libc_nano.a(libc_a-impure.o)
                              /opt/toolchains/gcc-arm-none-eabi/bin/../lib/gcc/arm-none-eabi/14.2.1/../../../../arm-none-eabi/lib/thumb/v8-m.main+fp/hard/libc_nano.a(libc_a-assert.o) (_impure_ptr)
/opt/toolchains/gcc-arm-none-eabi/bin/../lib/gcc/arm-none-eabi/14.2.1/../../../../arm-none-eabi/lib/thumb/v8-m.main+fp/hard/libc_nano.a(libc_a-lseekr.o)
                              /opt/toolchains/gcc-arm-none-eabi/bin/../lib/gcc/arm-none-eabi/14.2.1/../../../../arm-none-eabi/lib/thumb/v8-m.main+fp/hard/libc_nano.a(libc_a-stdio.o) (_lseek_r)
/opt/toolchains/gcc-arm-none-eabi/bin/../lib/gcc/arm-none-eabi/14.2.1/../../../../arm-none-eabi/lib/thumb/v8-m.main+fp/hard/libc_nano.a(libc_a-readr.o)
                              /opt/toolchains/gcc-arm-none-eabi/bin/../lib/gcc/arm-none-eabi/14.2.1/../../../../arm-none-eabi/lib/thumb/v8-m.main+fp/hard/libc_nano.a(libc_a-stdio.o) (_read_r)
[...]
Memory Configuration

Name             Origin             Length             Attributes
FLASH            0x00004000         0x000ba000         xr
RAM              0x20000004         0x0000fffc         xrw
BOOTLOADER_RESET_REGION 0x20000000         0x00000004         xrw
DUMMY            0xfff46000         0x000ba000         !ax
*default*        0x00000000         0xffffffff

Linker script and memory map

LOAD /opt/toolchains/gcc-arm-none-eabi/bin/../lib/gcc/arm-none-eabi/14.2.1/thumb/v8-m.main+fp/hard/crti.o
LOAD /opt/toolchains/gcc-arm-none-eabi/bin/../lib/gcc/arm-none-eabi/14.2.1/thumb/v8-m.main+fp/hard/crtbegin.o
LOAD /opt/toolchains/gcc-arm-none-eabi/bin/../lib/gcc/arm-none-eabi/14.2.1/../../../../arm-none-eabi/lib/thumb/v8-m.main+fp/hard/crt0.o
LOAD CMakeFiles/slc.dir/base/opt/silabs/sdks/simplicity_sdk_2026.6.1/bootloader/platform/bootloader/api/btl_interface.c.obj
LOAD /tmp/ccKOncJR.ltrans0.ltrans.o
LOAD /tmp/ccKOncJR.ltrans1.ltrans.o
LOAD /tmp/ccKOncJR.ltrans2.ltrans.o
LOAD /tmp/ccKOncJR.ltrans3.ltrans.o
LOAD /tmp/ccwORWfs.debug.temp.o
LOAD /tmp/ccvkmlI7.debug.temp.o
LOAD /tmp/cc8J7YMq.debug.temp.o
LOAD /tmp/ccWKaxnq.debug.temp.o
LOAD /tmp/ccb4YUKv.debug.temp.o
LOAD /tmp/cc2oxmLc.debug.temp.o
LOAD /tmp/ccJQgBYl.debug.temp.o
LOAD /tmp/ccbSnzOC.debug.temp.o
LOAD /tmp/ccqXXfY7.debug.temp.o
LOAD /tmp/ccxdykzb.debug.temp.o
LOAD /tmp/ccSvP3Ly.debug.temp.o
LOAD /tmp/ccgeW0EE.debug.temp.o
LOAD /tmp/ccGj6IoC.debug.temp.o
LOAD /tmp/ccn55qbM.debug.temp.o
LOAD /tmp/ccdqBtkr.debug.temp.o
LOAD /tmp/cchWCV74.debug.temp.o
LOAD /tmp/cciGaYgj.debug.temp.o
LOAD /tmp/ccSdZVMC.debug.temp.o
LOAD /tmp/ccteSnuA.debug.temp.o
LOAD /tmp/cc5d3NmX.debug.temp.o
LOAD /tmp/ccy1c33w.debug.temp.o
LOAD /tmp/ccbnGyDU.debug.temp.o
LOAD /tmp/ccVCReud.debug.temp.o
LOAD /tmp/ccUXxakB.debug.temp.o
LOAD /tmp/ccO7ZHgL.debug.temp.o
LOAD /tmp/cc9mOMeD.debug.temp.o
LOAD /tmp/ccvWpzJX.debug.temp.o
LOAD /tmp/ccP5qU0I.debug.temp.o
LOAD /tmp/cc85c0Tx.debug.temp.o
LOAD /tmp/ccHraaUk.debug.temp.o
LOAD /tmp/ccK0C3CF.debug.temp.o
LOAD /tmp/ccRHEkqO.debug.temp.o
LOAD /tmp/ccWlJDu2.debug.temp.o
LOAD /tmp/ccgufoBe.debug.temp.o
LOAD /tmp/ccNqaH7H.debug.temp.o
LOAD /tmp/cc96599I.debug.temp.o
LOAD /tmp/ccBcVM3L.debug.temp.o
LOAD /tmp/ccgxIged.debug.temp.o
LOAD /tmp/ccMrmlgD.debug.temp.o
LOAD /tmp/ccJ3iv1I.debug.temp.o
LOAD /tmp/ccvXCPvZ.debug.temp.o
LOAD /tmp/ccVwvkQE.debug.temp.o
LOAD /tmp/ccQXCiai.debug.temp.o
LOAD /tmp/ccBtudOQ.debug.temp.o
LOAD /tmp/cczGGPub.debug.temp.o
LOAD /tmp/cctq2Ha2.debug.temp.o
LOAD /tmp/ccgfdeOO.debug.temp.o
LOAD /tmp/cc3Al1DC.debug.temp.o
LOAD /tmp/ccNWr28J.debug.temp.o
LOAD /tmp/ccYuDEZy.debug.temp.o
LOAD /tmp/ccWGzQCc.debug.temp.o
LOAD /tmp/ccXblMqx.debug.temp.o
LOAD /tmp/ccQQtS7i.debug.temp.o
LOAD /tmp/cc9F5fFr.debug.temp.o
LOAD /tmp/ccGty8bi.debug.temp.o
LOAD /tmp/cctGQWzo.debug.temp.o
LOAD /tmp/cclwA30U.debug.temp.o
LOAD /tmp/ccSgkhpS.debug.temp.o
LOAD /tmp/ccAmcoYX.debug.temp.o
LOAD /tmp/ccbGokJh.debug.temp.o
LOAD /tmp/cc2ZHxLo.debug.temp.o
LOAD /tmp/ccBs4vNB.debug.temp.o
LOAD /tmp/ccDeVRUG.debug.temp.o
LOAD /tmp/ccFCCa6g.debug.temp.o
LOAD /tmp/ccyXKNYs.debug.temp.o
LOAD /tmp/ccN0Am5c.debug.temp.o
LOAD /tmp/ccRLcop8.debug.temp.o
LOAD /tmp/ccrydKB1.debug.temp.o
LOAD /tmp/ccmTbBfY.debug.temp.o
LOAD /tmp/cc6Tf0gD.debug.temp.o
LOAD /tmp/ccI6zylS.debug.temp.o
LOAD /tmp/ccLHt20K.debug.temp.o
LOAD /tmp/ccNZtWII.debug.temp.o
LOAD /tmp/cc4lY3Dr.debug.temp.o
LOAD /tmp/cctRkEuN.debug.temp.o
LOAD /tmp/ccCGxeuW.debug.temp.o
LOAD /tmp/ccBrkeuQ.debug.temp.o
LOAD /tmp/ccOMsWjk.debug.temp.o
LOAD /tmp/ccNYO5lL.debug.temp.o
LOAD /tmp/cc2qDKsb.debug.temp.o
LOAD /tmp/cc4MLCZ7.debug.temp.o
LOAD /tmp/ccsCgJWJ.debug.temp.o
LOAD /tmp/ccdIhNgM.debug.temp.o
LOAD /tmp/ccHiCNBd.debug.temp.o
LOAD /tmp/cc2xEHuH.debug.temp.o
LOAD /tmp/cctzn3C6.debug.temp.o
LOAD /tmp/ccJ4euAW.debug.temp.o
LOAD /tmp/ccqyBlMW.debug.temp.o
LOAD /tmp/ccyusG7F.debug.temp.o
LOAD /tmp/ccMiwHIO.debug.temp.o
LOAD /tmp/ccGakSSh.debug.temp.o
LOAD /tmp/ccjFX5yO.debug.temp.o
LOAD /tmp/ccQ2PZu1.debug.temp.o
LOAD /tmp/ccq4DdWX.debug.temp.o
LOAD /tmp/ccTGBHYO.debug.temp.o
LOAD /tmp/ccmLm3ut.debug.temp.o
LOAD /tmp/ccmHMllj.debug.temp.o
LOAD /tmp/ccOdqIQz.debug.temp.o
LOAD /tmp/cctB4kMT.debug.temp.o
LOAD /tmp/ccexkWDd.debug.temp.o
LOAD /tmp/cc7KfCd2.debug.temp.o
LOAD /tmp/ccBWT2g9.debug.temp.o
LOAD /tmp/ccsxUfQp.debug.temp.o
LOAD /tmp/ccWvZvWO.debug.temp.o
LOAD /tmp/cciW3zSY.debug.temp.o
LOAD /tmp/cchxlRY5.debug.temp.o
LOAD /tmp/cc6DnCEj.debug.temp.o
LOAD /tmp/cce28pTb.debug.temp.o
LOAD /tmp/ccWRMwu8.debug.temp.o
LOAD /tmp/ccdq0g2t.debug.temp.o
LOAD /tmp/ccu3g0XP.debug.temp.o
LOAD /tmp/cceknzbm.debug.temp.o
LOAD /tmp/ccNcMbIV.debug.temp.o
LOAD /tmp/ccA5d85D.debug.temp.o
LOAD /tmp/ccUBPjcD.debug.temp.o
LOAD /tmp/ccxhGC4P.debug.temp.o
LOAD /tmp/ccH1VUiw.debug.temp.o
LOAD /tmp/ccA9uImx.debug.temp.o
LOAD /tmp/ccxECDur.debug.temp.o
LOAD /tmp/ccSh2erA.debug.temp.o
LOAD /tmp/cczEHSej.debug.temp.o
LOAD /tmp/ccuIvuv4.debug.temp.o
LOAD /tmp/ccbvC1KF.debug.temp.o
LOAD /tmp/ccn9hEBC.debug.temp.o
LOAD /tmp/ccn18nQx.debug.temp.o
LOAD /tmp/ccSYItYh.debug.temp.o
LOAD /tmp/ccdtEsgH.debug.temp.o
LOAD /tmp/cc5eQccW.debug.temp.o
LOAD /tmp/ccxGrHpD.debug.temp.o
LOAD /tmp/ccMkJbpo.debug.temp.o
LOAD /tmp/ccGIcqaI.debug.temp.o
LOAD /tmp/ccAz9T6o.debug.temp.o
LOAD /tmp/ccGdNzTP.debug.temp.o
LOAD /tmp/ccqhHVGO.debug.temp.o
LOAD /tmp/ccWVm8nj.debug.temp.o
LOAD /tmp/cclOylZz.debug.temp.o
LOAD /tmp/ccEr5oIV.debug.temp.o
LOAD /tmp/ccFYkhpQ.debug.temp.o
LOAD /tmp/ccEEeySk.debug.temp.o
LOAD /tmp/ccBYKY74.debug.temp.o
LOAD /tmp/ccNJPvMH.debug.temp.o
LOAD /tmp/cclK1OJh.debug.temp.o
LOAD /tmp/ccWKbCgV.debug.temp.o
LOAD /tmp/ccwJOg0b.debug.temp.o
LOAD /tmp/cc8ouC3J.debug.temp.o
LOAD /tmp/cc8UZW6Q.debug.temp.o
LOAD /tmp/ccmvLrpU.debug.temp.o
LOAD /tmp/ccE17lOs.debug.temp.o
LOAD /tmp/ccMEz9Ec.debug.temp.o
LOAD /tmp/cc0jWIZN.debug.temp.o
LOAD /tmp/ccHKcmw4.debug.temp.o
LOAD /tmp/cceUYs7Y.debug.temp.o
LOAD /tmp/cc7xSLgU.debug.temp.o
LOAD /tmp/ccfTTqws.debug.temp.o
LOAD /tmp/ccokAEAE.debug.temp.o
LOAD /tmp/cc18eOo9.debug.temp.o
LOAD /tmp/ccTsZ2pD.debug.temp.o
LOAD /tmp/ccVCeWWF.debug.temp.o
LOAD /tmp/ccnAss5T.debug.temp.o
LOAD /tmp/ccaIKswR.debug.temp.o
LOAD /tmp/cc0Sq868.debug.temp.o
LOAD /tmp/ccB4a8TS.debug.temp.o
LOAD /tmp/ccl30NNs.debug.temp.o
LOAD /tmp/ccigUxeB.debug.temp.o
LOAD /tmp/cccArltf.debug.temp.o
LOAD /tmp/ccKsEM0j.debug.temp.o
LOAD /tmp/ccS6HZIn.debug.temp.o
LOAD /tmp/ccMb2fx2.debug.temp.o
LOAD /tmp/cc5nZ5cM.debug.temp.o
LOAD /tmp/ccjFyE1O.debug.temp.o
LOAD /tmp/ccslcwIl.debug.temp.o
LOAD /tmp/cc63F8Ah.debug.temp.o
LOAD /tmp/ccQhRqSf.debug.temp.o
LOAD /tmp/ccEm4JBr.debug.temp.o
LOAD /tmp/ccQ9APPq.debug.temp.o
LOAD /tmp/ccFB6qej.debug.temp.o
LOAD /tmp/ccpKIJIk.debug.temp.o
LOAD /tmp/ccnBs2eC.debug.temp.o
LOAD /tmp/ccPZnBPn.debug.temp.o
LOAD /tmp/cclkevs3.debug.temp.o
LOAD /tmp/ccTJhE6k.debug.temp.o
LOAD /tmp/ccdzKigI.debug.temp.o
LOAD /tmp/ccMB716h.debug.temp.o
LOAD /tmp/ccNdbeKd.debug.temp.o
LOAD /tmp/ccAWikX9.debug.temp.o
LOAD /tmp/cc2Y7DPu.debug.temp.o
LOAD /tmp/cckScNTm.debug.temp.o
LOAD /tmp/cc2Nc9gd.debug.temp.o
LOAD /tmp/ccKunD8I.debug.temp.o
LOAD /tmp/ccL33CST.debug.temp.o
LOAD /tmp/ccfBxQAs.debug.temp.o
LOAD /tmp/ccoWKCae.debug.temp.o
LOAD /tmp/ccbXGjuG.debug.temp.o
LOAD /tmp/ccWBZAcz.debug.temp.o
LOAD /tmp/ccRdRz5Y.debug.temp.o
LOAD /tmp/cc2r7prm.debug.temp.o
LOAD /tmp/ccbb5dWz.debug.temp.o
LOAD /tmp/ccPzxxKs.debug.temp.o
LOAD /tmp/cczY2MwV.debug.temp.o
LOAD /tmp/ccjof1sd.debug.temp.o
LOAD /tmp/ccAlDz0R.debug.temp.o
LOAD /tmp/cc4mjgkD.debug.temp.o
LOAD /tmp/ccXdoY9M.debug.temp.o
LOAD /tmp/cc7Xe05t.debug.temp.o
LOAD /tmp/ccS2MLsk.debug.temp.o
LOAD /tmp/ccMVZTEd.debug.temp.o
LOAD /tmp/ccTWvGTh.debug.temp.o
LOAD /tmp/ccOBXyCr.debug.temp.o
LOAD /tmp/cc97xfPa.debug.temp.o
LOAD /tmp/ccuYQ4hw.debug.temp.o
LOAD /tmp/cckt5lsL.debug.temp.o
LOAD /tmp/cccXFpTf.debug.temp.o
LOAD /tmp/ccS6QfrK.debug.temp.o
LOAD /tmp/cc3R1rK7.debug.temp.o
LOAD /tmp/ccnX7Sn4.debug.temp.o
LOAD /tmp/cc5O1cEz.debug.temp.o
LOAD /tmp/ccvgNXIR.debug.temp.o
LOAD /tmp/ccxltLRB.debug.temp.o
LOAD /tmp/cczmMYa9.debug.temp.o
LOAD /tmp/ccsNb2pe.debug.temp.o
LOAD /tmp/ccIaqlmr.debug.temp.o
LOAD /tmp/cceX4ZJg.debug.temp.o
LOAD /tmp/ccxBQeuL.debug.temp.o
LOAD /tmp/ccNdQZaz.debug.temp.o
LOAD /tmp/ccjU8WHF.debug.temp.o
LOAD /tmp/ccNYAWhb.debug.temp.o
LOAD /tmp/ccMZnCoE.debug.temp.o
LOAD /tmp/cczTqJ6K.debug.temp.o
LOAD /tmp/ccE0NvmR.debug.temp.o
LOAD /tmp/ccxkHvGk.debug.temp.o
LOAD /tmp/ccYHiRXb.debug.temp.o
LOAD /tmp/ccMeheJ3.debug.temp.o
LOAD /tmp/ccSQPem7.debug.temp.o
LOAD /tmp/ccx0xBFa.debug.temp.o
LOAD /tmp/ccm6a7el.debug.temp.o
LOAD /tmp/ccMHd9es.debug.temp.o
LOAD /tmp/ccQ7AoOD.debug.temp.o
LOAD /tmp/ccfIp9yG.debug.temp.o
LOAD /tmp/ccnrbBFz.debug.temp.o
LOAD /tmp/ccP95T4A.debug.temp.o
LOAD /tmp/ccwVjpgn.debug.temp.o
LOAD /tmp/cch6U5br.debug.temp.o
LOAD /tmp/cc7O7Al2.debug.temp.o
LOAD /tmp/ccySGkHx.debug.temp.o
LOAD /tmp/ccKtA3Sy.debug.temp.o
LOAD /tmp/ccx7u4Nm.debug.temp.o
LOAD /tmp/cctd84cI.debug.temp.o
LOAD /tmp/ccBPrGdk.debug.temp.o
LOAD /tmp/ccCF8RFs.debug.temp.o
LOAD /tmp/cci87iaK.debug.temp.o
LOAD /tmp/ccrN53Kh.debug.temp.o
LOAD /tmp/cc771v9f.debug.temp.o
LOAD /tmp/ccNm4t4g.debug.temp.o
LOAD /tmp/cc39Difa.debug.temp.o
LOAD /tmp/ccT5NoeG.debug.temp.o
LOAD /tmp/ccNIS3XR.debug.temp.o
LOAD /tmp/ccqBzMY4.debug.temp.o
LOAD /tmp/cceDBCT8.debug.temp.o
LOAD /tmp/ccpCfz6p.debug.temp.o
LOAD /tmp/ccp4QCk8.debug.temp.o
LOAD /tmp/ccIHZjgD.debug.temp.o
LOAD /tmp/ccWN4eMM.debug.temp.o
LOAD /tmp/ccMW7J0j.debug.temp.o
LOAD /tmp/cc0CeRyZ.debug.temp.o
LOAD /tmp/cc84sv6F.debug.temp.o
LOAD /tmp/ccVDzHIS.debug.temp.o
LOAD /tmp/ccTeS81x.debug.temp.o
LOAD /tmp/ccEF2CVr.debug.temp.o
LOAD /tmp/ccnWWprl.debug.temp.o
LOAD /tmp/ccW0D5Cr.debug.temp.o
LOAD /tmp/cczKX7IP.debug.temp.o
LOAD /tmp/ccMJ0Ax8.debug.temp.o
LOAD /tmp/ccArMyKL.debug.temp.o
LOAD /tmp/ccAZa9sI.debug.temp.o
LOAD /tmp/cc4mUo6l.debug.temp.o
LOAD /tmp/cc6zNyqP.debug.temp.o
LOAD /tmp/cckrKPbR.debug.temp.o
LOAD /tmp/ccsd6pxi.debug.temp.o
LOAD /tmp/cc1en7Ex.debug.temp.o
LOAD /tmp/ccisa1ua.debug.temp.o
LOAD /tmp/ccHx54SB.debug.temp.o
LOAD /tmp/ccU7k8QZ.debug.temp.o
LOAD /tmp/ccV5jCO9.debug.temp.o
LOAD /tmp/ccvlhf8D.debug.temp.o
LOAD /tmp/cc14Kalu.debug.temp.o
LOAD /tmp/ccPxD1X7.debug.temp.o
LOAD /tmp/cc8c6mXe.debug.temp.o
LOAD /tmp/cc6TZwDH.debug.temp.o
LOAD /tmp/ccdI2j74.debug.temp.o
LOAD /tmp/cc1vYZBq.debug.temp.o
LOAD /tmp/ccoIOfJi.debug.temp.o
LOAD /tmp/ccKY3kjv.debug.temp.o
LOAD /tmp/ccHjkNMN.debug.temp.o
LOAD /tmp/ccDgTVYw.debug.temp.o
LOAD /tmp/ccJlJLre.debug.temp.o
LOAD /tmp/ccPJslUu.debug.temp.o
LOAD /tmp/ccvG0d4m.debug.temp.o
LOAD /tmp/ccs84v53.debug.temp.o
LOAD /tmp/cc9CioE4.debug.temp.o
LOAD /tmp/ccjPAwih.debug.temp.o
LOAD /tmp/ccahkzGN.debug.temp.o
LOAD /tmp/ccdX1IoA.debug.temp.o
LOAD /tmp/ccHNteX4.debug.temp.o
LOAD /tmp/cciB4nJ0.debug.temp.o
LOAD /tmp/ccz6kkNj.debug.temp.o
LOAD /tmp/ccQoopGR.debug.temp.o
LOAD /tmp/ccrb4TvL.debug.temp.o
LOAD /tmp/ccIGiaiM.debug.temp.o
LOAD /tmp/cczi4sXM.debug.temp.o
LOAD /tmp/ccHYr0dh.debug.temp.o
LOAD /tmp/ccHtXf2T.debug.temp.o
LOAD /tmp/ccFoLymb.debug.temp.o
LOAD /tmp/ccecTNs6.debug.temp.o
LOAD /tmp/cccHKTxw.debug.temp.o
LOAD /tmp/ccg4Fbo6.debug.temp.o
LOAD /tmp/ccvgWn39.debug.temp.o
LOAD /tmp/cc5vFdLd.debug.temp.o
LOAD /tmp/ccl8QoPd.debug.temp.o
LOAD /tmp/ccRue5rr.debug.temp.o
LOAD /tmp/ccre9sSH.debug.temp.o
LOAD CMakeFiles/slc.dir/base/opt/silabs/sdks/simplicity_sdk_2026.6.1/bootloader/platform/bootloader/api/btl_interface_storage.c.obj
LOAD CMakeFiles/slc.dir/base/opt/silabs/sdks/simplicity_sdk_2026.6.1/bootloader/platform/bootloader/app_properties/app_properties.c.obj
LOAD CMakeFiles/slc.dir/base/opt/silabs/sdks/simplicity_sdk_2026.6.1/bootloader/platform/bootloader/core/flash/btl_internal_flash.c.obj
LOAD CMakeFiles/slc.dir/base/opt/silabs/sdks/simplicity_sdk_2026.6.1/bootloader/platform/bootloader/core/smp_switch/btl_smp_switch_flash_api.c.obj
LOAD CMakeFiles/slc.dir/base/opt/silabs/sdks/simplicity_sdk_2026.6.1/bootloader/platform/bootloader/storage/internal_flash/btl_storage_internal_flash_raw.c.obj
LOAD CMakeFiles/slc.dir/base/opt/silabs/sdks/simplicity_sdk_2026.6.1/common_15_4/plugin/security_manager/security_manager.c.obj
LOAD CMakeFiles/slc.dir/base/opt/silabs/sdks/simplicity_sdk_2026.6.1/cpc/src/sl_cpc.c.obj
LOAD CMakeFiles/slc.dir/base/opt/silabs/sdks/simplicity_sdk_2026.6.1/cpc/src/sl_cpc_crc.c.obj
LOAD CMakeFiles/slc.dir/base/opt/silabs/sdks/simplicity_sdk_2026.6.1/cpc/src/sl_cpc_dispatcher.c.obj
LOAD CMakeFiles/slc.dir/base/sdk2026-firmware/source/sl_cpc_drv_uart_snapshot.c.obj
LOAD CMakeFiles/slc.dir/base/opt/silabs/sdks/simplicity_sdk_2026.6.1/cpc/src/sl_cpc_hdlc.c.obj
LOAD CMakeFiles/slc.dir/base/opt/silabs/sdks/simplicity_sdk_2026.6.1/cpc/src/sl_cpc_instance.c.obj
LOAD CMakeFiles/slc.dir/base/opt/silabs/sdks/simplicity_sdk_2026.6.1/cpc/src/sl_cpc_memory.c.obj
LOAD CMakeFiles/slc.dir/base/opt/silabs/sdks/simplicity_sdk_2026.6.1/cpc/src/sl_cpc_security.c.obj
LOAD CMakeFiles/slc.dir/base/opt/silabs/sdks/simplicity_sdk_2026.6.1/cpc/src/sl_cpc_system_secondary.c.obj
LOAD CMakeFiles/slc.dir/base/opt/silabs/sdks/simplicity_sdk_2026.6.1/cpc/src/sl_cpc_system_secondary_efr.c.obj
LOAD CMakeFiles/slc.dir/base/opt/silabs/sdks/simplicity_sdk_2026.6.1/cpc/src/sli_cpc_assert.c.obj
LOAD CMakeFiles/slc.dir/base/opt/silabs/sdks/simplicity_sdk_2026.6.1/mbedtls/library/aes.c.obj
LOAD CMakeFiles/slc.dir/base/opt/silabs/sdks/simplicity_sdk_2026.6.1/mbedtls/library/asn1parse.c.obj
LOAD CMakeFiles/slc.dir/base/opt/silabs/sdks/simplicity_sdk_2026.6.1/mbedtls/library/asn1write.c.obj
LOAD CMakeFiles/slc.dir/base/opt/silabs/sdks/simplicity_sdk_2026.6.1/mbedtls/library/base64.c.obj
LOAD CMakeFiles/slc.dir/base/opt/silabs/sdks/simplicity_sdk_2026.6.1/mbedtls/library/bignum.c.obj
LOAD CMakeFiles/slc.dir/base/opt/silabs/sdks/simplicity_sdk_2026.6.1/mbedtls/library/bignum_core.c.obj
LOAD CMakeFiles/slc.dir/base/opt/silabs/sdks/simplicity_sdk_2026.6.1/mbedtls/library/bignum_mod.c.obj
LOAD CMakeFiles/slc.dir/base/opt/silabs/sdks/simplicity_sdk_2026.6.1/mbedtls/library/bignum_mod_raw.c.obj
LOAD CMakeFiles/slc.dir/base/opt/silabs/sdks/simplicity_sdk_2026.6.1/mbedtls/library/block_cipher.c.obj
LOAD CMakeFiles/slc.dir/base/opt/silabs/sdks/simplicity_sdk_2026.6.1/mbedtls/library/ccm.c.obj
LOAD CMakeFiles/slc.dir/base/opt/silabs/sdks/simplicity_sdk_2026.6.1/mbedtls/library/cipher.c.obj
LOAD CMakeFiles/slc.dir/base/opt/silabs/sdks/simplicity_sdk_2026.6.1/mbedtls/library/cipher_wrap.c.obj
LOAD CMakeFiles/slc.dir/base/opt/silabs/sdks/simplicity_sdk_2026.6.1/mbedtls/library/cmac.c.obj
LOAD CMakeFiles/slc.dir/base/opt/silabs/sdks/simplicity_sdk_2026.6.1/mbedtls/library/constant_time.c.obj
LOAD CMakeFiles/slc.dir/base/opt/silabs/sdks/simplicity_sdk_2026.6.1/mbedtls/library/ctr_drbg.c.obj
LOAD CMakeFiles/slc.dir/base/opt/silabs/sdks/simplicity_sdk_2026.6.1/mbedtls/library/ecdh.c.obj
LOAD CMakeFiles/slc.dir/base/opt/silabs/sdks/simplicity_sdk_2026.6.1/mbedtls/library/ecdsa.c.obj
LOAD CMakeFiles/slc.dir/base/opt/silabs/sdks/simplicity_sdk_2026.6.1/mbedtls/library/ecjpake.c.obj
LOAD CMakeFiles/slc.dir/base/opt/silabs/sdks/simplicity_sdk_2026.6.1/mbedtls/library/ecp.c.obj
LOAD CMakeFiles/slc.dir/base/opt/silabs/sdks/simplicity_sdk_2026.6.1/mbedtls/library/ecp_curves.c.obj
LOAD CMakeFiles/slc.dir/base/opt/silabs/sdks/simplicity_sdk_2026.6.1/mbedtls/library/ecp_curves_new.c.obj
LOAD CMakeFiles/slc.dir/base/opt/silabs/sdks/simplicity_sdk_2026.6.1/mbedtls/library/entropy.c.obj
LOAD CMakeFiles/slc.dir/base/opt/silabs/sdks/simplicity_sdk_2026.6.1/mbedtls/library/entropy_poll.c.obj
LOAD CMakeFiles/slc.dir/base/opt/silabs/sdks/simplicity_sdk_2026.6.1/mbedtls/library/hmac_drbg.c.obj
LOAD CMakeFiles/slc.dir/base/opt/silabs/sdks/simplicity_sdk_2026.6.1/mbedtls/library/md.c.obj
LOAD CMakeFiles/slc.dir/base/opt/silabs/sdks/simplicity_sdk_2026.6.1/mbedtls/library/memory_buffer_alloc.c.obj
LOAD CMakeFiles/slc.dir/base/opt/silabs/sdks/simplicity_sdk_2026.6.1/mbedtls/library/oid.c.obj
LOAD CMakeFiles/slc.dir/base/opt/silabs/sdks/simplicity_sdk_2026.6.1/mbedtls/library/pem.c.obj
LOAD CMakeFiles/slc.dir/base/opt/silabs/sdks/simplicity_sdk_2026.6.1/mbedtls/library/pk.c.obj
LOAD CMakeFiles/slc.dir/base/opt/silabs/sdks/simplicity_sdk_2026.6.1/mbedtls/library/pk_ecc.c.obj
LOAD CMakeFiles/slc.dir/base/opt/silabs/sdks/simplicity_sdk_2026.6.1/mbedtls/library/pk_wrap.c.obj
LOAD CMakeFiles/slc.dir/base/opt/silabs/sdks/simplicity_sdk_2026.6.1/mbedtls/library/pkparse.c.obj
LOAD CMakeFiles/slc.dir/base/opt/silabs/sdks/simplicity_sdk_2026.6.1/mbedtls/library/pkwrite.c.obj
LOAD CMakeFiles/slc.dir/base/opt/silabs/sdks/simplicity_sdk_2026.6.1/mbedtls/library/platform.c.obj
LOAD CMakeFiles/slc.dir/base/opt/silabs/sdks/simplicity_sdk_2026.6.1/mbedtls/library/platform_util.c.obj
LOAD CMakeFiles/slc.dir/base/opt/silabs/sdks/simplicity_sdk_2026.6.1/mbedtls/library/psa_crypto.c.obj
LOAD CMakeFiles/slc.dir/base/opt/silabs/sdks/simplicity_sdk_2026.6.1/mbedtls/library/psa_crypto_aead.c.obj
LOAD CMakeFiles/slc.dir/base/opt/silabs/sdks/simplicity_sdk_2026.6.1/mbedtls/library/psa_crypto_cipher.c.obj
LOAD CMakeFiles/slc.dir/base/opt/silabs/sdks/simplicity_sdk_2026.6.1/mbedtls/library/psa_crypto_client.c.obj
LOAD CMakeFiles/slc.dir/base/opt/silabs/sdks/simplicity_sdk_2026.6.1/mbedtls/library/psa_crypto_driver_wrappers_no_static.c.obj
LOAD CMakeFiles/slc.dir/base/opt/silabs/sdks/simplicity_sdk_2026.6.1/mbedtls/library/psa_crypto_ecp.c.obj
LOAD CMakeFiles/slc.dir/base/opt/silabs/sdks/simplicity_sdk_2026.6.1/mbedtls/library/psa_crypto_ffdh.c.obj
LOAD CMakeFiles/slc.dir/base/opt/silabs/sdks/simplicity_sdk_2026.6.1/mbedtls/library/psa_crypto_hash.c.obj
LOAD CMakeFiles/slc.dir/base/opt/silabs/sdks/simplicity_sdk_2026.6.1/mbedtls/library/psa_crypto_mac.c.obj
LOAD CMakeFiles/slc.dir/base/opt/silabs/sdks/simplicity_sdk_2026.6.1/mbedtls/library/psa_crypto_pake.c.obj
LOAD CMakeFiles/slc.dir/base/opt/silabs/sdks/simplicity_sdk_2026.6.1/mbedtls/library/psa_crypto_rsa.c.obj
LOAD CMakeFiles/slc.dir/base/opt/silabs/sdks/simplicity_sdk_2026.6.1/mbedtls/library/psa_crypto_se.c.obj
LOAD CMakeFiles/slc.dir/base/opt/silabs/sdks/simplicity_sdk_2026.6.1/mbedtls/library/psa_crypto_slot_management.c.obj
LOAD CMakeFiles/slc.dir/base/opt/silabs/sdks/simplicity_sdk_2026.6.1/mbedtls/library/psa_crypto_storage.c.obj
LOAD CMakeFiles/slc.dir/base/opt/silabs/sdks/simplicity_sdk_2026.6.1/mbedtls/library/psa_util.c.obj
LOAD CMakeFiles/slc.dir/base/opt/silabs/sdks/simplicity_sdk_2026.6.1/mbedtls/library/sha256.c.obj
LOAD CMakeFiles/slc.dir/base/opt/silabs/sdks/simplicity_sdk_2026.6.1/mbedtls/library/sha3.c.obj
LOAD CMakeFiles/slc.dir/base/opt/silabs/sdks/simplicity_sdk_2026.6.1/mbedtls/library/ssl_cache.c.obj
LOAD CMakeFiles/slc.dir/base/opt/silabs/sdks/simplicity_sdk_2026.6.1/mbedtls/library/ssl_ciphersuites.c.obj
LOAD CMakeFiles/slc.dir/base/opt/silabs/sdks/simplicity_sdk_2026.6.1/mbedtls/library/ssl_client.c.obj
LOAD CMakeFiles/slc.dir/base/opt/silabs/sdks/simplicity_sdk_2026.6.1/mbedtls/library/ssl_cookie.c.obj
LOAD CMakeFiles/slc.dir/base/opt/silabs/sdks/simplicity_sdk_2026.6.1/mbedtls/library/ssl_debug_helpers_generated.c.obj
LOAD CMakeFiles/slc.dir/base/opt/silabs/sdks/simplicity_sdk_2026.6.1/mbedtls/library/ssl_msg.c.obj
LOAD CMakeFiles/slc.dir/base/opt/silabs/sdks/simplicity_sdk_2026.6.1/mbedtls/library/ssl_ticket.c.obj
LOAD CMakeFiles/slc.dir/base/opt/silabs/sdks/simplicity_sdk_2026.6.1/mbedtls/library/ssl_tls.c.obj
LOAD CMakeFiles/slc.dir/base/opt/silabs/sdks/simplicity_sdk_2026.6.1/mbedtls/library/ssl_tls12_client.c.obj
LOAD CMakeFiles/slc.dir/base/opt/silabs/sdks/simplicity_sdk_2026.6.1/mbedtls/library/ssl_tls12_server.c.obj
LOAD CMakeFiles/slc.dir/base/opt/silabs/sdks/simplicity_sdk_2026.6.1/mbedtls/library/ssl_tls13_client.c.obj
LOAD CMakeFiles/slc.dir/base/opt/silabs/sdks/simplicity_sdk_2026.6.1/mbedtls/library/ssl_tls13_generic.c.obj
LOAD CMakeFiles/slc.dir/base/opt/silabs/sdks/simplicity_sdk_2026.6.1/mbedtls/library/ssl_tls13_keys.c.obj
LOAD CMakeFiles/slc.dir/base/opt/silabs/sdks/simplicity_sdk_2026.6.1/mbedtls/library/ssl_tls13_server.c.obj
LOAD CMakeFiles/slc.dir/base/opt/silabs/sdks/simplicity_sdk_2026.6.1/mbedtls/library/threading.c.obj
LOAD CMakeFiles/slc.dir/base/opt/silabs/sdks/simplicity_sdk_2026.6.1/mbedtls/library/x509.c.obj
LOAD CMakeFiles/slc.dir/base/opt/silabs/sdks/simplicity_sdk_2026.6.1/mbedtls/library/x509_create.c.obj
LOAD CMakeFiles/slc.dir/base/opt/silabs/sdks/simplicity_sdk_2026.6.1/mbedtls/library/x509_crl.c.obj
LOAD CMakeFiles/slc.dir/base/opt/silabs/sdks/simplicity_sdk_2026.6.1/mbedtls/library/x509_crt.c.obj
LOAD CMakeFiles/slc.dir/base/opt/silabs/sdks/simplicity_sdk_2026.6.1/mbedtls/library/x509_csr.c.obj
LOAD CMakeFiles/slc.dir/base/opt/silabs/sdks/simplicity_sdk_2026.6.1/mbedtls/library/x509write.c.obj
LOAD CMakeFiles/slc.dir/base/opt/silabs/sdks/simplicity_sdk_2026.6.1/mbedtls/library/x509write_crt.c.obj
LOAD CMakeFiles/slc.dir/base/opt/silabs/sdks/simplicity_sdk_2026.6.1/mbedtls/library/x509write_csr.c.obj
LOAD CMakeFiles/slc.dir/base/opt/silabs/sdks/simplicity_sdk_2026.6.1/openthread/platform-abstraction/efr32/alarm.c.obj
LOAD CMakeFiles/slc.dir/base/opt/silabs/sdks/simplicity_sdk_2026.6.1/openthread/platform-abstraction/efr32/crypto.c.obj
LOAD CMakeFiles/slc.dir/base/opt/silabs/sdks/simplicity_sdk_2026.6.1/openthread/platform-abstraction/efr32/diag.c.obj
LOAD CMakeFiles/slc.dir/base/opt/silabs/sdks/simplicity_sdk_2026.6.1/openthread/platform-abstraction/efr32/entropy.c.obj
LOAD CMakeFiles/slc.dir/base/opt/silabs/sdks/simplicity_sdk_2026.6.1/openthread/platform-abstraction/efr32/ieee802154-packet-utils.cpp.obj
LOAD CMakeFiles/slc.dir/base/opt/silabs/sdks/simplicity_sdk_2026.6.1/openthread/platform-abstraction/efr32/memory.c.obj
LOAD CMakeFiles/slc.dir/base/opt/silabs/sdks/simplicity_sdk_2026.6.1/openthread/platform-abstraction/efr32/misc.c.obj
LOAD CMakeFiles/slc.dir/base/opt/silabs/sdks/simplicity_sdk_2026.6.1/openthread/platform-abstraction/efr32/radio.cpp.obj
LOAD CMakeFiles/slc.dir/base/opt/silabs/sdks/simplicity_sdk_2026.6.1/openthread/platform-abstraction/efr32/radio_channel_switching.cpp.obj
LOAD CMakeFiles/slc.dir/base/opt/silabs/sdks/simplicity_sdk_2026.6.1/openthread/platform-abstraction/efr32/radio_coex.c.obj
LOAD CMakeFiles/slc.dir/base/opt/silabs/sdks/simplicity_sdk_2026.6.1/openthread/platform-abstraction/efr32/radio_csl.cpp.obj
LOAD CMakeFiles/slc.dir/base/opt/silabs/sdks/simplicity_sdk_2026.6.1/openthread/platform-abstraction/efr32/radio_energy_scan.cpp.obj
LOAD CMakeFiles/slc.dir/base/opt/silabs/sdks/simplicity_sdk_2026.6.1/openthread/platform-abstraction/efr32/radio_extension.c.obj
LOAD CMakeFiles/slc.dir/base/opt/silabs/sdks/simplicity_sdk_2026.6.1/openthread/platform-abstraction/efr32/radio_instance.cpp.obj
LOAD CMakeFiles/slc.dir/base/opt/silabs/sdks/simplicity_sdk_2026.6.1/openthread/platform-abstraction/efr32/radio_interface.cpp.obj
LOAD CMakeFiles/slc.dir/base/opt/silabs/sdks/simplicity_sdk_2026.6.1/openthread/platform-abstraction/efr32/radio_power_manager.cpp.obj
LOAD CMakeFiles/slc.dir/base/opt/silabs/sdks/simplicity_sdk_2026.6.1/openthread/platform-abstraction/efr32/radio_security.cpp.obj
LOAD CMakeFiles/slc.dir/base/opt/silabs/sdks/simplicity_sdk_2026.6.1/openthread/platform-abstraction/efr32/settings.cpp.obj
LOAD CMakeFiles/slc.dir/base/opt/silabs/sdks/simplicity_sdk_2026.6.1/openthread/platform-abstraction/efr32/sl_gp_interface.c.obj
LOAD CMakeFiles/slc.dir/base/opt/silabs/sdks/simplicity_sdk_2026.6.1/openthread/platform-abstraction/efr32/soft_source_match_table.c.obj
LOAD CMakeFiles/slc.dir/base/opt/silabs/sdks/simplicity_sdk_2026.6.1/openthread/platform-abstraction/efr32/startup-gcc.c.obj
LOAD CMakeFiles/slc.dir/base/opt/silabs/sdks/simplicity_sdk_2026.6.1/openthread/platform-abstraction/efr32/system.c.obj
LOAD CMakeFiles/slc.dir/base/opt/silabs/sdks/simplicity_sdk_2026.6.1/openthread/platform-abstraction/ncp/ncp_coex.cpp.obj
LOAD CMakeFiles/slc.dir/base/opt/silabs/sdks/simplicity_sdk_2026.6.1/openthread/platform-abstraction/ncp/ncp_cpc.cpp.obj
LOAD CMakeFiles/slc.dir/base/opt/silabs/sdks/simplicity_sdk_2026.6.1/openthread/platform-abstraction/ncp/ncp_dispatcher.cpp.obj
LOAD CMakeFiles/slc.dir/base/opt/silabs/sdks/simplicity_sdk_2026.6.1/openthread/platform-abstraction/ncp/ncp_init.cpp.obj
LOAD CMakeFiles/slc.dir/base/opt/silabs/sdks/simplicity_sdk_2026.6.1/openthread/platform/service/legacy_hal/src/faults.s.obj
LOAD CMakeFiles/slc.dir/base/opt/silabs/sdks/simplicity_sdk_2026.6.1/openthread/src/legacy_hal/crash_handler.c.obj
LOAD CMakeFiles/slc.dir/base/opt/silabs/sdks/simplicity_sdk_2026.6.1/openthread/src/legacy_hal/diagnostic.c.obj
LOAD CMakeFiles/slc.dir/base/opt/silabs/sdks/simplicity_sdk_2026.6.1/openthread_stack/util/third_party/openthread/examples/platforms/utils/debug_uart.c.obj
LOAD CMakeFiles/slc.dir/base/opt/silabs/sdks/simplicity_sdk_2026.6.1/openthread_stack/util/third_party/openthread/examples/platforms/utils/link_metrics.cpp.obj
LOAD CMakeFiles/slc.dir/base/opt/silabs/sdks/simplicity_sdk_2026.6.1/openthread_stack/util/third_party/openthread/examples/platforms/utils/mac_frame.cpp.obj
LOAD CMakeFiles/slc.dir/base/opt/silabs/sdks/simplicity_sdk_2026.6.1/openthread_stack/util/third_party/openthread/examples/platforms/utils/settings_ram.c.obj
LOAD CMakeFiles/slc.dir/base/opt/silabs/sdks/simplicity_sdk_2026.6.1/openthread_stack/util/third_party/openthread/examples/platforms/utils/uart_rtt.c.obj
LOAD CMakeFiles/slc.dir/base/opt/silabs/sdks/simplicity_sdk_2026.6.1/openthread_stack/util/third_party/openthread/src/core/api/diags_api.cpp.obj
LOAD CMakeFiles/slc.dir/base/opt/silabs/sdks/simplicity_sdk_2026.6.1/openthread_stack/util/third_party/openthread/src/core/api/error_api.cpp.obj
LOAD CMakeFiles/slc.dir/base/opt/silabs/sdks/simplicity_sdk_2026.6.1/openthread_stack/util/third_party/openthread/src/core/api/instance_api.cpp.obj
LOAD CMakeFiles/slc.dir/base/opt/silabs/sdks/simplicity_sdk_2026.6.1/openthread_stack/util/third_party/openthread/src/core/api/link_raw_api.cpp.obj
LOAD CMakeFiles/slc.dir/base/opt/silabs/sdks/simplicity_sdk_2026.6.1/openthread_stack/util/third_party/openthread/src/core/api/logging_api.cpp.obj
LOAD CMakeFiles/slc.dir/base/opt/silabs/sdks/simplicity_sdk_2026.6.1/openthread_stack/util/third_party/openthread/src/core/api/random_noncrypto_api.cpp.obj
LOAD CMakeFiles/slc.dir/base/opt/silabs/sdks/simplicity_sdk_2026.6.1/openthread_stack/util/third_party/openthread/src/core/api/tasklet_api.cpp.obj
LOAD CMakeFiles/slc.dir/base/opt/silabs/sdks/simplicity_sdk_2026.6.1/openthread_stack/util/third_party/openthread/src/core/common/binary_search.cpp.obj
LOAD CMakeFiles/slc.dir/base/opt/silabs/sdks/simplicity_sdk_2026.6.1/openthread_stack/util/third_party/openthread/src/core/common/error.cpp.obj
LOAD CMakeFiles/slc.dir/base/opt/silabs/sdks/simplicity_sdk_2026.6.1/openthread_stack/util/third_party/openthread/src/core/common/frame_builder.cpp.obj
LOAD CMakeFiles/slc.dir/base/opt/silabs/sdks/simplicity_sdk_2026.6.1/openthread_stack/util/third_party/openthread/src/core/common/log.cpp.obj
LOAD CMakeFiles/slc.dir/base/opt/silabs/sdks/simplicity_sdk_2026.6.1/openthread_stack/util/third_party/openthread/src/core/common/random.cpp.obj
LOAD CMakeFiles/slc.dir/base/opt/silabs/sdks/simplicity_sdk_2026.6.1/openthread_stack/util/third_party/openthread/src/core/common/string.cpp.obj
LOAD CMakeFiles/slc.dir/base/opt/silabs/sdks/simplicity_sdk_2026.6.1/openthread_stack/util/third_party/openthread/src/core/common/tasklet.cpp.obj
LOAD CMakeFiles/slc.dir/base/opt/silabs/sdks/simplicity_sdk_2026.6.1/openthread_stack/util/third_party/openthread/src/core/common/timer.cpp.obj
LOAD CMakeFiles/slc.dir/base/opt/silabs/sdks/simplicity_sdk_2026.6.1/openthread_stack/util/third_party/openthread/src/core/common/uptime.cpp.obj
LOAD CMakeFiles/slc.dir/base/opt/silabs/sdks/simplicity_sdk_2026.6.1/openthread_stack/util/third_party/openthread/src/core/crypto/aes_ccm.cpp.obj
LOAD CMakeFiles/slc.dir/base/opt/silabs/sdks/simplicity_sdk_2026.6.1/openthread_stack/util/third_party/openthread/src/core/crypto/aes_ecb.cpp.obj
LOAD CMakeFiles/slc.dir/base/opt/silabs/sdks/simplicity_sdk_2026.6.1/openthread_stack/util/third_party/openthread/src/core/crypto/crypto_platform_mbedtls.cpp.obj
LOAD CMakeFiles/slc.dir/base/opt/silabs/sdks/simplicity_sdk_2026.6.1/openthread_stack/util/third_party/openthread/src/core/crypto/crypto_platform_psa.cpp.obj
LOAD CMakeFiles/slc.dir/base/opt/silabs/sdks/simplicity_sdk_2026.6.1/openthread_stack/util/third_party/openthread/src/core/crypto/storage.cpp.obj
LOAD CMakeFiles/slc.dir/base/opt/silabs/sdks/simplicity_sdk_2026.6.1/openthread_stack/util/third_party/openthread/src/core/diags/factory_diags.cpp.obj
LOAD CMakeFiles/slc.dir/base/opt/silabs/sdks/simplicity_sdk_2026.6.1/openthread_stack/util/third_party/openthread/src/core/instance/instance.cpp.obj
LOAD CMakeFiles/slc.dir/base/opt/silabs/sdks/simplicity_sdk_2026.6.1/openthread_stack/util/third_party/openthread/src/core/mac/link_raw.cpp.obj
LOAD CMakeFiles/slc.dir/base/opt/silabs/sdks/simplicity_sdk_2026.6.1/openthread_stack/util/third_party/openthread/src/core/mac/mac_frame.cpp.obj
LOAD CMakeFiles/slc.dir/base/opt/silabs/sdks/simplicity_sdk_2026.6.1/openthread_stack/util/third_party/openthread/src/core/mac/mac_header_ie.cpp.obj
LOAD CMakeFiles/slc.dir/base/opt/silabs/sdks/simplicity_sdk_2026.6.1/openthread_stack/util/third_party/openthread/src/core/mac/mac_types.cpp.obj
LOAD CMakeFiles/slc.dir/base/opt/silabs/sdks/simplicity_sdk_2026.6.1/openthread_stack/util/third_party/openthread/src/core/mac/sub_mac.cpp.obj
LOAD CMakeFiles/slc.dir/base/opt/silabs/sdks/simplicity_sdk_2026.6.1/openthread_stack/util/third_party/openthread/src/core/mac/sub_mac_callbacks.cpp.obj
LOAD CMakeFiles/slc.dir/base/opt/silabs/sdks/simplicity_sdk_2026.6.1/openthread_stack/util/third_party/openthread/src/core/mac/sub_mac_csl_receiver.cpp.obj
LOAD CMakeFiles/slc.dir/base/opt/silabs/sdks/simplicity_sdk_2026.6.1/openthread_stack/util/third_party/openthread/src/core/radio/radio.cpp.obj
LOAD CMakeFiles/slc.dir/base/opt/silabs/sdks/simplicity_sdk_2026.6.1/openthread_stack/util/third_party/openthread/src/core/radio/radio_callbacks.cpp.obj
LOAD CMakeFiles/slc.dir/base/opt/silabs/sdks/simplicity_sdk_2026.6.1/openthread_stack/util/third_party/openthread/src/core/radio/radio_platform.cpp.obj
LOAD CMakeFiles/slc.dir/base/opt/silabs/sdks/simplicity_sdk_2026.6.1/openthread_stack/util/third_party/openthread/src/core/thread/link_quality.cpp.obj
LOAD CMakeFiles/slc.dir/base/opt/silabs/sdks/simplicity_sdk_2026.6.1/openthread_stack/util/third_party/openthread/src/core/utils/parse_cmdline.cpp.obj
LOAD CMakeFiles/slc.dir/base/opt/silabs/sdks/simplicity_sdk_2026.6.1/openthread_stack/util/third_party/openthread/src/core/utils/power_calibration.cpp.obj
LOAD CMakeFiles/slc.dir/base/opt/silabs/sdks/simplicity_sdk_2026.6.1/openthread_stack/util/third_party/openthread/src/lib/hdlc/hdlc.cpp.obj
LOAD CMakeFiles/slc.dir/base/opt/silabs/sdks/simplicity_sdk_2026.6.1/openthread_stack/util/third_party/openthread/src/lib/spinel/logger.cpp.obj
LOAD CMakeFiles/slc.dir/base/opt/silabs/sdks/simplicity_sdk_2026.6.1/openthread_stack/util/third_party/openthread/src/lib/spinel/radio_spinel.cpp.obj
LOAD CMakeFiles/slc.dir/base/opt/silabs/sdks/simplicity_sdk_2026.6.1/openthread_stack/util/third_party/openthread/src/lib/spinel/spinel.c.obj
LOAD CMakeFiles/slc.dir/base/opt/silabs/sdks/simplicity_sdk_2026.6.1/openthread_stack/util/third_party/openthread/src/lib/spinel/spinel_buffer.cpp.obj
LOAD CMakeFiles/slc.dir/base/opt/silabs/sdks/simplicity_sdk_2026.6.1/openthread_stack/util/third_party/openthread/src/lib/spinel/spinel_decoder.cpp.obj
LOAD CMakeFiles/slc.dir/base/opt/silabs/sdks/simplicity_sdk_2026.6.1/openthread_stack/util/third_party/openthread/src/lib/spinel/spinel_driver.cpp.obj
LOAD CMakeFiles/slc.dir/base/opt/silabs/sdks/simplicity_sdk_2026.6.1/openthread_stack/util/third_party/openthread/src/lib/spinel/spinel_encoder.cpp.obj
LOAD CMakeFiles/slc.dir/base/opt/silabs/sdks/simplicity_sdk_2026.6.1/openthread_stack/util/third_party/openthread/src/lib/spinel/spinel_helper.cpp.obj
LOAD CMakeFiles/slc.dir/base/opt/silabs/sdks/simplicity_sdk_2026.6.1/openthread_stack/util/third_party/openthread/src/lib/spinel/spinel_prop_codec.cpp.obj
LOAD CMakeFiles/slc.dir/base/opt/silabs/sdks/simplicity_sdk_2026.6.1/openthread_stack/util/third_party/openthread/src/ncp/changed_props_set.cpp.obj
LOAD CMakeFiles/slc.dir/base/opt/silabs/sdks/simplicity_sdk_2026.6.1/openthread_stack/util/third_party/openthread/src/ncp/multipan_platform.cpp.obj
LOAD CMakeFiles/slc.dir/base/opt/silabs/sdks/simplicity_sdk_2026.6.1/openthread_stack/util/third_party/openthread/src/ncp/ncp_base.cpp.obj
LOAD CMakeFiles/slc.dir/base/opt/silabs/sdks/simplicity_sdk_2026.6.1/openthread_stack/util/third_party/openthread/src/ncp/ncp_base_dispatcher.cpp.obj
LOAD CMakeFiles/slc.dir/base/opt/silabs/sdks/simplicity_sdk_2026.6.1/openthread_stack/util/third_party/openthread/src/ncp/ncp_base_ftd.cpp.obj
LOAD CMakeFiles/slc.dir/base/opt/silabs/sdks/simplicity_sdk_2026.6.1/openthread_stack/util/third_party/openthread/src/ncp/ncp_base_mtd.cpp.obj
LOAD CMakeFiles/slc.dir/base/opt/silabs/sdks/simplicity_sdk_2026.6.1/openthread_stack/util/third_party/openthread/src/ncp/ncp_base_radio.cpp.obj
LOAD CMakeFiles/slc.dir/base/opt/silabs/sdks/simplicity_sdk_2026.6.1/openthread_stack/util/third_party/openthread/src/ncp/ncp_hdlc.cpp.obj
LOAD CMakeFiles/slc.dir/base/opt/silabs/sdks/simplicity_sdk_2026.6.1/openthread_stack/util/third_party/openthread/src/ncp/ncp_spi.cpp.obj
LOAD CMakeFiles/slc.dir/base/opt/silabs/sdks/simplicity_sdk_2026.6.1/openthread_stack/util/third_party/openthread/src/ncp/platform/border_routing.cpp.obj
LOAD CMakeFiles/slc.dir/base/opt/silabs/sdks/simplicity_sdk_2026.6.1/openthread_stack/util/third_party/openthread/src/ncp/platform/dns.cpp.obj
LOAD CMakeFiles/slc.dir/base/opt/silabs/sdks/simplicity_sdk_2026.6.1/openthread_stack/util/third_party/openthread/src/ncp/platform/dnssd.cpp.obj
LOAD CMakeFiles/slc.dir/base/opt/silabs/sdks/simplicity_sdk_2026.6.1/openthread_stack/util/third_party/openthread/src/ncp/platform/infra_if.cpp.obj
LOAD CMakeFiles/slc.dir/base/opt/silabs/sdks/simplicity_sdk_2026.6.1/openthread_stack/util/third_party/openthread/src/ncp/platform/mdns_socket.cpp.obj
LOAD CMakeFiles/slc.dir/base/opt/silabs/sdks/simplicity_sdk_2026.6.1/openthread_stack/util/third_party/openthread/src/ncp/platform/trel.cpp.obj
LOAD CMakeFiles/slc.dir/base/opt/silabs/sdks/simplicity_sdk_2026.6.1/platform_core/platform/common/src/sl_assert.c.obj
LOAD CMakeFiles/slc.dir/base/opt/silabs/sdks/simplicity_sdk_2026.6.1/platform_core/platform/common/src/sl_core_cortexm.c.obj
LOAD CMakeFiles/slc.dir/base/opt/silabs/sdks/simplicity_sdk_2026.6.1/platform_core/platform/common/src/sl_slist.c.obj
LOAD CMakeFiles/slc.dir/base/opt/silabs/sdks/simplicity_sdk_2026.6.1/platform_core/platform/common/src/sl_syscalls.c.obj
LOAD CMakeFiles/slc.dir/base/opt/silabs/sdks/simplicity_sdk_2026.6.1/platform_core/platform/Device/SiliconLabs/EFR32MG21/Source/startup_efr32mg21.c.obj
LOAD CMakeFiles/slc.dir/base/opt/silabs/sdks/simplicity_sdk_2026.6.1/platform_core/platform/Device/SiliconLabs/EFR32MG21/Source/system_efr32mg21.c.obj
LOAD CMakeFiles/slc.dir/base/opt/silabs/sdks/simplicity_sdk_2026.6.1/platform_core/platform/driver/gpio/src/sl_gpio.c.obj
LOAD CMakeFiles/slc.dir/base/opt/silabs/sdks/simplicity_sdk_2026.6.1/platform_core/platform/emdrv/nvm3/src/nvm3.c.obj
LOAD CMakeFiles/slc.dir/base/opt/silabs/sdks/simplicity_sdk_2026.6.1/platform_core/platform/emdrv/nvm3/src/nvm3_cache.c.obj
LOAD CMakeFiles/slc.dir/base/opt/silabs/sdks/simplicity_sdk_2026.6.1/platform_core/platform/emdrv/nvm3/src/nvm3_default_common_linker.c.obj
LOAD CMakeFiles/slc.dir/base/opt/silabs/sdks/simplicity_sdk_2026.6.1/platform_core/platform/emdrv/nvm3/src/nvm3_hal_flash.c.obj
LOAD CMakeFiles/slc.dir/base/opt/silabs/sdks/simplicity_sdk_2026.6.1/platform_core/platform/emdrv/nvm3/src/nvm3_lock.c.obj
LOAD CMakeFiles/slc.dir/base/opt/silabs/sdks/simplicity_sdk_2026.6.1/platform_core/platform/emdrv/nvm3/src/nvm3_object.c.obj
LOAD CMakeFiles/slc.dir/base/opt/silabs/sdks/simplicity_sdk_2026.6.1/platform_core/platform/emdrv/nvm3/src/nvm3_page.c.obj
LOAD CMakeFiles/slc.dir/base/opt/silabs/sdks/simplicity_sdk_2026.6.1/platform_core/platform/emdrv/nvm3/src/nvm3_utils.c.obj
LOAD CMakeFiles/slc.dir/base/opt/silabs/sdks/simplicity_sdk_2026.6.1/platform_core/platform/emlib/src/em_burtc.c.obj
LOAD CMakeFiles/slc.dir/base/opt/silabs/sdks/simplicity_sdk_2026.6.1/platform_core/platform/emlib/src/em_cmu.c.obj
LOAD CMakeFiles/slc.dir/base/opt/silabs/sdks/simplicity_sdk_2026.6.1/platform_core/platform/emlib/src/em_emu.c.obj
LOAD CMakeFiles/slc.dir/base/opt/silabs/sdks/simplicity_sdk_2026.6.1/platform_core/platform/emlib/src/em_gpio.c.obj
LOAD CMakeFiles/slc.dir/base/opt/silabs/sdks/simplicity_sdk_2026.6.1/platform_core/platform/emlib/src/em_msc.c.obj
LOAD CMakeFiles/slc.dir/base/opt/silabs/sdks/simplicity_sdk_2026.6.1/platform_core/platform/emlib/src/em_prs.c.obj
LOAD CMakeFiles/slc.dir/base/opt/silabs/sdks/simplicity_sdk_2026.6.1/platform_core/platform/emlib/src/em_rmu.c.obj
LOAD CMakeFiles/slc.dir/base/opt/silabs/sdks/simplicity_sdk_2026.6.1/platform_core/platform/emlib/src/em_rtcc.c.obj
LOAD CMakeFiles/slc.dir/base/opt/silabs/sdks/simplicity_sdk_2026.6.1/platform_core/platform/emlib/src/em_system.c.obj
LOAD CMakeFiles/slc.dir/base/opt/silabs/sdks/simplicity_sdk_2026.6.1/platform_core/platform/emlib/src/em_timer.c.obj
LOAD CMakeFiles/slc.dir/base/opt/silabs/sdks/simplicity_sdk_2026.6.1/platform_core/platform/peripheral/src/sl_hal_gpio.c.obj
LOAD CMakeFiles/slc.dir/base/opt/silabs/sdks/simplicity_sdk_2026.6.1/platform_core/platform/peripheral/src/sl_hal_ldma.c.obj
LOAD CMakeFiles/slc.dir/base/opt/silabs/sdks/simplicity_sdk_2026.6.1/platform_core/platform/peripheral/src/sl_hal_prs.c.obj
LOAD CMakeFiles/slc.dir/base/opt/silabs/sdks/simplicity_sdk_2026.6.1/platform_core/platform/peripheral/src/sl_hal_syscfg.c.obj
LOAD CMakeFiles/slc.dir/base/opt/silabs/sdks/simplicity_sdk_2026.6.1/platform_core/platform/peripheral/src/sl_hal_system.c.obj
LOAD CMakeFiles/slc.dir/base/opt/silabs/sdks/simplicity_sdk_2026.6.1/platform_core/platform/peripheral/src/sl_hal_timer.c.obj
LOAD CMakeFiles/slc.dir/base/opt/silabs/sdks/simplicity_sdk_2026.6.1/platform_core/platform/peripheral/src/sl_hal_usart.c.obj
LOAD CMakeFiles/slc.dir/base/opt/silabs/sdks/simplicity_sdk_2026.6.1/platform_core/platform/security/sl_component/se_manager/src/sl_se_manager.c.obj
LOAD CMakeFiles/slc.dir/base/opt/silabs/sdks/simplicity_sdk_2026.6.1/platform_core/platform/security/sl_component/se_manager/src/sl_se_manager_attestation.c.obj
LOAD CMakeFiles/slc.dir/base/opt/silabs/sdks/simplicity_sdk_2026.6.1/platform_core/platform/security/sl_component/se_manager/src/sl_se_manager_cipher.c.obj
LOAD CMakeFiles/slc.dir/base/opt/silabs/sdks/simplicity_sdk_2026.6.1/platform_core/platform/security/sl_component/se_manager/src/sl_se_manager_entropy.c.obj
LOAD CMakeFiles/slc.dir/base/opt/silabs/sdks/simplicity_sdk_2026.6.1/platform_core/platform/security/sl_component/se_manager/src/sl_se_manager_hash.c.obj
LOAD CMakeFiles/slc.dir/base/opt/silabs/sdks/simplicity_sdk_2026.6.1/platform_core/platform/security/sl_component/se_manager/src/sl_se_manager_key_derivation.c.obj
LOAD CMakeFiles/slc.dir/base/opt/silabs/sdks/simplicity_sdk_2026.6.1/platform_core/platform/security/sl_component/se_manager/src/sl_se_manager_key_handling.c.obj
LOAD CMakeFiles/slc.dir/base/opt/silabs/sdks/simplicity_sdk_2026.6.1/platform_core/platform/security/sl_component/se_manager/src/sl_se_manager_signature.c.obj
LOAD CMakeFiles/slc.dir/base/opt/silabs/sdks/simplicity_sdk_2026.6.1/platform_core/platform/security/sl_component/se_manager/src/sl_se_manager_util.c.obj
LOAD CMakeFiles/slc.dir/base/opt/silabs/sdks/simplicity_sdk_2026.6.1/platform_core/platform/security/sl_component/se_manager/src/sli_se_manager_mailbox.c.obj
LOAD CMakeFiles/slc.dir/base/opt/silabs/sdks/simplicity_sdk_2026.6.1/platform_core/platform/security/sl_component/sl_mbedtls_support/src/mbedtls_ccm.c.obj
LOAD CMakeFiles/slc.dir/base/opt/silabs/sdks/simplicity_sdk_2026.6.1/platform_core/platform/security/sl_component/sl_mbedtls_support/src/mbedtls_cmac.c.obj
LOAD CMakeFiles/slc.dir/base/opt/silabs/sdks/simplicity_sdk_2026.6.1/platform_core/platform/security/sl_component/sl_mbedtls_support/src/mbedtls_ecdsa_ecdh.c.obj
LOAD CMakeFiles/slc.dir/base/opt/silabs/sdks/simplicity_sdk_2026.6.1/platform_core/platform/security/sl_component/sl_mbedtls_support/src/mbedtls_sha.c.obj
LOAD CMakeFiles/slc.dir/base/opt/silabs/sdks/simplicity_sdk_2026.6.1/platform_core/platform/security/sl_component/sl_mbedtls_support/src/se_aes.c.obj
LOAD CMakeFiles/slc.dir/base/opt/silabs/sdks/simplicity_sdk_2026.6.1/platform_core/platform/security/sl_component/sl_mbedtls_support/src/se_jpake.c.obj
LOAD CMakeFiles/slc.dir/base/opt/silabs/sdks/simplicity_sdk_2026.6.1/platform_core/platform/security/sl_component/sl_mbedtls_support/src/sl_entropy_hardware.c.obj
LOAD CMakeFiles/slc.dir/base/opt/silabs/sdks/simplicity_sdk_2026.6.1/platform_core/platform/security/sl_component/sl_mbedtls_support/src/sl_mbedtls.c.obj
LOAD CMakeFiles/slc.dir/base/opt/silabs/sdks/simplicity_sdk_2026.6.1/platform_core/platform/security/sl_component/sl_mbedtls_support/src/sl_psa_crypto.c.obj
LOAD CMakeFiles/slc.dir/base/opt/silabs/sdks/simplicity_sdk_2026.6.1/platform_core/platform/security/sl_component/sl_mbedtls_support/src/sli_psa_crypto.c.obj
LOAD CMakeFiles/slc.dir/base/opt/silabs/sdks/simplicity_sdk_2026.6.1/platform_core/platform/security/sl_component/sl_protocol_crypto/src/sli_protocol_crypto_radioaes.c.obj
LOAD CMakeFiles/slc.dir/base/opt/silabs/sdks/simplicity_sdk_2026.6.1/platform_core/platform/security/sl_component/sl_protocol_crypto/src/sli_radioaes_management.c.obj
LOAD CMakeFiles/slc.dir/base/opt/silabs/sdks/simplicity_sdk_2026.6.1/platform_core/platform/security/sl_component/sl_psa_driver/src/sl_psa_its_nvm3.c.obj
LOAD CMakeFiles/slc.dir/base/opt/silabs/sdks/simplicity_sdk_2026.6.1/platform_core/platform/security/sl_component/sl_psa_driver/src/sli_psa_driver_common.c.obj
LOAD CMakeFiles/slc.dir/base/opt/silabs/sdks/simplicity_sdk_2026.6.1/platform_core/platform/security/sl_component/sl_psa_driver/src/sli_psa_driver_init.c.obj
LOAD CMakeFiles/slc.dir/base/opt/silabs/sdks/simplicity_sdk_2026.6.1/platform_core/platform/security/sl_component/sl_psa_driver/src/sli_psa_trng.c.obj
LOAD CMakeFiles/slc.dir/base/opt/silabs/sdks/simplicity_sdk_2026.6.1/platform_core/platform/security/sl_component/sl_psa_driver/src/sli_se_driver_aead.c.obj
LOAD CMakeFiles/slc.dir/base/opt/silabs/sdks/simplicity_sdk_2026.6.1/platform_core/platform/security/sl_component/sl_psa_driver/src/sli_se_driver_builtin_keys.c.obj
LOAD CMakeFiles/slc.dir/base/opt/silabs/sdks/simplicity_sdk_2026.6.1/platform_core/platform/security/sl_component/sl_psa_driver/src/sli_se_driver_cipher.c.obj
LOAD CMakeFiles/slc.dir/base/opt/silabs/sdks/simplicity_sdk_2026.6.1/platform_core/platform/security/sl_component/sl_psa_driver/src/sli_se_driver_key_derivation.c.obj
LOAD CMakeFiles/slc.dir/base/opt/silabs/sdks/simplicity_sdk_2026.6.1/platform_core/platform/security/sl_component/sl_psa_driver/src/sli_se_driver_key_management.c.obj
LOAD CMakeFiles/slc.dir/base/opt/silabs/sdks/simplicity_sdk_2026.6.1/platform_core/platform/security/sl_component/sl_psa_driver/src/sli_se_driver_mac.c.obj
LOAD CMakeFiles/slc.dir/base/opt/silabs/sdks/simplicity_sdk_2026.6.1/platform_core/platform/security/sl_component/sl_psa_driver/src/sli_se_driver_signature.c.obj
LOAD CMakeFiles/slc.dir/base/opt/silabs/sdks/simplicity_sdk_2026.6.1/platform_core/platform/security/sl_component/sl_psa_driver/src/sli_se_opaque_driver_aead.c.obj
LOAD CMakeFiles/slc.dir/base/opt/silabs/sdks/simplicity_sdk_2026.6.1/platform_core/platform/security/sl_component/sl_psa_driver/src/sli_se_opaque_driver_cipher.c.obj
LOAD CMakeFiles/slc.dir/base/opt/silabs/sdks/simplicity_sdk_2026.6.1/platform_core/platform/security/sl_component/sl_psa_driver/src/sli_se_opaque_driver_mac.c.obj
LOAD CMakeFiles/slc.dir/base/opt/silabs/sdks/simplicity_sdk_2026.6.1/platform_core/platform/security/sl_component/sl_psa_driver/src/sli_se_opaque_key_derivation.c.obj
LOAD CMakeFiles/slc.dir/base/opt/silabs/sdks/simplicity_sdk_2026.6.1/platform_core/platform/security/sl_component/sl_psa_driver/src/sli_se_transparent_driver_aead.c.obj
LOAD CMakeFiles/slc.dir/base/opt/silabs/sdks/simplicity_sdk_2026.6.1/platform_core/platform/security/sl_component/sl_psa_driver/src/sli_se_transparent_driver_cipher.c.obj
LOAD CMakeFiles/slc.dir/base/opt/silabs/sdks/simplicity_sdk_2026.6.1/platform_core/platform/security/sl_component/sl_psa_driver/src/sli_se_transparent_driver_hash.c.obj
LOAD CMakeFiles/slc.dir/base/opt/silabs/sdks/simplicity_sdk_2026.6.1/platform_core/platform/security/sl_component/sl_psa_driver/src/sli_se_transparent_driver_mac.c.obj
LOAD CMakeFiles/slc.dir/base/opt/silabs/sdks/simplicity_sdk_2026.6.1/platform_core/platform/security/sl_component/sl_psa_driver/src/sli_se_transparent_key_derivation.c.obj
LOAD CMakeFiles/slc.dir/base/opt/silabs/sdks/simplicity_sdk_2026.6.1/platform_core/platform/security/sl_component/sl_psa_driver/src/sli_se_version_dependencies.c.obj
LOAD CMakeFiles/slc.dir/base/opt/silabs/sdks/simplicity_sdk_2026.6.1/platform_core/platform/service/clock_manager/src/sl_clock_manager.c.obj
LOAD CMakeFiles/slc.dir/base/opt/silabs/sdks/simplicity_sdk_2026.6.1/platform_core/platform/service/clock_manager/src/sl_clock_manager_hal_s2.c.obj
LOAD CMakeFiles/slc.dir/base/opt/silabs/sdks/simplicity_sdk_2026.6.1/platform_core/platform/service/clock_manager/src/sl_clock_manager_init.c.obj
LOAD CMakeFiles/slc.dir/base/opt/silabs/sdks/simplicity_sdk_2026.6.1/platform_core/platform/service/clock_manager/src/sl_clock_manager_init_hal_s2.c.obj
LOAD CMakeFiles/slc.dir/base/opt/silabs/sdks/simplicity_sdk_2026.6.1/platform_core/platform/service/device_init/src/sl_device_init_emu_s2.c.obj
LOAD CMakeFiles/slc.dir/base/opt/silabs/sdks/simplicity_sdk_2026.6.1/platform_core/platform/service/device_manager/devices/sl_device_peripheral_hal_efr32xg21.c.obj
LOAD CMakeFiles/slc.dir/base/opt/silabs/sdks/simplicity_sdk_2026.6.1/platform_core/platform/service/device_manager/dma/sl_device_dma_s2.c.obj
LOAD CMakeFiles/slc.dir/base/opt/silabs/sdks/simplicity_sdk_2026.6.1/platform_core/platform/service/device_manager/src/sl_device_clock.c.obj
LOAD CMakeFiles/slc.dir/base/opt/silabs/sdks/simplicity_sdk_2026.6.1/platform_core/platform/service/device_manager/src/sl_device_dma.c.obj
LOAD CMakeFiles/slc.dir/base/opt/silabs/sdks/simplicity_sdk_2026.6.1/platform_core/platform/service/device_manager/src/sl_device_gpio.c.obj
LOAD CMakeFiles/slc.dir/base/opt/silabs/sdks/simplicity_sdk_2026.6.1/platform_core/platform/service/device_manager/src/sl_device_peripheral.c.obj
LOAD CMakeFiles/slc.dir/base/opt/silabs/sdks/simplicity_sdk_2026.6.1/platform_core/platform/service/dma_manager/src/sl_dma_manager.c.obj
LOAD CMakeFiles/slc.dir/base/opt/silabs/sdks/simplicity_sdk_2026.6.1/platform_core/platform/service/dma_manager/src/sl_dma_manager_hal_ldma.c.obj
LOAD CMakeFiles/slc.dir/base/opt/silabs/sdks/simplicity_sdk_2026.6.1/platform_core/platform/service/interrupt_manager/src/sl_interrupt_manager_cortexm.c.obj
LOAD CMakeFiles/slc.dir/base/opt/silabs/sdks/simplicity_sdk_2026.6.1/platform_core/platform/service/memory_manager/src/sl_memory_manager.c.obj
LOAD CMakeFiles/slc.dir/base/opt/silabs/sdks/simplicity_sdk_2026.6.1/platform_core/platform/service/memory_manager/src/sl_memory_manager_cpp.cpp.obj
LOAD CMakeFiles/slc.dir/base/opt/silabs/sdks/simplicity_sdk_2026.6.1/platform_core/platform/service/memory_manager/src/sl_memory_manager_dynamic_reservation.c.obj
LOAD CMakeFiles/slc.dir/base/opt/silabs/sdks/simplicity_sdk_2026.6.1/platform_core/platform/service/memory_manager/src/sl_memory_manager_pool.c.obj
LOAD CMakeFiles/slc.dir/base/opt/silabs/sdks/simplicity_sdk_2026.6.1/platform_core/platform/service/memory_manager/src/sl_memory_manager_pool_common.c.obj
LOAD CMakeFiles/slc.dir/base/opt/silabs/sdks/simplicity_sdk_2026.6.1/platform_core/platform/service/memory_manager/src/sl_memory_manager_region.c.obj
LOAD CMakeFiles/slc.dir/base/opt/silabs/sdks/simplicity_sdk_2026.6.1/platform_core/platform/service/memory_manager/src/sl_memory_manager_retarget.c.obj
LOAD CMakeFiles/slc.dir/base/opt/silabs/sdks/simplicity_sdk_2026.6.1/platform_core/platform/service/memory_manager/src/sli_memory_manager_common.c.obj
LOAD CMakeFiles/slc.dir/base/opt/silabs/sdks/simplicity_sdk_2026.6.1/platform_core/platform/service/mpu/src/sl_mpu_s2.c.obj
LOAD CMakeFiles/slc.dir/base/opt/silabs/sdks/simplicity_sdk_2026.6.1/platform_core/platform/service/sl_main/src/sl_main_init.c.obj
LOAD CMakeFiles/slc.dir/base/opt/silabs/sdks/simplicity_sdk_2026.6.1/platform_core/platform/service/sl_main/src/sl_main_init_memory.c.obj
LOAD CMakeFiles/slc.dir/base/opt/silabs/sdks/simplicity_sdk_2026.6.1/platform_core/platform/service/sl_main/src/sl_main_process_action.c.obj
LOAD CMakeFiles/slc.dir/base/opt/silabs/sdks/simplicity_sdk_2026.6.1/platform_core/platform/service/sleeptimer/src/sl_sleeptimer.c.obj
LOAD CMakeFiles/slc.dir/base/opt/silabs/sdks/simplicity_sdk_2026.6.1/platform_core/platform/service/sleeptimer/src/sl_sleeptimer_hal_burtc.c.obj
LOAD CMakeFiles/slc.dir/base/opt/silabs/sdks/simplicity_sdk_2026.6.1/platform_core/platform/service/sleeptimer/src/sl_sleeptimer_hal_prortc.c.obj
LOAD CMakeFiles/slc.dir/base/opt/silabs/sdks/simplicity_sdk_2026.6.1/platform_core/platform/service/sleeptimer/src/sl_sleeptimer_hal_rtcc.c.obj
LOAD CMakeFiles/slc.dir/base/opt/silabs/sdks/simplicity_sdk_2026.6.1/platform_core/platform/service/sleeptimer/src/sl_sleeptimer_hal_timer.c.obj
LOAD CMakeFiles/slc.dir/base/opt/silabs/sdks/simplicity_sdk_2026.6.1/platform_core/util/silicon_labs/silabs_core/queue/circular_queue.c.obj
LOAD CMakeFiles/slc.dir/base/opt/silabs/sdks/simplicity_sdk_2026.6.1/rail_library/plugin/coexistence/common/coexistence-pwm.c.obj
LOAD CMakeFiles/slc.dir/base/opt/silabs/sdks/simplicity_sdk_2026.6.1/rail_library/plugin/coexistence/common/coexistence.c.obj
LOAD CMakeFiles/slc.dir/base/opt/silabs/sdks/simplicity_sdk_2026.6.1/rail_library/plugin/coexistence/hal/efr32/coexistence-directional-priority.c.obj
LOAD CMakeFiles/slc.dir/base/opt/silabs/sdks/simplicity_sdk_2026.6.1/rail_library/plugin/coexistence/hal/efr32/coexistence-hal.c.obj
LOAD CMakeFiles/slc.dir/base/opt/silabs/sdks/simplicity_sdk_2026.6.1/rail_library/plugin/coexistence/protocol/ieee802154_uc/coexistence-802154.c.obj
LOAD CMakeFiles/slc.dir/base/opt/silabs/sdks/simplicity_sdk_2026.6.1/rail_library/plugin/coexistence/protocol/ieee802154_uc/coexistence-ot.c.obj
LOAD CMakeFiles/slc.dir/base/opt/silabs/sdks/simplicity_sdk_2026.6.1/rail_library/plugin/sl_rail_util_built_in_phys/efr32xg21/sl_rail_ble_config.c.obj
LOAD CMakeFiles/slc.dir/base/opt/silabs/sdks/simplicity_sdk_2026.6.1/rail_library/plugin/sl_rail_util_built_in_phys/efr32xg21/sl_rail_ieee802154_config.c.obj
LOAD CMakeFiles/slc.dir/base/opt/silabs/sdks/simplicity_sdk_2026.6.1/rail_library/plugin/sl_rail_util_built_in_phys/sl_rail_util_built_in_phys.c.obj
LOAD CMakeFiles/slc.dir/base/opt/silabs/sdks/simplicity_sdk_2026.6.1/rail_library/plugin/sl_rail_util_dma/sl_rail_util_dma.c.obj
LOAD CMakeFiles/slc.dir/base/opt/silabs/sdks/simplicity_sdk_2026.6.1/rail_library/plugin/sl_rail_util_ieee802154/sl_rail_util_ieee802154_fast_channel_switching.c.obj
LOAD CMakeFiles/slc.dir/base/opt/silabs/sdks/simplicity_sdk_2026.6.1/rail_library/plugin/sl_rail_util_pa_conversions/sl_rail_util_pa_conversions.c.obj
LOAD CMakeFiles/slc.dir/base/opt/silabs/sdks/simplicity_sdk_2026.6.1/rail_library/plugin/sl_rail_util_pa_conversions/sl_rail_util_pa_tables.c.obj
LOAD CMakeFiles/slc.dir/base/opt/silabs/sdks/simplicity_sdk_2026.6.1/rail_library/plugin/sl_rail_util_pti/sl_rail_util_pti.c.obj
LOAD CMakeFiles/slc.dir/base/opt/silabs/sdks/simplicity_sdk_2026.6.1/rail_library/plugin/sl_rail_util_rf_path/sl_rail_util_rf_path.c.obj
LOAD CMakeFiles/slc.dir/base/opt/silabs/sdks/simplicity_sdk_2026.6.1/rail_library/plugin/sl_rail_util_rssi/sl_rail_util_rssi.c.obj
LOAD CMakeFiles/slc.dir/base/sdk2026-firmware/source/app.c.obj
LOAD CMakeFiles/slc.dir/base/sdk2026-firmware/generated/autogen/coexistence_event.c.obj
LOAD CMakeFiles/slc.dir/base/sdk2026-firmware/generated/autogen/sl_cpc_instance_handles.c.obj
LOAD CMakeFiles/slc.dir/base/sdk2026-firmware/generated/autogen/sl_dma_manager_instances.c.obj
LOAD CMakeFiles/slc.dir/base/sdk2026-firmware/generated/autogen/sl_event_handler.c.obj
LOAD CMakeFiles/slc.dir/base/sdk2026-firmware/generated/autogen/sl_ot_init.c.obj
LOAD CMakeFiles/slc.dir/base/sdk2026-firmware/generated/autogen/sl_rail_util_ieee802154_phy_select.c.obj
LOAD CMakeFiles/slc.dir/base/sdk2026-firmware/generated/autogen/sl_rail_util_ieee802154_stack_event.c.obj
LOAD CMakeFiles/slc.dir/base/sdk2026-firmware/generated/main.c.obj
LOAD CMakeFiles/slc.dir/base/sdk2026-firmware/source/snapshot.c.obj
START GROUP
LOAD /opt/toolchains/gcc-arm-none-eabi/bin/../lib/gcc/arm-none-eabi/14.2.1/../../../../arm-none-eabi/lib/thumb/v8-m.main+fp/hard/libstdc++_nano.a
LOAD /opt/toolchains/gcc-arm-none-eabi/bin/../lib/gcc/arm-none-eabi/14.2.1/thumb/v8-m.main+fp/hard/libgcc.a
LOAD /opt/toolchains/gcc-arm-none-eabi/bin/../lib/gcc/arm-none-eabi/14.2.1/../../../../arm-none-eabi/lib/thumb/v8-m.main+fp/hard/libc_nano.a
LOAD /opt/toolchains/gcc-arm-none-eabi/bin/../lib/gcc/arm-none-eabi/14.2.1/../../../../arm-none-eabi/lib/thumb/v8-m.main+fp/hard/libm.a
LOAD /opt/toolchains/gcc-arm-none-eabi/bin/../lib/gcc/arm-none-eabi/14.2.1/../../../../arm-none-eabi/lib/thumb/v8-m.main+fp/hard/libnosys.a
LOAD /opt/silabs/sdks/simplicity_sdk_2026.6.1/openthread/libs/build/gcc/cortex-m33/sl-openthread-library/Release/libsl_openthread.a
LOAD /opt/silabs/sdks/simplicity_sdk_2026.6.1/rail_library/autogen/librail_release/librail_efr32xg21_gcc_release.a
END GROUP
START GROUP
LOAD /opt/toolchains/gcc-arm-none-eabi/bin/../lib/gcc/arm-none-eabi/14.2.1/thumb/v8-m.main+fp/hard/libgcc.a
LOAD /opt/toolchains/gcc-arm-none-eabi/bin/../lib/gcc/arm-none-eabi/14.2.1/../../../../arm-none-eabi/lib/thumb/v8-m.main+fp/hard/libc_nano.a
END GROUP
START GROUP
LOAD /opt/toolchains/gcc-arm-none-eabi/bin/../lib/gcc/arm-none-eabi/14.2.1/thumb/v8-m.main+fp/hard/libgcc.a
LOAD /opt/toolchains/gcc-arm-none-eabi/bin/../lib/gcc/arm-none-eabi/14.2.1/../../../../arm-none-eabi/lib/thumb/v8-m.main+fp/hard/libc_nano.a
END GROUP
LOAD /opt/toolchains/gcc-arm-none-eabi/bin/../lib/gcc/arm-none-eabi/14.2.1/thumb/v8-m.main+fp/hard/crtend.o
LOAD /opt/toolchains/gcc-arm-none-eabi/bin/../lib/gcc/arm-none-eabi/14.2.1/thumb/v8-m.main+fp/hard/crtn.o

.vectors        0x00004000      0x134
                0x00004000                        linker_vectors_begin = .
 *(.vectors)
 .vectors       0x00004000      0x134 /tmp/ccKOncJR.ltrans0.ltrans.o
                0x00004000                __Vectors
                0x00004134                        linker_vectors_end = .
                0x00004134                        __Vectors_End = .
                0x00004134                        __Vectors_Size = (__Vectors_End - __Vectors)

.bootloader_reset_section
                0x20000000        0x4
                0x20000000                        __ResetReasonStart__ = .
                0x20000004                        . = (. + 0x4)
 *fill*         0x20000000        0x4 
                0x20000004                        . = ALIGN (0x4)
                0x20000004                        __ResetReasonEnd__ = .

.stack          0x20000008      0xac0
                0x20000008                        . = ALIGN (0x8)
                0x20000008                        __stack_limit = .
                0x20000008                        __StackLimit = .
 *(.stack*)
 .stack         0x20000008      0xac0 /tmp/ccKOncJR.ltrans3.ltrans.o
                0x20000ac8                        . = ALIGN (0x4)
                0x20000ac8                        __stack = .
                0x20000ac8                        __StackTop = .

.bss            0x20000ac8     0x3418
                0x20000ac8                        . = ALIGN (0x4)
                0x20000ac8                        __bss_start__ = .
 *(SORT_BY_ALIGNMENT(.bss*))
 .bss           0x20000ac8      0x2f0 /tmp/ccKOncJR.ltrans0.ltrans.o
                0x20000aca                read_channel
                0x20000ad2                bootloader_ppusatdConfigstate.lto_priv.0
                0x20000ad8                nvm3_defaultHandleData
                0x20000b58                write_channel
                0x20000b5c                default_dma_handle
                0x20000b80                security_ep.lto_priv.0
                0x20000b8c                security_endpoint_in_error.lto_priv.0
                0x20000b94                security_state.lto_priv.0
                0x20000b98                on_state_change.lto_priv.1
                0x20000b9c                security_ctx.lto_priv.0
                0x20000bb0                mbedtls_ct_zero
                0x20000bc0                global_data.lto_priv.1
                0x20000cb4                session_key_id.lto_priv.0
                0x20000d70                post_snapshot_live
                0x20000db0                max_millisecond_conversion.lto_priv.0
                0x20000db4                timer_frequency.lto_priv.0
 .bss           0x20000db8      0xc20 /tmp/ccKOncJR.ltrans1.ltrans.o
                0x20000db8                sMsAlarmHandles.lto_priv.0
                0x20000e00                _ZN2otL17gMultiInstanceRawE.lto_priv.0
                0x20000fe0                sUsAlarmHandles.lto_priv.0
                0x2000102c                srcMatchShortEntry.lto_priv.0
                0x200010ac                srcMatchExtEntry.lto_priv.0
                0x2000112c                sDiagMode.lto_priv.0
                0x20001130                ot::Ncp::NcpBase::sNcpInstance
                0x20001134                emPhyRailHandle
                0x20001144                _ZL12sPromiscuous.lto_priv.0
                0x20001146                savedResetCause.lto_priv.0
                0x2000114c                _ZL16sCurrentTxPacket.lto_priv.0
                0x20001150                _ZL12sEnergyScans.lto_priv.0
                0x20001158                _ZL19sCurrentEventConfig.lto_priv.0
                0x20001160                _ZL20sChannelSwitchingCfg.lto_priv.0
                0x20001174                _ZL11sBandConfig.lto_priv.0
                0x20001180                _ZL8sReceive.lto_priv.0
                0x200011b0                _ZL11sReceiveAck.lto_priv.0
                0x200011e0                _ZL8sMacKeys.lto_priv.0
                0x20001308                ot::Random::Manager::sInitCount
                0x2000130c                ot::Random::Manager::sPrng
                0x20001310                gp_state.lto_priv.0
                0x20001318                gpStateTimeOut.lto_priv.0
                0x20001320                _ZL15sTransmitBuffer.lto_priv.0
                0x20001380                _ZL13sReceiveError.lto_priv.0
                0x20001391                _ZL18sIsSrcMatchEnabled.lto_priv.0
                0x20001392                _ZL8sLastLqi.lto_priv.0
                0x20001393                _ZL9sLastRssi.lto_priv.0
                0x200013a5                _ZL20sli_default_tx_power.lto_priv.0
                0x200013a7                _ZL21sli_max_channel_power.lto_priv.0
                0x20001448                active_radio_config.lto_priv.0
                0x2000144c                sResetCause.lto_priv.0
                0x20001458                sBufferedTxInstance.lto_priv.0
                0x2000155c                _ZL20sPendingCommandQueue.lto_priv.0
                0x200015c0                _ZL14sRxPacketQueue.lto_priv.0
                0x2000160c                _ZL22sRxPacketMemPoolHandle.lto_priv.0
                0x200016c0                _ZL10rail_timer.lto_priv.0
                0x20001998                sli_general_purpose_heap
                0x200019c0                ot::gActiveInstance
                0x200019c8                sPendingTimeMs.lto_priv.0
 .bss           0x200019d8     0x1550 /tmp/ccKOncJR.ltrans3.ltrans.o
 .bss.sli_rail_f5d6bd4b87b830444924423a67685a3c
                0x20002f28      0x1a8 /opt/silabs/sdks/simplicity_sdk_2026.6.1/rail_library/autogen/librail_release/librail_efr32xg21_gcc_release.a(rail_rf.o)
 .bss.sli_rail_9fd4b577a88245688a41c225ff145d2d
                0x200030d0       0x80 /opt/silabs/sdks/simplicity_sdk_2026.6.1/rail_library/autogen/librail_release/librail_efr32xg21_gcc_release.a(rail_data.o)
 .bss.sli_rail_777a68850e0def020883ab472a8f9826
                0x20003150        0x8 /opt/silabs/sdks/simplicity_sdk_2026.6.1/rail_library/autogen/librail_release/librail_efr32xg21_gcc_release.a(generic_phy.o)
                0x20003150                sli_rail_777a68850e0def020883ab472a8f9826
 .bss.object.0  0x20003158       0x18 /opt/toolchains/gcc-arm-none-eabi/bin/../lib/gcc/arm-none-eabi/14.2.1/thumb/v8-m.main+fp/hard/crtbegin.o
 .bss           0x20003170      0x860 /tmp/ccKOncJR.ltrans2.ltrans.o
                0x20003298                timer_head.lto_priv.0
                0x2000329c                irqState
                0x200032f8                nvm3_internalObjectHandleA
                0x20003350                ctuneDelta.lto_priv.0
                0x20003354                sli_radioaes_mask
                0x20003358                dma_handle_list
                0x20003364                region_nbr.lto_priv.0
                0x2000336c                overflow_counter.lto_priv.0
                0x20003370                last_delta_update_count.lto_priv.0
 .bss.__sf      0x200039d0      0x138 /opt/toolchains/gcc-arm-none-eabi/bin/../lib/gcc/arm-none-eabi/14.2.1/../../../../arm-none-eabi/lib/thumb/v8-m.main+fp/hard/libc_nano.a(libc_a-findfp.o)
                0x200039d0                __sf
 .bss.__stdio_exit_handler
                0x20003b08        0x4 /opt/toolchains/gcc-arm-none-eabi/bin/../lib/gcc/arm-none-eabi/14.2.1/../../../../arm-none-eabi/lib/thumb/v8-m.main+fp/hard/libc_nano.a(libc_a-findfp.o)
                0x20003b08                __stdio_exit_handler
 .bss.errno     0x20003b0c        0x4 /opt/toolchains/gcc-arm-none-eabi/bin/../lib/gcc/arm-none-eabi/14.2.1/../../../../arm-none-eabi/lib/thumb/v8-m.main+fp/hard/libc_nano.a(libc_a-reent.o)
                0x20003b0c                errno
 .bss.sli_rail_af3c6973dddd532ce508e3f9924571a4
                0x20003b10        0x4 /opt/silabs/sdks/simplicity_sdk_2026.6.1/rail_library/autogen/librail_release/librail_efr32xg21_gcc_release.a(rail_singleprotocol.o)
 .bss.RAIL_ActiveHandle
                0x20003b14        0x4 /opt/silabs/sdks/simplicity_sdk_2026.6.1/rail_library/autogen/librail_release/librail_efr32xg21_gcc_release.a(rail_singleprotocol.o)
                0x20003b14                RAIL_ActiveHandle
 .bss.sli_rail_40239c088b63e28dca4ffa1c3ebff3f8
                0x20003b18       0x18 /opt/silabs/sdks/simplicity_sdk_2026.6.1/rail_library/autogen/librail_release/librail_efr32xg21_gcc_release.a(rail_singleprotocol.o)
 .bss.sli_rail_b2d4e2f0808167209d1dba530e0bb939
                0x20003b30      0x200 /opt/silabs/sdks/simplicity_sdk_2026.6.1/rail_library/autogen/librail_release/librail_efr32xg21_gcc_release.a(rail_data.o)
 .bss.sli_rail_assert_rail_handle
                0x20003d30        0x4 /opt/silabs/sdks/simplicity_sdk_2026.6.1/rail_library/autogen/librail_release/librail_efr32xg21_gcc_release.a(rail_assert.o)
                0x20003d30                sli_rail_assert_rail_handle
 .bss.sli_rail_assert_line_number
                0x20003d34        0x4 /opt/silabs/sdks/simplicity_sdk_2026.6.1/rail_library/autogen/librail_release/librail_efr32xg21_gcc_release.a(rail_assert.o)
                0x20003d34                sli_rail_assert_line_number
 .bss.sli_rail_3cd6e3eb26b79066c57acbc15bb361a0
                0x20003d38        0x4 /opt/silabs/sdks/simplicity_sdk_2026.6.1/rail_library/autogen/librail_release/librail_efr32xg21_gcc_release.a(tmrdrv.o)
 .bss.sli_rail_d620a81264ef4c96820fe504d41a4ec3
                0x20003d3c        0x4 /opt/silabs/sdks/simplicity_sdk_2026.6.1/rail_library/autogen/librail_release/librail_efr32xg21_gcc_release.a(tmrdrv.o)
 .bss.sli_rail_54d89e3959a4bbc543e302fea6710f95
                0x20003d40        0x4 /opt/silabs/sdks/simplicity_sdk_2026.6.1/rail_library/autogen/librail_release/librail_efr32xg21_gcc_release.a(sli_rail_power_manager.o)
                0x20003d40                sli_rail_54d89e3959a4bbc543e302fea6710f95
 .bss.sli_rail_ff5397f38ac9ffe78ebd137a9facd21f
                0x20003d44        0x4 /opt/silabs/sdks/simplicity_sdk_2026.6.1/rail_library/autogen/librail_release/librail_efr32xg21_gcc_release.a(rail_rf_hal.o)
 .bss.sli_rail_dbb82339d422f9efde7344caa6224fa6
                0x20003d48        0x4 /opt/silabs/sdks/simplicity_sdk_2026.6.1/rail_library/autogen/librail_release/librail_efr32xg21_gcc_release.a(rail_rf_hal.o)
                0x20003d48                sli_rail_dbb82339d422f9efde7344caa6224fa6
 .bss.sli_rail_2c64439bef0520ed6b99a1cb60a3db45
                0x20003d4c        0x4 /opt/silabs/sdks/simplicity_sdk_2026.6.1/rail_library/autogen/librail_release/librail_efr32xg21_gcc_release.a(rail_rf_hal.o)
 .bss.sli_rail_f220d21fdb41383218da79e92497d6e0
                0x20003d50        0x4 /opt/silabs/sdks/simplicity_sdk_2026.6.1/rail_library/autogen/librail_release/librail_efr32xg21_gcc_release.a(rail_rf_hal.o)
                0x20003d50                sli_rail_f220d21fdb41383218da79e92497d6e0
 .bss.sli_rail_3ea1310630094970e045419dd399cb93
                0x20003d54        0x4 /opt/silabs/sdks/simplicity_sdk_2026.6.1/rail_library/autogen/librail_release/librail_efr32xg21_gcc_release.a(rail_rf_hal.o)
                0x20003d54                sli_rail_3ea1310630094970e045419dd399cb93
 .bss.sli_rail_ed16766c587fa63e77da03f1b51ef62a
                0x20003d58        0x4 /opt/silabs/sdks/simplicity_sdk_2026.6.1/rail_library/autogen/librail_release/librail_efr32xg21_gcc_release.a(rail_rf_hal.o)
 .bss.sli_rail_8b603bfacbd416d9fed4157d0fe5952f
                0x20003d5c        0x4 /opt/silabs/sdks/simplicity_sdk_2026.6.1/rail_library/autogen/librail_release/librail_efr32xg21_gcc_release.a(rail_rf_hal.o)
 .bss.sli_rail_e596de4f8292ec5a59bf4d802ccf94ce
                0x20003d60        0x4 /opt/silabs/sdks/simplicity_sdk_2026.6.1/rail_library/autogen/librail_release/librail_efr32xg21_gcc_release.a(rail_rf_hal.o)
 .bss.sli_rail_748909c08d80a1f9858aa109ddb16d16
                0x20003d64        0x4 /opt/silabs/sdks/simplicity_sdk_2026.6.1/rail_library/autogen/librail_release/librail_efr32xg21_gcc_release.a(rail_rf_hal.o)
 .bss.sli_rail_a38a6265fbc5cbe2cc3228410b65ace5
                0x20003d68        0x4 /opt/silabs/sdks/simplicity_sdk_2026.6.1/rail_library/autogen/librail_release/librail_efr32xg21_gcc_release.a(rail_rf_hal.o)
                0x20003d68                sli_rail_a38a6265fbc5cbe2cc3228410b65ace5
 .bss.sli_rail_dcde16df7cedd595b97bd2a7aa082524
                0x20003d6c        0x4 /opt/silabs/sdks/simplicity_sdk_2026.6.1/rail_library/autogen/librail_release/librail_efr32xg21_gcc_release.a(rail_ieee802154_rf_hal.o)
                0x20003d6c                sli_rail_dcde16df7cedd595b97bd2a7aa082524
 .bss.sli_rail_2c83a429df0ac09a485d2660685c629a
                0x20003d70        0x4 /opt/silabs/sdks/simplicity_sdk_2026.6.1/rail_library/autogen/librail_release/librail_efr32xg21_gcc_release.a(rail_ieee802154_rf_hal.o)
                0x20003d70                sli_rail_2c83a429df0ac09a485d2660685c629a
 .bss.sli_rail_8e5f92557b02add76aa494081820c844
                0x20003d74        0x4 /opt/silabs/sdks/simplicity_sdk_2026.6.1/rail_library/autogen/librail_release/librail_efr32xg21_gcc_release.a(rail_ieee802154_rf_hal.o)
                0x20003d74                sli_rail_8e5f92557b02add76aa494081820c844
 .bss.sli_rail_416b8bd069a196e46ab21a61f0b8399d
                0x20003d78        0x4 /opt/silabs/sdks/simplicity_sdk_2026.6.1/rail_library/autogen/librail_release/librail_efr32xg21_gcc_release.a(rail_ieee802154_rf_hal.o)
 .bss.sli_rail_1f4b458cd70474e6143b1726fe373f2d
                0x20003d7c        0x4 /opt/silabs/sdks/simplicity_sdk_2026.6.1/rail_library/autogen/librail_release/librail_efr32xg21_gcc_release.a(rail_ieee802154_rf_hal.o)
 .bss.sli_rail_101f4b3f7ec22758e9c3af4867b037bf
                0x20003d80        0x4 /opt/silabs/sdks/simplicity_sdk_2026.6.1/rail_library/autogen/librail_release/librail_efr32xg21_gcc_release.a(rfhal_bufc.o)
 .bss.sli_rail_e119b6e8991410a924ce1e2fa666a230
                0x20003d84        0x4 /opt/silabs/sdks/simplicity_sdk_2026.6.1/rail_library/autogen/librail_release/librail_efr32xg21_gcc_release.a(rfhal_pa.o)
 .bss.sli_rail_4ceed477bbf6903223af2cc67199ad53
                0x20003d88       0x2c /opt/silabs/sdks/simplicity_sdk_2026.6.1/rail_library/autogen/librail_release/librail_efr32xg21_gcc_release.a(rfhal_pa.o)
 .bss.sli_rail_3082dc03578b7e93b8446658db7d9dfc
                0x20003db4        0x4 /opt/silabs/sdks/simplicity_sdk_2026.6.1/rail_library/autogen/librail_release/librail_efr32xg21_gcc_release.a(rfhal_pa.o)
 .bss.sli_rail_a6f5c273b65932798e9fe42a4135c816
                0x20003db8        0x4 /opt/silabs/sdks/simplicity_sdk_2026.6.1/rail_library/autogen/librail_release/librail_efr32xg21_gcc_release.a(rfhal_pa.o)
 .bss.sli_rail_a7ecbdc9460bec98d7781dd81a879a8b
                0x20003dbc       0x14 /opt/silabs/sdks/simplicity_sdk_2026.6.1/rail_library/autogen/librail_release/librail_efr32xg21_gcc_release.a(rfhal_pti.o)
 .bss.sli_rail_77815a23ee974b1b058991f6802f3a27
                0x20003dd0        0x4 /opt/silabs/sdks/simplicity_sdk_2026.6.1/rail_library/autogen/librail_release/librail_efr32xg21_gcc_release.a(rfhal_protimer.o)
                0x20003dd0                sli_rail_77815a23ee974b1b058991f6802f3a27
 .bss.sli_rail_ba76bc65df776304e41de87b98615d59
                0x20003dd4        0x4 /opt/silabs/sdks/simplicity_sdk_2026.6.1/rail_library/autogen/librail_release/librail_efr32xg21_gcc_release.a(rfhal_protimer.o)
                0x20003dd4                sli_rail_ba76bc65df776304e41de87b98615d59
 .bss.sli_rail_b12f64a1631cb80aaba93bc7e62c5401
                0x20003dd8        0x4 /opt/silabs/sdks/simplicity_sdk_2026.6.1/rail_library/autogen/librail_release/librail_efr32xg21_gcc_release.a(rfhal_protimer.o)
                0x20003dd8                sli_rail_b12f64a1631cb80aaba93bc7e62c5401
 .bss.sli_rail_cd01ef0a536530215319ced12540ac0b
                0x20003ddc        0x4 /opt/silabs/sdks/simplicity_sdk_2026.6.1/rail_library/autogen/librail_release/librail_efr32xg21_gcc_release.a(rfhal_protimer.o)
                0x20003ddc                sli_rail_cd01ef0a536530215319ced12540ac0b
 .bss.sli_rail_28b654493fd84ce3d4a1eafa51d2de06
                0x20003de0        0x4 /opt/silabs/sdks/simplicity_sdk_2026.6.1/rail_library/autogen/librail_release/librail_efr32xg21_gcc_release.a(rfhal_protimer.o)
                0x20003de0                sli_rail_28b654493fd84ce3d4a1eafa51d2de06
 .bss.sli_rail_053617c4332bb6c7cf6732ee3488f196
                0x20003de4       0x30 /opt/silabs/sdks/simplicity_sdk_2026.6.1/rail_library/autogen/librail_release/librail_efr32xg21_gcc_release.a(rfhal_radio.o)
 .bss.sli_rail_552258c80e16b1b784f1f040fd6885cd
                0x20003e14        0x4 /opt/silabs/sdks/simplicity_sdk_2026.6.1/rail_library/autogen/librail_release/librail_efr32xg21_gcc_release.a(rfhal_rftest.o)
 .bss.sli_rail_5ba9f850d8c5f4ae1b7ed68ba1fe90f6
                0x20003e18       0x34 /opt/silabs/sdks/simplicity_sdk_2026.6.1/rail_library/autogen/librail_release/librail_efr32xg21_gcc_release.a(rfhal_rftest.o)
 .bss.sli_rail_9772a56348ac5169cecf98cbd5bf354a
                0x20003e4c        0x4 /opt/silabs/sdks/simplicity_sdk_2026.6.1/rail_library/autogen/librail_release/librail_efr32xg21_gcc_release.a(rfhal_synth.o)
                0x20003e4c                sli_rail_9772a56348ac5169cecf98cbd5bf354a
 .bss.sli_rail_b3277c249eebb2d1a759007533fcb3d2
                0x20003e50        0x4 /opt/silabs/sdks/simplicity_sdk_2026.6.1/rail_library/autogen/librail_release/librail_efr32xg21_gcc_release.a(rfhal_synth.o)
                0x20003e50                sli_rail_b3277c249eebb2d1a759007533fcb3d2
 .bss.sli_rail_00d3800686ee7f0a79e72c9204583cdc
                0x20003e54        0x4 /opt/silabs/sdks/simplicity_sdk_2026.6.1/rail_library/autogen/librail_release/librail_efr32xg21_gcc_release.a(rfhal_synth.o)
 .bss.sli_rail_1735c4d38e84f6ce03a9829499886986
                0x20003e58        0x4 /opt/silabs/sdks/simplicity_sdk_2026.6.1/rail_library/autogen/librail_release/librail_efr32xg21_gcc_release.a(rfhal_timings.o)
 .bss.sli_rail_47896168e6dbe435d165160d7966f6c0
                0x20003e5c       0x10 /opt/silabs/sdks/simplicity_sdk_2026.6.1/rail_library/autogen/librail_release/librail_efr32xg21_gcc_release.a(rfhal_timings.o)
                0x20003e5c                sli_rail_47896168e6dbe435d165160d7966f6c0
 .bss.sli_rail_9c2a5a1193e307c22559a2580488663c
                0x20003e6c        0x4 /opt/silabs/sdks/simplicity_sdk_2026.6.1/rail_library/autogen/librail_release/librail_efr32xg21_gcc_release.a(rfhal_timings.o)
 .bss.sli_rail_e313b55611f42bb8fd6c98edfa75cd8f
                0x20003e70        0x4 /opt/silabs/sdks/simplicity_sdk_2026.6.1/rail_library/autogen/librail_release/librail_efr32xg21_gcc_release.a(generic_phy.o)
                0x20003e70                sli_rail_e313b55611f42bb8fd6c98edfa75cd8f
 .bss.sli_rail_816fb3358beb788e76bc036b9c8db526
                0x20003e74        0x4 /opt/silabs/sdks/simplicity_sdk_2026.6.1/rail_library/autogen/librail_release/librail_efr32xg21_gcc_release.a(generic_phy.o)
                0x20003e74                sli_rail_816fb3358beb788e76bc036b9c8db526
 .bss.sli_rail_b1a34801bf30cc1514fb2857dcf77060
                0x20003e78       0x18 /opt/silabs/sdks/simplicity_sdk_2026.6.1/rail_library/autogen/librail_release/librail_efr32xg21_gcc_release.a(generic_phy.o)
                0x20003e78                sli_rail_b1a34801bf30cc1514fb2857dcf77060
 .bss.sli_rail_984a073d072f71c72895558117076777
                0x20003e90       0x18 /opt/silabs/sdks/simplicity_sdk_2026.6.1/rail_library/autogen/librail_release/librail_efr32xg21_gcc_release.a(rfhal_radio.o)
 .bss.completed.1
                0x20003ea8        0x1 /opt/toolchains/gcc-arm-none-eabi/bin/../lib/gcc/arm-none-eabi/14.2.1/thumb/v8-m.main+fp/hard/crtbegin.o
 .bss.__lock___sfp_recursive_mutex
                0x20003ea9        0x1 /opt/toolchains/gcc-arm-none-eabi/bin/../lib/gcc/arm-none-eabi/14.2.1/../../../../arm-none-eabi/lib/thumb/v8-m.main+fp/hard/libc_nano.a(libc_a-lock.o)
                0x20003ea9                __lock___sfp_recursive_mutex
 .bss.sli_rail_67e005ae340f1cf9d4319aacdd52dba7
                0x20003eaa        0x1 /opt/silabs/sdks/simplicity_sdk_2026.6.1/rail_library/autogen/librail_release/librail_efr32xg21_gcc_release.a(rail_singleprotocol.o)
 .bss.sli_rail_5782d0243456f19238863d289b193327
                0x20003eab        0x1 /opt/silabs/sdks/simplicity_sdk_2026.6.1/rail_library/autogen/librail_release/librail_efr32xg21_gcc_release.a(tmrdrv.o)
 .bss.sli_rail_35985d5e207085bd0b2732f22402317a
                0x20003eac        0x1 /opt/silabs/sdks/simplicity_sdk_2026.6.1/rail_library/autogen/librail_release/librail_efr32xg21_gcc_release.a(tmrdrv.o)
 .bss.sli_rail_b8fbc7affa20b169b7320e9641707b1c
                0x20003ead        0x1 /opt/silabs/sdks/simplicity_sdk_2026.6.1/rail_library/autogen/librail_release/librail_efr32xg21_gcc_release.a(rail_rf_hal.o)
 .bss.sli_rail_4620eb31d733876a66d1a9d48e34ef2a
                0x20003eae        0x1 /opt/silabs/sdks/simplicity_sdk_2026.6.1/rail_library/autogen/librail_release/librail_efr32xg21_gcc_release.a(rail_rf_hal.o)
                0x20003eae                sli_rail_4620eb31d733876a66d1a9d48e34ef2a
 .bss.sli_rail_348ebb28a100959ee4629b27b2e3128a
                0x20003eaf        0x1 /opt/silabs/sdks/simplicity_sdk_2026.6.1/rail_library/autogen/librail_release/librail_efr32xg21_gcc_release.a(rail_rf_hal.o)
 .bss.sli_rail_2812b456ae2a79085f3b9be10c31771b
                0x20003eb0        0x1 /opt/silabs/sdks/simplicity_sdk_2026.6.1/rail_library/autogen/librail_release/librail_efr32xg21_gcc_release.a(rail_rf_hal.o)
                0x20003eb0                sli_rail_2812b456ae2a79085f3b9be10c31771b
 .bss.sli_rail_788a850e8c59ec185d8b5df36a1937cc
                0x20003eb1        0x1 /opt/silabs/sdks/simplicity_sdk_2026.6.1/rail_library/autogen/librail_release/librail_efr32xg21_gcc_release.a(rail_rf_hal.o)
 .bss.sli_rail_1064803b7b3c377c1013551302bdd324
                0x20003eb2        0x1 /opt/silabs/sdks/simplicity_sdk_2026.6.1/rail_library/autogen/librail_release/librail_efr32xg21_gcc_release.a(rail_rf_hal.o)
 .bss.sli_rail_9285fbec2c29262a83ab36f1bc6d2ef6
                0x20003eb3        0x1 /opt/silabs/sdks/simplicity_sdk_2026.6.1/rail_library/autogen/librail_release/librail_efr32xg21_gcc_release.a(rail_rf_hal_shared.o)
                0x20003eb3                sli_rail_9285fbec2c29262a83ab36f1bc6d2ef6
 .bss.sli_rail_4f035f7b636407302a73e486ed07742f
                0x20003eb4        0x1 /opt/silabs/sdks/simplicity_sdk_2026.6.1/rail_library/autogen/librail_release/librail_efr32xg21_gcc_release.a(rfhal_pa.o)
                0x20003eb4                sli_rail_4f035f7b636407302a73e486ed07742f
 .bss.sli_rail_4faa7d5d81fd9c1006f9e5e2bda93984
                0x20003eb5        0x1 /opt/silabs/sdks/simplicity_sdk_2026.6.1/rail_library/autogen/librail_release/librail_efr32xg21_gcc_release.a(rfhal_pa.o)
 .bss.sli_rail_ca93d10fbac202c6d87c88a8ed8c25d9
                0x20003eb6        0x1 /opt/silabs/sdks/simplicity_sdk_2026.6.1/rail_library/autogen/librail_release/librail_efr32xg21_gcc_release.a(rfhal_pti.o)
 .bss.sli_rail_d44ce05629f0f82a46113aea09cf992c
                0x20003eb7        0x1 /opt/silabs/sdks/simplicity_sdk_2026.6.1/rail_library/autogen/librail_release/librail_efr32xg21_gcc_release.a(rfhal_pti.o)
 .bss.sli_rail_ea7533e6ad3698e4f549d24be413d623
                0x20003eb8        0x1 /opt/silabs/sdks/simplicity_sdk_2026.6.1/rail_library/autogen/librail_release/librail_efr32xg21_gcc_release.a(rfhal_protimer.o)
 .bss.sli_rail_e557063ab17d1848a26f3a64413bbbf6
                0x20003eb9        0x8 /opt/silabs/sdks/simplicity_sdk_2026.6.1/rail_library/autogen/librail_release/librail_efr32xg21_gcc_release.a(rfhal_protimer.o)
                0x20003eb9                sli_rail_e557063ab17d1848a26f3a64413bbbf6
 .bss.sli_rail_0d06f1ee4ad18ea63440e3dab85db2cd
                0x20003ec1        0x1 /opt/silabs/sdks/simplicity_sdk_2026.6.1/rail_library/autogen/librail_release/librail_efr32xg21_gcc_release.a(rfhal_protimer.o)
 .bss.sli_rail_593e373bf5850c483a387bbc8cd5b8b0
                0x20003ec2        0x1 /opt/silabs/sdks/simplicity_sdk_2026.6.1/rail_library/autogen/librail_release/librail_efr32xg21_gcc_release.a(rfhal_rtccsync.o)
 .bss.sli_rail_8ed89e150b2a95dd76301cb373efd805
                0x20003ec3        0x1 /opt/silabs/sdks/simplicity_sdk_2026.6.1/rail_library/autogen/librail_release/librail_efr32xg21_gcc_release.a(rfhal_rtccsync_shared.o)
 .bss.sli_rail_7877da65213ae45da502cb4f7cdbd93a
                0x20003ec4        0x1 /opt/silabs/sdks/simplicity_sdk_2026.6.1/rail_library/autogen/librail_release/librail_efr32xg21_gcc_release.a(rfhal_rtccsync_shared.o)
 .bss.sli_rail_ad6c515376a389eda8c30c522717e072
                0x20003ec5        0x1 /opt/silabs/sdks/simplicity_sdk_2026.6.1/rail_library/autogen/librail_release/librail_efr32xg21_gcc_release.a(rfhal_synth.o)
 .bss.sli_rail_f81301e4f4d2dee94d38f9c26af603f0
                0x20003ec6        0x2 /opt/silabs/sdks/simplicity_sdk_2026.6.1/rail_library/autogen/librail_release/librail_efr32xg21_gcc_release.a(generic_phy.o)
                0x20003ec6                sli_rail_f81301e4f4d2dee94d38f9c26af603f0
 .bss.sli_rail_1d14cf0425d0164ab238fe4d6ce00e93
                0x20003ec8        0x1 /opt/silabs/sdks/simplicity_sdk_2026.6.1/rail_library/autogen/librail_release/librail_efr32xg21_gcc_release.a(generic_phy.o)
 .bss.sli_rail_e6aee15ae7814f2f54e328c05aba128b
                0x20003ec9        0x1 /opt/silabs/sdks/simplicity_sdk_2026.6.1/rail_library/autogen/librail_release/librail_efr32xg21_gcc_release.a(generic_phy.o)
 .bss.sli_rail_0c38576adf8db7eb0672207aa84c11cf
                0x20003eca        0x1 /opt/silabs/sdks/simplicity_sdk_2026.6.1/rail_library/autogen/librail_release/librail_efr32xg21_gcc_release.a(generic_phy.o)
 .bss.sli_rail_ecb9f3f5a3454d17e04468f1ac1c0956
                0x20003ecb        0x1 /opt/silabs/sdks/simplicity_sdk_2026.6.1/rail_library/autogen/librail_release/librail_efr32xg21_gcc_release.a(generic_phy.o)
 .bss.sli_rail_4b72faa85e26b531f083bbbb46531f17
                0x20003ecc        0x1 /opt/silabs/sdks/simplicity_sdk_2026.6.1/rail_library/autogen/librail_release/librail_efr32xg21_gcc_release.a(generic_phy.o)
 .bss.sli_rail_010ea335d5b5f21fc1f3ad668fb57fb5
                0x20003ecd        0x1 /opt/silabs/sdks/simplicity_sdk_2026.6.1/rail_library/autogen/librail_release/librail_efr32xg21_gcc_release.a(generic_phy.o)
                0x20003ecd                sli_rail_010ea335d5b5f21fc1f3ad668fb57fb5
 .bss.sli_rail_031a1db1c9ae0d8e153238a8d63edd3e
                0x20003ece        0x1 /opt/silabs/sdks/simplicity_sdk_2026.6.1/rail_library/autogen/librail_release/librail_efr32xg21_gcc_release.a(generic_phy.o)
                0x20003ece                sli_rail_031a1db1c9ae0d8e153238a8d63edd3e
 .bss.sli_rail_45d7f5dfa3d7def00dc8e0348389e5b4
                0x20003ecf        0x1 /opt/silabs/sdks/simplicity_sdk_2026.6.1/rail_library/autogen/librail_release/librail_efr32xg21_gcc_release.a(generic_phy.o)
                0x20003ecf                sli_rail_45d7f5dfa3d7def00dc8e0348389e5b4
 *(COMMON)
                0x20003ee0                        . = ALIGN (0x20)
 *fill*         0x20003ed0       0x10 
                0x20003ee0                        __bss_end__ = .

.noinit         0x20003ee0       0x98
 *(.noinit*)
 .noinit        0x20003ee0       0x98 /tmp/ccKOncJR.ltrans1.ltrans.o
                0x20003ee0                halCrashInfo

text_application_ram
                0x20003f80       0x60 load address 0x00004140
                0x20003f80                        . = ALIGN (0x20)
                0x20003f80                        __vma_ramfuncs_start__ = .
 *(text_application_ram)
 text_application_ram
                0x20003f80       0x50 /tmp/ccKOncJR.ltrans2.ltrans.o
                0x20003fe0                        . = ALIGN (0x20)
 *fill*         0x20003fd0       0x10 
                0x20003fe0                        __vma_ramfuncs_end__ = .
                0x00004140                        __lma_ramfuncs_start__ = LOADADDR (text_application_ram)
                0x000041a0                        __lma_ramfuncs_end__ = (LOADADDR (text_application_ram) + SIZEOF (text_application_ram))

.rodata

.text           0x000041a0    0x26b34
                0x000041a0                        linker_code_begin = .
 *(SORT_BY_ALIGNMENT(.text*))
 .text.startup  0x000041a0     0x20a0 /tmp/ccKOncJR.ltrans3.ltrans.o
                0x000041a0                main
 .text.deregister_tm_clones
                0x00006240       0x1c /opt/toolchains/gcc-arm-none-eabi/bin/../lib/gcc/arm-none-eabi/14.2.1/thumb/v8-m.main+fp/hard/crtbegin.o
 .text.register_tm_clones
                0x0000625c       0x28 /opt/toolchains/gcc-arm-none-eabi/bin/../lib/gcc/arm-none-eabi/14.2.1/thumb/v8-m.main+fp/hard/crtbegin.o
 .text.__do_global_dtors_aux
                0x00006284       0x28 /opt/toolchains/gcc-arm-none-eabi/bin/../lib/gcc/arm-none-eabi/14.2.1/thumb/v8-m.main+fp/hard/crtbegin.o
 .text.frame_dummy
                0x000062ac       0x24 /opt/toolchains/gcc-arm-none-eabi/bin/../lib/gcc/arm-none-eabi/14.2.1/thumb/v8-m.main+fp/hard/crtbegin.o
 .text          0x000062d0       0x7c /opt/toolchains/gcc-arm-none-eabi/bin/../lib/gcc/arm-none-eabi/14.2.1/../../../../arm-none-eabi/lib/thumb/v8-m.main+fp/hard/crt0.o
                0x000062d0                _stack_init
                0x000062d8                _mainCRTStartup
                0x000062d8                _start
 .text          0x0000634c     0x70a4 /tmp/ccKOncJR.ltrans0.ltrans.o
                0x00006730                SMU_SECURE_IRQHandler
                0x00006bd2                bootloader_getInfo
                0x00006c00                bootloader_rebootAndInstall
                0x00006cd4                bootloader_getAllocatedDMAChannel
                0x00006d28                find_instance_endpoint.lto_priv.0
                0x00006d7c                on_state_change.lto_priv.0
                0x00006fa4                is_endpoint_empty.lto_priv.0
                0x00006fca                cpc_exit_api.lto_priv.0
                0x00006fe4                handle_to_ep_enter_api.lto_priv.0
                0x00007022                sli_cpc_dispatcher_cancel
                0x00007058                sli_cpc_get_buffer_handle
                0x000071b4                sl_cpc_write
                0x00007220                sl_cpc_free_rx_buffer
                0x00007248                sli_cpc_pop_core_buffer_handle
                0x0000725c                sli_cpc_push_back_core_buffer_handle
                0x0000734e                psa_key_attributes_init.lto_priv.0
                0x0000735e                psa_extend_key_usage_flags.lto_priv.0.lto_priv.0
                0x0000735e                psa_extend_key_usage_flags.lto_priv.1.lto_priv.0
                0x00007376                send_request.lto_priv.0
                0x00007376                send_response.lto_priv.0
                0x000073a8                security_open_endpoint.lto_priv.0
                0x000073f8                psa_status_to_sl_status.lto_priv.0
                0x00007458                set_state.lto_priv.0
                0x00007474                process_tx_queue.lto_priv.0
                0x00007790                send_endpoint_state.lto_priv.0
                0x000078be                mbedtls_ct_bool.lto_priv.1.lto_priv.0
                0x000078be                mbedtls_ct_bool.lto_priv.0.lto_priv.0
                0x000078d8                mbedtls_mpi_write_binary_le
                0x0000793e                mbedtls_mpi_write_binary
                0x000079a6                mbedtls_mpi_cmp_int
                0x000079c0                mbedtls_ct_uint_lt.lto_priv.0
                0x000079f8                mbedtls_mpi_core_bitlen
                0x00007a14                mbedtls_mpi_bitlen
                0x00007a1a                mbedtls_mpi_core_shift_r
                0x00007a8a                mbedtls_mpi_shift_r
                0x00007a9c                mbedtls_mpi_core_bigendian_to_host.part.0
                0x00007ac0                mbedtls_ecp_get_type
                0x00007ad2                mbedtls_ecp_point_init
                0x00007ae4                mbedtls_ecp_group_init
                0x00007b18                mbedtls_ecp_check_privkey
                0x00007b98                mbedtls_ecp_write_key_ext
                0x00007bf0                mbedtls_platform_zeroize.part.0
                0x00007c04                mbedtls_zeroize_and_free
                0x00007c1a                mbedtls_mpi_free
                0x00007c36                mbedtls_ecp_point_free.part.0
                0x00007c50                mbedtls_ecp_point_free
                0x00007c9c                mbedtls_mpi_safe_cond_assign
                0x00007de0                mbedtls_mpi_resize_clear.lto_priv.0
                0x00007e14                mbedtls_mpi_read_binary_le
                0x00007e7e                mbedtls_mpi_read_binary
                0x00007ee0                mbedtls_mpi_copy
                0x00007f4c                mbedtls_ecp_copy
                0x00007f7a                mbedtls_mpi_lset
                0x00007fa2                mbedtls_ecp_set_zero
                0x00007fcc                mbedtls_mpi_set_bit
                0x0000801e                mbedtls_mpi_shift_l
                0x000081aa                mbedtls_mpi_mul_int_mod.part.0.lto_priv.0
                0x000081aa                mbedtls_mpi_shift_l_mod.part.0.lto_priv.0
                0x00008352                ecp_safe_invert_jac.lto_priv.0
                0x00008ffe                mbedtls_mpi_mul_mod.lto_priv.0
                0x00009600                mbedtls_ecp_check_pubkey
                0x000097f8                mbedtls_ecp_group_free
                0x00009858                mbedtls_ecp_keypair_free
                0x00009878                mbedtls_ecp_group_load
                0x000099b0                key_type_is_raw_bytes.lto_priv.0
                0x000099c8                mbedtls_to_psa_error
                0x00009bde                psa_validate_unstructured_key_bit_size
                0x00009c3c                psa_allocate_buffer_to_slot
                0x00009c62                psa_get_and_lock_key_slot_with_policy
                0x00009cc8                psa_wipe_key_slot
                0x00009d08                psa_destroy_key
                0x00009d52                mbedtls_block_cipher_free
                0x00009df4                psa_export_key_buffer_internal.lto_priv.0
                0x00009e22                psa_generate_random_internal.lto_priv.0
                0x00009e5c                mbedtls_psa_random_free.lto_priv.0
                0x00009e5c                sli_memory_metadata_init
                0x00009e64                psa_crypto_init
                0x00009ebc                mbedtls_psa_ecp_export_key.part.0
                0x0000a5d8                psa_import_key
                0x0000a824                mbedtls_block_cipher_encrypt
                0x0000aea8                mbedtls_ccm_finish
                0x0000af2a                ccm_calculate_first_block_if_ready.lto_priv.0
                0x0000afa8                mbedtls_ccm_starts
                0x0000b010                mbedtls_ccm_update.part.0
                0x0000b4f8                sl_cpc_close_endpoint
                0x0000b5f6                security_recover_endpoint.lto_priv.0
                0x0000b620                sli_cpc_system_start
                0x0000c848                USART0_TX_IRQHandler
                0x0000cb6c                decode_packet.lto_priv.0
 .text          0x0000d3f0     0x5f04 /tmp/ccKOncJR.ltrans1.ltrans.o
                0x0000d40a                msTimerGetMaxTime.lto_priv.0
                0x0000d414                usTimerGetMaxTime.lto_priv.0
                0x0000d466                otPlatAlarmMilliGetNow
                0x0000d470                otPlatAlarmMilliStop
                0x0000d56e                otPlatAlarmMilliStartAt
                0x0000d81a                otPlatAlarmMilliFired
                0x0000d834                otPlatAlarmMicroFired
                0x0000d860                otPlatDiagAlarmFired
                0x0000da3e                otError ot::Ncp::NcpBase::HandlePropertySet<50ul>()
                0x0000da46                otError ot::Ncp::NcpBase::HandlePropertySet<7ul>()
                0x0000da4a                otError ot::Ncp::NcpBase::HandlePropertySet<44ul>()
                0x0000da68                otError ot::Ncp::NcpBase::HandlePropertySet<16387ul>()
                0x0000db62                otError ot::Ncp::NcpBase::HandlePropertySet<60ul>()
                0x0000db94                otError ot::Ncp::NcpBase::HandlePropertySet<4868ul>()
                0x0000dc08                mbedtls_psa_get_random
                0x0000dc1c                msTimerGetNow.lto_priv.0
                0x0000dc78                usTimerStart.lto_priv.0
                0x0000dca8                usTimerGetNow.lto_priv.0
                0x0000dcb0                usTimerStop.lto_priv.0
                0x0000df98                ot::Ncp::NcpCPC::HandleEndpointError(ot::Tasklet&)
                0x0000e470                otError ot::Ncp::NcpBase::HandlePropertySet<178ul>()
                0x0000e508                mbedtls_psa_hash_abort
                0x0000e530                psa_reserve_free_key_slot
                0x0000e5b0                psa_get_and_lock_key_slot
                0x0000e828                psa_unregister_read
                0x0000e852                psa_is_key_present_in_storage
                0x0000e868                psa_destroy_persistent_key
                0x0000e89e                psa_save_persistent_key
                0x0000ea10                GetNextFiredAlarm.lto_priv.0
                0x0000ea3c                GetFirstFiredAlarm.lto_priv.0
                0x0000ea42                ProcessAlarm.part.0.lto_priv.0
                0x0000ea6e                isTxDataOngoing() [clone .lto_priv.0]
                0x0000ea74                sli_ot_radio_state_is_transmitting_or_scanning
                0x0000eaac                sli_ot_radio_state_is_initialized
                0x0000eab2                sli_ot_radio_events_update_config
                0x0000eaf8                otPlatRadioSetPanId
                0x0000eb44                otError ot::Ncp::NcpBase::HandlePropertySet<54ul>()
                0x0000eb7c                otPlatRadioSetShortAddress
                0x0000eba4                otError ot::Ncp::NcpBase::HandlePropertySet<53ul>()
                0x0000ebda                sli_ot_radio_channel_switching_is_multi_channel_enabled
                0x0000edc0                (anonymous namespace)::processCompletion(EnergyScan*) [clone .lto_priv.0]
                0x0000ee24                (anonymous namespace)::timer_handler(sl_rail_multi_timer*, unsigned long, void*) [clone .lto_priv.0]
                0x0000eea8                (anonymous namespace)::getSymbolDurationUs() [clone .lto_priv.0]
                0x0000eed0                sli_ot_radio_interface_load_rail_config
                0x0000f0d2                sli_ot_energy_scan_async(otInstance*, unsigned short, unsigned long)
                0x0000f2c4                sli_ot_radio_security_set_mac_frame_counter
                0x0000f2f8                halInternalSysReset
                0x0000f314                halInternalCrashHandler
                0x0000f4f0                void ot::ClearAllBytes<ot::Mac::Key>(ot::Mac::Key&)
                0x0000f4f0                void ot::ClearAllBytes<LinkMetricsDataInfo>(LinkMetricsDataInfo&)
                0x0000f558                ot::Radio::Sleep()
                0x0000f570                ot::Random::Manager::NonCryptoGetUint32()