Archive member included to satisfy reference by file (symbol)

/opt/toolchains/gcc-arm-none-eabi/bin/../lib/gcc/arm-none-eabi/14.2.1/../../../../arm-none-eabi/lib/thumb/v8-m.main+fp/hard/libc_nano.a(libc_a-assert.o)
                              CMakeFiles/slc.dir/base/opt/silabs/sdks/simplicity_sdk_2026.6.1/openthread/platform-abstraction/efr32/radio.cpp.obj (symbol from plugin) (__assert_func)
/opt/toolchains/gcc-arm-none-eabi/bin/../lib/gcc/arm-none-eabi/14.2.1/../../../../arm-none-eabi/lib/thumb/v8-m.main+fp/hard/libc_nano.a(libc_a-exit.o)
                              /opt/toolchains/gcc-arm-none-eabi/bin/../lib/gcc/arm-none-eabi/14.2.1/../../../../arm-none-eabi/lib/thumb/v8-m.main+fp/hard/crt0.o (exit)
/opt/toolchains/gcc-arm-none-eabi/bin/../lib/gcc/arm-none-eabi/14.2.1/../../../../arm-none-eabi/lib/thumb/v8-m.main+fp/hard/libc_nano.a(libc_a-strtoul.o)
                              CMakeFiles/slc.dir/base/opt/silabs/sdks/simplicity_sdk_2026.6.1/openthread_stack/util/third_party/openthread/src/lib/spinel/radio_spinel.cpp.obj (symbol from plugin) (strtoul)
/opt/toolchains/gcc-arm-none-eabi/bin/../lib/gcc/arm-none-eabi/14.2.1/../../../../arm-none-eabi/lib/thumb/v8-m.main+fp/hard/libc_nano.a(libc_a-ctype_.o)
                              /opt/toolchains/gcc-arm-none-eabi/bin/../lib/gcc/arm-none-eabi/14.2.1/../../../../arm-none-eabi/lib/thumb/v8-m.main+fp/hard/libc_nano.a(libc_a-strtoul.o) (_ctype_)
/opt/toolchains/gcc-arm-none-eabi/bin/../lib/gcc/arm-none-eabi/14.2.1/../../../../arm-none-eabi/lib/thumb/v8-m.main+fp/hard/libc_nano.a(libc_a-findfp.o)
                              /opt/toolchains/gcc-arm-none-eabi/bin/../lib/gcc/arm-none-eabi/14.2.1/../../../../arm-none-eabi/lib/thumb/v8-m.main+fp/hard/libc_nano.a(libc_a-exit.o) (__stdio_exit_handler)
/opt/toolchains/gcc-arm-none-eabi/bin/../lib/gcc/arm-none-eabi/14.2.1/../../../../arm-none-eabi/lib/thumb/v8-m.main+fp/hard/libc_nano.a(libc_a-fprintf.o)
                              /opt/toolchains/gcc-arm-none-eabi/bin/../lib/gcc/arm-none-eabi/14.2.1/../../../../arm-none-eabi/lib/thumb/v8-m.main+fp/hard/libc_nano.a(libc_a-assert.o) (fiprintf)
/opt/toolchains/gcc-arm-none-eabi/bin/../lib/gcc/arm-none-eabi/14.2.1/../../../../arm-none-eabi/lib/thumb/v8-m.main+fp/hard/libc_nano.a(libc_a-fwalk.o)
                              /opt/toolchains/gcc-arm-none-eabi/bin/../lib/gcc/arm-none-eabi/14.2.1/../../../../arm-none-eabi/lib/thumb/v8-m.main+fp/hard/libc_nano.a(libc_a-findfp.o) (_fwalk_sglue)
/opt/toolchains/gcc-arm-none-eabi/bin/../lib/gcc/arm-none-eabi/14.2.1/../../../../arm-none-eabi/lib/thumb/v8-m.main+fp/hard/libc_nano.a(libc_a-stdio.o)
                              /opt/toolchains/gcc-arm-none-eabi/bin/../lib/gcc/arm-none-eabi/14.2.1/../../../../arm-none-eabi/lib/thumb/v8-m.main+fp/hard/libc_nano.a(libc_a-findfp.o) (__sread)
/opt/toolchains/gcc-arm-none-eabi/bin/../lib/gcc/arm-none-eabi/14.2.1/../../../../arm-none-eabi/lib/thumb/v8-m.main+fp/hard/libc_nano.a(libc_a-memset.o)
                              /opt/toolchains/gcc-arm-none-eabi/bin/../lib/gcc/arm-none-eabi/14.2.1/../../../../arm-none-eabi/lib/thumb/v8-m.main+fp/hard/crt0.o (memset)
/opt/toolchains/gcc-arm-none-eabi/bin/../lib/gcc/arm-none-eabi/14.2.1/../../../../arm-none-eabi/lib/thumb/v8-m.main+fp/hard/libc_nano.a(libc_a-closer.o)
                              /opt/toolchains/gcc-arm-none-eabi/bin/../lib/gcc/arm-none-eabi/14.2.1/../../../../arm-none-eabi/lib/thumb/v8-m.main+fp/hard/libc_nano.a(libc_a-stdio.o) (_close_r)
/opt/toolchains/gcc-arm-none-eabi/bin/../lib/gcc/arm-none-eabi/14.2.1/../../../../arm-none-eabi/lib/thumb/v8-m.main+fp/hard/libc_nano.a(libc_a-reent.o)
                              /opt/toolchains/gcc-arm-none-eabi/bin/../lib/gcc/arm-none-eabi/14.2.1/../../../../arm-none-eabi/lib/thumb/v8-m.main+fp/hard/libc_nano.a(libc_a-closer.o) (errno)
/opt/toolchains/gcc-arm-none-eabi/bin/../lib/gcc/arm-none-eabi/14.2.1/../../../../arm-none-eabi/lib/thumb/v8-m.main+fp/hard/libc_nano.a(libc_a-impure.o)
                              /opt/toolchains/gcc-arm-none-eabi/bin/../lib/gcc/arm-none-eabi/14.2.1/../../../../arm-none-eabi/lib/thumb/v8-m.main+fp/hard/libc_nano.a(libc_a-assert.o) (_impure_ptr)
/opt/toolchains/gcc-arm-none-eabi/bin/../lib/gcc/arm-none-eabi/14.2.1/../../../../arm-none-eabi/lib/thumb/v8-m.main+fp/hard/libc_nano.a(libc_a-lseekr.o)
                              /opt/toolchains/gcc-arm-none-eabi/bin/../lib/gcc/arm-none-eabi/14.2.1/../../../../arm-none-eabi/lib/thumb/v8-m.main+fp/hard/libc_nano.a(libc_a-stdio.o) (_lseek_r)
/opt/toolchains/gcc-arm-none-eabi/bin/../lib/gcc/arm-none-eabi/14.2.1/../../../../arm-none-eabi/lib/thumb/v8-m.main+fp/hard/libc_nano.a(libc_a-readr.o)
                              /opt/toolchains/gcc-arm-none-eabi/bin/../lib/gcc/arm-none-eabi/14.2.1/../../../../arm-none-eabi/lib/thumb/v8-m.main+fp/hard/libc_nano.a(libc_a-stdio.o) (_read_r)
[...]
Memory Configuration

Name             Origin             Length             Attributes
FLASH            0x00004000         0x000ba000         xr
RAM              0x20000004         0x0000fffc         xrw
BOOTLOADER_RESET_REGION 0x20000000         0x00000004         xrw
DUMMY            0xfff46000         0x000ba000         !ax
*default*        0x00000000         0xffffffff

Linker script and memory map

LOAD /opt/toolchains/gcc-arm-none-eabi/bin/../lib/gcc/arm-none-eabi/14.2.1/thumb/v8-m.main+fp/hard/crti.o
LOAD /opt/toolchains/gcc-arm-none-eabi/bin/../lib/gcc/arm-none-eabi/14.2.1/thumb/v8-m.main+fp/hard/crtbegin.o
LOAD /opt/toolchains/gcc-arm-none-eabi/bin/../lib/gcc/arm-none-eabi/14.2.1/../../../../arm-none-eabi/lib/thumb/v8-m.main+fp/hard/crt0.o
LOAD CMakeFiles/slc.dir/base/opt/silabs/sdks/simplicity_sdk_2026.6.1/bootloader/platform/bootloader/api/btl_interface.c.obj
LOAD /tmp/cccPCN4S.ltrans0.ltrans.o
LOAD /tmp/cccPCN4S.ltrans1.ltrans.o
LOAD /tmp/cccPCN4S.ltrans2.ltrans.o
LOAD /tmp/cccPCN4S.ltrans3.ltrans.o
LOAD /tmp/cchEDWHl.debug.temp.o
LOAD /tmp/ccLkX5Qv.debug.temp.o
LOAD /tmp/ccxlmihX.debug.temp.o
LOAD /tmp/cc4InGtL.debug.temp.o
LOAD /tmp/cc4uIwpk.debug.temp.o
LOAD /tmp/cc349fpW.debug.temp.o
LOAD /tmp/ccCBQBvB.debug.temp.o
LOAD /tmp/ccCh3hwQ.debug.temp.o
LOAD /tmp/ccYDpfbI.debug.temp.o
LOAD /tmp/ccum2H2V.debug.temp.o
LOAD /tmp/ccfFihNL.debug.temp.o
LOAD /tmp/ccgzmkWB.debug.temp.o
LOAD /tmp/cc8sTc3f.debug.temp.o
LOAD /tmp/ccT0tgYw.debug.temp.o
LOAD /tmp/ccn8nMGw.debug.temp.o
LOAD /tmp/ccnPXYDG.debug.temp.o
LOAD /tmp/ccBGmwXS.debug.temp.o
LOAD /tmp/ccQNsEPn.debug.temp.o
LOAD /tmp/ccfGDhoB.debug.temp.o
LOAD /tmp/ccQMsySm.debug.temp.o
LOAD /tmp/ccZMghOa.debug.temp.o
LOAD /tmp/cc9hXw4Y.debug.temp.o
LOAD /tmp/ccn7bNBv.debug.temp.o
LOAD /tmp/ccSOyhCn.debug.temp.o
LOAD /tmp/ccoOpHYq.debug.temp.o
LOAD /tmp/ccI0wrzD.debug.temp.o
LOAD /tmp/cc9CWChR.debug.temp.o
LOAD /tmp/ccTEagGm.debug.temp.o
LOAD /tmp/cc054D6z.debug.temp.o
LOAD /tmp/cc7x19QD.debug.temp.o
LOAD /tmp/cc0hkMIN.debug.temp.o
LOAD /tmp/ccbRgvQv.debug.temp.o
LOAD /tmp/cc8zekBt.debug.temp.o
LOAD /tmp/cc5AdJ7O.debug.temp.o
LOAD /tmp/cc4SYByW.debug.temp.o
LOAD /tmp/ccq6NVDv.debug.temp.o
LOAD /tmp/ccqH5Y6e.debug.temp.o
LOAD /tmp/ccRWWwNd.debug.temp.o
LOAD /tmp/ccXMY0fE.debug.temp.o
LOAD /tmp/ccqsrhdC.debug.temp.o
LOAD /tmp/ccZriKpw.debug.temp.o
LOAD /tmp/ccBW6Oqr.debug.temp.o
LOAD /tmp/ccAXKsBy.debug.temp.o
LOAD /tmp/ccp4rIEv.debug.temp.o
LOAD /tmp/cc5nisWu.debug.temp.o
LOAD /tmp/ccMSNkZF.debug.temp.o
LOAD /tmp/cckzLCCc.debug.temp.o
LOAD /tmp/ccqHeg7L.debug.temp.o
LOAD /tmp/ccFSfaQg.debug.temp.o
LOAD /tmp/ccMgosxw.debug.temp.o
LOAD /tmp/ccCee1HK.debug.temp.o
LOAD /tmp/ccD6Jefa.debug.temp.o
LOAD /tmp/ccjyYFoW.debug.temp.o
LOAD /tmp/cc8w3B7J.debug.temp.o
LOAD /tmp/ccyGg6g1.debug.temp.o
LOAD /tmp/ccH2vONA.debug.temp.o
LOAD /tmp/ccOq6ELW.debug.temp.o
LOAD /tmp/cccW728X.debug.temp.o
LOAD /tmp/cck5CU6l.debug.temp.o
LOAD /tmp/cc50xrMQ.debug.temp.o
LOAD /tmp/ccfQDmDy.debug.temp.o
LOAD /tmp/ccEOmAKX.debug.temp.o
LOAD /tmp/ccgZPX0S.debug.temp.o
LOAD /tmp/cc2lkG6X.debug.temp.o
LOAD /tmp/ccEOGvgg.debug.temp.o
LOAD /tmp/ccyXMbwY.debug.temp.o
LOAD /tmp/ccz1uRCM.debug.temp.o
LOAD /tmp/ccOlMtfZ.debug.temp.o
LOAD /tmp/ccisLl8t.debug.temp.o
LOAD /tmp/ccEugGh6.debug.temp.o
LOAD /tmp/cct7Smrf.debug.temp.o
LOAD /tmp/cc7lJHbl.debug.temp.o
LOAD /tmp/ccNInPs7.debug.temp.o
LOAD /tmp/ccC7e2pV.debug.temp.o
LOAD /tmp/ccD5eB3L.debug.temp.o
LOAD /tmp/ccQWhl7w.debug.temp.o
LOAD /tmp/ccrOGGYO.debug.temp.o
LOAD /tmp/ccD8ryWI.debug.temp.o
LOAD /tmp/ccoeH0Cm.debug.temp.o
LOAD /tmp/ccvrsavF.debug.temp.o
LOAD /tmp/ccVPBOsX.debug.temp.o
LOAD /tmp/cciZ3KIE.debug.temp.o
LOAD /tmp/cc2PtGbf.debug.temp.o
LOAD /tmp/cc7HUQbC.debug.temp.o
LOAD /tmp/ccYMqGFb.debug.temp.o
LOAD /tmp/ccpJHl8r.debug.temp.o
LOAD /tmp/ccP0jU2H.debug.temp.o
LOAD /tmp/cc7yua5B.debug.temp.o
LOAD /tmp/ccXKeg9P.debug.temp.o
LOAD /tmp/ccgRYcGz.debug.temp.o
LOAD /tmp/ccceKSzH.debug.temp.o
LOAD /tmp/ccFZWXeY.debug.temp.o
LOAD /tmp/ccKP79Nx.debug.temp.o
LOAD /tmp/ccaqPBpA.debug.temp.o
LOAD /tmp/ccuuSIZX.debug.temp.o
LOAD /tmp/ccHxoM7I.debug.temp.o
LOAD /tmp/ccBMHyQW.debug.temp.o
LOAD /tmp/ccZ8qJhc.debug.temp.o
LOAD /tmp/ccBlXi08.debug.temp.o
LOAD /tmp/ccV3FaBT.debug.temp.o
LOAD /tmp/ccPNbupp.debug.temp.o
LOAD /tmp/cc8px6AW.debug.temp.o
LOAD /tmp/ccl6Uhtm.debug.temp.o
LOAD /tmp/ccCULWqT.debug.temp.o
LOAD /tmp/cc0OEr2d.debug.temp.o
LOAD /tmp/ccPBjef1.debug.temp.o
LOAD /tmp/ccGOzifx.debug.temp.o
LOAD /tmp/ccuxkxD6.debug.temp.o
LOAD /tmp/cctd3pru.debug.temp.o
LOAD /tmp/ccZQo9GS.debug.temp.o
LOAD /tmp/ccOE3QAl.debug.temp.o
LOAD /tmp/ccNuhdgm.debug.temp.o
LOAD /tmp/ccZuN71F.debug.temp.o
LOAD /tmp/ccIElMYt.debug.temp.o
LOAD /tmp/cc4IzN8b.debug.temp.o
LOAD /tmp/ccnqycJg.debug.temp.o
LOAD /tmp/ccNjnAYh.debug.temp.o
LOAD /tmp/cc2ucaU8.debug.temp.o
LOAD /tmp/ccSh0z5W.debug.temp.o
LOAD /tmp/ccgxGvWP.debug.temp.o
LOAD /tmp/cck1ssaC.debug.temp.o
LOAD /tmp/ccAhiOww.debug.temp.o
LOAD /tmp/ccziXbIs.debug.temp.o
LOAD /tmp/ccBh3eWh.debug.temp.o
LOAD /tmp/ccCmEpxP.debug.temp.o
LOAD /tmp/ccBGHF1c.debug.temp.o
LOAD /tmp/ccP6V7TU.debug.temp.o
LOAD /tmp/cc7E6bgw.debug.temp.o
LOAD /tmp/ccQC07Uo.debug.temp.o
LOAD /tmp/cc77eebA.debug.temp.o
LOAD /tmp/ccuyftrW.debug.temp.o
LOAD /tmp/ccgvhhaF.debug.temp.o
LOAD /tmp/ccLhumrf.debug.temp.o
LOAD /tmp/ccGvXHH4.debug.temp.o
LOAD /tmp/ccapl5LH.debug.temp.o
LOAD /tmp/ccK3GhbO.debug.temp.o
LOAD /tmp/ccnN1ped.debug.temp.o
LOAD /tmp/ccwV9mLU.debug.temp.o
LOAD /tmp/cccWNZ2t.debug.temp.o
LOAD /tmp/ccjdVWih.debug.temp.o
LOAD /tmp/ccjpvqZO.debug.temp.o
LOAD /tmp/ccLh4b16.debug.temp.o
LOAD /tmp/ccJyanD9.debug.temp.o
LOAD /tmp/ccWoV8X4.debug.temp.o
LOAD /tmp/ccc8JfV8.debug.temp.o
LOAD /tmp/ccah8CqY.debug.temp.o
LOAD /tmp/cccpWsT1.debug.temp.o
LOAD /tmp/ccRn9eeB.debug.temp.o
LOAD /tmp/cceoEd6q.debug.temp.o
LOAD /tmp/ccUWAAh3.debug.temp.o
LOAD /tmp/ccU8gf5C.debug.temp.o
LOAD /tmp/cc8RhqLi.debug.temp.o
LOAD /tmp/ccBPhZe0.debug.temp.o
LOAD /tmp/cc4qpwBW.debug.temp.o
LOAD /tmp/cc17D36n.debug.temp.o
LOAD /tmp/ccN9ph3a.debug.temp.o
LOAD /tmp/ccE9s3rS.debug.temp.o
LOAD /tmp/ccGqrLhv.debug.temp.o
LOAD /tmp/cc6DmiO5.debug.temp.o
LOAD /tmp/ccTD1oGd.debug.temp.o
LOAD /tmp/ccrJ4iPg.debug.temp.o
LOAD /tmp/cc7iE1gw.debug.temp.o
LOAD /tmp/cctbnBQ1.debug.temp.o
LOAD /tmp/cciqO0CN.debug.temp.o
LOAD /tmp/ccLRpN2s.debug.temp.o
LOAD /tmp/ccnQqtzn.debug.temp.o
LOAD /tmp/cco8T3g1.debug.temp.o
LOAD /tmp/ccionLyD.debug.temp.o
LOAD /tmp/cclqVaU3.debug.temp.o
LOAD /tmp/cc5UDYQb.debug.temp.o
LOAD /tmp/ccVqwpOM.debug.temp.o
LOAD /tmp/ccBGE58e.debug.temp.o
LOAD /tmp/ccn5Rd53.debug.temp.o
LOAD /tmp/cc8QeN8Y.debug.temp.o
LOAD /tmp/ccaUl2y4.debug.temp.o
LOAD /tmp/ccianWkv.debug.temp.o
LOAD /tmp/ccEjCR1g.debug.temp.o
LOAD /tmp/ccWQoMvF.debug.temp.o
LOAD /tmp/cc4PnXxw.debug.temp.o
LOAD /tmp/cc8JqJtP.debug.temp.o
LOAD /tmp/ccG2KgbS.debug.temp.o
LOAD /tmp/ccWtpVtD.debug.temp.o
LOAD /tmp/cctfBfEe.debug.temp.o
LOAD /tmp/ccziJffF.debug.temp.o
LOAD /tmp/ccx81q7J.debug.temp.o
LOAD /tmp/ccDu22Iu.debug.temp.o
LOAD /tmp/cc9wtXE9.debug.temp.o
LOAD /tmp/cc0e4eWI.debug.temp.o
LOAD /tmp/ccM6rEfG.debug.temp.o
LOAD /tmp/ccDpAQeZ.debug.temp.o
LOAD /tmp/ccp6EUeH.debug.temp.o
LOAD /tmp/cc4tLmCo.debug.temp.o
LOAD /tmp/ccpdfi6X.debug.temp.o
LOAD /tmp/ccjN0oyq.debug.temp.o
LOAD /tmp/ccKi5PW4.debug.temp.o
LOAD /tmp/cc9EoveI.debug.temp.o
LOAD /tmp/ccMhZmBq.debug.temp.o
LOAD /tmp/ccPkbJ9r.debug.temp.o
LOAD /tmp/cc6kfiyy.debug.temp.o
LOAD /tmp/ccMONgB9.debug.temp.o
LOAD /tmp/ccH1san1.debug.temp.o
LOAD /tmp/ccogUDiG.debug.temp.o
LOAD /tmp/ccr8PBur.debug.temp.o
LOAD /tmp/cc25MUhL.debug.temp.o
LOAD /tmp/ccVbdtMk.debug.temp.o
LOAD /tmp/ccXkQKXw.debug.temp.o
LOAD /tmp/ccVKURok.debug.temp.o
LOAD /tmp/cclZaziy.debug.temp.o
LOAD /tmp/cc0jjkJn.debug.temp.o
LOAD /tmp/ccO7hUeK.debug.temp.o
LOAD /tmp/ccWGG9vv.debug.temp.o
LOAD /tmp/cckmgOtG.debug.temp.o
LOAD /tmp/ccaqekMQ.debug.temp.o
LOAD /tmp/cc9eqSQI.debug.temp.o
LOAD /tmp/ccnzeUjk.debug.temp.o
LOAD /tmp/ccJDn12d.debug.temp.o
LOAD /tmp/ccAYN2TV.debug.temp.o
LOAD /tmp/ccieOZ9E.debug.temp.o
LOAD /tmp/ccx4rXgk.debug.temp.o
LOAD /tmp/ccoN6SYM.debug.temp.o
LOAD /tmp/cc7Axlex.debug.temp.o
LOAD /tmp/ccxkTlZf.debug.temp.o
LOAD /tmp/ccNAoPd1.debug.temp.o
LOAD /tmp/ccmdouAM.debug.temp.o
LOAD /tmp/cc7PrErZ.debug.temp.o
LOAD /tmp/ccjgBAeK.debug.temp.o
LOAD /tmp/ccWCMe83.debug.temp.o
LOAD /tmp/cczCk891.debug.temp.o
LOAD /tmp/ccp7fUyr.debug.temp.o
LOAD /tmp/ccVddNt1.debug.temp.o
LOAD /tmp/ccQTA9PW.debug.temp.o
LOAD /tmp/ccvRIupj.debug.temp.o
LOAD /tmp/ccwBLdsZ.debug.temp.o
LOAD /tmp/ccMW6wZR.debug.temp.o
LOAD /tmp/cciCfj0t.debug.temp.o
LOAD /tmp/cc5NvJLZ.debug.temp.o
LOAD /tmp/ccVa41uo.debug.temp.o
LOAD /tmp/cciQwsrK.debug.temp.o
LOAD /tmp/ccCo48LQ.debug.temp.o
LOAD /tmp/ccEriVu6.debug.temp.o
LOAD /tmp/ccu4RJPw.debug.temp.o
LOAD /tmp/ccRSDfH2.debug.temp.o
LOAD /tmp/ccGR0Y81.debug.temp.o
LOAD /tmp/ccgmQKWT.debug.temp.o
LOAD /tmp/ccJLGJY8.debug.temp.o
LOAD /tmp/cctXKfvo.debug.temp.o
LOAD /tmp/cc91lo8s.debug.temp.o
LOAD /tmp/ccWqGQMN.debug.temp.o
LOAD /tmp/ccupUvSL.debug.temp.o
LOAD /tmp/ccNHmvHb.debug.temp.o
LOAD /tmp/cceHwTMu.debug.temp.o
LOAD /tmp/ccCXlctf.debug.temp.o
LOAD /tmp/ccDfrE6f.debug.temp.o
LOAD /tmp/ccrwk90c.debug.temp.o
LOAD /tmp/cc1liiWq.debug.temp.o
LOAD /tmp/ccrfyBCn.debug.temp.o
LOAD /tmp/ccwaYUOD.debug.temp.o
LOAD /tmp/cceHYVa8.debug.temp.o
LOAD /tmp/ccM8JkQj.debug.temp.o
LOAD /tmp/ccaw8lvj.debug.temp.o
LOAD /tmp/ccTbhAQo.debug.temp.o
LOAD /tmp/ccfVltIR.debug.temp.o
LOAD /tmp/cc2DUncn.debug.temp.o
LOAD /tmp/cchvG6Zg.debug.temp.o
LOAD /tmp/cczvbUUt.debug.temp.o
LOAD /tmp/ccqa8J31.debug.temp.o
LOAD /tmp/ccaAUnEc.debug.temp.o
LOAD /tmp/cc6VVtCR.debug.temp.o
LOAD /tmp/cc8VURgv.debug.temp.o
LOAD /tmp/ccRQZfnu.debug.temp.o
LOAD /tmp/ccYRx2D3.debug.temp.o
LOAD /tmp/ccwGqds9.debug.temp.o
LOAD /tmp/cc3DzXpO.debug.temp.o
LOAD /tmp/cc7WkhzZ.debug.temp.o
LOAD /tmp/cc5Lr8Zs.debug.temp.o
LOAD /tmp/cckq1xiJ.debug.temp.o
LOAD /tmp/ccvoTCDF.debug.temp.o
LOAD /tmp/cc2wtyRs.debug.temp.o
LOAD /tmp/ccmCICvm.debug.temp.o
LOAD /tmp/ccUTqcd2.debug.temp.o
LOAD /tmp/ccnXMLr5.debug.temp.o
LOAD /tmp/ccgGxL3Q.debug.temp.o
LOAD /tmp/cchfu0YN.debug.temp.o
LOAD /tmp/cc7SM6K6.debug.temp.o
LOAD /tmp/ccKpxh2p.debug.temp.o
LOAD /tmp/ccjT6ouE.debug.temp.o
LOAD /tmp/ccfvUfeZ.debug.temp.o
LOAD /tmp/cc9reE1X.debug.temp.o
LOAD /tmp/ccDM7g5B.debug.temp.o
LOAD /tmp/ccKtWyud.debug.temp.o
LOAD /tmp/ccMIRhRt.debug.temp.o
LOAD /tmp/ccxOrjrD.debug.temp.o
LOAD /tmp/cc7ttSRA.debug.temp.o
LOAD /tmp/cclvx05q.debug.temp.o
LOAD /tmp/ccdC47gS.debug.temp.o
LOAD /tmp/ccvUPlIr.debug.temp.o
LOAD /tmp/ccL2VaPR.debug.temp.o
LOAD /tmp/ccuNbUEV.debug.temp.o
LOAD /tmp/cc3bOHxU.debug.temp.o
LOAD /tmp/cckVxKAW.debug.temp.o
LOAD /tmp/ccSGfB2D.debug.temp.o
LOAD /tmp/ccWSxWEK.debug.temp.o
LOAD /tmp/ccsYBF80.debug.temp.o
LOAD /tmp/ccEkw78l.debug.temp.o
LOAD /tmp/ccXZwXCC.debug.temp.o
LOAD /tmp/ccHZxUv2.debug.temp.o
LOAD /tmp/ccwfWpdE.debug.temp.o
LOAD /tmp/ccnyHFKq.debug.temp.o
LOAD /tmp/ccU9EGyU.debug.temp.o
LOAD /tmp/cc0XRobP.debug.temp.o
LOAD /tmp/ccHhkmWo.debug.temp.o
LOAD /tmp/ccFmtl63.debug.temp.o
LOAD /tmp/cc6e3E5Z.debug.temp.o
LOAD /tmp/cc89TuAa.debug.temp.o
LOAD /tmp/ccuT296C.debug.temp.o
LOAD /tmp/ccjsHS5a.debug.temp.o
LOAD /tmp/ccDRo2hS.debug.temp.o
LOAD /tmp/cc27hM5i.debug.temp.o
LOAD /tmp/ccpllOaY.debug.temp.o
LOAD /tmp/ccuyqenf.debug.temp.o
LOAD CMakeFiles/slc.dir/base/opt/silabs/sdks/simplicity_sdk_2026.6.1/bootloader/platform/bootloader/api/btl_interface_storage.c.obj
LOAD CMakeFiles/slc.dir/base/opt/silabs/sdks/simplicity_sdk_2026.6.1/bootloader/platform/bootloader/app_properties/app_properties.c.obj
LOAD CMakeFiles/slc.dir/base/opt/silabs/sdks/simplicity_sdk_2026.6.1/bootloader/platform/bootloader/core/flash/btl_internal_flash.c.obj
LOAD CMakeFiles/slc.dir/base/opt/silabs/sdks/simplicity_sdk_2026.6.1/bootloader/platform/bootloader/core/smp_switch/btl_smp_switch_flash_api.c.obj
LOAD CMakeFiles/slc.dir/base/opt/silabs/sdks/simplicity_sdk_2026.6.1/bootloader/platform/bootloader/storage/internal_flash/btl_storage_internal_flash_raw.c.obj
LOAD CMakeFiles/slc.dir/base/opt/silabs/sdks/simplicity_sdk_2026.6.1/common_15_4/plugin/security_manager/security_manager.c.obj
LOAD CMakeFiles/slc.dir/base/opt/silabs/sdks/simplicity_sdk_2026.6.1/cpc/src/sl_cpc.c.obj
LOAD CMakeFiles/slc.dir/base/opt/silabs/sdks/simplicity_sdk_2026.6.1/cpc/src/sl_cpc_crc.c.obj
LOAD CMakeFiles/slc.dir/base/opt/silabs/sdks/simplicity_sdk_2026.6.1/cpc/src/sl_cpc_dispatcher.c.obj
LOAD CMakeFiles/slc.dir/base/opt/silabs/sdks/simplicity_sdk_2026.6.1/cpc/src/sl_cpc_drv_uart.c.obj
LOAD CMakeFiles/slc.dir/base/opt/silabs/sdks/simplicity_sdk_2026.6.1/cpc/src/sl_cpc_hdlc.c.obj
LOAD CMakeFiles/slc.dir/base/opt/silabs/sdks/simplicity_sdk_2026.6.1/cpc/src/sl_cpc_instance.c.obj
LOAD CMakeFiles/slc.dir/base/opt/silabs/sdks/simplicity_sdk_2026.6.1/cpc/src/sl_cpc_memory.c.obj
LOAD CMakeFiles/slc.dir/base/opt/silabs/sdks/simplicity_sdk_2026.6.1/cpc/src/sl_cpc_security.c.obj
LOAD CMakeFiles/slc.dir/base/opt/silabs/sdks/simplicity_sdk_2026.6.1/cpc/src/sl_cpc_system_secondary.c.obj
LOAD CMakeFiles/slc.dir/base/opt/silabs/sdks/simplicity_sdk_2026.6.1/cpc/src/sl_cpc_system_secondary_efr.c.obj
LOAD CMakeFiles/slc.dir/base/opt/silabs/sdks/simplicity_sdk_2026.6.1/cpc/src/sli_cpc_assert.c.obj
LOAD CMakeFiles/slc.dir/base/opt/silabs/sdks/simplicity_sdk_2026.6.1/mbedtls/library/aes.c.obj
LOAD CMakeFiles/slc.dir/base/opt/silabs/sdks/simplicity_sdk_2026.6.1/mbedtls/library/asn1parse.c.obj
LOAD CMakeFiles/slc.dir/base/opt/silabs/sdks/simplicity_sdk_2026.6.1/mbedtls/library/asn1write.c.obj
LOAD CMakeFiles/slc.dir/base/opt/silabs/sdks/simplicity_sdk_2026.6.1/mbedtls/library/base64.c.obj
LOAD CMakeFiles/slc.dir/base/opt/silabs/sdks/simplicity_sdk_2026.6.1/mbedtls/library/bignum.c.obj
LOAD CMakeFiles/slc.dir/base/opt/silabs/sdks/simplicity_sdk_2026.6.1/mbedtls/library/bignum_core.c.obj
LOAD CMakeFiles/slc.dir/base/opt/silabs/sdks/simplicity_sdk_2026.6.1/mbedtls/library/bignum_mod.c.obj
LOAD CMakeFiles/slc.dir/base/opt/silabs/sdks/simplicity_sdk_2026.6.1/mbedtls/library/bignum_mod_raw.c.obj
LOAD CMakeFiles/slc.dir/base/opt/silabs/sdks/simplicity_sdk_2026.6.1/mbedtls/library/block_cipher.c.obj
LOAD CMakeFiles/slc.dir/base/opt/silabs/sdks/simplicity_sdk_2026.6.1/mbedtls/library/ccm.c.obj
LOAD CMakeFiles/slc.dir/base/opt/silabs/sdks/simplicity_sdk_2026.6.1/mbedtls/library/cipher.c.obj
LOAD CMakeFiles/slc.dir/base/opt/silabs/sdks/simplicity_sdk_2026.6.1/mbedtls/library/cipher_wrap.c.obj
LOAD CMakeFiles/slc.dir/base/opt/silabs/sdks/simplicity_sdk_2026.6.1/mbedtls/library/cmac.c.obj
LOAD CMakeFiles/slc.dir/base/opt/silabs/sdks/simplicity_sdk_2026.6.1/mbedtls/library/constant_time.c.obj
LOAD CMakeFiles/slc.dir/base/opt/silabs/sdks/simplicity_sdk_2026.6.1/mbedtls/library/ctr_drbg.c.obj
LOAD CMakeFiles/slc.dir/base/opt/silabs/sdks/simplicity_sdk_2026.6.1/mbedtls/library/ecdh.c.obj
LOAD CMakeFiles/slc.dir/base/opt/silabs/sdks/simplicity_sdk_2026.6.1/mbedtls/library/ecdsa.c.obj
LOAD CMakeFiles/slc.dir/base/opt/silabs/sdks/simplicity_sdk_2026.6.1/mbedtls/library/ecjpake.c.obj
LOAD CMakeFiles/slc.dir/base/opt/silabs/sdks/simplicity_sdk_2026.6.1/mbedtls/library/ecp.c.obj
LOAD CMakeFiles/slc.dir/base/opt/silabs/sdks/simplicity_sdk_2026.6.1/mbedtls/library/ecp_curves.c.obj
LOAD CMakeFiles/slc.dir/base/opt/silabs/sdks/simplicity_sdk_2026.6.1/mbedtls/library/ecp_curves_new.c.obj
LOAD CMakeFiles/slc.dir/base/opt/silabs/sdks/simplicity_sdk_2026.6.1/mbedtls/library/entropy.c.obj
LOAD CMakeFiles/slc.dir/base/opt/silabs/sdks/simplicity_sdk_2026.6.1/mbedtls/library/entropy_poll.c.obj
LOAD CMakeFiles/slc.dir/base/opt/silabs/sdks/simplicity_sdk_2026.6.1/mbedtls/library/hmac_drbg.c.obj
LOAD CMakeFiles/slc.dir/base/opt/silabs/sdks/simplicity_sdk_2026.6.1/mbedtls/library/md.c.obj
LOAD CMakeFiles/slc.dir/base/opt/silabs/sdks/simplicity_sdk_2026.6.1/mbedtls/library/memory_buffer_alloc.c.obj
LOAD CMakeFiles/slc.dir/base/opt/silabs/sdks/simplicity_sdk_2026.6.1/mbedtls/library/oid.c.obj
LOAD CMakeFiles/slc.dir/base/opt/silabs/sdks/simplicity_sdk_2026.6.1/mbedtls/library/pem.c.obj
LOAD CMakeFiles/slc.dir/base/opt/silabs/sdks/simplicity_sdk_2026.6.1/mbedtls/library/pk.c.obj
LOAD CMakeFiles/slc.dir/base/opt/silabs/sdks/simplicity_sdk_2026.6.1/mbedtls/library/pk_ecc.c.obj
LOAD CMakeFiles/slc.dir/base/opt/silabs/sdks/simplicity_sdk_2026.6.1/mbedtls/library/pk_wrap.c.obj
LOAD CMakeFiles/slc.dir/base/opt/silabs/sdks/simplicity_sdk_2026.6.1/mbedtls/library/pkparse.c.obj
LOAD CMakeFiles/slc.dir/base/opt/silabs/sdks/simplicity_sdk_2026.6.1/mbedtls/library/pkwrite.c.obj
LOAD CMakeFiles/slc.dir/base/opt/silabs/sdks/simplicity_sdk_2026.6.1/mbedtls/library/platform.c.obj
LOAD CMakeFiles/slc.dir/base/opt/silabs/sdks/simplicity_sdk_2026.6.1/mbedtls/library/platform_util.c.obj
LOAD CMakeFiles/slc.dir/base/opt/silabs/sdks/simplicity_sdk_2026.6.1/mbedtls/library/psa_crypto.c.obj
LOAD CMakeFiles/slc.dir/base/opt/silabs/sdks/simplicity_sdk_2026.6.1/mbedtls/library/psa_crypto_aead.c.obj
LOAD CMakeFiles/slc.dir/base/opt/silabs/sdks/simplicity_sdk_2026.6.1/mbedtls/library/psa_crypto_cipher.c.obj
LOAD CMakeFiles/slc.dir/base/opt/silabs/sdks/simplicity_sdk_2026.6.1/mbedtls/library/psa_crypto_client.c.obj
LOAD CMakeFiles/slc.dir/base/opt/silabs/sdks/simplicity_sdk_2026.6.1/mbedtls/library/psa_crypto_driver_wrappers_no_static.c.obj
LOAD CMakeFiles/slc.dir/base/opt/silabs/sdks/simplicity_sdk_2026.6.1/mbedtls/library/psa_crypto_ecp.c.obj
LOAD CMakeFiles/slc.dir/base/opt/silabs/sdks/simplicity_sdk_2026.6.1/mbedtls/library/psa_crypto_ffdh.c.obj
LOAD CMakeFiles/slc.dir/base/opt/silabs/sdks/simplicity_sdk_2026.6.1/mbedtls/library/psa_crypto_hash.c.obj
LOAD CMakeFiles/slc.dir/base/opt/silabs/sdks/simplicity_sdk_2026.6.1/mbedtls/library/psa_crypto_mac.c.obj
LOAD CMakeFiles/slc.dir/base/opt/silabs/sdks/simplicity_sdk_2026.6.1/mbedtls/library/psa_crypto_pake.c.obj
LOAD CMakeFiles/slc.dir/base/opt/silabs/sdks/simplicity_sdk_2026.6.1/mbedtls/library/psa_crypto_rsa.c.obj
LOAD CMakeFiles/slc.dir/base/opt/silabs/sdks/simplicity_sdk_2026.6.1/mbedtls/library/psa_crypto_se.c.obj
LOAD CMakeFiles/slc.dir/base/opt/silabs/sdks/simplicity_sdk_2026.6.1/mbedtls/library/psa_crypto_slot_management.c.obj
LOAD CMakeFiles/slc.dir/base/opt/silabs/sdks/simplicity_sdk_2026.6.1/mbedtls/library/psa_crypto_storage.c.obj
LOAD CMakeFiles/slc.dir/base/opt/silabs/sdks/simplicity_sdk_2026.6.1/mbedtls/library/psa_util.c.obj
LOAD CMakeFiles/slc.dir/base/opt/silabs/sdks/simplicity_sdk_2026.6.1/mbedtls/library/sha256.c.obj
LOAD CMakeFiles/slc.dir/base/opt/silabs/sdks/simplicity_sdk_2026.6.1/mbedtls/library/sha3.c.obj
LOAD CMakeFiles/slc.dir/base/opt/silabs/sdks/simplicity_sdk_2026.6.1/mbedtls/library/ssl_cache.c.obj
LOAD CMakeFiles/slc.dir/base/opt/silabs/sdks/simplicity_sdk_2026.6.1/mbedtls/library/ssl_ciphersuites.c.obj
LOAD CMakeFiles/slc.dir/base/opt/silabs/sdks/simplicity_sdk_2026.6.1/mbedtls/library/ssl_client.c.obj
LOAD CMakeFiles/slc.dir/base/opt/silabs/sdks/simplicity_sdk_2026.6.1/mbedtls/library/ssl_cookie.c.obj
LOAD CMakeFiles/slc.dir/base/opt/silabs/sdks/simplicity_sdk_2026.6.1/mbedtls/library/ssl_debug_helpers_generated.c.obj
LOAD CMakeFiles/slc.dir/base/opt/silabs/sdks/simplicity_sdk_2026.6.1/mbedtls/library/ssl_msg.c.obj
LOAD CMakeFiles/slc.dir/base/opt/silabs/sdks/simplicity_sdk_2026.6.1/mbedtls/library/ssl_ticket.c.obj
LOAD CMakeFiles/slc.dir/base/opt/silabs/sdks/simplicity_sdk_2026.6.1/mbedtls/library/ssl_tls.c.obj
LOAD CMakeFiles/slc.dir/base/opt/silabs/sdks/simplicity_sdk_2026.6.1/mbedtls/library/ssl_tls12_client.c.obj
LOAD CMakeFiles/slc.dir/base/opt/silabs/sdks/simplicity_sdk_2026.6.1/mbedtls/library/ssl_tls12_server.c.obj
LOAD CMakeFiles/slc.dir/base/opt/silabs/sdks/simplicity_sdk_2026.6.1/mbedtls/library/ssl_tls13_client.c.obj
LOAD CMakeFiles/slc.dir/base/opt/silabs/sdks/simplicity_sdk_2026.6.1/mbedtls/library/ssl_tls13_generic.c.obj
LOAD CMakeFiles/slc.dir/base/opt/silabs/sdks/simplicity_sdk_2026.6.1/mbedtls/library/ssl_tls13_keys.c.obj
LOAD CMakeFiles/slc.dir/base/opt/silabs/sdks/simplicity_sdk_2026.6.1/mbedtls/library/ssl_tls13_server.c.obj
LOAD CMakeFiles/slc.dir/base/opt/silabs/sdks/simplicity_sdk_2026.6.1/mbedtls/library/threading.c.obj
LOAD CMakeFiles/slc.dir/base/opt/silabs/sdks/simplicity_sdk_2026.6.1/mbedtls/library/x509.c.obj
LOAD CMakeFiles/slc.dir/base/opt/silabs/sdks/simplicity_sdk_2026.6.1/mbedtls/library/x509_create.c.obj
LOAD CMakeFiles/slc.dir/base/opt/silabs/sdks/simplicity_sdk_2026.6.1/mbedtls/library/x509_crl.c.obj
LOAD CMakeFiles/slc.dir/base/opt/silabs/sdks/simplicity_sdk_2026.6.1/mbedtls/library/x509_crt.c.obj
LOAD CMakeFiles/slc.dir/base/opt/silabs/sdks/simplicity_sdk_2026.6.1/mbedtls/library/x509_csr.c.obj
LOAD CMakeFiles/slc.dir/base/opt/silabs/sdks/simplicity_sdk_2026.6.1/mbedtls/library/x509write.c.obj
LOAD CMakeFiles/slc.dir/base/opt/silabs/sdks/simplicity_sdk_2026.6.1/mbedtls/library/x509write_crt.c.obj
LOAD CMakeFiles/slc.dir/base/opt/silabs/sdks/simplicity_sdk_2026.6.1/mbedtls/library/x509write_csr.c.obj
LOAD CMakeFiles/slc.dir/base/opt/silabs/sdks/simplicity_sdk_2026.6.1/openthread/platform-abstraction/efr32/alarm.c.obj
LOAD CMakeFiles/slc.dir/base/opt/silabs/sdks/simplicity_sdk_2026.6.1/openthread/platform-abstraction/efr32/crypto.c.obj
LOAD CMakeFiles/slc.dir/base/opt/silabs/sdks/simplicity_sdk_2026.6.1/openthread/platform-abstraction/efr32/diag.c.obj
LOAD CMakeFiles/slc.dir/base/opt/silabs/sdks/simplicity_sdk_2026.6.1/openthread/platform-abstraction/efr32/entropy.c.obj
LOAD CMakeFiles/slc.dir/base/opt/silabs/sdks/simplicity_sdk_2026.6.1/openthread/platform-abstraction/efr32/ieee802154-packet-utils.cpp.obj
LOAD CMakeFiles/slc.dir/base/opt/silabs/sdks/simplicity_sdk_2026.6.1/openthread/platform-abstraction/efr32/memory.c.obj
LOAD CMakeFiles/slc.dir/base/opt/silabs/sdks/simplicity_sdk_2026.6.1/openthread/platform-abstraction/efr32/misc.c.obj
LOAD CMakeFiles/slc.dir/base/opt/silabs/sdks/simplicity_sdk_2026.6.1/openthread/platform-abstraction/efr32/radio.cpp.obj
LOAD CMakeFiles/slc.dir/base/opt/silabs/sdks/simplicity_sdk_2026.6.1/openthread/platform-abstraction/efr32/radio_channel_switching.cpp.obj
LOAD CMakeFiles/slc.dir/base/opt/silabs/sdks/simplicity_sdk_2026.6.1/openthread/platform-abstraction/efr32/radio_coex.c.obj
LOAD CMakeFiles/slc.dir/base/opt/silabs/sdks/simplicity_sdk_2026.6.1/openthread/platform-abstraction/efr32/radio_csl.cpp.obj
LOAD CMakeFiles/slc.dir/base/opt/silabs/sdks/simplicity_sdk_2026.6.1/openthread/platform-abstraction/efr32/radio_energy_scan.cpp.obj
LOAD CMakeFiles/slc.dir/base/opt/silabs/sdks/simplicity_sdk_2026.6.1/openthread/platform-abstraction/efr32/radio_extension.c.obj
LOAD CMakeFiles/slc.dir/base/opt/silabs/sdks/simplicity_sdk_2026.6.1/openthread/platform-abstraction/efr32/radio_instance.cpp.obj
LOAD CMakeFiles/slc.dir/base/opt/silabs/sdks/simplicity_sdk_2026.6.1/openthread/platform-abstraction/efr32/radio_interface.cpp.obj
LOAD CMakeFiles/slc.dir/base/opt/silabs/sdks/simplicity_sdk_2026.6.1/openthread/platform-abstraction/efr32/radio_power_manager.cpp.obj
LOAD CMakeFiles/slc.dir/base/opt/silabs/sdks/simplicity_sdk_2026.6.1/openthread/platform-abstraction/efr32/radio_security.cpp.obj
LOAD CMakeFiles/slc.dir/base/opt/silabs/sdks/simplicity_sdk_2026.6.1/openthread/platform-abstraction/efr32/settings.cpp.obj
LOAD CMakeFiles/slc.dir/base/opt/silabs/sdks/simplicity_sdk_2026.6.1/openthread/platform-abstraction/efr32/sl_gp_interface.c.obj
LOAD CMakeFiles/slc.dir/base/opt/silabs/sdks/simplicity_sdk_2026.6.1/openthread/platform-abstraction/efr32/soft_source_match_table.c.obj
LOAD CMakeFiles/slc.dir/base/opt/silabs/sdks/simplicity_sdk_2026.6.1/openthread/platform-abstraction/efr32/startup-gcc.c.obj
LOAD CMakeFiles/slc.dir/base/opt/silabs/sdks/simplicity_sdk_2026.6.1/openthread/platform-abstraction/efr32/system.c.obj
LOAD CMakeFiles/slc.dir/base/opt/silabs/sdks/simplicity_sdk_2026.6.1/openthread/platform-abstraction/ncp/ncp_coex.cpp.obj
LOAD CMakeFiles/slc.dir/base/opt/silabs/sdks/simplicity_sdk_2026.6.1/openthread/platform-abstraction/ncp/ncp_cpc.cpp.obj
LOAD CMakeFiles/slc.dir/base/opt/silabs/sdks/simplicity_sdk_2026.6.1/openthread/platform-abstraction/ncp/ncp_dispatcher.cpp.obj
LOAD CMakeFiles/slc.dir/base/opt/silabs/sdks/simplicity_sdk_2026.6.1/openthread/platform-abstraction/ncp/ncp_init.cpp.obj
LOAD CMakeFiles/slc.dir/base/opt/silabs/sdks/simplicity_sdk_2026.6.1/openthread/platform/service/legacy_hal/src/faults.s.obj
LOAD CMakeFiles/slc.dir/base/opt/silabs/sdks/simplicity_sdk_2026.6.1/openthread/src/legacy_hal/crash_handler.c.obj
LOAD CMakeFiles/slc.dir/base/opt/silabs/sdks/simplicity_sdk_2026.6.1/openthread/src/legacy_hal/diagnostic.c.obj
LOAD CMakeFiles/slc.dir/base/opt/silabs/sdks/simplicity_sdk_2026.6.1/openthread_stack/util/third_party/openthread/examples/platforms/utils/debug_uart.c.obj
LOAD CMakeFiles/slc.dir/base/opt/silabs/sdks/simplicity_sdk_2026.6.1/openthread_stack/util/third_party/openthread/examples/platforms/utils/link_metrics.cpp.obj
LOAD CMakeFiles/slc.dir/base/opt/silabs/sdks/simplicity_sdk_2026.6.1/openthread_stack/util/third_party/openthread/examples/platforms/utils/mac_frame.cpp.obj
LOAD CMakeFiles/slc.dir/base/opt/silabs/sdks/simplicity_sdk_2026.6.1/openthread_stack/util/third_party/openthread/examples/platforms/utils/settings_ram.c.obj
LOAD CMakeFiles/slc.dir/base/opt/silabs/sdks/simplicity_sdk_2026.6.1/openthread_stack/util/third_party/openthread/examples/platforms/utils/uart_rtt.c.obj
LOAD CMakeFiles/slc.dir/base/opt/silabs/sdks/simplicity_sdk_2026.6.1/openthread_stack/util/third_party/openthread/src/core/api/diags_api.cpp.obj
LOAD CMakeFiles/slc.dir/base/opt/silabs/sdks/simplicity_sdk_2026.6.1/openthread_stack/util/third_party/openthread/src/core/api/error_api.cpp.obj
LOAD CMakeFiles/slc.dir/base/opt/silabs/sdks/simplicity_sdk_2026.6.1/openthread_stack/util/third_party/openthread/src/core/api/instance_api.cpp.obj
LOAD CMakeFiles/slc.dir/base/opt/silabs/sdks/simplicity_sdk_2026.6.1/openthread_stack/util/third_party/openthread/src/core/api/link_raw_api.cpp.obj
LOAD CMakeFiles/slc.dir/base/opt/silabs/sdks/simplicity_sdk_2026.6.1/openthread_stack/util/third_party/openthread/src/core/api/logging_api.cpp.obj
LOAD CMakeFiles/slc.dir/base/opt/silabs/sdks/simplicity_sdk_2026.6.1/openthread_stack/util/third_party/openthread/src/core/api/random_noncrypto_api.cpp.obj
LOAD CMakeFiles/slc.dir/base/opt/silabs/sdks/simplicity_sdk_2026.6.1/openthread_stack/util/third_party/openthread/src/core/api/tasklet_api.cpp.obj
LOAD CMakeFiles/slc.dir/base/opt/silabs/sdks/simplicity_sdk_2026.6.1/openthread_stack/util/third_party/openthread/src/core/common/binary_search.cpp.obj
LOAD CMakeFiles/slc.dir/base/opt/silabs/sdks/simplicity_sdk_2026.6.1/openthread_stack/util/third_party/openthread/src/core/common/error.cpp.obj
LOAD CMakeFiles/slc.dir/base/opt/silabs/sdks/simplicity_sdk_2026.6.1/openthread_stack/util/third_party/openthread/src/core/common/frame_builder.cpp.obj
LOAD CMakeFiles/slc.dir/base/opt/silabs/sdks/simplicity_sdk_2026.6.1/openthread_stack/util/third_party/openthread/src/core/common/log.cpp.obj
LOAD CMakeFiles/slc.dir/base/opt/silabs/sdks/simplicity_sdk_2026.6.1/openthread_stack/util/third_party/openthread/src/core/common/random.cpp.obj
LOAD CMakeFiles/slc.dir/base/opt/silabs/sdks/simplicity_sdk_2026.6.1/openthread_stack/util/third_party/openthread/src/core/common/string.cpp.obj
LOAD CMakeFiles/slc.dir/base/opt/silabs/sdks/simplicity_sdk_2026.6.1/openthread_stack/util/third_party/openthread/src/core/common/tasklet.cpp.obj
LOAD CMakeFiles/slc.dir/base/opt/silabs/sdks/simplicity_sdk_2026.6.1/openthread_stack/util/third_party/openthread/src/core/common/timer.cpp.obj
LOAD CMakeFiles/slc.dir/base/opt/silabs/sdks/simplicity_sdk_2026.6.1/openthread_stack/util/third_party/openthread/src/core/common/uptime.cpp.obj
LOAD CMakeFiles/slc.dir/base/opt/silabs/sdks/simplicity_sdk_2026.6.1/openthread_stack/util/third_party/openthread/src/core/crypto/aes_ccm.cpp.obj
LOAD CMakeFiles/slc.dir/base/opt/silabs/sdks/simplicity_sdk_2026.6.1/openthread_stack/util/third_party/openthread/src/core/crypto/aes_ecb.cpp.obj
LOAD CMakeFiles/slc.dir/base/opt/silabs/sdks/simplicity_sdk_2026.6.1/openthread_stack/util/third_party/openthread/src/core/crypto/crypto_platform_mbedtls.cpp.obj
LOAD CMakeFiles/slc.dir/base/opt/silabs/sdks/simplicity_sdk_2026.6.1/openthread_stack/util/third_party/openthread/src/core/crypto/crypto_platform_psa.cpp.obj
LOAD CMakeFiles/slc.dir/base/opt/silabs/sdks/simplicity_sdk_2026.6.1/openthread_stack/util/third_party/openthread/src/core/crypto/storage.cpp.obj
LOAD CMakeFiles/slc.dir/base/opt/silabs/sdks/simplicity_sdk_2026.6.1/openthread_stack/util/third_party/openthread/src/core/diags/factory_diags.cpp.obj
LOAD CMakeFiles/slc.dir/base/opt/silabs/sdks/simplicity_sdk_2026.6.1/openthread_stack/util/third_party/openthread/src/core/instance/instance.cpp.obj
LOAD CMakeFiles/slc.dir/base/opt/silabs/sdks/simplicity_sdk_2026.6.1/openthread_stack/util/third_party/openthread/src/core/mac/link_raw.cpp.obj
LOAD CMakeFiles/slc.dir/base/opt/silabs/sdks/simplicity_sdk_2026.6.1/openthread_stack/util/third_party/openthread/src/core/mac/mac_frame.cpp.obj
LOAD CMakeFiles/slc.dir/base/opt/silabs/sdks/simplicity_sdk_2026.6.1/openthread_stack/util/third_party/openthread/src/core/mac/mac_header_ie.cpp.obj
LOAD CMakeFiles/slc.dir/base/opt/silabs/sdks/simplicity_sdk_2026.6.1/openthread_stack/util/third_party/openthread/src/core/mac/mac_types.cpp.obj
LOAD CMakeFiles/slc.dir/base/opt/silabs/sdks/simplicity_sdk_2026.6.1/openthread_stack/util/third_party/openthread/src/core/mac/sub_mac.cpp.obj
LOAD CMakeFiles/slc.dir/base/opt/silabs/sdks/simplicity_sdk_2026.6.1/openthread_stack/util/third_party/openthread/src/core/mac/sub_mac_callbacks.cpp.obj
LOAD CMakeFiles/slc.dir/base/opt/silabs/sdks/simplicity_sdk_2026.6.1/openthread_stack/util/third_party/openthread/src/core/mac/sub_mac_csl_receiver.cpp.obj
LOAD CMakeFiles/slc.dir/base/opt/silabs/sdks/simplicity_sdk_2026.6.1/openthread_stack/util/third_party/openthread/src/core/radio/radio.cpp.obj
LOAD CMakeFiles/slc.dir/base/opt/silabs/sdks/simplicity_sdk_2026.6.1/openthread_stack/util/third_party/openthread/src/core/radio/radio_callbacks.cpp.obj
LOAD CMakeFiles/slc.dir/base/opt/silabs/sdks/simplicity_sdk_2026.6.1/openthread_stack/util/third_party/openthread/src/core/radio/radio_platform.cpp.obj
LOAD CMakeFiles/slc.dir/base/opt/silabs/sdks/simplicity_sdk_2026.6.1/openthread_stack/util/third_party/openthread/src/core/thread/link_quality.cpp.obj
LOAD CMakeFiles/slc.dir/base/opt/silabs/sdks/simplicity_sdk_2026.6.1/openthread_stack/util/third_party/openthread/src/core/utils/parse_cmdline.cpp.obj
LOAD CMakeFiles/slc.dir/base/opt/silabs/sdks/simplicity_sdk_2026.6.1/openthread_stack/util/third_party/openthread/src/core/utils/power_calibration.cpp.obj
LOAD CMakeFiles/slc.dir/base/opt/silabs/sdks/simplicity_sdk_2026.6.1/openthread_stack/util/third_party/openthread/src/lib/hdlc/hdlc.cpp.obj
LOAD CMakeFiles/slc.dir/base/opt/silabs/sdks/simplicity_sdk_2026.6.1/openthread_stack/util/third_party/openthread/src/lib/spinel/logger.cpp.obj
LOAD CMakeFiles/slc.dir/base/opt/silabs/sdks/simplicity_sdk_2026.6.1/openthread_stack/util/third_party/openthread/src/lib/spinel/radio_spinel.cpp.obj
LOAD CMakeFiles/slc.dir/base/opt/silabs/sdks/simplicity_sdk_2026.6.1/openthread_stack/util/third_party/openthread/src/lib/spinel/spinel.c.obj
LOAD CMakeFiles/slc.dir/base/opt/silabs/sdks/simplicity_sdk_2026.6.1/openthread_stack/util/third_party/openthread/src/lib/spinel/spinel_buffer.cpp.obj
LOAD CMakeFiles/slc.dir/base/opt/silabs/sdks/simplicity_sdk_2026.6.1/openthread_stack/util/third_party/openthread/src/lib/spinel/spinel_decoder.cpp.obj
LOAD CMakeFiles/slc.dir/base/opt/silabs/sdks/simplicity_sdk_2026.6.1/openthread_stack/util/third_party/openthread/src/lib/spinel/spinel_driver.cpp.obj
LOAD CMakeFiles/slc.dir/base/opt/silabs/sdks/simplicity_sdk_2026.6.1/openthread_stack/util/third_party/openthread/src/lib/spinel/spinel_encoder.cpp.obj
LOAD CMakeFiles/slc.dir/base/opt/silabs/sdks/simplicity_sdk_2026.6.1/openthread_stack/util/third_party/openthread/src/lib/spinel/spinel_helper.cpp.obj
LOAD CMakeFiles/slc.dir/base/opt/silabs/sdks/simplicity_sdk_2026.6.1/openthread_stack/util/third_party/openthread/src/lib/spinel/spinel_prop_codec.cpp.obj
LOAD CMakeFiles/slc.dir/base/opt/silabs/sdks/simplicity_sdk_2026.6.1/openthread_stack/util/third_party/openthread/src/ncp/changed_props_set.cpp.obj
LOAD CMakeFiles/slc.dir/base/opt/silabs/sdks/simplicity_sdk_2026.6.1/openthread_stack/util/third_party/openthread/src/ncp/multipan_platform.cpp.obj
LOAD CMakeFiles/slc.dir/base/opt/silabs/sdks/simplicity_sdk_2026.6.1/openthread_stack/util/third_party/openthread/src/ncp/ncp_base.cpp.obj
LOAD CMakeFiles/slc.dir/base/opt/silabs/sdks/simplicity_sdk_2026.6.1/openthread_stack/util/third_party/openthread/src/ncp/ncp_base_dispatcher.cpp.obj
LOAD CMakeFiles/slc.dir/base/opt/silabs/sdks/simplicity_sdk_2026.6.1/openthread_stack/util/third_party/openthread/src/ncp/ncp_base_ftd.cpp.obj
LOAD CMakeFiles/slc.dir/base/opt/silabs/sdks/simplicity_sdk_2026.6.1/openthread_stack/util/third_party/openthread/src/ncp/ncp_base_mtd.cpp.obj
LOAD CMakeFiles/slc.dir/base/opt/silabs/sdks/simplicity_sdk_2026.6.1/openthread_stack/util/third_party/openthread/src/ncp/ncp_base_radio.cpp.obj
LOAD CMakeFiles/slc.dir/base/opt/silabs/sdks/simplicity_sdk_2026.6.1/openthread_stack/util/third_party/openthread/src/ncp/ncp_hdlc.cpp.obj
LOAD CMakeFiles/slc.dir/base/opt/silabs/sdks/simplicity_sdk_2026.6.1/openthread_stack/util/third_party/openthread/src/ncp/ncp_spi.cpp.obj
LOAD CMakeFiles/slc.dir/base/opt/silabs/sdks/simplicity_sdk_2026.6.1/openthread_stack/util/third_party/openthread/src/ncp/platform/border_routing.cpp.obj
LOAD CMakeFiles/slc.dir/base/opt/silabs/sdks/simplicity_sdk_2026.6.1/openthread_stack/util/third_party/openthread/src/ncp/platform/dns.cpp.obj
LOAD CMakeFiles/slc.dir/base/opt/silabs/sdks/simplicity_sdk_2026.6.1/openthread_stack/util/third_party/openthread/src/ncp/platform/dnssd.cpp.obj
LOAD CMakeFiles/slc.dir/base/opt/silabs/sdks/simplicity_sdk_2026.6.1/openthread_stack/util/third_party/openthread/src/ncp/platform/infra_if.cpp.obj
LOAD CMakeFiles/slc.dir/base/opt/silabs/sdks/simplicity_sdk_2026.6.1/openthread_stack/util/third_party/openthread/src/ncp/platform/mdns_socket.cpp.obj
LOAD CMakeFiles/slc.dir/base/opt/silabs/sdks/simplicity_sdk_2026.6.1/openthread_stack/util/third_party/openthread/src/ncp/platform/trel.cpp.obj
LOAD CMakeFiles/slc.dir/base/opt/silabs/sdks/simplicity_sdk_2026.6.1/platform_core/platform/common/src/sl_assert.c.obj
LOAD CMakeFiles/slc.dir/base/opt/silabs/sdks/simplicity_sdk_2026.6.1/platform_core/platform/common/src/sl_core_cortexm.c.obj
LOAD CMakeFiles/slc.dir/base/opt/silabs/sdks/simplicity_sdk_2026.6.1/platform_core/platform/common/src/sl_slist.c.obj
LOAD CMakeFiles/slc.dir/base/opt/silabs/sdks/simplicity_sdk_2026.6.1/platform_core/platform/common/src/sl_syscalls.c.obj
LOAD CMakeFiles/slc.dir/base/opt/silabs/sdks/simplicity_sdk_2026.6.1/platform_core/platform/Device/SiliconLabs/EFR32MG21/Source/startup_efr32mg21.c.obj
LOAD CMakeFiles/slc.dir/base/opt/silabs/sdks/simplicity_sdk_2026.6.1/platform_core/platform/Device/SiliconLabs/EFR32MG21/Source/system_efr32mg21.c.obj
LOAD CMakeFiles/slc.dir/base/opt/silabs/sdks/simplicity_sdk_2026.6.1/platform_core/platform/driver/gpio/src/sl_gpio.c.obj
LOAD CMakeFiles/slc.dir/base/opt/silabs/sdks/simplicity_sdk_2026.6.1/platform_core/platform/emdrv/nvm3/src/nvm3.c.obj
LOAD CMakeFiles/slc.dir/base/opt/silabs/sdks/simplicity_sdk_2026.6.1/platform_core/platform/emdrv/nvm3/src/nvm3_cache.c.obj
LOAD CMakeFiles/slc.dir/base/opt/silabs/sdks/simplicity_sdk_2026.6.1/platform_core/platform/emdrv/nvm3/src/nvm3_default_common_linker.c.obj
LOAD CMakeFiles/slc.dir/base/opt/silabs/sdks/simplicity_sdk_2026.6.1/platform_core/platform/emdrv/nvm3/src/nvm3_hal_flash.c.obj
LOAD CMakeFiles/slc.dir/base/opt/silabs/sdks/simplicity_sdk_2026.6.1/platform_core/platform/emdrv/nvm3/src/nvm3_lock.c.obj
LOAD CMakeFiles/slc.dir/base/opt/silabs/sdks/simplicity_sdk_2026.6.1/platform_core/platform/emdrv/nvm3/src/nvm3_object.c.obj
LOAD CMakeFiles/slc.dir/base/opt/silabs/sdks/simplicity_sdk_2026.6.1/platform_core/platform/emdrv/nvm3/src/nvm3_page.c.obj
LOAD CMakeFiles/slc.dir/base/opt/silabs/sdks/simplicity_sdk_2026.6.1/platform_core/platform/emdrv/nvm3/src/nvm3_utils.c.obj
LOAD CMakeFiles/slc.dir/base/opt/silabs/sdks/simplicity_sdk_2026.6.1/platform_core/platform/emlib/src/em_burtc.c.obj
LOAD CMakeFiles/slc.dir/base/opt/silabs/sdks/simplicity_sdk_2026.6.1/platform_core/platform/emlib/src/em_cmu.c.obj
LOAD CMakeFiles/slc.dir/base/opt/silabs/sdks/simplicity_sdk_2026.6.1/platform_core/platform/emlib/src/em_emu.c.obj
LOAD CMakeFiles/slc.dir/base/opt/silabs/sdks/simplicity_sdk_2026.6.1/platform_core/platform/emlib/src/em_gpio.c.obj
LOAD CMakeFiles/slc.dir/base/opt/silabs/sdks/simplicity_sdk_2026.6.1/platform_core/platform/emlib/src/em_msc.c.obj
LOAD CMakeFiles/slc.dir/base/opt/silabs/sdks/simplicity_sdk_2026.6.1/platform_core/platform/emlib/src/em_prs.c.obj
LOAD CMakeFiles/slc.dir/base/opt/silabs/sdks/simplicity_sdk_2026.6.1/platform_core/platform/emlib/src/em_rmu.c.obj
LOAD CMakeFiles/slc.dir/base/opt/silabs/sdks/simplicity_sdk_2026.6.1/platform_core/platform/emlib/src/em_rtcc.c.obj
LOAD CMakeFiles/slc.dir/base/opt/silabs/sdks/simplicity_sdk_2026.6.1/platform_core/platform/emlib/src/em_system.c.obj
LOAD CMakeFiles/slc.dir/base/opt/silabs/sdks/simplicity_sdk_2026.6.1/platform_core/platform/emlib/src/em_timer.c.obj
LOAD CMakeFiles/slc.dir/base/opt/silabs/sdks/simplicity_sdk_2026.6.1/platform_core/platform/peripheral/src/sl_hal_gpio.c.obj
LOAD CMakeFiles/slc.dir/base/opt/silabs/sdks/simplicity_sdk_2026.6.1/platform_core/platform/peripheral/src/sl_hal_ldma.c.obj
LOAD CMakeFiles/slc.dir/base/opt/silabs/sdks/simplicity_sdk_2026.6.1/platform_core/platform/peripheral/src/sl_hal_prs.c.obj
LOAD CMakeFiles/slc.dir/base/opt/silabs/sdks/simplicity_sdk_2026.6.1/platform_core/platform/peripheral/src/sl_hal_syscfg.c.obj
LOAD CMakeFiles/slc.dir/base/opt/silabs/sdks/simplicity_sdk_2026.6.1/platform_core/platform/peripheral/src/sl_hal_system.c.obj
LOAD CMakeFiles/slc.dir/base/opt/silabs/sdks/simplicity_sdk_2026.6.1/platform_core/platform/peripheral/src/sl_hal_timer.c.obj
LOAD CMakeFiles/slc.dir/base/opt/silabs/sdks/simplicity_sdk_2026.6.1/platform_core/platform/peripheral/src/sl_hal_usart.c.obj
LOAD CMakeFiles/slc.dir/base/opt/silabs/sdks/simplicity_sdk_2026.6.1/platform_core/platform/security/sl_component/se_manager/src/sl_se_manager.c.obj
LOAD CMakeFiles/slc.dir/base/opt/silabs/sdks/simplicity_sdk_2026.6.1/platform_core/platform/security/sl_component/se_manager/src/sl_se_manager_attestation.c.obj
LOAD CMakeFiles/slc.dir/base/opt/silabs/sdks/simplicity_sdk_2026.6.1/platform_core/platform/security/sl_component/se_manager/src/sl_se_manager_cipher.c.obj
LOAD CMakeFiles/slc.dir/base/opt/silabs/sdks/simplicity_sdk_2026.6.1/platform_core/platform/security/sl_component/se_manager/src/sl_se_manager_entropy.c.obj
LOAD CMakeFiles/slc.dir/base/opt/silabs/sdks/simplicity_sdk_2026.6.1/platform_core/platform/security/sl_component/se_manager/src/sl_se_manager_hash.c.obj
LOAD CMakeFiles/slc.dir/base/opt/silabs/sdks/simplicity_sdk_2026.6.1/platform_core/platform/security/sl_component/se_manager/src/sl_se_manager_key_derivation.c.obj
LOAD CMakeFiles/slc.dir/base/opt/silabs/sdks/simplicity_sdk_2026.6.1/platform_core/platform/security/sl_component/se_manager/src/sl_se_manager_key_handling.c.obj
LOAD CMakeFiles/slc.dir/base/opt/silabs/sdks/simplicity_sdk_2026.6.1/platform_core/platform/security/sl_component/se_manager/src/sl_se_manager_signature.c.obj
LOAD CMakeFiles/slc.dir/base/opt/silabs/sdks/simplicity_sdk_2026.6.1/platform_core/platform/security/sl_component/se_manager/src/sl_se_manager_util.c.obj
LOAD CMakeFiles/slc.dir/base/opt/silabs/sdks/simplicity_sdk_2026.6.1/platform_core/platform/security/sl_component/se_manager/src/sli_se_manager_mailbox.c.obj
LOAD CMakeFiles/slc.dir/base/opt/silabs/sdks/simplicity_sdk_2026.6.1/platform_core/platform/security/sl_component/sl_mbedtls_support/src/mbedtls_ccm.c.obj
LOAD CMakeFiles/slc.dir/base/opt/silabs/sdks/simplicity_sdk_2026.6.1/platform_core/platform/security/sl_component/sl_mbedtls_support/src/mbedtls_cmac.c.obj
LOAD CMakeFiles/slc.dir/base/opt/silabs/sdks/simplicity_sdk_2026.6.1/platform_core/platform/security/sl_component/sl_mbedtls_support/src/mbedtls_ecdsa_ecdh.c.obj
LOAD CMakeFiles/slc.dir/base/opt/silabs/sdks/simplicity_sdk_2026.6.1/platform_core/platform/security/sl_component/sl_mbedtls_support/src/mbedtls_sha.c.obj
LOAD CMakeFiles/slc.dir/base/opt/silabs/sdks/simplicity_sdk_2026.6.1/platform_core/platform/security/sl_component/sl_mbedtls_support/src/se_aes.c.obj
LOAD CMakeFiles/slc.dir/base/opt/silabs/sdks/simplicity_sdk_2026.6.1/platform_core/platform/security/sl_component/sl_mbedtls_support/src/se_jpake.c.obj
LOAD CMakeFiles/slc.dir/base/opt/silabs/sdks/simplicity_sdk_2026.6.1/platform_core/platform/security/sl_component/sl_mbedtls_support/src/sl_entropy_hardware.c.obj
LOAD CMakeFiles/slc.dir/base/opt/silabs/sdks/simplicity_sdk_2026.6.1/platform_core/platform/security/sl_component/sl_mbedtls_support/src/sl_mbedtls.c.obj
LOAD CMakeFiles/slc.dir/base/opt/silabs/sdks/simplicity_sdk_2026.6.1/platform_core/platform/security/sl_component/sl_mbedtls_support/src/sl_psa_crypto.c.obj
LOAD CMakeFiles/slc.dir/base/opt/silabs/sdks/simplicity_sdk_2026.6.1/platform_core/platform/security/sl_component/sl_mbedtls_support/src/sli_psa_crypto.c.obj
LOAD CMakeFiles/slc.dir/base/opt/silabs/sdks/simplicity_sdk_2026.6.1/platform_core/platform/security/sl_component/sl_protocol_crypto/src/sli_protocol_crypto_radioaes.c.obj
LOAD CMakeFiles/slc.dir/base/opt/silabs/sdks/simplicity_sdk_2026.6.1/platform_core/platform/security/sl_component/sl_protocol_crypto/src/sli_radioaes_management.c.obj
LOAD CMakeFiles/slc.dir/base/opt/silabs/sdks/simplicity_sdk_2026.6.1/platform_core/platform/security/sl_component/sl_psa_driver/src/sl_psa_its_nvm3.c.obj
LOAD CMakeFiles/slc.dir/base/opt/silabs/sdks/simplicity_sdk_2026.6.1/platform_core/platform/security/sl_component/sl_psa_driver/src/sli_psa_driver_common.c.obj
LOAD CMakeFiles/slc.dir/base/opt/silabs/sdks/simplicity_sdk_2026.6.1/platform_core/platform/security/sl_component/sl_psa_driver/src/sli_psa_driver_init.c.obj
LOAD CMakeFiles/slc.dir/base/opt/silabs/sdks/simplicity_sdk_2026.6.1/platform_core/platform/security/sl_component/sl_psa_driver/src/sli_psa_trng.c.obj
LOAD CMakeFiles/slc.dir/base/opt/silabs/sdks/simplicity_sdk_2026.6.1/platform_core/platform/security/sl_component/sl_psa_driver/src/sli_se_driver_aead.c.obj
LOAD CMakeFiles/slc.dir/base/opt/silabs/sdks/simplicity_sdk_2026.6.1/platform_core/platform/security/sl_component/sl_psa_driver/src/sli_se_driver_builtin_keys.c.obj
LOAD CMakeFiles/slc.dir/base/opt/silabs/sdks/simplicity_sdk_2026.6.1/platform_core/platform/security/sl_component/sl_psa_driver/src/sli_se_driver_cipher.c.obj
LOAD CMakeFiles/slc.dir/base/opt/silabs/sdks/simplicity_sdk_2026.6.1/platform_core/platform/security/sl_component/sl_psa_driver/src/sli_se_driver_key_derivation.c.obj
LOAD CMakeFiles/slc.dir/base/opt/silabs/sdks/simplicity_sdk_2026.6.1/platform_core/platform/security/sl_component/sl_psa_driver/src/sli_se_driver_key_management.c.obj
LOAD CMakeFiles/slc.dir/base/opt/silabs/sdks/simplicity_sdk_2026.6.1/platform_core/platform/security/sl_component/sl_psa_driver/src/sli_se_driver_mac.c.obj
LOAD CMakeFiles/slc.dir/base/opt/silabs/sdks/simplicity_sdk_2026.6.1/platform_core/platform/security/sl_component/sl_psa_driver/src/sli_se_driver_signature.c.obj
LOAD CMakeFiles/slc.dir/base/opt/silabs/sdks/simplicity_sdk_2026.6.1/platform_core/platform/security/sl_component/sl_psa_driver/src/sli_se_opaque_driver_aead.c.obj
LOAD CMakeFiles/slc.dir/base/opt/silabs/sdks/simplicity_sdk_2026.6.1/platform_core/platform/security/sl_component/sl_psa_driver/src/sli_se_opaque_driver_cipher.c.obj
LOAD CMakeFiles/slc.dir/base/opt/silabs/sdks/simplicity_sdk_2026.6.1/platform_core/platform/security/sl_component/sl_psa_driver/src/sli_se_opaque_driver_mac.c.obj
LOAD CMakeFiles/slc.dir/base/opt/silabs/sdks/simplicity_sdk_2026.6.1/platform_core/platform/security/sl_component/sl_psa_driver/src/sli_se_opaque_key_derivation.c.obj
LOAD CMakeFiles/slc.dir/base/opt/silabs/sdks/simplicity_sdk_2026.6.1/platform_core/platform/security/sl_component/sl_psa_driver/src/sli_se_transparent_driver_aead.c.obj
LOAD CMakeFiles/slc.dir/base/opt/silabs/sdks/simplicity_sdk_2026.6.1/platform_core/platform/security/sl_component/sl_psa_driver/src/sli_se_transparent_driver_cipher.c.obj
LOAD CMakeFiles/slc.dir/base/opt/silabs/sdks/simplicity_sdk_2026.6.1/platform_core/platform/security/sl_component/sl_psa_driver/src/sli_se_transparent_driver_hash.c.obj
LOAD CMakeFiles/slc.dir/base/opt/silabs/sdks/simplicity_sdk_2026.6.1/platform_core/platform/security/sl_component/sl_psa_driver/src/sli_se_transparent_driver_mac.c.obj
LOAD CMakeFiles/slc.dir/base/opt/silabs/sdks/simplicity_sdk_2026.6.1/platform_core/platform/security/sl_component/sl_psa_driver/src/sli_se_transparent_key_derivation.c.obj
LOAD CMakeFiles/slc.dir/base/opt/silabs/sdks/simplicity_sdk_2026.6.1/platform_core/platform/security/sl_component/sl_psa_driver/src/sli_se_version_dependencies.c.obj
LOAD CMakeFiles/slc.dir/base/opt/silabs/sdks/simplicity_sdk_2026.6.1/platform_core/platform/service/clock_manager/src/sl_clock_manager.c.obj
LOAD CMakeFiles/slc.dir/base/opt/silabs/sdks/simplicity_sdk_2026.6.1/platform_core/platform/service/clock_manager/src/sl_clock_manager_hal_s2.c.obj
LOAD CMakeFiles/slc.dir/base/opt/silabs/sdks/simplicity_sdk_2026.6.1/platform_core/platform/service/clock_manager/src/sl_clock_manager_init.c.obj
LOAD CMakeFiles/slc.dir/base/opt/silabs/sdks/simplicity_sdk_2026.6.1/platform_core/platform/service/clock_manager/src/sl_clock_manager_init_hal_s2.c.obj
LOAD CMakeFiles/slc.dir/base/opt/silabs/sdks/simplicity_sdk_2026.6.1/platform_core/platform/service/device_init/src/sl_device_init_emu_s2.c.obj
LOAD CMakeFiles/slc.dir/base/opt/silabs/sdks/simplicity_sdk_2026.6.1/platform_core/platform/service/device_manager/devices/sl_device_peripheral_hal_efr32xg21.c.obj
LOAD CMakeFiles/slc.dir/base/opt/silabs/sdks/simplicity_sdk_2026.6.1/platform_core/platform/service/device_manager/dma/sl_device_dma_s2.c.obj
LOAD CMakeFiles/slc.dir/base/opt/silabs/sdks/simplicity_sdk_2026.6.1/platform_core/platform/service/device_manager/src/sl_device_clock.c.obj
LOAD CMakeFiles/slc.dir/base/opt/silabs/sdks/simplicity_sdk_2026.6.1/platform_core/platform/service/device_manager/src/sl_device_dma.c.obj
LOAD CMakeFiles/slc.dir/base/opt/silabs/sdks/simplicity_sdk_2026.6.1/platform_core/platform/service/device_manager/src/sl_device_gpio.c.obj
LOAD CMakeFiles/slc.dir/base/opt/silabs/sdks/simplicity_sdk_2026.6.1/platform_core/platform/service/device_manager/src/sl_device_peripheral.c.obj
LOAD CMakeFiles/slc.dir/base/opt/silabs/sdks/simplicity_sdk_2026.6.1/platform_core/platform/service/dma_manager/src/sl_dma_manager.c.obj
LOAD CMakeFiles/slc.dir/base/opt/silabs/sdks/simplicity_sdk_2026.6.1/platform_core/platform/service/dma_manager/src/sl_dma_manager_hal_ldma.c.obj
LOAD CMakeFiles/slc.dir/base/opt/silabs/sdks/simplicity_sdk_2026.6.1/platform_core/platform/service/interrupt_manager/src/sl_interrupt_manager_cortexm.c.obj
LOAD CMakeFiles/slc.dir/base/opt/silabs/sdks/simplicity_sdk_2026.6.1/platform_core/platform/service/memory_manager/src/sl_memory_manager.c.obj
LOAD CMakeFiles/slc.dir/base/opt/silabs/sdks/simplicity_sdk_2026.6.1/platform_core/platform/service/memory_manager/src/sl_memory_manager_cpp.cpp.obj
LOAD CMakeFiles/slc.dir/base/opt/silabs/sdks/simplicity_sdk_2026.6.1/platform_core/platform/service/memory_manager/src/sl_memory_manager_dynamic_reservation.c.obj
LOAD CMakeFiles/slc.dir/base/opt/silabs/sdks/simplicity_sdk_2026.6.1/platform_core/platform/service/memory_manager/src/sl_memory_manager_pool.c.obj
LOAD CMakeFiles/slc.dir/base/opt/silabs/sdks/simplicity_sdk_2026.6.1/platform_core/platform/service/memory_manager/src/sl_memory_manager_pool_common.c.obj
LOAD CMakeFiles/slc.dir/base/opt/silabs/sdks/simplicity_sdk_2026.6.1/platform_core/platform/service/memory_manager/src/sl_memory_manager_region.c.obj
LOAD CMakeFiles/slc.dir/base/opt/silabs/sdks/simplicity_sdk_2026.6.1/platform_core/platform/service/memory_manager/src/sl_memory_manager_retarget.c.obj
LOAD CMakeFiles/slc.dir/base/opt/silabs/sdks/simplicity_sdk_2026.6.1/platform_core/platform/service/memory_manager/src/sli_memory_manager_common.c.obj
LOAD CMakeFiles/slc.dir/base/opt/silabs/sdks/simplicity_sdk_2026.6.1/platform_core/platform/service/mpu/src/sl_mpu_s2.c.obj
LOAD CMakeFiles/slc.dir/base/opt/silabs/sdks/simplicity_sdk_2026.6.1/platform_core/platform/service/sl_main/src/sl_main_init.c.obj
LOAD CMakeFiles/slc.dir/base/opt/silabs/sdks/simplicity_sdk_2026.6.1/platform_core/platform/service/sl_main/src/sl_main_init_memory.c.obj
LOAD CMakeFiles/slc.dir/base/opt/silabs/sdks/simplicity_sdk_2026.6.1/platform_core/platform/service/sl_main/src/sl_main_process_action.c.obj
LOAD CMakeFiles/slc.dir/base/opt/silabs/sdks/simplicity_sdk_2026.6.1/platform_core/platform/service/sleeptimer/src/sl_sleeptimer.c.obj
LOAD CMakeFiles/slc.dir/base/opt/silabs/sdks/simplicity_sdk_2026.6.1/platform_core/platform/service/sleeptimer/src/sl_sleeptimer_hal_burtc.c.obj
LOAD CMakeFiles/slc.dir/base/opt/silabs/sdks/simplicity_sdk_2026.6.1/platform_core/platform/service/sleeptimer/src/sl_sleeptimer_hal_prortc.c.obj
LOAD CMakeFiles/slc.dir/base/opt/silabs/sdks/simplicity_sdk_2026.6.1/platform_core/platform/service/sleeptimer/src/sl_sleeptimer_hal_rtcc.c.obj
LOAD CMakeFiles/slc.dir/base/opt/silabs/sdks/simplicity_sdk_2026.6.1/platform_core/platform/service/sleeptimer/src/sl_sleeptimer_hal_timer.c.obj
LOAD CMakeFiles/slc.dir/base/opt/silabs/sdks/simplicity_sdk_2026.6.1/platform_core/util/silicon_labs/silabs_core/queue/circular_queue.c.obj
LOAD CMakeFiles/slc.dir/base/opt/silabs/sdks/simplicity_sdk_2026.6.1/rail_library/plugin/coexistence/common/coexistence-pwm.c.obj
LOAD CMakeFiles/slc.dir/base/opt/silabs/sdks/simplicity_sdk_2026.6.1/rail_library/plugin/coexistence/common/coexistence.c.obj
LOAD CMakeFiles/slc.dir/base/opt/silabs/sdks/simplicity_sdk_2026.6.1/rail_library/plugin/coexistence/hal/efr32/coexistence-directional-priority.c.obj
LOAD CMakeFiles/slc.dir/base/opt/silabs/sdks/simplicity_sdk_2026.6.1/rail_library/plugin/coexistence/hal/efr32/coexistence-hal.c.obj
LOAD CMakeFiles/slc.dir/base/opt/silabs/sdks/simplicity_sdk_2026.6.1/rail_library/plugin/coexistence/protocol/ieee802154_uc/coexistence-802154.c.obj
LOAD CMakeFiles/slc.dir/base/opt/silabs/sdks/simplicity_sdk_2026.6.1/rail_library/plugin/coexistence/protocol/ieee802154_uc/coexistence-ot.c.obj
LOAD CMakeFiles/slc.dir/base/opt/silabs/sdks/simplicity_sdk_2026.6.1/rail_library/plugin/sl_rail_util_built_in_phys/efr32xg21/sl_rail_ble_config.c.obj
LOAD CMakeFiles/slc.dir/base/opt/silabs/sdks/simplicity_sdk_2026.6.1/rail_library/plugin/sl_rail_util_built_in_phys/efr32xg21/sl_rail_ieee802154_config.c.obj
LOAD CMakeFiles/slc.dir/base/opt/silabs/sdks/simplicity_sdk_2026.6.1/rail_library/plugin/sl_rail_util_built_in_phys/sl_rail_util_built_in_phys.c.obj
LOAD CMakeFiles/slc.dir/base/opt/silabs/sdks/simplicity_sdk_2026.6.1/rail_library/plugin/sl_rail_util_dma/sl_rail_util_dma.c.obj
LOAD CMakeFiles/slc.dir/base/opt/silabs/sdks/simplicity_sdk_2026.6.1/rail_library/plugin/sl_rail_util_ieee802154/sl_rail_util_ieee802154_fast_channel_switching.c.obj
LOAD CMakeFiles/slc.dir/base/opt/silabs/sdks/simplicity_sdk_2026.6.1/rail_library/plugin/sl_rail_util_pa_conversions/sl_rail_util_pa_conversions.c.obj
LOAD CMakeFiles/slc.dir/base/opt/silabs/sdks/simplicity_sdk_2026.6.1/rail_library/plugin/sl_rail_util_pa_conversions/sl_rail_util_pa_tables.c.obj
LOAD CMakeFiles/slc.dir/base/opt/silabs/sdks/simplicity_sdk_2026.6.1/rail_library/plugin/sl_rail_util_pti/sl_rail_util_pti.c.obj
LOAD CMakeFiles/slc.dir/base/opt/silabs/sdks/simplicity_sdk_2026.6.1/rail_library/plugin/sl_rail_util_rf_path/sl_rail_util_rf_path.c.obj
LOAD CMakeFiles/slc.dir/base/opt/silabs/sdks/simplicity_sdk_2026.6.1/rail_library/plugin/sl_rail_util_rssi/sl_rail_util_rssi.c.obj
LOAD CMakeFiles/slc.dir/base/sdk2026-firmware/source/app.c.obj
LOAD CMakeFiles/slc.dir/base/sdk2026-firmware/generated/autogen/coexistence_event.c.obj
LOAD CMakeFiles/slc.dir/base/sdk2026-firmware/generated/autogen/sl_cpc_instance_handles.c.obj
LOAD CMakeFiles/slc.dir/base/sdk2026-firmware/generated/autogen/sl_dma_manager_instances.c.obj
LOAD CMakeFiles/slc.dir/base/sdk2026-firmware/generated/autogen/sl_event_handler.c.obj
LOAD CMakeFiles/slc.dir/base/sdk2026-firmware/generated/autogen/sl_ot_init.c.obj
LOAD CMakeFiles/slc.dir/base/sdk2026-firmware/generated/autogen/sl_rail_util_ieee802154_phy_select.c.obj
LOAD CMakeFiles/slc.dir/base/sdk2026-firmware/generated/autogen/sl_rail_util_ieee802154_stack_event.c.obj
LOAD CMakeFiles/slc.dir/base/sdk2026-firmware/generated/main.c.obj
LOAD CMakeFiles/slc.dir/base/sdk2026-firmware/source/startup_trace.c.obj
START GROUP
LOAD /opt/toolchains/gcc-arm-none-eabi/bin/../lib/gcc/arm-none-eabi/14.2.1/../../../../arm-none-eabi/lib/thumb/v8-m.main+fp/hard/libstdc++_nano.a
LOAD /opt/toolchains/gcc-arm-none-eabi/bin/../lib/gcc/arm-none-eabi/14.2.1/thumb/v8-m.main+fp/hard/libgcc.a
LOAD /opt/toolchains/gcc-arm-none-eabi/bin/../lib/gcc/arm-none-eabi/14.2.1/../../../../arm-none-eabi/lib/thumb/v8-m.main+fp/hard/libc_nano.a
LOAD /opt/toolchains/gcc-arm-none-eabi/bin/../lib/gcc/arm-none-eabi/14.2.1/../../../../arm-none-eabi/lib/thumb/v8-m.main+fp/hard/libm.a
LOAD /opt/toolchains/gcc-arm-none-eabi/bin/../lib/gcc/arm-none-eabi/14.2.1/../../../../arm-none-eabi/lib/thumb/v8-m.main+fp/hard/libnosys.a
LOAD /opt/silabs/sdks/simplicity_sdk_2026.6.1/openthread/libs/build/gcc/cortex-m33/sl-openthread-library/Release/libsl_openthread.a
LOAD /opt/silabs/sdks/simplicity_sdk_2026.6.1/rail_library/autogen/librail_release/librail_efr32xg21_gcc_release.a
END GROUP
START GROUP
LOAD /opt/toolchains/gcc-arm-none-eabi/bin/../lib/gcc/arm-none-eabi/14.2.1/thumb/v8-m.main+fp/hard/libgcc.a
LOAD /opt/toolchains/gcc-arm-none-eabi/bin/../lib/gcc/arm-none-eabi/14.2.1/../../../../arm-none-eabi/lib/thumb/v8-m.main+fp/hard/libc_nano.a
END GROUP
START GROUP
LOAD /opt/toolchains/gcc-arm-none-eabi/bin/../lib/gcc/arm-none-eabi/14.2.1/thumb/v8-m.main+fp/hard/libgcc.a
LOAD /opt/toolchains/gcc-arm-none-eabi/bin/../lib/gcc/arm-none-eabi/14.2.1/../../../../arm-none-eabi/lib/thumb/v8-m.main+fp/hard/libc_nano.a
END GROUP
LOAD /opt/toolchains/gcc-arm-none-eabi/bin/../lib/gcc/arm-none-eabi/14.2.1/thumb/v8-m.main+fp/hard/crtend.o
LOAD /opt/toolchains/gcc-arm-none-eabi/bin/../lib/gcc/arm-none-eabi/14.2.1/thumb/v8-m.main+fp/hard/crtn.o

.vectors        0x00004000      0x134
                0x00004000                        linker_vectors_begin = .
 *(.vectors)
 .vectors       0x00004000      0x134 /tmp/cccPCN4S.ltrans0.ltrans.o
                0x00004000                __Vectors
                0x00004134                        linker_vectors_end = .
                0x00004134                        __Vectors_End = .
                0x00004134                        __Vectors_Size = (__Vectors_End - __Vectors)

.bootloader_reset_section
                0x20000000        0x4
                0x20000000                        __ResetReasonStart__ = .
                0x20000004                        . = (. + 0x4)
 *fill*         0x20000000        0x4 
                0x20000004                        . = ALIGN (0x4)
                0x20000004                        __ResetReasonEnd__ = .

.stack          0x20000008      0xac0
                0x20000008                        . = ALIGN (0x8)
                0x20000008                        __stack_limit = .
                0x20000008                        __StackLimit = .
 *(.stack*)
 .stack         0x20000008      0xac0 /tmp/cccPCN4S.ltrans3.ltrans.o
                0x20000ac8                        . = ALIGN (0x4)
                0x20000ac8                        __stack = .
                0x20000ac8                        __StackTop = .

.bss            0x20000ac8     0x32b8
                0x20000ac8                        . = ALIGN (0x4)
                0x20000ac8                        __bss_start__ = .
 *(SORT_BY_ALIGNMENT(.bss*))
 .bss           0x20000ac8      0x2c8 /tmp/cccPCN4S.ltrans0.ltrans.o
                0x20000ad2                bootloader_ppusatdConfigstate.lto_priv.0
                0x20000ad8                nvm3_defaultHandleData
                0x20000b58                write_channel
                0x20000b5c                default_dma_handle
                0x20000b80                security_ep.lto_priv.0
                0x20000b8c                security_endpoint_in_error.lto_priv.0
                0x20000b94                security_state.lto_priv.0
                0x20000b98                on_state_change.lto_priv.1
                0x20000b9c                security_ctx.lto_priv.0
                0x20000bb0                mbedtls_ct_zero
                0x20000cb4                session_key_id.lto_priv.0
                0x20000d88                max_millisecond_conversion.lto_priv.0
                0x20000d8c                timer_frequency.lto_priv.0
 .bss           0x20000d90      0xc20 /tmp/cccPCN4S.ltrans1.ltrans.o
                0x20000d90                sMsAlarmHandles.lto_priv.0
                0x20000dd8                _ZN2otL17gMultiInstanceRawE.lto_priv.0
                0x20000fb8                sUsAlarmHandles.lto_priv.0
                0x20001004                srcMatchShortEntry.lto_priv.0
                0x20001084                srcMatchExtEntry.lto_priv.0
                0x20001104                sDiagMode.lto_priv.0
                0x20001108                ot::Ncp::NcpBase::sNcpInstance
                0x2000110c                emPhyRailHandle
                0x2000111c                _ZL12sPromiscuous.lto_priv.0
                0x2000111e                savedResetCause.lto_priv.0
                0x20001124                _ZL16sCurrentTxPacket.lto_priv.0
                0x20001128                _ZL12sEnergyScans.lto_priv.0
                0x20001130                _ZL19sCurrentEventConfig.lto_priv.0
                0x20001138                _ZL20sChannelSwitchingCfg.lto_priv.0
                0x2000114c                _ZL11sBandConfig.lto_priv.0
                0x20001158                _ZL8sReceive.lto_priv.0
                0x20001188                _ZL11sReceiveAck.lto_priv.0
                0x200011b8                _ZL8sMacKeys.lto_priv.0
                0x200012e0                ot::Random::Manager::sInitCount
                0x200012e4                ot::Random::Manager::sPrng
                0x200012e8                gp_state.lto_priv.0
                0x200012f0                gpStateTimeOut.lto_priv.0
                0x200012f8                _ZL15sTransmitBuffer.lto_priv.0
                0x20001358                _ZL13sReceiveError.lto_priv.0
                0x20001369                _ZL18sIsSrcMatchEnabled.lto_priv.0
                0x2000136a                _ZL8sLastLqi.lto_priv.0
                0x2000136b                _ZL9sLastRssi.lto_priv.0
                0x2000137d                _ZL20sli_default_tx_power.lto_priv.0
                0x2000137f                _ZL21sli_max_channel_power.lto_priv.0
                0x20001408                active_radio_config.lto_priv.0
                0x20001424                sResetCause.lto_priv.0
                0x20001430                sBufferedTxInstance.lto_priv.0
                0x20001534                _ZL20sPendingCommandQueue.lto_priv.0
                0x20001598                _ZL14sRxPacketQueue.lto_priv.0
                0x200015e4                _ZL22sRxPacketMemPoolHandle.lto_priv.0
                0x20001698                _ZL10rail_timer.lto_priv.0
                0x20001970                sli_general_purpose_heap
                0x20001998                ot::gActiveInstance
                0x200019a0                sPendingTimeMs.lto_priv.0
 .bss           0x200019b0     0x1420 /tmp/cccPCN4S.ltrans3.ltrans.o
 .bss.sli_rail_f5d6bd4b87b830444924423a67685a3c
                0x20002dd0      0x1a8 /opt/silabs/sdks/simplicity_sdk_2026.6.1/rail_library/autogen/librail_release/librail_efr32xg21_gcc_release.a(rail_rf.o)
 .bss.sli_rail_9fd4b577a88245688a41c225ff145d2d
                0x20002f78       0x80 /opt/silabs/sdks/simplicity_sdk_2026.6.1/rail_library/autogen/librail_release/librail_efr32xg21_gcc_release.a(rail_data.o)
 .bss.sli_rail_777a68850e0def020883ab472a8f9826
                0x20002ff8        0x8 /opt/silabs/sdks/simplicity_sdk_2026.6.1/rail_library/autogen/librail_release/librail_efr32xg21_gcc_release.a(generic_phy.o)
                0x20002ff8                sli_rail_777a68850e0def020883ab472a8f9826
 .bss.object.0  0x20003000       0x18 /opt/toolchains/gcc-arm-none-eabi/bin/../lib/gcc/arm-none-eabi/14.2.1/thumb/v8-m.main+fp/hard/crtbegin.o
 .bss           0x20003018      0x860 /tmp/cccPCN4S.ltrans2.ltrans.o
                0x20003140                timer_head.lto_priv.0
                0x20003144                irqState
                0x200031a0                nvm3_internalObjectHandleA
                0x200031f8                ctuneDelta.lto_priv.0
                0x200031fc                sli_radioaes_mask
                0x20003200                dma_handle_list
                0x2000320c                region_nbr.lto_priv.0
                0x20003214                overflow_counter.lto_priv.0
                0x20003218                last_delta_update_count.lto_priv.0
 .bss.__sf      0x20003878      0x138 /opt/toolchains/gcc-arm-none-eabi/bin/../lib/gcc/arm-none-eabi/14.2.1/../../../../arm-none-eabi/lib/thumb/v8-m.main+fp/hard/libc_nano.a(libc_a-findfp.o)
                0x20003878                __sf
 .bss.__stdio_exit_handler
                0x200039b0        0x4 /opt/toolchains/gcc-arm-none-eabi/bin/../lib/gcc/arm-none-eabi/14.2.1/../../../../arm-none-eabi/lib/thumb/v8-m.main+fp/hard/libc_nano.a(libc_a-findfp.o)
                0x200039b0                __stdio_exit_handler
 .bss.errno     0x200039b4        0x4 /opt/toolchains/gcc-arm-none-eabi/bin/../lib/gcc/arm-none-eabi/14.2.1/../../../../arm-none-eabi/lib/thumb/v8-m.main+fp/hard/libc_nano.a(libc_a-reent.o)
                0x200039b4                errno
 .bss.sli_rail_af3c6973dddd532ce508e3f9924571a4
                0x200039b8        0x4 /opt/silabs/sdks/simplicity_sdk_2026.6.1/rail_library/autogen/librail_release/librail_efr32xg21_gcc_release.a(rail_singleprotocol.o)
 .bss.RAIL_ActiveHandle
                0x200039bc        0x4 /opt/silabs/sdks/simplicity_sdk_2026.6.1/rail_library/autogen/librail_release/librail_efr32xg21_gcc_release.a(rail_singleprotocol.o)
                0x200039bc                RAIL_ActiveHandle
 .bss.sli_rail_40239c088b63e28dca4ffa1c3ebff3f8
                0x200039c0       0x18 /opt/silabs/sdks/simplicity_sdk_2026.6.1/rail_library/autogen/librail_release/librail_efr32xg21_gcc_release.a(rail_singleprotocol.o)
 .bss.sli_rail_b2d4e2f0808167209d1dba530e0bb939
                0x200039d8      0x200 /opt/silabs/sdks/simplicity_sdk_2026.6.1/rail_library/autogen/librail_release/librail_efr32xg21_gcc_release.a(rail_data.o)
 .bss.sli_rail_assert_rail_handle
                0x20003bd8        0x4 /opt/silabs/sdks/simplicity_sdk_2026.6.1/rail_library/autogen/librail_release/librail_efr32xg21_gcc_release.a(rail_assert.o)
                0x20003bd8                sli_rail_assert_rail_handle
 .bss.sli_rail_assert_line_number
                0x20003bdc        0x4 /opt/silabs/sdks/simplicity_sdk_2026.6.1/rail_library/autogen/librail_release/librail_efr32xg21_gcc_release.a(rail_assert.o)
                0x20003bdc                sli_rail_assert_line_number
 .bss.sli_rail_3cd6e3eb26b79066c57acbc15bb361a0
                0x20003be0        0x4 /opt/silabs/sdks/simplicity_sdk_2026.6.1/rail_library/autogen/librail_release/librail_efr32xg21_gcc_release.a(tmrdrv.o)
 .bss.sli_rail_d620a81264ef4c96820fe504d41a4ec3
                0x20003be4        0x4 /opt/silabs/sdks/simplicity_sdk_2026.6.1/rail_library/autogen/librail_release/librail_efr32xg21_gcc_release.a(tmrdrv.o)
 .bss.sli_rail_54d89e3959a4bbc543e302fea6710f95
                0x20003be8        0x4 /opt/silabs/sdks/simplicity_sdk_2026.6.1/rail_library/autogen/librail_release/librail_efr32xg21_gcc_release.a(sli_rail_power_manager.o)
                0x20003be8                sli_rail_54d89e3959a4bbc543e302fea6710f95
 .bss.sli_rail_ff5397f38ac9ffe78ebd137a9facd21f
                0x20003bec        0x4 /opt/silabs/sdks/simplicity_sdk_2026.6.1/rail_library/autogen/librail_release/librail_efr32xg21_gcc_release.a(rail_rf_hal.o)
 .bss.sli_rail_dbb82339d422f9efde7344caa6224fa6
                0x20003bf0        0x4 /opt/silabs/sdks/simplicity_sdk_2026.6.1/rail_library/autogen/librail_release/librail_efr32xg21_gcc_release.a(rail_rf_hal.o)
                0x20003bf0                sli_rail_dbb82339d422f9efde7344caa6224fa6
 .bss.sli_rail_2c64439bef0520ed6b99a1cb60a3db45
                0x20003bf4        0x4 /opt/silabs/sdks/simplicity_sdk_2026.6.1/rail_library/autogen/librail_release/librail_efr32xg21_gcc_release.a(rail_rf_hal.o)
 .bss.sli_rail_f220d21fdb41383218da79e92497d6e0
                0x20003bf8        0x4 /opt/silabs/sdks/simplicity_sdk_2026.6.1/rail_library/autogen/librail_release/librail_efr32xg21_gcc_release.a(rail_rf_hal.o)
                0x20003bf8                sli_rail_f220d21fdb41383218da79e92497d6e0
 .bss.sli_rail_3ea1310630094970e045419dd399cb93
                0x20003bfc        0x4 /opt/silabs/sdks/simplicity_sdk_2026.6.1/rail_library/autogen/librail_release/librail_efr32xg21_gcc_release.a(rail_rf_hal.o)
                0x20003bfc                sli_rail_3ea1310630094970e045419dd399cb93
 .bss.sli_rail_ed16766c587fa63e77da03f1b51ef62a
                0x20003c00        0x4 /opt/silabs/sdks/simplicity_sdk_2026.6.1/rail_library/autogen/librail_release/librail_efr32xg21_gcc_release.a(rail_rf_hal.o)
 .bss.sli_rail_8b603bfacbd416d9fed4157d0fe5952f
                0x20003c04        0x4 /opt/silabs/sdks/simplicity_sdk_2026.6.1/rail_library/autogen/librail_release/librail_efr32xg21_gcc_release.a(rail_rf_hal.o)
 .bss.sli_rail_e596de4f8292ec5a59bf4d802ccf94ce
                0x20003c08        0x4 /opt/silabs/sdks/simplicity_sdk_2026.6.1/rail_library/autogen/librail_release/librail_efr32xg21_gcc_release.a(rail_rf_hal.o)
 .bss.sli_rail_748909c08d80a1f9858aa109ddb16d16
                0x20003c0c        0x4 /opt/silabs/sdks/simplicity_sdk_2026.6.1/rail_library/autogen/librail_release/librail_efr32xg21_gcc_release.a(rail_rf_hal.o)
 .bss.sli_rail_a38a6265fbc5cbe2cc3228410b65ace5
                0x20003c10        0x4 /opt/silabs/sdks/simplicity_sdk_2026.6.1/rail_library/autogen/librail_release/librail_efr32xg21_gcc_release.a(rail_rf_hal.o)
                0x20003c10                sli_rail_a38a6265fbc5cbe2cc3228410b65ace5
 .bss.sli_rail_dcde16df7cedd595b97bd2a7aa082524
                0x20003c14        0x4 /opt/silabs/sdks/simplicity_sdk_2026.6.1/rail_library/autogen/librail_release/librail_efr32xg21_gcc_release.a(rail_ieee802154_rf_hal.o)
                0x20003c14                sli_rail_dcde16df7cedd595b97bd2a7aa082524
 .bss.sli_rail_2c83a429df0ac09a485d2660685c629a
                0x20003c18        0x4 /opt/silabs/sdks/simplicity_sdk_2026.6.1/rail_library/autogen/librail_release/librail_efr32xg21_gcc_release.a(rail_ieee802154_rf_hal.o)
                0x20003c18                sli_rail_2c83a429df0ac09a485d2660685c629a
 .bss.sli_rail_8e5f92557b02add76aa494081820c844
                0x20003c1c        0x4 /opt/silabs/sdks/simplicity_sdk_2026.6.1/rail_library/autogen/librail_release/librail_efr32xg21_gcc_release.a(rail_ieee802154_rf_hal.o)
                0x20003c1c                sli_rail_8e5f92557b02add76aa494081820c844
 .bss.sli_rail_416b8bd069a196e46ab21a61f0b8399d
                0x20003c20        0x4 /opt/silabs/sdks/simplicity_sdk_2026.6.1/rail_library/autogen/librail_release/librail_efr32xg21_gcc_release.a(rail_ieee802154_rf_hal.o)
 .bss.sli_rail_1f4b458cd70474e6143b1726fe373f2d
                0x20003c24        0x4 /opt/silabs/sdks/simplicity_sdk_2026.6.1/rail_library/autogen/librail_release/librail_efr32xg21_gcc_release.a(rail_ieee802154_rf_hal.o)
 .bss.sli_rail_101f4b3f7ec22758e9c3af4867b037bf
                0x20003c28        0x4 /opt/silabs/sdks/simplicity_sdk_2026.6.1/rail_library/autogen/librail_release/librail_efr32xg21_gcc_release.a(rfhal_bufc.o)
 .bss.sli_rail_e119b6e8991410a924ce1e2fa666a230
                0x20003c2c        0x4 /opt/silabs/sdks/simplicity_sdk_2026.6.1/rail_library/autogen/librail_release/librail_efr32xg21_gcc_release.a(rfhal_pa.o)
 .bss.sli_rail_4ceed477bbf6903223af2cc67199ad53
                0x20003c30       0x2c /opt/silabs/sdks/simplicity_sdk_2026.6.1/rail_library/autogen/librail_release/librail_efr32xg21_gcc_release.a(rfhal_pa.o)
 .bss.sli_rail_3082dc03578b7e93b8446658db7d9dfc
                0x20003c5c        0x4 /opt/silabs/sdks/simplicity_sdk_2026.6.1/rail_library/autogen/librail_release/librail_efr32xg21_gcc_release.a(rfhal_pa.o)
 .bss.sli_rail_a6f5c273b65932798e9fe42a4135c816
                0x20003c60        0x4 /opt/silabs/sdks/simplicity_sdk_2026.6.1/rail_library/autogen/librail_release/librail_efr32xg21_gcc_release.a(rfhal_pa.o)
 .bss.sli_rail_a7ecbdc9460bec98d7781dd81a879a8b
                0x20003c64       0x14 /opt/silabs/sdks/simplicity_sdk_2026.6.1/rail_library/autogen/librail_release/librail_efr32xg21_gcc_release.a(rfhal_pti.o)
 .bss.sli_rail_77815a23ee974b1b058991f6802f3a27
                0x20003c78        0x4 /opt/silabs/sdks/simplicity_sdk_2026.6.1/rail_library/autogen/librail_release/librail_efr32xg21_gcc_release.a(rfhal_protimer.o)
                0x20003c78                sli_rail_77815a23ee974b1b058991f6802f3a27
 .bss.sli_rail_ba76bc65df776304e41de87b98615d59
                0x20003c7c        0x4 /opt/silabs/sdks/simplicity_sdk_2026.6.1/rail_library/autogen/librail_release/librail_efr32xg21_gcc_release.a(rfhal_protimer.o)
                0x20003c7c                sli_rail_ba76bc65df776304e41de87b98615d59
 .bss.sli_rail_b12f64a1631cb80aaba93bc7e62c5401
                0x20003c80        0x4 /opt/silabs/sdks/simplicity_sdk_2026.6.1/rail_library/autogen/librail_release/librail_efr32xg21_gcc_release.a(rfhal_protimer.o)
                0x20003c80                sli_rail_b12f64a1631cb80aaba93bc7e62c5401
 .bss.sli_rail_cd01ef0a536530215319ced12540ac0b
                0x20003c84        0x4 /opt/silabs/sdks/simplicity_sdk_2026.6.1/rail_library/autogen/librail_release/librail_efr32xg21_gcc_release.a(rfhal_protimer.o)
                0x20003c84                sli_rail_cd01ef0a536530215319ced12540ac0b
 .bss.sli_rail_28b654493fd84ce3d4a1eafa51d2de06
                0x20003c88        0x4 /opt/silabs/sdks/simplicity_sdk_2026.6.1/rail_library/autogen/librail_release/librail_efr32xg21_gcc_release.a(rfhal_protimer.o)
                0x20003c88                sli_rail_28b654493fd84ce3d4a1eafa51d2de06
 .bss.sli_rail_053617c4332bb6c7cf6732ee3488f196
                0x20003c8c       0x30 /opt/silabs/sdks/simplicity_sdk_2026.6.1/rail_library/autogen/librail_release/librail_efr32xg21_gcc_release.a(rfhal_radio.o)
 .bss.sli_rail_552258c80e16b1b784f1f040fd6885cd
                0x20003cbc        0x4 /opt/silabs/sdks/simplicity_sdk_2026.6.1/rail_library/autogen/librail_release/librail_efr32xg21_gcc_release.a(rfhal_rftest.o)
 .bss.sli_rail_5ba9f850d8c5f4ae1b7ed68ba1fe90f6
                0x20003cc0       0x34 /opt/silabs/sdks/simplicity_sdk_2026.6.1/rail_library/autogen/librail_release/librail_efr32xg21_gcc_release.a(rfhal_rftest.o)
 .bss.sli_rail_9772a56348ac5169cecf98cbd5bf354a
                0x20003cf4        0x4 /opt/silabs/sdks/simplicity_sdk_2026.6.1/rail_library/autogen/librail_release/librail_efr32xg21_gcc_release.a(rfhal_synth.o)
                0x20003cf4                sli_rail_9772a56348ac5169cecf98cbd5bf354a
 .bss.sli_rail_b3277c249eebb2d1a759007533fcb3d2
                0x20003cf8        0x4 /opt/silabs/sdks/simplicity_sdk_2026.6.1/rail_library/autogen/librail_release/librail_efr32xg21_gcc_release.a(rfhal_synth.o)
                0x20003cf8                sli_rail_b3277c249eebb2d1a759007533fcb3d2
 .bss.sli_rail_00d3800686ee7f0a79e72c9204583cdc
                0x20003cfc        0x4 /opt/silabs/sdks/simplicity_sdk_2026.6.1/rail_library/autogen/librail_release/librail_efr32xg21_gcc_release.a(rfhal_synth.o)
 .bss.sli_rail_1735c4d38e84f6ce03a9829499886986
                0x20003d00        0x4 /opt/silabs/sdks/simplicity_sdk_2026.6.1/rail_library/autogen/librail_release/librail_efr32xg21_gcc_release.a(rfhal_timings.o)
 .bss.sli_rail_47896168e6dbe435d165160d7966f6c0
                0x20003d04       0x10 /opt/silabs/sdks/simplicity_sdk_2026.6.1/rail_library/autogen/librail_release/librail_efr32xg21_gcc_release.a(rfhal_timings.o)
                0x20003d04                sli_rail_47896168e6dbe435d165160d7966f6c0
 .bss.sli_rail_9c2a5a1193e307c22559a2580488663c
                0x20003d14        0x4 /opt/silabs/sdks/simplicity_sdk_2026.6.1/rail_library/autogen/librail_release/librail_efr32xg21_gcc_release.a(rfhal_timings.o)
 .bss.sli_rail_e313b55611f42bb8fd6c98edfa75cd8f
                0x20003d18        0x4 /opt/silabs/sdks/simplicity_sdk_2026.6.1/rail_library/autogen/librail_release/librail_efr32xg21_gcc_release.a(generic_phy.o)
                0x20003d18                sli_rail_e313b55611f42bb8fd6c98edfa75cd8f
 .bss.sli_rail_816fb3358beb788e76bc036b9c8db526
                0x20003d1c        0x4 /opt/silabs/sdks/simplicity_sdk_2026.6.1/rail_library/autogen/librail_release/librail_efr32xg21_gcc_release.a(generic_phy.o)
                0x20003d1c                sli_rail_816fb3358beb788e76bc036b9c8db526
 .bss.sli_rail_b1a34801bf30cc1514fb2857dcf77060
                0x20003d20       0x18 /opt/silabs/sdks/simplicity_sdk_2026.6.1/rail_library/autogen/librail_release/librail_efr32xg21_gcc_release.a(generic_phy.o)
                0x20003d20                sli_rail_b1a34801bf30cc1514fb2857dcf77060
 .bss.sli_rail_984a073d072f71c72895558117076777
                0x20003d38       0x18 /opt/silabs/sdks/simplicity_sdk_2026.6.1/rail_library/autogen/librail_release/librail_efr32xg21_gcc_release.a(rfhal_radio.o)
 .bss.completed.1
                0x20003d50        0x1 /opt/toolchains/gcc-arm-none-eabi/bin/../lib/gcc/arm-none-eabi/14.2.1/thumb/v8-m.main+fp/hard/crtbegin.o
 .bss.__lock___sfp_recursive_mutex
                0x20003d51        0x1 /opt/toolchains/gcc-arm-none-eabi/bin/../lib/gcc/arm-none-eabi/14.2.1/../../../../arm-none-eabi/lib/thumb/v8-m.main+fp/hard/libc_nano.a(libc_a-lock.o)
                0x20003d51                __lock___sfp_recursive_mutex
 .bss.sli_rail_67e005ae340f1cf9d4319aacdd52dba7
                0x20003d52        0x1 /opt/silabs/sdks/simplicity_sdk_2026.6.1/rail_library/autogen/librail_release/librail_efr32xg21_gcc_release.a(rail_singleprotocol.o)
 .bss.sli_rail_5782d0243456f19238863d289b193327
                0x20003d53        0x1 /opt/silabs/sdks/simplicity_sdk_2026.6.1/rail_library/autogen/librail_release/librail_efr32xg21_gcc_release.a(tmrdrv.o)
 .bss.sli_rail_35985d5e207085bd0b2732f22402317a
                0x20003d54        0x1 /opt/silabs/sdks/simplicity_sdk_2026.6.1/rail_library/autogen/librail_release/librail_efr32xg21_gcc_release.a(tmrdrv.o)
 .bss.sli_rail_b8fbc7affa20b169b7320e9641707b1c
                0x20003d55        0x1 /opt/silabs/sdks/simplicity_sdk_2026.6.1/rail_library/autogen/librail_release/librail_efr32xg21_gcc_release.a(rail_rf_hal.o)
 .bss.sli_rail_4620eb31d733876a66d1a9d48e34ef2a
                0x20003d56        0x1 /opt/silabs/sdks/simplicity_sdk_2026.6.1/rail_library/autogen/librail_release/librail_efr32xg21_gcc_release.a(rail_rf_hal.o)
                0x20003d56                sli_rail_4620eb31d733876a66d1a9d48e34ef2a
 .bss.sli_rail_348ebb28a100959ee4629b27b2e3128a
                0x20003d57        0x1 /opt/silabs/sdks/simplicity_sdk_2026.6.1/rail_library/autogen/librail_release/librail_efr32xg21_gcc_release.a(rail_rf_hal.o)
 .bss.sli_rail_2812b456ae2a79085f3b9be10c31771b
                0x20003d58        0x1 /opt/silabs/sdks/simplicity_sdk_2026.6.1/rail_library/autogen/librail_release/librail_efr32xg21_gcc_release.a(rail_rf_hal.o)
                0x20003d58                sli_rail_2812b456ae2a79085f3b9be10c31771b
 .bss.sli_rail_788a850e8c59ec185d8b5df36a1937cc
                0x20003d59        0x1 /opt/silabs/sdks/simplicity_sdk_2026.6.1/rail_library/autogen/librail_release/librail_efr32xg21_gcc_release.a(rail_rf_hal.o)
 .bss.sli_rail_1064803b7b3c377c1013551302bdd324
                0x20003d5a        0x1 /opt/silabs/sdks/simplicity_sdk_2026.6.1/rail_library/autogen/librail_release/librail_efr32xg21_gcc_release.a(rail_rf_hal.o)
 .bss.sli_rail_9285fbec2c29262a83ab36f1bc6d2ef6
                0x20003d5b        0x1 /opt/silabs/sdks/simplicity_sdk_2026.6.1/rail_library/autogen/librail_release/librail_efr32xg21_gcc_release.a(rail_rf_hal_shared.o)
                0x20003d5b                sli_rail_9285fbec2c29262a83ab36f1bc6d2ef6
 .bss.sli_rail_4f035f7b636407302a73e486ed07742f
                0x20003d5c        0x1 /opt/silabs/sdks/simplicity_sdk_2026.6.1/rail_library/autogen/librail_release/librail_efr32xg21_gcc_release.a(rfhal_pa.o)
                0x20003d5c                sli_rail_4f035f7b636407302a73e486ed07742f
 .bss.sli_rail_4faa7d5d81fd9c1006f9e5e2bda93984
                0x20003d5d        0x1 /opt/silabs/sdks/simplicity_sdk_2026.6.1/rail_library/autogen/librail_release/librail_efr32xg21_gcc_release.a(rfhal_pa.o)
 .bss.sli_rail_ca93d10fbac202c6d87c88a8ed8c25d9
                0x20003d5e        0x1 /opt/silabs/sdks/simplicity_sdk_2026.6.1/rail_library/autogen/librail_release/librail_efr32xg21_gcc_release.a(rfhal_pti.o)
 .bss.sli_rail_d44ce05629f0f82a46113aea09cf992c
                0x20003d5f        0x1 /opt/silabs/sdks/simplicity_sdk_2026.6.1/rail_library/autogen/librail_release/librail_efr32xg21_gcc_release.a(rfhal_pti.o)
 .bss.sli_rail_ea7533e6ad3698e4f549d24be413d623
                0x20003d60        0x1 /opt/silabs/sdks/simplicity_sdk_2026.6.1/rail_library/autogen/librail_release/librail_efr32xg21_gcc_release.a(rfhal_protimer.o)
 .bss.sli_rail_e557063ab17d1848a26f3a64413bbbf6
                0x20003d61        0x8 /opt/silabs/sdks/simplicity_sdk_2026.6.1/rail_library/autogen/librail_release/librail_efr32xg21_gcc_release.a(rfhal_protimer.o)
                0x20003d61                sli_rail_e557063ab17d1848a26f3a64413bbbf6
 .bss.sli_rail_0d06f1ee4ad18ea63440e3dab85db2cd
                0x20003d69        0x1 /opt/silabs/sdks/simplicity_sdk_2026.6.1/rail_library/autogen/librail_release/librail_efr32xg21_gcc_release.a(rfhal_protimer.o)
 .bss.sli_rail_593e373bf5850c483a387bbc8cd5b8b0
                0x20003d6a        0x1 /opt/silabs/sdks/simplicity_sdk_2026.6.1/rail_library/autogen/librail_release/librail_efr32xg21_gcc_release.a(rfhal_rtccsync.o)
 .bss.sli_rail_8ed89e150b2a95dd76301cb373efd805
                0x20003d6b        0x1 /opt/silabs/sdks/simplicity_sdk_2026.6.1/rail_library/autogen/librail_release/librail_efr32xg21_gcc_release.a(rfhal_rtccsync_shared.o)
 .bss.sli_rail_7877da65213ae45da502cb4f7cdbd93a
                0x20003d6c        0x1 /opt/silabs/sdks/simplicity_sdk_2026.6.1/rail_library/autogen/librail_release/librail_efr32xg21_gcc_release.a(rfhal_rtccsync_shared.o)
 .bss.sli_rail_ad6c515376a389eda8c30c522717e072
                0x20003d6d        0x1 /opt/silabs/sdks/simplicity_sdk_2026.6.1/rail_library/autogen/librail_release/librail_efr32xg21_gcc_release.a(rfhal_synth.o)
 .bss.sli_rail_f81301e4f4d2dee94d38f9c26af603f0
                0x20003d6e        0x2 /opt/silabs/sdks/simplicity_sdk_2026.6.1/rail_library/autogen/librail_release/librail_efr32xg21_gcc_release.a(generic_phy.o)
                0x20003d6e                sli_rail_f81301e4f4d2dee94d38f9c26af603f0
 .bss.sli_rail_1d14cf0425d0164ab238fe4d6ce00e93
                0x20003d70        0x1 /opt/silabs/sdks/simplicity_sdk_2026.6.1/rail_library/autogen/librail_release/librail_efr32xg21_gcc_release.a(generic_phy.o)
 .bss.sli_rail_e6aee15ae7814f2f54e328c05aba128b
                0x20003d71        0x1 /opt/silabs/sdks/simplicity_sdk_2026.6.1/rail_library/autogen/librail_release/librail_efr32xg21_gcc_release.a(generic_phy.o)
 .bss.sli_rail_0c38576adf8db7eb0672207aa84c11cf
                0x20003d72        0x1 /opt/silabs/sdks/simplicity_sdk_2026.6.1/rail_library/autogen/librail_release/librail_efr32xg21_gcc_release.a(generic_phy.o)
 .bss.sli_rail_ecb9f3f5a3454d17e04468f1ac1c0956
                0x20003d73        0x1 /opt/silabs/sdks/simplicity_sdk_2026.6.1/rail_library/autogen/librail_release/librail_efr32xg21_gcc_release.a(generic_phy.o)
 .bss.sli_rail_4b72faa85e26b531f083bbbb46531f17
                0x20003d74        0x1 /opt/silabs/sdks/simplicity_sdk_2026.6.1/rail_library/autogen/librail_release/librail_efr32xg21_gcc_release.a(generic_phy.o)
 .bss.sli_rail_010ea335d5b5f21fc1f3ad668fb57fb5
                0x20003d75        0x1 /opt/silabs/sdks/simplicity_sdk_2026.6.1/rail_library/autogen/librail_release/librail_efr32xg21_gcc_release.a(generic_phy.o)
                0x20003d75                sli_rail_010ea335d5b5f21fc1f3ad668fb57fb5
 .bss.sli_rail_031a1db1c9ae0d8e153238a8d63edd3e
                0x20003d76        0x1 /opt/silabs/sdks/simplicity_sdk_2026.6.1/rail_library/autogen/librail_release/librail_efr32xg21_gcc_release.a(generic_phy.o)
                0x20003d76                sli_rail_031a1db1c9ae0d8e153238a8d63edd3e
 .bss.sli_rail_45d7f5dfa3d7def00dc8e0348389e5b4
                0x20003d77        0x1 /opt/silabs/sdks/simplicity_sdk_2026.6.1/rail_library/autogen/librail_release/librail_efr32xg21_gcc_release.a(generic_phy.o)
                0x20003d77                sli_rail_45d7f5dfa3d7def00dc8e0348389e5b4
 *(COMMON)
                0x20003d80                        . = ALIGN (0x20)
 *fill*         0x20003d78        0x8 
                0x20003d80                        __bss_end__ = .

.noinit         0x20003d80       0x98
 *(.noinit*)
 .noinit        0x20003d80       0x98 /tmp/cccPCN4S.ltrans1.ltrans.o
                0x20003d80                halCrashInfo

text_application_ram
                0x20003e20       0x60 load address 0x00004140
                0x20003e20                        . = ALIGN (0x20)
                0x20003e20                        __vma_ramfuncs_start__ = .
 *(text_application_ram)
 text_application_ram
                0x20003e20       0x50 /tmp/cccPCN4S.ltrans2.ltrans.o
                0x20003e80                        . = ALIGN (0x20)
 *fill*         0x20003e70       0x10 
                0x20003e80                        __vma_ramfuncs_end__ = .
                0x00004140                        __lma_ramfuncs_start__ = LOADADDR (text_application_ram)
                0x000041a0                        __lma_ramfuncs_end__ = (LOADADDR (text_application_ram) + SIZEOF (text_application_ram))

.rodata

.text           0x000041a0    0x268d8
                0x000041a0                        linker_code_begin = .
 *(SORT_BY_ALIGNMENT(.text*))
 .text.startup  0x000041a0     0x2010 /tmp/cccPCN4S.ltrans3.ltrans.o
                0x000041a0                main
 .text.deregister_tm_clones
                0x000061b0       0x1c /opt/toolchains/gcc-arm-none-eabi/bin/../lib/gcc/arm-none-eabi/14.2.1/thumb/v8-m.main+fp/hard/crtbegin.o
 .text.register_tm_clones
                0x000061cc       0x28 /opt/toolchains/gcc-arm-none-eabi/bin/../lib/gcc/arm-none-eabi/14.2.1/thumb/v8-m.main+fp/hard/crtbegin.o
 .text.__do_global_dtors_aux
                0x000061f4       0x28 /opt/toolchains/gcc-arm-none-eabi/bin/../lib/gcc/arm-none-eabi/14.2.1/thumb/v8-m.main+fp/hard/crtbegin.o
 .text.frame_dummy
                0x0000621c       0x24 /opt/toolchains/gcc-arm-none-eabi/bin/../lib/gcc/arm-none-eabi/14.2.1/thumb/v8-m.main+fp/hard/crtbegin.o
 .text          0x00006240       0x7c /opt/toolchains/gcc-arm-none-eabi/bin/../lib/gcc/arm-none-eabi/14.2.1/../../../../arm-none-eabi/lib/thumb/v8-m.main+fp/hard/crt0.o
                0x00006240                _stack_init
                0x00006248                _mainCRTStartup
                0x00006248                _start
 .text          0x000062bc     0x71a4 /tmp/cccPCN4S.ltrans0.ltrans.o
                0x000066ba                SMU_SECURE_IRQHandler
                0x00006b0a                bootloader_getInfo
                0x00006b38                bootloader_getAllocatedDMAChannel
                0x00006b8c                find_instance_endpoint.lto_priv.0
                0x00006be0                on_state_change.lto_priv.0
                0x00006de0                is_endpoint_empty.lto_priv.0
                0x00006e06                cpc_exit_api.lto_priv.0
                0x00006e20                handle_to_ep_enter_api.lto_priv.0
                0x00006e5e                sli_cpc_dispatcher_cancel
                0x00006e94                sli_cpc_get_buffer_handle
                0x00006ff0                sl_cpc_write
                0x0000705c                sl_cpc_free_rx_buffer
                0x00007084                sli_cpc_pop_core_buffer_handle
                0x00007098                sli_cpc_push_back_core_buffer_handle
                0x0000718a                psa_key_attributes_init.lto_priv.0
                0x0000719a                psa_extend_key_usage_flags.lto_priv.0.lto_priv.0
                0x000071b2                send_request.lto_priv.0
                0x000071b2                send_response.lto_priv.0
                0x000071e4                security_open_endpoint.lto_priv.0
                0x00007234                psa_status_to_sl_status.lto_priv.0
                0x00007294                set_state.lto_priv.0
                0x000072b0                process_tx_queue.lto_priv.0
                0x000075cc                send_endpoint_state.lto_priv.0
                0x000076fa                mbedtls_ct_bool.lto_priv.1.lto_priv.0
                0x000076fa                mbedtls_ct_bool.lto_priv.0.lto_priv.0
                0x00007714                mbedtls_mpi_write_binary_le
                0x0000777a                mbedtls_mpi_write_binary
                0x000077e2                mbedtls_mpi_cmp_int
                0x000077fc                mbedtls_ct_uint_lt.lto_priv.0
                0x00007834                mbedtls_mpi_core_bitlen
                0x00007850                mbedtls_mpi_bitlen
                0x00007856                mbedtls_mpi_core_shift_r
                0x000078c6                mbedtls_mpi_shift_r
                0x000078d8                mbedtls_mpi_core_bigendian_to_host.part.0
                0x000078fc                mbedtls_ecp_get_type
                0x0000790e                mbedtls_ecp_point_init
                0x00007920                mbedtls_ecp_group_init
                0x00007954                mbedtls_ecp_check_privkey
                0x000079d4                mbedtls_ecp_write_key_ext
                0x00007a2c                mbedtls_platform_zeroize.part.0
                0x00007a40                mbedtls_zeroize_and_free
                0x00007a56                mbedtls_mpi_free
                0x00007a72                mbedtls_ecp_point_free.part.0
                0x00007a8c                mbedtls_ecp_point_free
                0x00007ad8                mbedtls_mpi_safe_cond_assign
                0x00007c1c                mbedtls_mpi_resize_clear.lto_priv.0
                0x00007c50                mbedtls_mpi_read_binary_le
                0x00007cba                mbedtls_mpi_read_binary
                0x00007d1c                mbedtls_mpi_copy
                0x00007d88                mbedtls_ecp_copy
                0x00007db6                mbedtls_mpi_lset
                0x00007dde                mbedtls_ecp_set_zero
                0x00007e08                mbedtls_mpi_set_bit
                0x00007e5a                mbedtls_mpi_shift_l
                0x00007fe6                mbedtls_mpi_mul_int_mod.part.0.lto_priv.0
                0x00007fe6                mbedtls_mpi_shift_l_mod.part.0.lto_priv.0
                0x0000818e                ecp_safe_invert_jac.lto_priv.0
                0x00008e3a                mbedtls_mpi_mul_mod.lto_priv.0
                0x0000943c                mbedtls_ecp_check_pubkey
                0x00009634                mbedtls_ecp_group_free
                0x00009694                mbedtls_ecp_keypair_free
                0x000096b4                mbedtls_ecp_group_load
                0x000097ec                mbedtls_to_psa_error
                0x00009a02                psa_validate_unstructured_key_bit_size
                0x00009a60                psa_allocate_buffer_to_slot
                0x00009a86                psa_wipe_key_slot
                0x00009ac6                psa_generate_random_internal.lto_priv.0
                0x00009b00                mbedtls_psa_random_free.lto_priv.0
                0x00009b00                sli_memory_metadata_init
                0x00009b08                psa_crypto_init
                0x00009b60                mbedtls_psa_ecp_export_key.part.0
                0x0000a27c                mbedtls_psa_hash_abort
                0x0000a2a4                psa_reserve_free_key_slot
                0x0000a328                psa_import_key
                0x0000a7fc                psa_get_and_lock_key_slot_with_policy
                0x0000a862                psa_destroy_key
                0x0000a8ac                mbedtls_block_cipher_free
                0x0000a9f4                mbedtls_block_cipher_encrypt
                0x0000b078                mbedtls_ccm_finish
                0x0000b0fa                ccm_calculate_first_block_if_ready.lto_priv.0
                0x0000b178                mbedtls_ccm_starts
                0x0000b1e0                mbedtls_ccm_update.part.0
                0x0000b620                sl_cpc_close_endpoint
                0x0000b71e                security_recover_endpoint.lto_priv.0
                0x0000b748                sli_cpc_system_start
                0x0000c918                USART0_TX_IRQHandler
                0x0000cc2c                decode_packet.lto_priv.0
 .text          0x0000d460     0x5e28 /tmp/cccPCN4S.ltrans1.ltrans.o
                0x0000d460                msTimerGetMaxTime.lto_priv.0
                0x0000d46c                usTimerGetMaxTime.lto_priv.0
                0x0000d4be                otPlatAlarmMilliGetNow
                0x0000d4c8                otPlatAlarmMilliStop
                0x0000d5c6                otPlatAlarmMilliStartAt
                0x0000d872                otPlatAlarmMilliFired
                0x0000d88c                otPlatAlarmMicroFired
                0x0000d8b8                otPlatDiagAlarmFired
                0x0000db3c                otError ot::Ncp::NcpBase::HandlePropertyRemove<4868ul>()
                0x0000dba0                otError ot::Ncp::NcpBase::HandlePropertyInsert<4868ul>()
                0x0000dc00                mbedtls_psa_get_random
                0x0000dc14                msTimerGetNow.lto_priv.0
                0x0000dc70                usTimerStart.lto_priv.0
                0x0000dca0                usTimerGetNow.lto_priv.0
                0x0000dca8                usTimerStop.lto_priv.0
                0x0000e008                ot::Ncp::NcpCPC::HandleEndpointError(ot::Tasklet&)
                0x0000e578                psa_unregister_read
                0x0000e5a2                psa_is_key_present_in_storage
                0x0000e5b8                psa_destroy_persistent_key
                0x0000e5ee                psa_save_persistent_key
                0x0000e760                GetNextFiredAlarm.lto_priv.0
                0x0000e78c                ProcessAlarm.part.0.lto_priv.0
                0x0000e7b8                isTxDataOngoing() [clone .lto_priv.0]
                0x0000e7be                sli_ot_radio_state_is_transmitting_or_scanning
                0x0000e7f8                sli_ot_radio_events_update_config
                0x0000e840                otPlatRadioSetPanId
                0x0000e8c4                otPlatRadioSetShortAddress
                0x0000e922                sli_ot_radio_channel_switching_is_multi_channel_enabled
                0x0000eb08                (anonymous namespace)::processCompletion(EnergyScan*) [clone .lto_priv.0]
                0x0000eb6c                (anonymous namespace)::timer_handler(sl_rail_multi_timer*, unsigned long, void*) [clone .lto_priv.0]
                0x0000ebf0                (anonymous namespace)::getSymbolDurationUs() [clone .lto_priv.0]
                0x0000ec18                sli_ot_radio_interface_load_rail_config
                0x0000ee1a                sli_ot_energy_scan_async(otInstance*, unsigned short, unsigned long)
                0x0000f00c                sli_ot_radio_security_set_mac_frame_counter
                0x0000f040                halInternalSysReset
                0x0000f05c                halInternalCrashHandler
                0x0000f238                void ot::ClearAllBytes<ot::Mac::Key>(ot::Mac::Key&)
                0x0000f238                void ot::ClearAllBytes<LinkMetricsDataInfo>(LinkMetricsDataInfo&)
                0x0000f2a0                ot::Radio::Sleep()
                0x0000f2b8                ot::Random::Manager::NonCryptoGetUint32()
                0x0000f2e4                ot::Tasklet::Post()
                0x0000f300                ot::Ncp::NcpCPC::HandleOpenEndpoint()
                0x0000f39c                ot::Ncp::NcpCPC::HandleOpenEndpoint(ot::Tasklet&)
                0x0000f3d2                ot::Timer::Scheduler::Add(ot::Timer&, ot::Timer::Scheduler::AlarmApi const&)
                0x0000f438                ot::TimerMilliIn<ot::UptimeTracker, &ot::UptimeTracker::HandleTimer>::HandleTimer(ot::Timer&)
                0x0000f460                ot::Mac::Frame::IsDstPanIdPresent(unsigned short)
                0x0000f4be                ot::Mac::Frame::IsSrcPanIdPresent(unsigned short)
                0x0000f918                deliverRxPacketToInstance(otInstance*) [clone .part.0] [clone .lto_priv.0]
                0x0000fd6a                ot::Mac::ExtAddress::CopyAddress(unsigned char*, unsigned char const*, ot::Mac::ExtAddress::CopyByteOrder) [clone .part.0]
                0x0000fe04                ot::Mac::SubMac::Init()
                0x0000fe58                ot::Radio::SetExtendedAddress(ot::Mac::ExtAddress const&)
                0x0000fea4                ot::Spinel::Buffer::Clear()
                0x0000fee2                ot::Spinel::Buffer::GetUpdatedBufPtr(unsigned char*, unsigned short, ot::Spinel::Buffer::Direction) const