#0 building with "desktop-linux" instance using docker driver

#1 [internal] load build definition from Dockerfile.apt-packages-check
#1 transferring dockerfile: 1.81kB done
#1 WARN: FromPlatformFlagConstDisallowed: FROM --platform flag should not use constant value "linux/amd64" (line 4)
#1 WARN: FromPlatformFlagConstDisallowed: FROM --platform flag should not use constant value "linux/amd64" (line 17)
#1 DONE 0.0s

#2 [internal] load metadata for ghcr.io/home-assistant/amd64-base-debian@sha256:88f7241f3c91775e16457778a79dc8155484c379c7f5e0c556c99ff99b3f11bf
#2 DONE 0.0s

#3 [internal] load .dockerignore
#3 transferring context: 2B done
#3 DONE 0.0s

#4 [sdk2026-runtime-packages 1/3] FROM ghcr.io/home-assistant/amd64-base-debian@sha256:88f7241f3c91775e16457778a79dc8155484c379c7f5e0c556c99ff99b3f11bf
#4 resolve ghcr.io/home-assistant/amd64-base-debian@sha256:88f7241f3c91775e16457778a79dc8155484c379c7f5e0c556c99ff99b3f11bf 0.0s done
#4 DONE 0.0s

#5 [internal] load build context
#5 transferring context: 1.73kB done
#5 DONE 0.0s

#4 [sdk2026-runtime-packages 1/3] FROM ghcr.io/home-assistant/amd64-base-debian@sha256:88f7241f3c91775e16457778a79dc8155484c379c7f5e0c556c99ff99b3f11bf
#4 CACHED

#6 [sdk2026-runtime-packages 2/3] COPY review/sdk2026/recipe/pin-debian-snapshot.sh /pin-debian-snapshot.sh
#6 DONE 0.1s

#7 [sdk2026-runtime-packages 3/3] RUN sh /pin-debian-snapshot.sh && apt-get update && apt-get install -y --no-install-recommends     libmbedtls21 libreadline8t64 libboost-filesystem1.83.0 libboost-system1.83.0     libjsoncpp26 libnetfilter-queue1 libsystemd0 libprotobuf-lite32t64 socat iproute2 iptables ipset netcat-openbsd iputils-ping     python3 python3-aiohttp python3-cryptography python3-yarl     && rm -rf /var/lib/apt/lists/*
#7 0.276 Get:1 https://snapshot.debian.org/archive/debian/20260914T000000Z trixie InRelease [140 kB]
#7 0.298 Get:2 https://snapshot.debian.org/archive/debian/20260914T000000Z trixie-updates InRelease [47.3 kB]
#7 0.309 Get:3 https://snapshot.debian.org/archive/debian-security/20260914T000000Z trixie-security InRelease [43.4 kB]
#7 0.344 Get:4 https://snapshot.debian.org/archive/debian/20260914T000000Z trixie/main amd64 Packages [9678 kB]
#7 0.702 Get:5 https://snapshot.debian.org/archive/debian/20260914T000000Z trixie-updates/main amd64 Packages [4412 B]
#7 0.712 Get:6 https://snapshot.debian.org/archive/debian-security/20260914T000000Z trixie-security/main amd64 Packages [261 kB]
#7 1.254 Fetched 10.2 MB in 1s (9836 kB/s)
#7 1.254 Reading package lists...
#7 1.707 Reading package lists...
#7 2.153 Building dependency tree...
#7 2.273 Reading state information...
#7 2.397 libsystemd0 is already the newest version (257.13-1~deb13u1).
#7 2.397 libsystemd0 set to manually installed.
#7 2.397 The following additional packages will be installed:
#7 2.397   libbpf1 libcap2 libcap2-bin libelf1t64 libexpat1 libip4tc2 libip6tc2
#7 2.397   libipset13t64 libmbedcrypto16 libmbedx509-7 libmnl0 libncursesw6
#7 2.397   libnetfilter-conntrack3 libnfnetlink0 libnftnl11 libpython3-stdlib
#7 2.398   libpython3.13-minimal libpython3.13-stdlib libtirpc-common libtirpc3t64
#7 2.398   libwrap0 libxtables12 media-types netbase python3-aiohappyeyeballs
#7 2.398   python3-aiosignal python3-async-timeout python3-attr python3-bcrypt
#7 2.398   python3-cffi-backend python3-frozenlist python3-idna python3-minimal
#7 2.398   python3-multidict python3-propcache python3.13 python3.13-minimal
#7 2.398   readline-common
#7 2.399 Suggested packages:
#7 2.399   firewalld kmod python3-doc python3-tk python3-venv python-attr-doc
#7 2.399   python-cryptography-doc python3-cryptography-vectors python3.13-venv
#7 2.399   python3.13-doc binutils binfmt-support readline-doc
#7 2.399 Recommended packages:
#7 2.399   nftables linux-sysctl-defaults libpam-cap libgpm2 libjs-jquery
#7 2.399   python3-aiodns
#7 2.614 The following NEW packages will be installed:
#7 2.614   iproute2 ipset iptables iputils-ping libboost-filesystem1.83.0
#7 2.614   libboost-system1.83.0 libbpf1 libcap2-bin libelf1t64 libexpat1 libip4tc2
#7 2.614   libip6tc2 libipset13t64 libjsoncpp26 libmbedcrypto16 libmbedtls21
#7 2.614   libmbedx509-7 libmnl0 libncursesw6 libnetfilter-conntrack3
#7 2.614   libnetfilter-queue1 libnfnetlink0 libnftnl11 libprotobuf-lite32t64
#7 2.615   libpython3-stdlib libpython3.13-minimal libpython3.13-stdlib libreadline8t64
#7 2.615   libtirpc-common libtirpc3t64 libwrap0 libxtables12 media-types netbase
#7 2.615   netcat-openbsd python3 python3-aiohappyeyeballs python3-aiohttp
#7 2.615   python3-aiosignal python3-async-timeout python3-attr python3-bcrypt
#7 2.615   python3-cffi-backend python3-cryptography python3-frozenlist python3-idna
#7 2.615   python3-minimal python3-multidict python3-propcache python3-yarl python3.13
#7 2.615   python3.13-minimal readline-common socat
#7 2.616 The following packages will be upgraded:
#7 2.617   libcap2
#7 2.766 1 upgraded, 54 newly installed, 0 to remove and 27 not upgraded.
#7 2.766 Need to get 13.0 MB of archives.
#7 2.766 After this operation, 52.2 MB of additional disk space will be used.
#7 2.766 Get:1 https://snapshot.debian.org/archive/debian/20260914T000000Z trixie/main amd64 libexpat1 amd64 2.8.3-1~deb13u1 [123 kB]
#7 2.797 Get:2 https://snapshot.debian.org/archive/debian/20260914T000000Z trixie/main amd64 libpython3.13-minimal amd64 3.13.5-2+deb13u5 [863 kB]
#7 2.823 Get:3 https://snapshot.debian.org/archive/debian/20260914T000000Z trixie/main amd64 python3.13-minimal amd64 3.13.5-2+deb13u5 [2225 kB]
#7 2.893 Get:4 https://snapshot.debian.org/archive/debian/20260914T000000Z trixie/main amd64 python3-minimal amd64 3.13.5-1 [27.2 kB]
#7 2.894 Get:5 https://snapshot.debian.org/archive/debian/20260914T000000Z trixie/main amd64 media-types all 13.0.0 [29.3 kB]
#7 2.895 Get:6 https://snapshot.debian.org/archive/debian/20260914T000000Z trixie/main amd64 netbase all 6.5 [12.4 kB]
#7 2.896 Get:7 https://snapshot.debian.org/archive/debian/20260914T000000Z trixie/main amd64 libncursesw6 amd64 6.5+20250216-2 [135 kB]
#7 2.899 Get:8 https://snapshot.debian.org/archive/debian/20260914T000000Z trixie/main amd64 readline-common all 8.2-6 [69.4 kB]
#7 2.901 Get:9 https://snapshot.debian.org/archive/debian/20260914T000000Z trixie/main amd64 libreadline8t64 amd64 8.2-6 [169 kB]
#7 2.904 Get:10 https://snapshot.debian.org/archive/debian/20260914T000000Z trixie/main amd64 libpython3.13-stdlib amd64 3.13.5-2+deb13u5 [1959 kB]
#7 2.992 Get:11 https://snapshot.debian.org/archive/debian/20260914T000000Z trixie/main amd64 python3.13 amd64 3.13.5-2+deb13u5 [757 kB]
#7 3.028 Get:12 https://snapshot.debian.org/archive/debian/20260914T000000Z trixie/main amd64 libpython3-stdlib amd64 3.13.5-1 [10.2 kB]
#7 3.028 Get:13 https://snapshot.debian.org/archive/debian/20260914T000000Z trixie/main amd64 python3 amd64 3.13.5-1 [28.2 kB]
#7 3.030 Get:14 https://snapshot.debian.org/archive/debian/20260914T000000Z trixie/main amd64 libcap2 amd64 1:2.75-10+deb13u1+b3 [29.0 kB]
#7 3.030 Get:15 https://snapshot.debian.org/archive/debian/20260914T000000Z trixie/main amd64 libelf1t64 amd64 0.192-4 [189 kB]
#7 3.039 Get:16 https://snapshot.debian.org/archive/debian/20260914T000000Z trixie/main amd64 libbpf1 amd64 1:1.5.0-3 [169 kB]
#7 3.052 Get:17 https://snapshot.debian.org/archive/debian/20260914T000000Z trixie/main amd64 libmnl0 amd64 1.0.5-3 [11.9 kB]
#7 3.054 Get:18 https://snapshot.debian.org/archive/debian/20260914T000000Z trixie/main amd64 libtirpc-common all 1.3.6+ds-1 [11.0 kB]
#7 3.054 Get:19 https://snapshot.debian.org/archive/debian/20260914T000000Z trixie/main amd64 libtirpc3t64 amd64 1.3.6+ds-1 [83.3 kB]
#7 3.059 Get:20 https://snapshot.debian.org/archive/debian/20260914T000000Z trixie/main amd64 libxtables12 amd64 1.8.11-2 [31.9 kB]
#7 3.060 Get:21 https://snapshot.debian.org/archive/debian/20260914T000000Z trixie/main amd64 libcap2-bin amd64 1:2.75-10+deb13u1+b3 [36.5 kB]
#7 3.065 Get:22 https://snapshot.debian.org/archive/debian/20260914T000000Z trixie/main amd64 iproute2 amd64 6.15.0-1 [1089 kB]
#7 3.159 Get:23 https://snapshot.debian.org/archive/debian/20260914T000000Z trixie/main amd64 iputils-ping amd64 3:20240905-3 [51.2 kB]
#7 3.163 Get:24 https://snapshot.debian.org/archive/debian/20260914T000000Z trixie/main amd64 libipset13t64 amd64 7.22-1+b1 [69.7 kB]
#7 3.166 Get:25 https://snapshot.debian.org/archive/debian/20260914T000000Z trixie/main amd64 ipset amd64 7.22-1+b1 [46.6 kB]
#7 3.168 Get:26 https://snapshot.debian.org/archive/debian/20260914T000000Z trixie/main amd64 libip4tc2 amd64 1.8.11-2 [20.0 kB]
#7 3.171 Get:27 https://snapshot.debian.org/archive/debian/20260914T000000Z trixie/main amd64 libip6tc2 amd64 1.8.11-2 [20.3 kB]
#7 3.175 Get:28 https://snapshot.debian.org/archive/debian/20260914T000000Z trixie/main amd64 libnfnetlink0 amd64 1.0.2-3 [14.4 kB]
#7 3.175 Get:29 https://snapshot.debian.org/archive/debian/20260914T000000Z trixie/main amd64 libnetfilter-conntrack3 amd64 1.1.0-1 [42.1 kB]
#7 3.175 Get:30 https://snapshot.debian.org/archive/debian/20260914T000000Z trixie/main amd64 libnftnl11 amd64 1.2.9-1 [65.0 kB]
#7 3.179 Get:31 https://snapshot.debian.org/archive/debian/20260914T000000Z trixie/main amd64 iptables amd64 1.8.11-2 [361 kB]
#7 3.202 Get:32 https://snapshot.debian.org/archive/debian/20260914T000000Z trixie/main amd64 libboost-filesystem1.83.0 amd64 1.83.0-4.2 [282 kB]
#7 3.217 Get:33 https://snapshot.debian.org/archive/debian/20260914T000000Z trixie/main amd64 libboost-system1.83.0 amd64 1.83.0-4.2 [231 kB]
#7 3.231 Get:34 https://snapshot.debian.org/archive/debian/20260914T000000Z trixie/main amd64 libjsoncpp26 amd64 1.9.6-3 [81.7 kB]
#7 3.236 Get:35 https://snapshot.debian.org/archive/debian/20260914T000000Z trixie/main amd64 libmbedcrypto16 amd64 3.6.6-0.1~deb13u1 [365 kB]
#7 3.267 Get:36 https://snapshot.debian.org/archive/debian/20260914T000000Z trixie/main amd64 libmbedx509-7 amd64 3.6.6-0.1~deb13u1 [155 kB]
#7 3.279 Get:37 https://snapshot.debian.org/archive/debian/20260914T000000Z trixie/main amd64 libmbedtls21 amd64 3.6.6-0.1~deb13u1 [246 kB]
#7 3.339 Get:38 https://snapshot.debian.org/archive/debian/20260914T000000Z trixie/main amd64 libnetfilter-queue1 amd64 1.0.5-4+b1 [14.7 kB]
#7 3.341 Get:39 https://snapshot.debian.org/archive/debian/20260914T000000Z trixie/main amd64 libprotobuf-lite32t64 amd64 3.21.12-11+deb13u1 [275 kB]
#7 3.456 Get:40 https://snapshot.debian.org/archive/debian/20260914T000000Z trixie/main amd64 libwrap0 amd64 7.6.q-36 [55.3 kB]
#7 3.462 Get:41 https://snapshot.debian.org/archive/debian/20260914T000000Z trixie/main amd64 netcat-openbsd amd64 1.229-1 [42.5 kB]
#7 3.469 Get:42 https://snapshot.debian.org/archive/debian/20260914T000000Z trixie/main amd64 python3-aiohappyeyeballs all 2.6.1-1 [14.4 kB]
#7 3.471 Get:43 https://snapshot.debian.org/archive/debian/20260914T000000Z trixie/main amd64 python3-idna all 3.10-1+deb13u1 [43.0 kB]
#7 3.472 Get:44 https://snapshot.debian.org/archive/debian/20260914T000000Z trixie/main amd64 python3-multidict amd64 6.4.3-1 [52.8 kB]
#7 3.475 Get:45 https://snapshot.debian.org/archive/debian/20260914T000000Z trixie/main amd64 python3-propcache amd64 0.3.1-1 [40.5 kB]
#7 3.477 Get:46 https://snapshot.debian.org/archive/debian/20260914T000000Z trixie/main amd64 python3-yarl amd64 1.19.0-1 [96.5 kB]
#7 3.495 Get:47 https://snapshot.debian.org/archive/debian/20260914T000000Z trixie/main amd64 python3-async-timeout all 5.0.1-1 [8324 B]
#7 3.495 Get:48 https://snapshot.debian.org/archive/debian/20260914T000000Z trixie/main amd64 python3-frozenlist amd64 1.6.0-1 [99.7 kB]
#7 3.515 Get:49 https://snapshot.debian.org/archive/debian/20260914T000000Z trixie/main amd64 python3-aiosignal all 1.3.2-1 [6100 B]
#7 3.515 Get:50 https://snapshot.debian.org/archive/debian/20260914T000000Z trixie/main amd64 python3-attr all 25.3.0-1 [69.5 kB]
#7 3.518 Get:51 https://snapshot.debian.org/archive/debian/20260914T000000Z trixie/main amd64 python3-aiohttp amd64 3.11.16-1+deb13u1 [406 kB]
#7 3.599 Get:52 https://snapshot.debian.org/archive/debian/20260914T000000Z trixie/main amd64 python3-bcrypt amd64 4.2.0-2.1+b1 [211 kB]
#7 3.627 Get:53 https://snapshot.debian.org/archive/debian/20260914T000000Z trixie/main amd64 python3-cffi-backend amd64 1.17.1-3 [93.4 kB]
#7 3.661 Get:54 https://snapshot.debian.org/archive/debian/20260914T000000Z trixie/main amd64 python3-cryptography amd64 43.0.0-3+deb13u1 [942 kB]
#7 3.898 Get:55 https://snapshot.debian.org/archive/debian/20260914T000000Z trixie/main amd64 socat amd64 1.8.0.3-1+deb13u1 [424 kB]
#7 5.874 Preconfiguring packages ...
#7 5.920 Fetched 13.0 MB in 1s (9901 kB/s)
#7 5.949 Selecting previously unselected package libexpat1:amd64.
#7 5.949 (Reading database ... 
(Reading database ... 5%
(Reading database ... 10%
(Reading database ... 15%
(Reading database ... 20%
(Reading database ... 25%
(Reading database ... 30%
(Reading database ... 35%
(Reading database ... 40%
(Reading database ... 45%
(Reading database ... 50%
(Reading database ... 55%
(Reading database ... 60%
(Reading database ... 65%
(Reading database ... 70%
(Reading database ... 75%
(Reading database ... 80%
(Reading database ... 85%
(Reading database ... 90%
(Reading database ... 95%
(Reading database ... 100%
(Reading database ... 5879 files and directories currently installed.)
#7 5.958 Preparing to unpack .../libexpat1_2.8.3-1~deb13u1_amd64.deb ...
#7 5.964 Unpacking libexpat1:amd64 (2.8.3-1~deb13u1) ...
#7 6.004 Selecting previously unselected package libpython3.13-minimal:amd64.
#7 6.005 Preparing to unpack .../libpython3.13-minimal_3.13.5-2+deb13u5_amd64.deb ...
#7 6.008 Unpacking libpython3.13-minimal:amd64 (3.13.5-2+deb13u5) ...
#7 6.099 Selecting previously unselected package python3.13-minimal.
#7 6.101 Preparing to unpack .../python3.13-minimal_3.13.5-2+deb13u5_amd64.deb ...
#7 6.108 Unpacking python3.13-minimal (3.13.5-2+deb13u5) ...
#7 6.222 Setting up libpython3.13-minimal:amd64 (3.13.5-2+deb13u5) ...
#7 6.236 Setting up libexpat1:amd64 (2.8.3-1~deb13u1) ...
#7 6.247 Setting up python3.13-minimal (3.13.5-2+deb13u5) ...
#7 6.784 Selecting previously unselected package python3-minimal.
#7 6.784 (Reading database ... 
(Reading database ... 5%
(Reading database ... 10%
(Reading database ... 15%
(Reading database ... 20%
(Reading database ... 25%
(Reading database ... 30%
(Reading database ... 35%
(Reading database ... 40%
(Reading database ... 45%
(Reading database ... 50%
(Reading database ... 55%
(Reading database ... 60%
(Reading database ... 65%
(Reading database ... 70%
(Reading database ... 75%
(Reading database ... 80%
(Reading database ... 85%
(Reading database ... 90%
(Reading database ... 95%
(Reading database ... 100%
(Reading database ... 6213 files and directories currently installed.)
#7 6.794 Preparing to unpack .../0-python3-minimal_3.13.5-1_amd64.deb ...
#7 6.801 Unpacking python3-minimal (3.13.5-1) ...
#7 6.833 Selecting previously unselected package media-types.
#7 6.834 Preparing to unpack .../1-media-types_13.0.0_all.deb ...
#7 6.839 Unpacking media-types (13.0.0) ...
#7 6.872 Selecting previously unselected package netbase.
#7 6.873 Preparing to unpack .../2-netbase_6.5_all.deb ...
#7 6.880 Unpacking netbase (6.5) ...
#7 6.914 Selecting previously unselected package libncursesw6:amd64.
#7 6.915 Preparing to unpack .../3-libncursesw6_6.5+20250216-2_amd64.deb ...
#7 6.918 Unpacking libncursesw6:amd64 (6.5+20250216-2) ...
#7 6.951 Selecting previously unselected package readline-common.
#7 6.952 Preparing to unpack .../4-readline-common_8.2-6_all.deb ...
#7 6.955 Unpacking readline-common (8.2-6) ...
#7 6.989 Selecting previously unselected package libreadline8t64:amd64.
#7 6.990 Preparing to unpack .../5-libreadline8t64_8.2-6_amd64.deb ...
#7 6.996 Adding 'diversion of /lib/x86_64-linux-gnu/libhistory.so.8 to /lib/x86_64-linux-gnu/libhistory.so.8.usr-is-merged by libreadline8t64'
#7 7.007 Adding 'diversion of /lib/x86_64-linux-gnu/libhistory.so.8.2 to /lib/x86_64-linux-gnu/libhistory.so.8.2.usr-is-merged by libreadline8t64'
#7 7.011 Adding 'diversion of /lib/x86_64-linux-gnu/libreadline.so.8 to /lib/x86_64-linux-gnu/libreadline.so.8.usr-is-merged by libreadline8t64'
#7 7.016 Adding 'diversion of /lib/x86_64-linux-gnu/libreadline.so.8.2 to /lib/x86_64-linux-gnu/libreadline.so.8.2.usr-is-merged by libreadline8t64'
#7 7.019 Unpacking libreadline8t64:amd64 (8.2-6) ...
#7 7.047 Selecting previously unselected package libpython3.13-stdlib:amd64.
#7 7.048 Preparing to unpack .../6-libpython3.13-stdlib_3.13.5-2+deb13u5_amd64.deb ...
#7 7.050 Unpacking libpython3.13-stdlib:amd64 (3.13.5-2+deb13u5) ...
#7 7.168 Selecting previously unselected package python3.13.
#7 7.169 Preparing to unpack .../7-python3.13_3.13.5-2+deb13u5_amd64.deb ...
#7 7.172 Unpacking python3.13 (3.13.5-2+deb13u5) ...
#7 7.201 Selecting previously unselected package libpython3-stdlib:amd64.
#7 7.202 Preparing to unpack .../8-libpython3-stdlib_3.13.5-1_amd64.deb ...
#7 7.207 Unpacking libpython3-stdlib:amd64 (3.13.5-1) ...
#7 7.235 Setting up python3-minimal (3.13.5-1) ...
#7 7.358 Selecting previously unselected package python3.
#7 7.358 (Reading database ... 
(Reading database ... 5%
(Reading database ... 10%
(Reading database ... 15%
(Reading database ... 20%
(Reading database ... 25%
(Reading database ... 30%
(Reading database ... 35%
(Reading database ... 40%
(Reading database ... 45%
(Reading database ... 50%
(Reading database ... 55%
(Reading database ... 60%
(Reading database ... 65%
(Reading database ... 70%
(Reading database ... 75%
(Reading database ... 80%
(Reading database ... 85%
(Reading database ... 90%
(Reading database ... 95%
(Reading database ... 100%
(Reading database ... 6716 files and directories currently installed.)
#7 7.364 Preparing to unpack .../python3_3.13.5-1_amd64.deb ...
#7 7.370 Unpacking python3 (3.13.5-1) ...
#7 7.402 Preparing to unpack .../libcap2_1%3a2.75-10+deb13u1+b3_amd64.deb ...
#7 7.412 Unpacking libcap2:amd64 (1:2.75-10+deb13u1+b3) over (1:2.75-10+deb13u1+b1) ...
#7 7.451 Setting up libcap2:amd64 (1:2.75-10+deb13u1+b3) ...
#7 7.495 Selecting previously unselected package libelf1t64:amd64.
#7 7.495 (Reading database ... 
(Reading database ... 5%
(Reading database ... 10%
(Reading database ... 15%
(Reading database ... 20%
(Reading database ... 25%
(Reading database ... 30%
(Reading database ... 35%
(Reading database ... 40%
(Reading database ... 45%
(Reading database ... 50%
(Reading database ... 55%
(Reading database ... 60%
(Reading database ... 65%
(Reading database ... 70%
(Reading database ... 75%
(Reading database ... 80%
(Reading database ... 85%
(Reading database ... 90%
(Reading database ... 95%
(Reading database ... 100%
(Reading database ... 6737 files and directories currently installed.)
#7 7.502 Preparing to unpack .../00-libelf1t64_0.192-4_amd64.deb ...
#7 7.507 Unpacking libelf1t64:amd64 (0.192-4) ...
#7 7.542 Selecting previously unselected package libbpf1:amd64.
#7 7.543 Preparing to unpack .../01-libbpf1_1%3a1.5.0-3_amd64.deb ...
#7 7.546 Unpacking libbpf1:amd64 (1:1.5.0-3) ...
#7 7.583 Selecting previously unselected package libmnl0:amd64.
#7 7.585 Preparing to unpack .../02-libmnl0_1.0.5-3_amd64.deb ...
#7 7.589 Unpacking libmnl0:amd64 (1.0.5-3) ...
#7 7.625 Selecting previously unselected package libtirpc-common.
#7 7.627 Preparing to unpack .../03-libtirpc-common_1.3.6+ds-1_all.deb ...
#7 7.634 Unpacking libtirpc-common (1.3.6+ds-1) ...
#7 7.679 Selecting previously unselected package libtirpc3t64:amd64.
#7 7.680 Preparing to unpack .../04-libtirpc3t64_1.3.6+ds-1_amd64.deb ...
#7 7.688 Adding 'diversion of /lib/x86_64-linux-gnu/libtirpc.so.3 to /lib/x86_64-linux-gnu/libtirpc.so.3.usr-is-merged by libtirpc3t64'
#7 7.693 Adding 'diversion of /lib/x86_64-linux-gnu/libtirpc.so.3.0.0 to /lib/x86_64-linux-gnu/libtirpc.so.3.0.0.usr-is-merged by libtirpc3t64'
#7 7.697 Unpacking libtirpc3t64:amd64 (1.3.6+ds-1) ...
#7 7.731 Selecting previously unselected package libxtables12:amd64.
#7 7.732 Preparing to unpack .../05-libxtables12_1.8.11-2_amd64.deb ...
#7 7.736 Unpacking libxtables12:amd64 (1.8.11-2) ...
#7 7.764 Selecting previously unselected package libcap2-bin.
#7 7.765 Preparing to unpack .../06-libcap2-bin_1%3a2.75-10+deb13u1+b3_amd64.deb ...
#7 7.770 Unpacking libcap2-bin (1:2.75-10+deb13u1+b3) ...
#7 7.814 Selecting previously unselected package iproute2.
#7 7.815 Preparing to unpack .../07-iproute2_6.15.0-1_amd64.deb ...
#7 7.858 Unpacking iproute2 (6.15.0-1) ...
#7 7.922 Selecting previously unselected package iputils-ping.
#7 7.923 Preparing to unpack .../08-iputils-ping_3%3a20240905-3_amd64.deb ...
#7 7.927 Unpacking iputils-ping (3:20240905-3) ...
#7 7.957 Selecting previously unselected package libipset13t64:amd64.
#7 7.958 Preparing to unpack .../09-libipset13t64_7.22-1+b1_amd64.deb ...
#7 7.964 Unpacking libipset13t64:amd64 (7.22-1+b1) ...
#7 7.992 Selecting previously unselected package ipset.
#7 7.993 Preparing to unpack .../10-ipset_7.22-1+b1_amd64.deb ...
#7 7.996 Unpacking ipset (7.22-1+b1) ...
#7 8.031 Selecting previously unselected package libip4tc2:amd64.
#7 8.032 Preparing to unpack .../11-libip4tc2_1.8.11-2_amd64.deb ...
#7 8.041 Unpacking libip4tc2:amd64 (1.8.11-2) ...
#7 8.070 Selecting previously unselected package libip6tc2:amd64.
#7 8.071 Preparing to unpack .../12-libip6tc2_1.8.11-2_amd64.deb ...
#7 8.075 Unpacking libip6tc2:amd64 (1.8.11-2) ...
#7 8.104 Selecting previously unselected package libnfnetlink0:amd64.
#7 8.106 Preparing to unpack .../13-libnfnetlink0_1.0.2-3_amd64.deb ...
#7 8.110 Unpacking libnfnetlink0:amd64 (1.0.2-3) ...
#7 8.139 Selecting previously unselected package libnetfilter-conntrack3:amd64.
#7 8.141 Preparing to unpack .../14-libnetfilter-conntrack3_1.1.0-1_amd64.deb ...
#7 8.144 Unpacking libnetfilter-conntrack3:amd64 (1.1.0-1) ...
#7 8.176 Selecting previously unselected package libnftnl11:amd64.
#7 8.177 Preparing to unpack .../15-libnftnl11_1.2.9-1_amd64.deb ...
#7 8.180 Unpacking libnftnl11:amd64 (1.2.9-1) ...
#7 8.208 Selecting previously unselected package iptables.
#7 8.209 Preparing to unpack .../16-iptables_1.8.11-2_amd64.deb ...
#7 8.212 Unpacking iptables (1.8.11-2) ...
#7 8.264 Selecting previously unselected package libboost-filesystem1.83.0:amd64.
#7 8.265 Preparing to unpack .../17-libboost-filesystem1.83.0_1.83.0-4.2_amd64.deb ...
#7 8.269 Unpacking libboost-filesystem1.83.0:amd64 (1.83.0-4.2) ...
#7 8.310 Selecting previously unselected package libboost-system1.83.0:amd64.
#7 8.311 Preparing to unpack .../18-libboost-system1.83.0_1.83.0-4.2_amd64.deb ...
#7 8.314 Unpacking libboost-system1.83.0:amd64 (1.83.0-4.2) ...
#7 8.346 Selecting previously unselected package libjsoncpp26:amd64.
#7 8.347 Preparing to unpack .../19-libjsoncpp26_1.9.6-3_amd64.deb ...
#7 8.350 Unpacking libjsoncpp26:amd64 (1.9.6-3) ...
#7 8.380 Selecting previously unselected package libmbedcrypto16:amd64.
#7 8.381 Preparing to unpack .../20-libmbedcrypto16_3.6.6-0.1~deb13u1_amd64.deb ...
#7 8.386 Unpacking libmbedcrypto16:amd64 (3.6.6-0.1~deb13u1) ...
#7 8.421 Selecting previously unselected package libmbedx509-7:amd64.
#7 8.422 Preparing to unpack .../21-libmbedx509-7_3.6.6-0.1~deb13u1_amd64.deb ...
#7 8.425 Unpacking libmbedx509-7:amd64 (3.6.6-0.1~deb13u1) ...
#7 8.454 Selecting previously unselected package libmbedtls21:amd64.
#7 8.455 Preparing to unpack .../22-libmbedtls21_3.6.6-0.1~deb13u1_amd64.deb ...
#7 8.459 Unpacking libmbedtls21:amd64 (3.6.6-0.1~deb13u1) ...
#7 8.494 Selecting previously unselected package libnetfilter-queue1:amd64.
#7 8.495 Preparing to unpack .../23-libnetfilter-queue1_1.0.5-4+b1_amd64.deb ...
#7 8.499 Unpacking libnetfilter-queue1:amd64 (1.0.5-4+b1) ...
#7 8.527 Selecting previously unselected package libprotobuf-lite32t64:amd64.
#7 8.528 Preparing to unpack .../24-libprotobuf-lite32t64_3.21.12-11+deb13u1_amd64.deb ...
#7 8.533 Unpacking libprotobuf-lite32t64:amd64 (3.21.12-11+deb13u1) ...
#7 8.576 Selecting previously unselected package libwrap0:amd64.
#7 8.577 Preparing to unpack .../25-libwrap0_7.6.q-36_amd64.deb ...
#7 8.580 Unpacking libwrap0:amd64 (7.6.q-36) ...
#7 8.616 Selecting previously unselected package netcat-openbsd.
#7 8.617 Preparing to unpack .../26-netcat-openbsd_1.229-1_amd64.deb ...
#7 8.620 Unpacking netcat-openbsd (1.229-1) ...
#7 8.654 Selecting previously unselected package python3-aiohappyeyeballs.
#7 8.655 Preparing to unpack .../27-python3-aiohappyeyeballs_2.6.1-1_all.deb ...
#7 8.658 Unpacking python3-aiohappyeyeballs (2.6.1-1) ...
#7 8.690 Selecting previously unselected package python3-idna.
#7 8.691 Preparing to unpack .../28-python3-idna_3.10-1+deb13u1_all.deb ...
#7 8.694 Unpacking python3-idna (3.10-1+deb13u1) ...
#7 8.727 Selecting previously unselected package python3-multidict.
#7 8.728 Preparing to unpack .../29-python3-multidict_6.4.3-1_amd64.deb ...
#7 8.731 Unpacking python3-multidict (6.4.3-1) ...
#7 8.762 Selecting previously unselected package python3-propcache.
#7 8.762 Preparing to unpack .../30-python3-propcache_0.3.1-1_amd64.deb ...
#7 8.766 Unpacking python3-propcache (0.3.1-1) ...
#7 8.797 Selecting previously unselected package python3-yarl.
#7 8.798 Preparing to unpack .../31-python3-yarl_1.19.0-1_amd64.deb ...
#7 8.801 Unpacking python3-yarl (1.19.0-1) ...
#7 8.833 Selecting previously unselected package python3-async-timeout.
#7 8.834 Preparing to unpack .../32-python3-async-timeout_5.0.1-1_all.deb ...
#7 8.838 Unpacking python3-async-timeout (5.0.1-1) ...
#7 8.868 Selecting previously unselected package python3-frozenlist.
#7 8.868 Preparing to unpack .../33-python3-frozenlist_1.6.0-1_amd64.deb ...
#7 8.873 Unpacking python3-frozenlist (1.6.0-1) ...
#7 8.906 Selecting previously unselected package python3-aiosignal.
#7 8.907 Preparing to unpack .../34-python3-aiosignal_1.3.2-1_all.deb ...
#7 8.911 Unpacking python3-aiosignal (1.3.2-1) ...
#7 8.945 Selecting previously unselected package python3-attr.
#7 8.946 Preparing to unpack .../35-python3-attr_25.3.0-1_all.deb ...
#7 8.950 Unpacking python3-attr (25.3.0-1) ...
#7 8.989 Selecting previously unselected package python3-aiohttp.
#7 8.990 Preparing to unpack .../36-python3-aiohttp_3.11.16-1+deb13u1_amd64.deb ...
#7 8.994 Unpacking python3-aiohttp (3.11.16-1+deb13u1) ...
#7 9.042 Selecting previously unselected package python3-bcrypt.
#7 9.043 Preparing to unpack .../37-python3-bcrypt_4.2.0-2.1+b1_amd64.deb ...
#7 9.047 Unpacking python3-bcrypt (4.2.0-2.1+b1) ...
#7 9.081 Selecting previously unselected package python3-cffi-backend:amd64.
#7 9.082 Preparing to unpack .../38-python3-cffi-backend_1.17.1-3_amd64.deb ...
#7 9.085 Unpacking python3-cffi-backend:amd64 (1.17.1-3) ...
#7 9.117 Selecting previously unselected package python3-cryptography.
#7 9.118 Preparing to unpack .../39-python3-cryptography_43.0.0-3+deb13u1_amd64.deb ...
#7 9.121 Unpacking python3-cryptography (43.0.0-3+deb13u1) ...
#7 9.192 Selecting previously unselected package socat.
#7 9.193 Preparing to unpack .../40-socat_1.8.0.3-1+deb13u1_amd64.deb ...
#7 9.196 Unpacking socat (1.8.0.3-1+deb13u1) ...
#7 9.239 Setting up libip4tc2:amd64 (1.8.11-2) ...
#7 9.249 Setting up libprotobuf-lite32t64:amd64 (3.21.12-11+deb13u1) ...
#7 9.259 Setting up media-types (13.0.0) ...
#7 9.277 Setting up libip6tc2:amd64 (1.8.11-2) ...
#7 9.289 Setting up libtirpc-common (1.3.6+ds-1) ...
#7 9.303 Setting up libboost-system1.83.0:amd64 (1.83.0-4.2) ...
#7 9.316 Setting up netcat-openbsd (1.229-1) ...
#7 9.327 update-alternatives: using /bin/nc.openbsd to provide /bin/nc (nc) in auto mode
#7 9.328 update-alternatives: warning: skip creation of /usr/share/man/man1/nc.1.gz because associated file /usr/share/man/man1/nc_openbsd.1.gz (of link group nc) doesn't exist
#7 9.328 update-alternatives: warning: skip creation of /usr/share/man/man1/netcat.1.gz because associated file /usr/share/man/man1/nc_openbsd.1.gz (of link group nc) doesn't exist
#7 9.334 Setting up libboost-filesystem1.83.0:amd64 (1.83.0-4.2) ...
#7 9.348 Setting up libelf1t64:amd64 (0.192-4) ...
#7 9.361 Setting up libcap2-bin (1:2.75-10+deb13u1+b3) ...
#7 9.372 Setting up libwrap0:amd64 (7.6.q-36) ...
#7 9.385 Setting up libjsoncpp26:amd64 (1.9.6-3) ...
#7 9.398 Setting up socat (1.8.0.3-1+deb13u1) ...
#7 9.407 Setting up libmnl0:amd64 (1.0.5-3) ...
#7 9.417 Setting up libncursesw6:amd64 (6.5+20250216-2) ...
#7 9.429 Setting up libxtables12:amd64 (1.8.11-2) ...
#7 9.442 Setting up libnfnetlink0:amd64 (1.0.2-3) ...
#7 9.452 Setting up netbase (6.5) ...
#7 9.480 Setting up libmbedcrypto16:amd64 (3.6.6-0.1~deb13u1) ...
#7 9.491 Setting up iputils-ping (3:20240905-3) ...
#7 9.501 Setting up readline-common (8.2-6) ...
#7 9.513 Setting up libbpf1:amd64 (1:1.5.0-3) ...
#7 9.526 Setting up libtirpc3t64:amd64 (1.3.6+ds-1) ...
#7 9.536 Setting up iproute2 (6.15.0-1) ...
#7 9.625 Setting up libnftnl11:amd64 (1.2.9-1) ...
#7 9.634 Setting up libmbedx509-7:amd64 (3.6.6-0.1~deb13u1) ...
#7 9.644 Setting up libipset13t64:amd64 (7.22-1+b1) ...
#7 9.655 Setting up libnetfilter-queue1:amd64 (1.0.5-4+b1) ...
#7 9.665 Setting up libmbedtls21:amd64 (3.6.6-0.1~deb13u1) ...
#7 9.677 Setting up libreadline8t64:amd64 (8.2-6) ...
#7 9.688 Setting up libnetfilter-conntrack3:amd64 (1.1.0-1) ...
#7 9.698 Setting up ipset (7.22-1+b1) ...
#7 9.711 Setting up libpython3.13-stdlib:amd64 (3.13.5-2+deb13u5) ...
#7 9.724 Setting up libpython3-stdlib:amd64 (3.13.5-1) ...
#7 9.741 Setting up python3.13 (3.13.5-2+deb13u5) ...
#7 10.46 Setting up iptables (1.8.11-2) ...
#7 10.46 update-alternatives: using /usr/sbin/iptables-legacy to provide /usr/sbin/iptables (iptables) in auto mode
#7 10.47 update-alternatives: using /usr/sbin/ip6tables-legacy to provide /usr/sbin/ip6tables (ip6tables) in auto mode
#7 10.48 update-alternatives: using /usr/sbin/iptables-nft to provide /usr/sbin/iptables (iptables) in auto mode
#7 10.48 update-alternatives: using /usr/sbin/ip6tables-nft to provide /usr/sbin/ip6tables (ip6tables) in auto mode
#7 10.48 update-alternatives: using /usr/sbin/arptables-nft to provide /usr/sbin/arptables (arptables) in auto mode
#7 10.49 update-alternatives: using /usr/sbin/ebtables-nft to provide /usr/sbin/ebtables (ebtables) in auto mode
#7 10.49 Setting up python3 (3.13.5-1) ...
#7 10.57 Setting up python3-multidict (6.4.3-1) ...
#7 10.64 Setting up python3-frozenlist (1.6.0-1) ...
#7 10.71 Setting up python3-aiosignal (1.3.2-1) ...
#7 10.78 Setting up python3-async-timeout (5.0.1-1) ...
#7 10.84 Setting up python3-idna (3.10-1+deb13u1) ...
#7 10.95 Setting up python3-aiohappyeyeballs (2.6.1-1) ...
#7 11.02 Setting up python3-propcache (0.3.1-1) ...
#7 11.08 Setting up python3-yarl (1.19.0-1) ...
#7 11.16 Setting up python3-cffi-backend:amd64 (1.17.1-3) ...
#7 11.17 Setting up python3-attr (25.3.0-1) ...
#7 11.25 Setting up python3-bcrypt (4.2.0-2.1+b1) ...
#7 11.31 Setting up python3-aiohttp (3.11.16-1+deb13u1) ...
#7 11.46 Setting up python3-cryptography (43.0.0-3+deb13u1) ...
#7 11.59 Processing triggers for libc-bin (2.41-12+deb13u3) ...
#7 DONE 11.8s

#8 exporting to image
#8 exporting layers
#8 exporting layers 1.7s done
#8 exporting manifest sha256:917237460051b470f870dfd2655e0de21e79fb7f0cccdb6bd3e6f6fd00efa886 0.0s done
#8 exporting config sha256:aa9fc66ab7723ad771903f371e952672be0a245ba36174867dfcd544f938b573 0.0s done
#8 exporting attestation manifest sha256:3c1f917a8714d15ebd655a126747b56a346e41351e7b6a176f964f07896b9e86 0.0s done
#8 exporting manifest list sha256:5f32ef29eb72a5a1ce17c81a5b263a2939234c517ceaa9e18829188ac2313abe 0.0s done
#8 naming to docker.io/local/sdk2026-apt-check:runtime done
#8 unpacking to docker.io/local/sdk2026-apt-check:runtime
#8 unpacking to docker.io/local/sdk2026-apt-check:runtime 0.8s done
#8 DONE 2.5s

 2 warnings found (use docker --debug to expand):
 - FromPlatformFlagConstDisallowed: FROM --platform flag should not use constant value "linux/amd64" (line 4)
 - FromPlatformFlagConstDisallowed: FROM --platform flag should not use constant value "linux/amd64" (line 17)
