Reading package lists...
Building dependency tree...
Reading state information...
libsystemd0 is already the newest version (257.13-1~deb13u1).
The following additional packages will be installed:
  binutils binutils-common binutils-x86-64-linux-gnu bzip2 cmake-data cpp
  cpp-14 cpp-14-x86-64-linux-gnu cpp-x86-64-linux-gnu curl dpkg-dev eslint g++
  g++-14 g++-14-x86-64-linux-gnu g++-x86-64-linux-gnu gcc gcc-14
  gcc-14-x86-64-linux-gnu gcc-x86-64-linux-gnu git-man gyp handlebars
  libarchive13t64 libasan8 libatomic1 libbinutils libboost-atomic1.83-dev
  libboost-atomic1.83.0 libboost-filesystem1.83-dev libboost-system1.83-dev
  libboost1.83-dev libbpf1 libc-bin libc-dev-bin libc6 libc6-dev libcap-dev
  libcap2 libcap2-bin libcares2 libcc1-0 libcrypt-dev libctf-nobfd0 libctf0
  libcurl3t64-gnutls libcurl4t64 libdbus-1-3 libdpkg-perl libelf1t64
  liberror-perl libexpat1 libgcc-14-dev libgdbm-compat4t64 libgdbm6t64
  libgomp1 libgprofng0 libhwasan0 libicu76 libip4tc2 libip6tc2 libipset13t64
  libisl23 libitm1 libjansson4 libjs-events libjs-inherits libjs-is-typedarray
  libjs-prettify libjs-regenerate libjs-source-map libjs-sprintf-js
  libjs-typedarray-to-buffer libjs-util liblsan0 libmbedcrypto16 libmbedx509-7
  libmnl0 libmpc3 libmpfr6 libncurses6 libncursesw6 libnetfilter-conntrack3
  libnfnetlink-dev libnfnetlink0 libnftnl11 libngtcp2-16
  libngtcp2-crypto-gnutls8 libnode-dev libnode115 libperl5.40 libpkgconf3
  libproc2-0 libprotobuf32t64 libprotoc32t64 libpython3-stdlib
  libpython3.13-minimal libpython3.13-stdlib libquadmath0 librhash1 libsframe1
  libssl-dev libssl3t64 libstdc++-14-dev libtirpc-common libtirpc3t64 libtsan2
  libubsan1 libuv1-dev libuv1t64 libwrap0 libxml2 libxtables12 linux-libc-dev
  make media-types netbase node-abbrev node-acorn node-agent-base node-ajv
  node-ajv-keywords node-ampproject-remapping node-ansi-escapes
  node-ansi-regex node-ansi-styles node-anymatch node-aproba node-archy
  node-are-we-there-yet node-argparse node-arrify node-assert node-async
  node-async-each node-babel-helper-define-polyfill-provider
  node-babel-plugin-add-module-exports node-babel-plugin-lodash
  node-babel-plugin-polyfill-corejs2 node-babel-plugin-polyfill-corejs3
  node-babel-plugin-polyfill-regenerator node-babel7 node-babel7-runtime
  node-balanced-match node-base64-js node-binary-extensions
  node-brace-expansion node-braces node-browserslist node-builtins
  node-cacache node-camelcase node-caniuse-lite node-chalk node-chokidar
  node-chownr node-chrome-trace-event node-ci-info node-cjs-module-lexer
  node-cli-table node-cliui node-clone node-clone-deep node-color-convert
  node-color-name node-colors node-columnify node-commander node-commondir
  node-concat-stream node-console-control-strings node-convert-source-map
  node-copy-concurrently node-core-js node-core-js-compat node-core-js-pure
  node-core-util-is node-corepack node-css-loader node-css-selector-tokenizer
  node-data-uri-to-buffer node-debbundle-es-to-primitive node-debug
  node-decamelize node-decompress-response node-deep-equal node-deep-is
  node-defaults node-define-properties node-define-property node-defined
  node-del node-delegates node-depd node-diff node-doctrine
  node-electron-to-chromium node-encoding node-enhanced-resolve node-envinfo
  node-err-code node-errno node-error-ex node-es-abstract node-es-module-lexer
  node-es6-error node-escape-string-regexp node-escodegen node-eslint-scope
  node-eslint-utils node-eslint-visitor-keys node-espree node-esprima
  node-esquery node-esrecurse node-estraverse node-esutils node-events
  node-execa node-fancy-log node-fast-deep-equal node-fast-levenshtein
  node-fetch node-file-entry-cache node-fill-range node-find-cache-dir
  node-find-up node-flat-cache node-flatted node-for-in node-for-own
  node-foreground-child node-fs-readdir-recursive node-fs-write-stream-atomic
  node-fs.realpath node-function-bind node-functional-red-black-tree
  node-gauge node-get-caller-file node-get-stream node-glob node-glob-parent
  node-globals node-globby node-got node-graceful-fs node-gyp node-has-flag
  node-has-unicode node-hosted-git-info node-http-proxy-agent
  node-https-proxy-agent node-iconv-lite node-icss-utils node-ieee754
  node-iferr node-ignore node-imurmurhash node-indent-string node-inflight
  node-inherits node-ini node-interpret node-ip node-ip-regex node-is-arrayish
  node-is-binary-path node-is-buffer node-is-descriptor node-is-extendable
  node-is-extglob node-is-glob node-is-number node-is-path-cwd
  node-is-path-inside node-is-plain-obj node-is-plain-object node-is-stream
  node-is-typedarray node-is-windows node-isarray node-isexe node-isobject
  node-istanbul node-jest-debbundle node-jest-worker node-js-tokens
  node-js-yaml node-jsesc node-json-buffer node-json-parse-better-errors
  node-json-schema node-json-schema-traverse node-json-stable-stringify
  node-json5 node-jsonify node-jsonparse node-kind-of node-levn
  node-loader-runner node-locate-path node-lodash node-lodash-packages
  node-lowercase-keys node-lru-cache node-make-dir node-memfs node-memory-fs
  node-merge-stream node-micromatch node-mime node-mime-types node-mimic-fn
  node-mimic-response node-minimatch node-minimist node-minipass node-mkdirp
  node-move-concurrently node-ms node-mute-stream node-n3 node-negotiator
  node-neo-async node-nopt node-normalize-package-data node-normalize-path
  node-npm-bundled node-npm-package-arg node-npm-run-path node-npmlog
  node-object-assign node-object-inspect node-once node-optimist
  node-optionator node-osenv node-p-cancelable node-p-limit node-p-locate
  node-p-map node-parse-json node-path-dirname node-path-exists
  node-path-is-absolute node-path-is-inside node-path-type node-picocolors
  node-pify node-pkg-dir node-postcss node-postcss-modules-extract-imports
  node-postcss-modules-values node-postcss-value-parser node-prelude-ls
  node-process-nextick-args node-progress node-promise-inflight
  node-promise-retry node-promzard node-prr node-punycode node-quick-lru
  node-randombytes node-read node-read-package-json node-read-pkg
  node-readable-stream node-readdirp node-rechoir node-regenerate
  node-regenerate-unicode-properties node-regenerator-runtime
  node-regenerator-transform node-regexpp node-regexpu-core node-regjsgen
  node-regjsparser node-repeat-string node-require-directory node-resolve
  node-resolve-cwd node-resolve-from node-resumer node-retry node-rimraf
  node-run-queue node-safe-buffer node-schema-utils node-semver
  node-serialize-javascript node-set-blocking node-set-immediate-shim
  node-shebang-command node-shebang-regex node-signal-exit node-slash
  node-slice-ansi node-source-list-map node-source-map node-source-map-support
  node-spdx-correct node-spdx-exceptions node-spdx-expression-parse
  node-spdx-license-ids node-sprintf-js node-ssri node-string-decoder
  node-string-width node-strip-ansi node-strip-bom node-strip-eof
  node-strip-json-comments node-supports-color node-tapable node-tape node-tar
  node-terser node-text-table node-through node-time-stamp
  node-to-fast-properties node-to-regex-range node-tslib node-type-check
  node-typedarray node-typedarray-to-buffer node-undici
  node-unicode-canonical-property-names-ecmascript
  node-unicode-match-property-ecmascript
  node-unicode-match-property-value-ecmascript
  node-unicode-property-aliases-ecmascript node-unique-filename node-uri-js
  node-util node-util-deprecate node-uuid node-v8-compile-cache node-v8flags
  node-validate-npm-package-license node-validate-npm-package-name
  node-watchpack node-wcwidth.js node-webassemblyjs node-webpack-sources
  node-which node-wide-align node-wordwrap node-wrap-ansi node-wrappy
  node-write node-write-file-atomic node-xtend node-y18n node-yallist
  node-yargs node-yargs-parser openssl openssl-provider-legacy perl perl-base
  perl-modules-5.40 pkgconf pkgconf-bin procps python3-aiohappyeyeballs
  python3-aiosignal python3-async-timeout python3-attr python3-bcrypt
  python3-cffi-backend python3-frozenlist python3-idna python3-minimal
  python3-multidict python3-packaging python3-propcache python3.13
  python3.13-minimal readline-common rpcsvc-proto sgml-base terser webpack
  xml-core zlib1g-dev
Suggested packages:
  binutils-doc gprofng-gui binutils-gold bzip2-doc cmake-doc cmake-format
  elpa-cmake-mode cpp-doc gcc-14-locales cpp-14-doc debian-keyring
  debian-tag2upload-keyring node-babel-eslint node-esprima-fb node-inquirer
  g++-multilib g++-14-multilib gcc-14-doc gcc-multilib manpages-dev autoconf
  automake libtool flex bison gdb gcc-doc gcc-14-multilib gdb-x86-64-linux-gnu
  gettext-base git-doc git-email git-gui gitk gitweb git-cvs git-mediawiki
  git-svn firewalld kmod lrzip libboost-doc libboost1.83-doc
  libboost-chrono1.83-dev libboost-container1.83-dev libboost-context1.83-dev
  libboost-contract1.83-dev libboost-coroutine1.83-dev
  libboost-date-time1.83-dev libboost-exception1.83-dev libboost-fiber1.83-dev
  libboost-graph-parallel1.83-dev libboost-graph1.83-dev
  libboost-iostreams1.83-dev libboost-json1.83-dev libboost-locale1.83-dev
  libboost-log1.83-dev libboost-math1.83-dev libboost-mpi-python1.83-dev
  libboost-mpi1.83-dev libboost-nowide1.83-dev libboost-numpy1.83-dev
  libboost-program-options1.83-dev libboost-python1.83-dev
  libboost-random1.83-dev libboost-regex1.83-dev
  libboost-serialization1.83-dev libboost-stacktrace1.83-dev
  libboost-test1.83-dev libboost-thread1.83-dev libboost-timer1.83-dev
  libboost-type-erasure1.83-dev libboost-url1.83-dev libboost-wave1.83-dev
  libboost1.83-tools-dev libmpfrc++-dev libntl-dev libc-devtools glibc-doc sq
  | sqop | rsop | gosop | pgpainless-cli | gpg-sq | gnupg sensible-utils bzr
  gdbm-l10n libjs-angularjs libmbedtls-doc ncurses-doc libnetfilter-queue-doc
  readline-doc libssl-doc libstdc++-14-doc libuv1-doc make-doc
  node-babel-plugin-polyfill-es-shims node-babel7-debug javascript-common
  livescript chai node-jest-diff node-opener ed diffutils-doc perl-doc
  libterm-readline-gnu-perl | libterm-readline-perl-perl
  libtap-harness-archive-perl protobuf-mode-el python3-doc python3-tk
  python3-venv python-attr-doc python-cryptography-doc
  python3-cryptography-vectors python3.13-venv python3.13-doc binfmt-support
  sgml-base-doc debhelper
Recommended packages:
  fakeroot sq | sqop | rsop | gosop | pgpainless-cli | gpg-sq | gnupg
  libalgorithm-merge-perl less ssh-client nftables linux-sysctl-defaults
  manpages manpages-dev libpam-cap dbus libfile-fcntllock-perl
  liblocale-gettext-perl javascript-common libgpm2 node-re2
  node-require-from-string nodejs-doc node-tap psmisc libjs-jquery
  python3-aiodns
The following NEW packages will be installed:
  binutils binutils-common binutils-x86-64-linux-gnu build-essential bzip2
  cmake cmake-data cpp cpp-14 cpp-14-x86-64-linux-gnu cpp-x86-64-linux-gnu
  dpkg-dev eslint g++ g++-14 g++-14-x86-64-linux-gnu g++-x86-64-linux-gnu gcc
  gcc-14 gcc-14-x86-64-linux-gnu gcc-x86-64-linux-gnu git git-man gyp
  handlebars iproute2 ipset iptables iputils-ping libarchive13t64 libasan8
  libatomic1 libbinutils libboost-atomic1.83-dev libboost-atomic1.83.0
  libboost-dev libboost-filesystem-dev libboost-filesystem1.83-dev
  libboost-filesystem1.83.0 libboost-system-dev libboost-system1.83-dev
  libboost-system1.83.0 libboost1.83-dev libbpf1 libc-dev-bin libc6-dev
  libcap-dev libcap2-bin libcares2 libcc1-0 libcrypt-dev libctf-nobfd0 libctf0
  libcurl3t64-gnutls libdbus-1-3 libdbus-1-dev libdpkg-perl libelf1t64
  liberror-perl libexpat1 libgcc-14-dev libgdbm-compat4t64 libgdbm6t64
  libgomp1 libgprofng0 libhwasan0 libicu76 libip4tc2 libip6tc2 libipset13t64
  libisl23 libitm1 libjansson4 libjs-events libjs-inherits libjs-is-typedarray
  libjs-prettify libjs-regenerate libjs-source-map libjs-sprintf-js
  libjs-typedarray-to-buffer libjs-util libjsoncpp-dev libjsoncpp26 liblsan0
  libmbedcrypto16 libmbedtls-dev libmbedtls21 libmbedx509-7 libmnl0 libmpc3
  libmpfr6 libncurses-dev libncurses6 libncursesw6 libnetfilter-conntrack3
  libnetfilter-queue-dev libnetfilter-queue1 libnfnetlink-dev libnfnetlink0
  libnftnl11 libngtcp2-16 libngtcp2-crypto-gnutls8 libnode-dev libnode115
  libperl5.40 libpkgconf3 libproc2-0 libprotobuf-dev libprotobuf-lite32t64
  libprotobuf32t64 libprotoc32t64 libpython3-stdlib libpython3.13-minimal
  libpython3.13-stdlib libquadmath0 libreadline-dev libreadline8t64 librhash1
  libsframe1 libssl-dev libstdc++-14-dev libsystemd-dev libtirpc-common
  libtirpc3t64 libtsan2 libubsan1 libuv1-dev libuv1t64 libwrap0 libxml2
  libxtables12 linux-libc-dev make media-types netbase netcat-openbsd
  ninja-build node-abbrev node-acorn node-agent-base node-ajv
  node-ajv-keywords node-ampproject-remapping node-ansi-escapes
  node-ansi-regex node-ansi-styles node-anymatch node-aproba node-archy
  node-are-we-there-yet node-argparse node-arrify node-assert node-async
  node-async-each node-babel-helper-define-polyfill-provider
  node-babel-plugin-add-module-exports node-babel-plugin-lodash
  node-babel-plugin-polyfill-corejs2 node-babel-plugin-polyfill-corejs3
  node-babel-plugin-polyfill-regenerator node-babel7 node-babel7-runtime
  node-balanced-match node-base64-js node-binary-extensions
  node-brace-expansion node-braces node-browserslist node-builtins
  node-cacache node-camelcase node-caniuse-lite node-chalk node-chokidar
  node-chownr node-chrome-trace-event node-ci-info node-cjs-module-lexer
  node-cli-table node-cliui node-clone node-clone-deep node-color-convert
  node-color-name node-colors node-columnify node-commander node-commondir
  node-concat-stream node-console-control-strings node-convert-source-map
  node-copy-concurrently node-core-js node-core-js-compat node-core-js-pure
  node-core-util-is node-corepack node-css-loader node-css-selector-tokenizer
  node-data-uri-to-buffer node-debbundle-es-to-primitive node-debug
  node-decamelize node-decompress-response node-deep-equal node-deep-is
  node-defaults node-define-properties node-define-property node-defined
  node-del node-delegates node-depd node-diff node-doctrine
  node-electron-to-chromium node-encoding node-enhanced-resolve node-envinfo
  node-err-code node-errno node-error-ex node-es-abstract node-es-module-lexer
  node-es6-error node-escape-string-regexp node-escodegen node-eslint-scope
  node-eslint-utils node-eslint-visitor-keys node-espree node-esprima
  node-esquery node-esrecurse node-estraverse node-esutils node-events
  node-execa node-fancy-log node-fast-deep-equal node-fast-levenshtein
  node-fetch node-file-entry-cache node-fill-range node-find-cache-dir
  node-find-up node-flat-cache node-flatted node-for-in node-for-own
  node-foreground-child node-fs-readdir-recursive node-fs-write-stream-atomic
  node-fs.realpath node-function-bind node-functional-red-black-tree
  node-gauge node-get-caller-file node-get-stream node-glob node-glob-parent
  node-globals node-globby node-got node-graceful-fs node-gyp node-has-flag
  node-has-unicode node-hosted-git-info node-http-proxy-agent
  node-https-proxy-agent node-iconv-lite node-icss-utils node-ieee754
  node-iferr node-ignore node-imurmurhash node-indent-string node-inflight
  node-inherits node-ini node-interpret node-ip node-ip-regex node-is-arrayish
  node-is-binary-path node-is-buffer node-is-descriptor node-is-extendable
  node-is-extglob node-is-glob node-is-number node-is-path-cwd
  node-is-path-inside node-is-plain-obj node-is-plain-object node-is-stream
  node-is-typedarray node-is-windows node-isarray node-isexe node-isobject
  node-istanbul node-jest-debbundle node-jest-worker node-js-tokens
  node-js-yaml node-jsesc node-json-buffer node-json-parse-better-errors
  node-json-schema node-json-schema-traverse node-json-stable-stringify
  node-json5 node-jsonify node-jsonparse node-kind-of node-levn
  node-loader-runner node-locate-path node-lodash node-lodash-packages
  node-lowercase-keys node-lru-cache node-make-dir node-memfs node-memory-fs
  node-merge-stream node-micromatch node-mime node-mime-types node-mimic-fn
  node-mimic-response node-minimatch node-minimist node-minipass node-mkdirp
  node-move-concurrently node-ms node-mute-stream node-n3 node-negotiator
  node-neo-async node-nopt node-normalize-package-data node-normalize-path
  node-npm-bundled node-npm-package-arg node-npm-run-path node-npmlog
  node-object-assign node-object-inspect node-once node-optimist
  node-optionator node-osenv node-p-cancelable node-p-limit node-p-locate
  node-p-map node-parse-json node-path-dirname node-path-exists
  node-path-is-absolute node-path-is-inside node-path-type node-picocolors
  node-pify node-pkg-dir node-postcss node-postcss-modules-extract-imports
  node-postcss-modules-values node-postcss-value-parser node-prelude-ls
  node-process-nextick-args node-progress node-promise-inflight
  node-promise-retry node-promzard node-prr node-punycode node-quick-lru
  node-randombytes node-read node-read-package-json node-read-pkg
  node-readable-stream node-readdirp node-rechoir node-regenerate
  node-regenerate-unicode-properties node-regenerator-runtime
  node-regenerator-transform node-regexpp node-regexpu-core node-regjsgen
  node-regjsparser node-repeat-string node-require-directory node-resolve
  node-resolve-cwd node-resolve-from node-resumer node-retry node-rimraf
  node-run-queue node-safe-buffer node-schema-utils node-semver
  node-serialize-javascript node-set-blocking node-set-immediate-shim
  node-shebang-command node-shebang-regex node-signal-exit node-slash
  node-slice-ansi node-source-list-map node-source-map node-source-map-support
  node-spdx-correct node-spdx-exceptions node-spdx-expression-parse
  node-spdx-license-ids node-sprintf-js node-ssri node-string-decoder
  node-string-width node-strip-ansi node-strip-bom node-strip-eof
  node-strip-json-comments node-supports-color node-tapable node-tape node-tar
  node-terser node-text-table node-through node-time-stamp
  node-to-fast-properties node-to-regex-range node-tslib node-type-check
  node-typedarray node-typedarray-to-buffer node-undici
  node-unicode-canonical-property-names-ecmascript
  node-unicode-match-property-ecmascript
  node-unicode-match-property-value-ecmascript
  node-unicode-property-aliases-ecmascript node-unique-filename node-uri-js
  node-util node-util-deprecate node-uuid node-v8-compile-cache node-v8flags
  node-validate-npm-package-license node-validate-npm-package-name
  node-watchpack node-wcwidth.js node-webassemblyjs node-webpack-sources
  node-which node-wide-align node-wordwrap node-wrap-ansi node-wrappy
  node-write node-write-file-atomic node-xtend node-y18n node-yallist
  node-yargs node-yargs-parser nodejs npm patch perl perl-modules-5.40
  pkg-config pkgconf pkgconf-bin procps protobuf-compiler python3
  python3-aiohappyeyeballs python3-aiohttp python3-aiosignal
  python3-async-timeout python3-attr python3-bcrypt python3-cffi-backend
  python3-cryptography python3-frozenlist python3-idna python3-minimal
  python3-multidict python3-packaging python3-propcache python3-yarl
  python3.13 python3.13-minimal readline-common rpcsvc-proto sgml-base socat
  terser webpack xml-core zlib1g-dev
The following packages will be upgraded:
  curl libc-bin libc6 libcap2 libcurl4t64 libssl3t64 openssl
  openssl-provider-legacy perl-base
9 upgraded, 514 newly installed, 0 to remove and 19 not upgraded.
Need to get 192 MB of archives.
After this operation, 933 MB of additional disk space will be used.
Get:1 https://snapshot.debian.org/archive/debian/20260914T000000Z trixie/main amd64 perl-base amd64 5.40.1-6+deb13u1 [1666 kB]
Get:2 https://snapshot.debian.org/archive/debian/20260914T000000Z trixie/main amd64 libc6 amd64 2.41-12+deb13u4 [2847 kB]
Get:3 https://snapshot.debian.org/archive/debian/20260914T000000Z trixie/main amd64 libc-bin amd64 2.41-12+deb13u4 [638 kB]
Get:4 https://snapshot.debian.org/archive/debian/20260914T000000Z trixie/main amd64 libexpat1 amd64 2.8.3-1~deb13u1 [123 kB]
Get:5 https://snapshot.debian.org/archive/debian/20260914T000000Z trixie/main amd64 openssl-provider-legacy amd64 3.5.7-1~deb13u2 [316 kB]
Get:6 https://snapshot.debian.org/archive/debian/20260914T000000Z trixie/main amd64 libssl3t64 amd64 3.5.7-1~deb13u2 [2454 kB]
Get:7 https://snapshot.debian.org/archive/debian/20260914T000000Z trixie/main amd64 libpython3.13-minimal amd64 3.13.5-2+deb13u5 [863 kB]
Get:8 https://snapshot.debian.org/archive/debian/20260914T000000Z trixie/main amd64 python3.13-minimal amd64 3.13.5-2+deb13u5 [2225 kB]
Get:9 https://snapshot.debian.org/archive/debian/20260914T000000Z trixie/main amd64 python3-minimal amd64 3.13.5-1 [27.2 kB]
Get:10 https://snapshot.debian.org/archive/debian/20260914T000000Z trixie/main amd64 media-types all 13.0.0 [29.3 kB]
Get:11 https://snapshot.debian.org/archive/debian/20260914T000000Z trixie/main amd64 netbase all 6.5 [12.4 kB]
Get:12 https://snapshot.debian.org/archive/debian/20260914T000000Z trixie/main amd64 libncursesw6 amd64 6.5+20250216-2 [135 kB]
Get:13 https://snapshot.debian.org/archive/debian/20260914T000000Z trixie/main amd64 readline-common all 8.2-6 [69.4 kB]
Get:14 https://snapshot.debian.org/archive/debian/20260914T000000Z trixie/main amd64 libreadline8t64 amd64 8.2-6 [169 kB]
Get:15 https://snapshot.debian.org/archive/debian/20260914T000000Z trixie/main amd64 libpython3.13-stdlib amd64 3.13.5-2+deb13u5 [1959 kB]
Get:16 https://snapshot.debian.org/archive/debian/20260914T000000Z trixie/main amd64 python3.13 amd64 3.13.5-2+deb13u5 [757 kB]
Get:17 https://snapshot.debian.org/archive/debian/20260914T000000Z trixie/main amd64 libpython3-stdlib amd64 3.13.5-1 [10.2 kB]
Get:18 https://snapshot.debian.org/archive/debian/20260914T000000Z trixie/main amd64 python3 amd64 3.13.5-1 [28.2 kB]
Get:19 https://snapshot.debian.org/archive/debian/20260914T000000Z trixie/main amd64 libcap2 amd64 1:2.75-10+deb13u1+b3 [29.0 kB]
Get:20 https://snapshot.debian.org/archive/debian/20260914T000000Z trixie/main amd64 libelf1t64 amd64 0.192-4 [189 kB]
Get:21 https://snapshot.debian.org/archive/debian/20260914T000000Z trixie/main amd64 libbpf1 amd64 1:1.5.0-3 [169 kB]
Get:22 https://snapshot.debian.org/archive/debian/20260914T000000Z trixie/main amd64 libmnl0 amd64 1.0.5-3 [11.9 kB]
Get:23 https://snapshot.debian.org/archive/debian/20260914T000000Z trixie/main amd64 libtirpc-common all 1.3.6+ds-1 [11.0 kB]
Get:24 https://snapshot.debian.org/archive/debian/20260914T000000Z trixie/main amd64 libtirpc3t64 amd64 1.3.6+ds-1 [83.3 kB]
Get:25 https://snapshot.debian.org/archive/debian/20260914T000000Z trixie/main amd64 libxtables12 amd64 1.8.11-2 [31.9 kB]
Get:26 https://snapshot.debian.org/archive/debian/20260914T000000Z trixie/main amd64 libcap2-bin amd64 1:2.75-10+deb13u1+b3 [36.5 kB]
Get:27 https://snapshot.debian.org/archive/debian/20260914T000000Z trixie/main amd64 iproute2 amd64 6.15.0-1 [1089 kB]
Get:28 https://snapshot.debian.org/archive/debian/20260914T000000Z trixie/main amd64 iputils-ping amd64 3:20240905-3 [51.2 kB]
Get:29 https://snapshot.debian.org/archive/debian/20260914T000000Z trixie/main amd64 libproc2-0 amd64 2:4.0.4-9 [65.6 kB]
Get:30 https://snapshot.debian.org/archive/debian/20260914T000000Z trixie/main amd64 procps amd64 2:4.0.4-9 [882 kB]
Get:31 https://snapshot.debian.org/archive/debian/20260914T000000Z trixie/main amd64 bzip2 amd64 1.0.8-6 [40.5 kB]
Get:32 https://snapshot.debian.org/archive/debian/20260914T000000Z trixie/main amd64 perl-modules-5.40 all 5.40.1-6+deb13u1 [3014 kB]
Get:33 https://snapshot.debian.org/archive/debian/20260914T000000Z trixie/main amd64 libgdbm6t64 amd64 1.24-2 [75.2 kB]
Get:34 https://snapshot.debian.org/archive/debian/20260914T000000Z trixie/main amd64 libgdbm-compat4t64 amd64 1.24-2 [50.3 kB]
Get:35 https://snapshot.debian.org/archive/debian/20260914T000000Z trixie/main amd64 libperl5.40 amd64 5.40.1-6+deb13u1 [4326 kB]
Get:36 https://snapshot.debian.org/archive/debian/20260914T000000Z trixie/main amd64 perl amd64 5.40.1-6+deb13u1 [268 kB]
Get:37 https://snapshot.debian.org/archive/debian/20260914T000000Z trixie/main amd64 libsframe1 amd64 2.44-3 [78.4 kB]
Get:38 https://snapshot.debian.org/archive/debian/20260914T000000Z trixie/main amd64 binutils-common amd64 2.44-3 [2509 kB]
Get:39 https://snapshot.debian.org/archive/debian/20260914T000000Z trixie/main amd64 libbinutils amd64 2.44-3 [534 kB]
Get:40 https://snapshot.debian.org/archive/debian/20260914T000000Z trixie/main amd64 libgprofng0 amd64 2.44-3 [808 kB]
Get:41 https://snapshot.debian.org/archive/debian/20260914T000000Z trixie/main amd64 libctf-nobfd0 amd64 2.44-3 [156 kB]
Get:42 https://snapshot.debian.org/archive/debian/20260914T000000Z trixie/main amd64 libctf0 amd64 2.44-3 [88.6 kB]
Get:43 https://snapshot.debian.org/archive/debian/20260914T000000Z trixie/main amd64 libjansson4 amd64 2.14-2+b3 [39.8 kB]
Get:44 https://snapshot.debian.org/archive/debian/20260914T000000Z trixie/main amd64 binutils-x86-64-linux-gnu amd64 2.44-3 [1014 kB]
Get:45 https://snapshot.debian.org/archive/debian/20260914T000000Z trixie/main amd64 binutils amd64 2.44-3 [265 kB]
Get:46 https://snapshot.debian.org/archive/debian/20260914T000000Z trixie/main amd64 libc-dev-bin amd64 2.41-12+deb13u4 [60.0 kB]
Get:47 https://snapshot.debian.org/archive/debian/20260914T000000Z trixie/main amd64 linux-libc-dev all 6.12.107-1 [2919 kB]
Get:48 https://snapshot.debian.org/archive/debian/20260914T000000Z trixie/main amd64 libcrypt-dev amd64 1:4.4.38-1 [119 kB]
Get:49 https://snapshot.debian.org/archive/debian/20260914T000000Z trixie/main amd64 rpcsvc-proto amd64 1.4.3-1 [63.3 kB]
Get:50 https://snapshot.debian.org/archive/debian/20260914T000000Z trixie/main amd64 libc6-dev amd64 2.41-12+deb13u4 [1995 kB]
Get:51 https://snapshot.debian.org/archive/debian/20260914T000000Z trixie/main amd64 libisl23 amd64 0.27-1 [659 kB]
Get:52 https://snapshot.debian.org/archive/debian/20260914T000000Z trixie/main amd64 libmpfr6 amd64 4.2.2-1 [729 kB]
Get:53 https://snapshot.debian.org/archive/debian/20260914T000000Z trixie/main amd64 libmpc3 amd64 1.3.1-1+b3 [52.2 kB]
Get:54 https://snapshot.debian.org/archive/debian/20260914T000000Z trixie/main amd64 cpp-14-x86-64-linux-gnu amd64 14.2.0-19 [11.0 MB]
Get:55 https://snapshot.debian.org/archive/debian/20260914T000000Z trixie/main amd64 cpp-14 amd64 14.2.0-19 [1280 B]
Get:56 https://snapshot.debian.org/archive/debian/20260914T000000Z trixie/main amd64 cpp-x86-64-linux-gnu amd64 4:14.2.0-1 [4840 B]
Get:57 https://snapshot.debian.org/archive/debian/20260914T000000Z trixie/main amd64 cpp amd64 4:14.2.0-1 [1568 B]
Get:58 https://snapshot.debian.org/archive/debian/20260914T000000Z trixie/main amd64 libcc1-0 amd64 14.2.0-19 [42.8 kB]
Get:59 https://snapshot.debian.org/archive/debian/20260914T000000Z trixie/main amd64 libgomp1 amd64 14.2.0-19 [137 kB]
Get:60 https://snapshot.debian.org/archive/debian/20260914T000000Z trixie/main amd64 libitm1 amd64 14.2.0-19 [26.0 kB]
Get:61 https://snapshot.debian.org/archive/debian/20260914T000000Z trixie/main amd64 libatomic1 amd64 14.2.0-19 [9308 B]
Get:62 https://snapshot.debian.org/archive/debian/20260914T000000Z trixie/main amd64 libasan8 amd64 14.2.0-19 [2725 kB]
Get:63 https://snapshot.debian.org/archive/debian/20260914T000000Z trixie/main amd64 liblsan0 amd64 14.2.0-19 [1204 kB]
Get:64 https://snapshot.debian.org/archive/debian/20260914T000000Z trixie/main amd64 libtsan2 amd64 14.2.0-19 [2460 kB]
Get:65 https://snapshot.debian.org/archive/debian/20260914T000000Z trixie/main amd64 libubsan1 amd64 14.2.0-19 [1074 kB]
Get:66 https://snapshot.debian.org/archive/debian/20260914T000000Z trixie/main amd64 libhwasan0 amd64 14.2.0-19 [1488 kB]
Get:67 https://snapshot.debian.org/archive/debian/20260914T000000Z trixie/main amd64 libquadmath0 amd64 14.2.0-19 [145 kB]
Get:68 https://snapshot.debian.org/archive/debian/20260914T000000Z trixie/main amd64 libgcc-14-dev amd64 14.2.0-19 [2672 kB]
Get:69 https://snapshot.debian.org/archive/debian/20260914T000000Z trixie/main amd64 gcc-14-x86-64-linux-gnu amd64 14.2.0-19 [21.4 MB]
Get:70 https://snapshot.debian.org/archive/debian/20260914T000000Z trixie/main amd64 gcc-14 amd64 14.2.0-19 [540 kB]
Get:71 https://snapshot.debian.org/archive/debian/20260914T000000Z trixie/main amd64 gcc-x86-64-linux-gnu amd64 4:14.2.0-1 [1436 B]
Get:72 https://snapshot.debian.org/archive/debian/20260914T000000Z trixie/main amd64 gcc amd64 4:14.2.0-1 [5136 B]
Get:73 https://snapshot.debian.org/archive/debian/20260914T000000Z trixie/main amd64 libstdc++-14-dev amd64 14.2.0-19 [2376 kB]
Get:74 https://snapshot.debian.org/archive/debian/20260914T000000Z trixie/main amd64 g++-14-x86-64-linux-gnu amd64 14.2.0-19 [12.1 MB]
Get:75 https://snapshot.debian.org/archive/debian/20260914T000000Z trixie/main amd64 g++-14 amd64 14.2.0-19 [22.5 kB]
Get:76 https://snapshot.debian.org/archive/debian/20260914T000000Z trixie/main amd64 g++-x86-64-linux-gnu amd64 4:14.2.0-1 [1200 B]
Get:77 https://snapshot.debian.org/archive/debian/20260914T000000Z trixie/main amd64 g++ amd64 4:14.2.0-1 [1344 B]
Get:78 https://snapshot.debian.org/archive/debian/20260914T000000Z trixie/main amd64 make amd64 4.4.1-2 [463 kB]
Get:79 https://snapshot.debian.org/archive/debian/20260914T000000Z trixie/main amd64 libdpkg-perl all 1.22.22 [651 kB]
Get:80 https://snapshot.debian.org/archive/debian/20260914T000000Z trixie/main amd64 patch amd64 2.8-2 [134 kB]
Get:81 https://snapshot.debian.org/archive/debian/20260914T000000Z trixie/main amd64 dpkg-dev all 1.22.22 [1337 kB]
Get:82 https://snapshot.debian.org/archive/debian/20260914T000000Z trixie/main amd64 build-essential amd64 12.12 [4624 B]
Get:83 https://snapshot.debian.org/archive/debian/20260914T000000Z trixie/main amd64 cmake-data all 3.31.6-2 [2268 kB]
Get:84 https://snapshot.debian.org/archive/debian/20260914T000000Z trixie/main amd64 libxml2 amd64 2.12.7+dfsg+really2.9.14-2.1+deb13u3 [700 kB]
Get:85 https://snapshot.debian.org/archive/debian/20260914T000000Z trixie/main amd64 libarchive13t64 amd64 3.7.4-4+deb13u1 [350 kB]
Get:86 https://snapshot.debian.org/archive/debian/20260914T000000Z trixie/main amd64 curl amd64 8.14.1-2+deb13u5 [270 kB]
Get:87 https://snapshot.debian.org/archive/debian/20260914T000000Z trixie/main amd64 libcurl4t64 amd64 8.14.1-2+deb13u5 [391 kB]
Get:88 https://snapshot.debian.org/archive/debian/20260914T000000Z trixie/main amd64 libjsoncpp26 amd64 1.9.6-3 [81.7 kB]
Get:89 https://snapshot.debian.org/archive/debian/20260914T000000Z trixie/main amd64 librhash1 amd64 1.4.5-1 [132 kB]
Get:90 https://snapshot.debian.org/archive/debian/20260914T000000Z trixie/main amd64 libuv1t64 amd64 1.50.0-2 [154 kB]
Get:91 https://snapshot.debian.org/archive/debian/20260914T000000Z trixie/main amd64 cmake amd64 3.31.6-2 [12.0 MB]
Get:92 https://snapshot.debian.org/archive/debian/20260914T000000Z trixie/main amd64 node-fast-deep-equal all 3.1.3-3 [5768 B]
Get:93 https://snapshot.debian.org/archive/debian/20260914T000000Z trixie/main amd64 node-json-schema-traverse all 1.0.0-3 [6308 B]
Get:94 https://snapshot.debian.org/archive/debian/20260914T000000Z trixie/main amd64 node-jsonify all 0.0.1-1 [8704 B]
Get:95 https://snapshot.debian.org/archive/debian/20260914T000000Z trixie/main amd64 node-json-stable-stringify all 1.0.2+repack1+~cs1.0.34-2 [9496 B]
Get:96 https://snapshot.debian.org/archive/debian/20260914T000000Z trixie/main amd64 node-punycode all 2.3.1+~2.1.4-1 [10.8 kB]
Get:97 https://snapshot.debian.org/archive/debian/20260914T000000Z trixie/main amd64 node-uri-js all 4.4.0+dfsg-8 [47.3 kB]
Get:98 https://snapshot.debian.org/archive/debian/20260914T000000Z trixie/main amd64 libcares2 amd64 1.34.5-1+deb13u1 [98.3 kB]
Get:99 https://snapshot.debian.org/archive/debian/20260914T000000Z trixie/main amd64 libicu76 amd64 76.1-4 [9722 kB]
Get:100 https://snapshot.debian.org/archive/debian/20260914T000000Z trixie/main amd64 node-xtend all 4.0.2-3 [3932 B]
Get:101 https://snapshot.debian.org/archive/debian/20260914T000000Z trixie/main amd64 node-acorn all 8.8.1+ds+~cs25.17.7-2 [128 kB]
Get:102 https://snapshot.debian.org/archive/debian/20260914T000000Z trixie/main amd64 node-cjs-module-lexer all 1.2.3+dfsg-1 [30.6 kB]
Get:103 https://snapshot.debian.org/archive/debian/20260914T000000Z trixie/main amd64 node-balanced-match all 2.0.0-1 [4872 B]
Get:104 https://snapshot.debian.org/archive/debian/20260914T000000Z trixie/main amd64 node-brace-expansion all 2.0.1+~1.1.0-2 [8012 B]
Get:105 https://snapshot.debian.org/archive/debian/20260914T000000Z trixie/main amd64 node-minimatch all 9.0.3-6 [76.8 kB]
Get:106 https://snapshot.debian.org/archive/debian/20260914T000000Z trixie/main amd64 node-undici all 7.3.0+dfsg1+~cs24.12.11-1 [333 kB]
Get:107 https://snapshot.debian.org/archive/debian/20260914T000000Z trixie/main amd64 libnode115 amd64 20.19.2+dfsg-1+deb13u2 [12.1 MB]
Get:108 https://snapshot.debian.org/archive/debian/20260914T000000Z trixie/main amd64 node-corepack all 0.24.0-5 [712 kB]
Get:109 https://snapshot.debian.org/archive/debian/20260914T000000Z trixie/main amd64 nodejs amd64 20.19.2+dfsg-1+deb13u2 [353 kB]
Get:110 https://snapshot.debian.org/archive/debian/20260914T000000Z trixie/main amd64 node-ajv all 8.12.0~ds+~2.1.1-5 [182 kB]
Get:111 https://snapshot.debian.org/archive/debian/20260914T000000Z trixie/main amd64 libjs-inherits all 2.0.4-6 [3548 B]
Get:112 https://snapshot.debian.org/archive/debian/20260914T000000Z trixie/main amd64 node-inherits all 2.0.4-6 [4548 B]
Get:113 https://snapshot.debian.org/archive/debian/20260914T000000Z trixie/main amd64 node-core-util-is all 1.0.3-1 [4072 B]
Get:114 https://snapshot.debian.org/archive/debian/20260914T000000Z trixie/main amd64 node-safe-buffer all 5.2.1+~cs2.1.2-3 [15.5 kB]
Get:115 https://snapshot.debian.org/archive/debian/20260914T000000Z trixie/main amd64 node-string-decoder all 1.3.0-6 [7180 B]
Get:116 https://snapshot.debian.org/archive/debian/20260914T000000Z trixie/main amd64 node-process-nextick-args all 2.0.1-3 [3816 B]
Get:117 https://snapshot.debian.org/archive/debian/20260914T000000Z trixie/main amd64 node-util-deprecate all 1.0.2-3 [4436 B]
Get:118 https://snapshot.debian.org/archive/debian/20260914T000000Z trixie/main amd64 node-isarray all 2.0.5-4 [4040 B]
Get:119 https://snapshot.debian.org/archive/debian/20260914T000000Z trixie/main amd64 node-readable-stream all 3.6.0+~cs3.0.0-4 [32.0 kB]
Get:120 https://snapshot.debian.org/archive/debian/20260914T000000Z trixie/main amd64 node-typedarray all 0.0.7-1 [11.4 kB]
Get:121 https://snapshot.debian.org/archive/debian/20260914T000000Z trixie/main amd64 node-concat-stream all 2.0.0+~2.0.0-2 [6388 B]
Get:122 https://snapshot.debian.org/archive/debian/20260914T000000Z trixie/main amd64 node-ms all 2.1.3+~cs0.7.31-3 [5648 B]
Get:123 https://snapshot.debian.org/archive/debian/20260914T000000Z trixie/main amd64 node-debug all 4.3.4+~cs4.1.7-1 [18.1 kB]
Get:124 https://snapshot.debian.org/archive/debian/20260914T000000Z trixie/main amd64 node-esutils all 2.0.3+~2.0.0-1 [12.4 kB]
Get:125 https://snapshot.debian.org/archive/debian/20260914T000000Z trixie/main amd64 node-doctrine all 3.0.0-4 [19.9 kB]
Get:126 https://snapshot.debian.org/archive/debian/20260914T000000Z trixie/main amd64 node-eslint-visitor-keys all 3.3.0+~1.0.0-1 [17.1 kB]
Get:127 https://snapshot.debian.org/archive/debian/20260914T000000Z trixie/main amd64 node-estraverse all 5.3.0+ds+~5.1.1-1 [11.6 kB]
Get:128 https://snapshot.debian.org/archive/debian/20260914T000000Z trixie/main amd64 node-object-assign all 4.1.1-7 [4684 B]
Get:129 https://snapshot.debian.org/archive/debian/20260914T000000Z trixie/main amd64 node-esrecurse all 4.3.0-2 [6048 B]
Get:130 https://snapshot.debian.org/archive/debian/20260914T000000Z trixie/main amd64 node-eslint-scope all 7.1.1+~3.7.4-1 [35.6 kB]
Get:131 https://snapshot.debian.org/archive/debian/20260914T000000Z trixie/main amd64 node-espree all 9.4.1~dfsg-2 [41.1 kB]
Get:132 https://snapshot.debian.org/archive/debian/20260914T000000Z trixie/main amd64 node-esquery all 1.4.2~ds-1 [24.9 kB]
Get:133 https://snapshot.debian.org/archive/debian/20260914T000000Z trixie/main amd64 node-eslint-utils all 3.0.0-3 [15.5 kB]
Get:134 https://snapshot.debian.org/archive/debian/20260914T000000Z trixie/main amd64 node-flatted all 3.2.7~ds-1+deb13u1 [10.3 kB]
Get:135 https://snapshot.debian.org/archive/debian/20260914T000000Z trixie/main amd64 node-fs.realpath all 1.0.0-3 [6172 B]
Get:136 https://snapshot.debian.org/archive/debian/20260914T000000Z trixie/main amd64 node-wrappy all 1.0.2-3 [3776 B]
Get:137 https://snapshot.debian.org/archive/debian/20260914T000000Z trixie/main amd64 node-once all 1.4.1-1 [4624 B]
Get:138 https://snapshot.debian.org/archive/debian/20260914T000000Z trixie/main amd64 node-inflight all 1.0.6-2 [3952 B]
Get:139 https://snapshot.debian.org/archive/debian/20260914T000000Z trixie/main amd64 node-glob all 8.1.0+~cs8.5.15-1 [134 kB]
Get:140 https://snapshot.debian.org/archive/debian/20260914T000000Z trixie/main amd64 node-rimraf all 3.0.2-2 [11.1 kB]
Get:141 https://snapshot.debian.org/archive/debian/20260914T000000Z trixie/main amd64 node-write all 2.0.0~6.0.1+~3.0.4+~2.0.0+~1.0.0+~2.0.1-1 [17.9 kB]
Get:142 https://snapshot.debian.org/archive/debian/20260914T000000Z trixie/main amd64 node-flat-cache all 3.0.4~6.0.1+~3.0.4+~2.0.0+~1.0.0+~2.0.1-1 [20.2 kB]
Get:143 https://snapshot.debian.org/archive/debian/20260914T000000Z trixie/main amd64 node-file-entry-cache all 6.0.1+~3.0.4+~2.0.0+~1.0.0+~2.0.1-1 [15.3 kB]
Get:144 https://snapshot.debian.org/archive/debian/20260914T000000Z trixie/main amd64 node-functional-red-black-tree all 1.0.1+20181105-7 [14.1 kB]
Get:145 https://snapshot.debian.org/archive/debian/20260914T000000Z trixie/main amd64 node-is-extglob all 2.1.1-5 [4612 B]
Get:146 https://snapshot.debian.org/archive/debian/20260914T000000Z trixie/main amd64 node-is-glob all 4.0.3-2 [6620 B]
Get:147 https://snapshot.debian.org/archive/debian/20260914T000000Z trixie/main amd64 node-path-dirname all 1.0.2-2 [4312 B]
Get:148 https://snapshot.debian.org/archive/debian/20260914T000000Z trixie/main amd64 node-glob-parent all 6.0.2+~5.1.1-2 [8784 B]
Get:149 https://snapshot.debian.org/archive/debian/20260914T000000Z trixie/main amd64 node-globals all 13.23.0-1 [11.3 kB]
Get:150 https://snapshot.debian.org/archive/debian/20260914T000000Z trixie/main amd64 node-resolve-from all 5.0.0+~3.1.0+~3.3.0+~2.0.0-1 [7292 B]
Get:151 https://snapshot.debian.org/archive/debian/20260914T000000Z trixie/main amd64 node-imurmurhash all 0.1.4+dfsg+~0.1.1-2 [8412 B]
Get:152 https://snapshot.debian.org/archive/debian/20260914T000000Z trixie/main amd64 node-ignore all 5.2.1-1 [26.4 kB]
Get:153 https://snapshot.debian.org/archive/debian/20260914T000000Z trixie/main amd64 node-prelude-ls all 1.2.1+dfsg-3 [11.3 kB]
Get:154 https://snapshot.debian.org/archive/debian/20260914T000000Z trixie/main amd64 node-type-check all 0.4.0+dfsg-3 [9184 B]
Get:155 https://snapshot.debian.org/archive/debian/20260914T000000Z trixie/main amd64 node-levn all 0.4.1+dfsg-2 [10.2 kB]
Get:156 https://snapshot.debian.org/archive/debian/20260914T000000Z trixie/main amd64 node-lodash all 4.17.21+dfsg+~cs8.31.198.20210220-9+deb13u1 [462 kB]
Get:157 https://snapshot.debian.org/archive/debian/20260914T000000Z trixie/main amd64 node-memfs all 3.4.12+~cs1.0.3-1 [46.8 kB]
Get:158 https://snapshot.debian.org/archive/debian/20260914T000000Z trixie/main amd64 node-mkdirp all 2.1.6+~cs5.2.1-2 [24.1 kB]
Get:159 https://snapshot.debian.org/archive/debian/20260914T000000Z trixie/main amd64 node-deep-is all 0.1.4-1 [5136 B]
Get:160 https://snapshot.debian.org/archive/debian/20260914T000000Z trixie/main amd64 node-fast-levenshtein all 2.0.6+ds-3 [6040 B]
Get:161 https://snapshot.debian.org/archive/debian/20260914T000000Z trixie/main amd64 node-optionator all 0.9.1+dfsg+~cs1.2.3-1 [17.6 kB]
Get:162 https://snapshot.debian.org/archive/debian/20260914T000000Z trixie/main amd64 node-progress all 2.0.3-2 [8256 B]
Get:163 https://snapshot.debian.org/archive/debian/20260914T000000Z trixie/main amd64 libjs-regenerate all 1.4.2-3 [14.3 kB]
Get:164 https://snapshot.debian.org/archive/debian/20260914T000000Z trixie/main amd64 node-regenerate all 1.4.2-3 [7388 B]
Get:165 https://snapshot.debian.org/archive/debian/20260914T000000Z trixie/main amd64 node-regenerate-unicode-properties all 10.1.0+ds-1 [50.7 kB]
Get:166 https://snapshot.debian.org/archive/debian/20260914T000000Z trixie/main amd64 node-regexpp all 3.2.0-5 [27.0 kB]
Get:167 https://snapshot.debian.org/archive/debian/20260914T000000Z trixie/main amd64 node-lru-cache all 10.0.1-3 [62.6 kB]
Get:168 https://snapshot.debian.org/archive/debian/20260914T000000Z trixie/main amd64 node-semver all 7.6.1+~7.5.8-2 [49.5 kB]
Get:169 https://snapshot.debian.org/archive/debian/20260914T000000Z trixie/main amd64 node-strip-json-comments all 4.0.0-4 [5668 B]
Get:170 https://snapshot.debian.org/archive/debian/20260914T000000Z trixie/main amd64 node-json-schema all 0.4.0+~7.0.11-1 [13.1 kB]
Get:171 https://snapshot.debian.org/archive/debian/20260914T000000Z trixie/main amd64 node-v8-compile-cache all 2.4.0-2 [8544 B]
Get:172 https://snapshot.debian.org/archive/debian/20260914T000000Z trixie/main amd64 eslint all 6.4.0~dfsg+~6.1.9-12 [606 kB]
Get:173 https://snapshot.debian.org/archive/debian/20260914T000000Z trixie/main amd64 libngtcp2-16 amd64 1.11.0-1+deb13u1 [132 kB]
Get:174 https://snapshot.debian.org/archive/debian/20260914T000000Z trixie/main amd64 libngtcp2-crypto-gnutls8 amd64 1.11.0-1+deb13u1 [29.5 kB]
Get:175 https://snapshot.debian.org/archive/debian/20260914T000000Z trixie/main amd64 libcurl3t64-gnutls amd64 8.14.1-2+deb13u5 [384 kB]
Get:176 https://snapshot.debian.org/archive/debian/20260914T000000Z trixie/main amd64 liberror-perl all 0.17030-1 [26.9 kB]
Get:177 https://snapshot.debian.org/archive/debian/20260914T000000Z trixie/main amd64 git-man all 1:2.47.3-0+deb13u1 [2205 kB]
Get:178 https://snapshot.debian.org/archive/debian/20260914T000000Z trixie/main amd64 git amd64 1:2.47.3-0+deb13u1 [8862 kB]
Get:179 https://snapshot.debian.org/archive/debian/20260914T000000Z trixie/main amd64 python3-packaging all 25.0-1 [56.6 kB]
Get:180 https://snapshot.debian.org/archive/debian/20260914T000000Z trixie/main amd64 gyp all 0.16.2-2 [255 kB]
Get:181 https://snapshot.debian.org/archive/debian/20260914T000000Z trixie/main amd64 node-neo-async all 2.6.2+~cs3.0.0-3 [41.8 kB]
Get:182 https://snapshot.debian.org/archive/debian/20260914T000000Z trixie/main amd64 node-arrify all 2.0.1-3 [3700 B]
Get:183 https://snapshot.debian.org/archive/debian/20260914T000000Z trixie/main amd64 node-is-plain-obj all 3.0.0-2 [3972 B]
Get:184 https://snapshot.debian.org/archive/debian/20260914T000000Z trixie/main amd64 node-is-buffer all 2.0.5-2 [4112 B]
Get:185 https://snapshot.debian.org/archive/debian/20260914T000000Z trixie/main amd64 node-kind-of all 6.0.3+dfsg-2 [10.2 kB]
Get:186 https://snapshot.debian.org/archive/debian/20260914T000000Z trixie/main amd64 node-minimist all 1.2.8+~cs5.3.5-1 [15.9 kB]
Get:187 https://snapshot.debian.org/archive/debian/20260914T000000Z trixie/main amd64 node-wordwrap all 1.0.0-4 [4628 B]
Get:188 https://snapshot.debian.org/archive/debian/20260914T000000Z trixie/main amd64 node-optimist all 0.6.1+~0.0.30-2 [13.5 kB]
Get:189 https://snapshot.debian.org/archive/debian/20260914T000000Z trixie/main amd64 libjs-source-map all 0.7.0++dfsg2+really.0.6.1-15 [29.6 kB]
Get:190 https://snapshot.debian.org/archive/debian/20260914T000000Z trixie/main amd64 node-source-map all 0.7.0++dfsg2+really.0.6.1-15 [41.7 kB]
Get:191 https://snapshot.debian.org/archive/debian/20260914T000000Z trixie/main amd64 handlebars all 3:4.7.7+~4.1.0-1 [199 kB]
Get:192 https://snapshot.debian.org/archive/debian/20260914T000000Z trixie/main amd64 libipset13t64 amd64 7.22-1+b1 [69.7 kB]
Get:193 https://snapshot.debian.org/archive/debian/20260914T000000Z trixie/main amd64 ipset amd64 7.22-1+b1 [46.6 kB]
Get:194 https://snapshot.debian.org/archive/debian/20260914T000000Z trixie/main amd64 libip4tc2 amd64 1.8.11-2 [20.0 kB]
Get:195 https://snapshot.debian.org/archive/debian/20260914T000000Z trixie/main amd64 libip6tc2 amd64 1.8.11-2 [20.3 kB]
Get:196 https://snapshot.debian.org/archive/debian/20260914T000000Z trixie/main amd64 libnfnetlink0 amd64 1.0.2-3 [14.4 kB]
Get:197 https://snapshot.debian.org/archive/debian/20260914T000000Z trixie/main amd64 libnetfilter-conntrack3 amd64 1.1.0-1 [42.1 kB]
Get:198 https://snapshot.debian.org/archive/debian/20260914T000000Z trixie/main amd64 libnftnl11 amd64 1.2.9-1 [65.0 kB]
Get:199 https://snapshot.debian.org/archive/debian/20260914T000000Z trixie/main amd64 iptables amd64 1.8.11-2 [361 kB]
Get:200 https://snapshot.debian.org/archive/debian/20260914T000000Z trixie/main amd64 libboost1.83-dev amd64 1.83.0-4.2 [10.6 MB]
Get:201 https://snapshot.debian.org/archive/debian/20260914T000000Z trixie/main amd64 libboost-atomic1.83.0 amd64 1.83.0-4.2 [234 kB]
Get:202 https://snapshot.debian.org/archive/debian/20260914T000000Z trixie/main amd64 libboost-atomic1.83-dev amd64 1.83.0-4.2 [236 kB]
Get:203 https://snapshot.debian.org/archive/debian/20260914T000000Z trixie/main amd64 libboost-dev amd64 1.83.0.2+b2 [3836 B]
Get:204 https://snapshot.debian.org/archive/debian/20260914T000000Z trixie/main amd64 libboost-filesystem1.83.0 amd64 1.83.0-4.2 [282 kB]
Get:205 https://snapshot.debian.org/archive/debian/20260914T000000Z trixie/main amd64 libboost-system1.83.0 amd64 1.83.0-4.2 [231 kB]
Get:206 https://snapshot.debian.org/archive/debian/20260914T000000Z trixie/main amd64 libboost-system1.83-dev amd64 1.83.0-4.2 [232 kB]
Get:207 https://snapshot.debian.org/archive/debian/20260914T000000Z trixie/main amd64 libboost-filesystem1.83-dev amd64 1.83.0-4.2 [297 kB]
Get:208 https://snapshot.debian.org/archive/debian/20260914T000000Z trixie/main amd64 libboost-filesystem-dev amd64 1.83.0.2+b2 [3628 B]
Get:209 https://snapshot.debian.org/archive/debian/20260914T000000Z trixie/main amd64 libboost-system-dev amd64 1.83.0.2+b2 [3736 B]
Get:210 https://snapshot.debian.org/archive/debian/20260914T000000Z trixie/main amd64 libcap-dev amd64 1:2.75-10+deb13u1+b3 [546 kB]
Get:211 https://snapshot.debian.org/archive/debian/20260914T000000Z trixie/main amd64 libdbus-1-3 amd64 1.16.2-2 [178 kB]
Get:212 https://snapshot.debian.org/archive/debian/20260914T000000Z trixie/main amd64 libsystemd-dev amd64 257.13-1~deb13u1 [1359 kB]
Get:213 https://snapshot.debian.org/archive/debian/20260914T000000Z trixie/main amd64 libpkgconf3 amd64 1.8.1-4 [36.4 kB]
Get:214 https://snapshot.debian.org/archive/debian/20260914T000000Z trixie/main amd64 pkgconf-bin amd64 1.8.1-4 [30.2 kB]
Get:215 https://snapshot.debian.org/archive/debian/20260914T000000Z trixie/main amd64 pkgconf amd64 1.8.1-4 [26.2 kB]
Get:216 https://snapshot.debian.org/archive/debian/20260914T000000Z trixie/main amd64 sgml-base all 1.31+nmu1 [10.9 kB]
Get:217 https://snapshot.debian.org/archive/debian/20260914T000000Z trixie/main amd64 xml-core all 0.19 [20.1 kB]
Get:218 https://snapshot.debian.org/archive/debian/20260914T000000Z trixie/main amd64 libdbus-1-dev amd64 1.16.2-2 [215 kB]
Get:219 https://snapshot.debian.org/archive/debian/20260914T000000Z trixie/main amd64 libjs-events all 3.3.0+~3.0.0-3 [11.3 kB]
Get:220 https://snapshot.debian.org/archive/debian/20260914T000000Z trixie/main amd64 libjs-is-typedarray all 1.0.0-4 [3816 B]
Get:221 https://snapshot.debian.org/archive/debian/20260914T000000Z trixie/main amd64 libjs-prettify all 2015.12.04+dfsg-1.1 [41.7 kB]
Get:222 https://snapshot.debian.org/archive/debian/20260914T000000Z trixie/main amd64 libjs-sprintf-js all 1.1.2+ds1+~1.1.2-1 [12.8 kB]
Get:223 https://snapshot.debian.org/archive/debian/20260914T000000Z trixie/main amd64 libjs-typedarray-to-buffer all 4.0.0-2 [4668 B]
Get:224 https://snapshot.debian.org/archive/debian/20260914T000000Z trixie/main amd64 node-lodash-packages all 4.17.21+dfsg+~cs8.31.198.20210220-9+deb13u1 [179 kB]
Get:225 https://snapshot.debian.org/archive/debian/20260914T000000Z trixie/main amd64 node-function-bind all 1.1.2+~cs2.1.14-1 [24.6 kB]
Get:226 https://snapshot.debian.org/archive/debian/20260914T000000Z trixie/main amd64 node-object-inspect all 1.12.2+~cs1.8.1-1 [20.8 kB]
Get:227 https://snapshot.debian.org/archive/debian/20260914T000000Z trixie/main amd64 node-es-abstract all 1.20.4+~cs26.27.47-2 [137 kB]
Get:228 https://snapshot.debian.org/archive/debian/20260914T000000Z trixie/main amd64 node-resolve all 1.22.8+~cs5.34.15-2 [29.8 kB]
Get:229 https://snapshot.debian.org/archive/debian/20260914T000000Z trixie/main amd64 node-define-properties all 1.2.1+~cs2.2.3-1 [9080 B]
Get:230 https://snapshot.debian.org/archive/debian/20260914T000000Z trixie/main amd64 node-debbundle-es-to-primitive all 1.2.1+~cs9.7.25-2 [39.9 kB]
Get:231 https://snapshot.debian.org/archive/debian/20260914T000000Z trixie/main amd64 node-isobject all 4.0.0-2 [5332 B]
Get:232 https://snapshot.debian.org/archive/debian/20260914T000000Z trixie/main amd64 node-is-descriptor all 3.0.0-2 [5556 B]
Get:233 https://snapshot.debian.org/archive/debian/20260914T000000Z trixie/main amd64 node-define-property all 2.0.2+really+2.0.2-3 [6820 B]
Get:234 https://snapshot.debian.org/archive/debian/20260914T000000Z trixie/main amd64 node-defined all 1.0.1+~1.0.0-1 [6776 B]
Get:235 https://snapshot.debian.org/archive/debian/20260914T000000Z trixie/main amd64 node-abbrev all 1.1.1+~1.1.2-1 [5692 B]
Get:236 https://snapshot.debian.org/archive/debian/20260914T000000Z trixie/main amd64 node-archy all 1.0.0-6 [4556 B]
Get:237 https://snapshot.debian.org/archive/debian/20260914T000000Z trixie/main amd64 node-async all 3.2.6+dfsg-2 [96.4 kB]
Get:238 https://snapshot.debian.org/archive/debian/20260914T000000Z trixie/main amd64 node-convert-source-map all 1.9.0+~1.5.2-1 [8176 B]
Get:239 https://snapshot.debian.org/archive/debian/20260914T000000Z trixie/main amd64 node-decamelize all 4.0.0-2 [4080 B]
Get:240 https://snapshot.debian.org/archive/debian/20260914T000000Z trixie/main amd64 node-es6-error all 4.1.1-5 [6148 B]
Get:241 https://snapshot.debian.org/archive/debian/20260914T000000Z trixie/main amd64 node-esprima all 4.0.1+ds+~4.0.3-2 [69.3 kB]
Get:242 https://snapshot.debian.org/archive/debian/20260914T000000Z trixie/main amd64 node-escodegen all 2.1.0+dfsg+~0.0.8-1 [23.0 kB]
Get:243 https://snapshot.debian.org/archive/debian/20260914T000000Z trixie/main amd64 node-commondir all 1.0.1+~1.0.0-1 [4388 B]
Get:244 https://snapshot.debian.org/archive/debian/20260914T000000Z trixie/main amd64 node-is-number all 7.0.0-4 [6020 B]
Get:245 https://snapshot.debian.org/archive/debian/20260914T000000Z trixie/main amd64 node-repeat-string all 1.6.1+repack-1 [5600 B]
Get:246 https://snapshot.debian.org/archive/debian/20260914T000000Z trixie/main amd64 node-to-regex-range all 5.0.1-4 [10.5 kB]
Get:247 https://snapshot.debian.org/archive/debian/20260914T000000Z trixie/main amd64 node-fill-range all 7.1.1+~7.0.3-1 [8768 B]
Get:248 https://snapshot.debian.org/archive/debian/20260914T000000Z trixie/main amd64 node-braces all 3.0.3+~3.0.5-1 [20.6 kB]
Get:249 https://snapshot.debian.org/archive/debian/20260914T000000Z trixie/main amd64 node-normalize-path all 3.0.0+~3.0.0-1 [6608 B]
Get:250 https://snapshot.debian.org/archive/debian/20260914T000000Z trixie/main amd64 node-anymatch all 3.1.3+~cs4.6.1-2 [33.4 kB]
Get:251 https://snapshot.debian.org/archive/debian/20260914T000000Z trixie/main amd64 node-micromatch all 4.0.7+~4.0.9-1 [26.0 kB]
Get:252 https://snapshot.debian.org/archive/debian/20260914T000000Z trixie/main amd64 node-pify all 5.0.0+~cs5.0.1-1 [7072 B]
Get:253 https://snapshot.debian.org/archive/debian/20260914T000000Z trixie/main amd64 node-path-type all 4.0.0-3 [3944 B]
Get:254 https://snapshot.debian.org/archive/debian/20260914T000000Z trixie/main amd64 node-n3 all 1.16.3+~1.2.3+~1.10.4-1 [37.0 kB]
Get:255 https://snapshot.debian.org/archive/debian/20260914T000000Z trixie/main amd64 node-slash all 4.0.0-3 [4292 B]
Get:256 https://snapshot.debian.org/archive/debian/20260914T000000Z trixie/main amd64 node-globby all 13.1.3+~cs16.25.40-3 [40.5 kB]
Get:257 https://snapshot.debian.org/archive/debian/20260914T000000Z trixie/main amd64 node-graceful-fs all 4.2.10-1 [14.4 kB]
Get:258 https://snapshot.debian.org/archive/debian/20260914T000000Z trixie/main amd64 node-is-path-cwd all 2.2.0-2 [3672 B]
Get:259 https://snapshot.debian.org/archive/debian/20260914T000000Z trixie/main amd64 node-path-is-inside all 1.0.2+~1.0.0-1 [5072 B]
Get:260 https://snapshot.debian.org/archive/debian/20260914T000000Z trixie/main amd64 node-is-path-inside all 3.0.3-2 [3980 B]
Get:261 https://snapshot.debian.org/archive/debian/20260914T000000Z trixie/main amd64 node-escape-string-regexp all 4.0.0-2 [4296 B]
Get:262 https://snapshot.debian.org/archive/debian/20260914T000000Z trixie/main amd64 node-indent-string all 4.0.0-2 [4144 B]
Get:263 https://snapshot.debian.org/archive/debian/20260914T000000Z trixie/main amd64 node-p-map all 4.0.0+~3.1.0+~3.0.1-2 [7904 B]
Get:264 https://snapshot.debian.org/archive/debian/20260914T000000Z trixie/main amd64 node-del all 7.1.0-1 [8020 B]
Get:265 https://snapshot.debian.org/archive/debian/20260914T000000Z trixie/main amd64 node-make-dir all 3.1.0-3 [6040 B]
Get:266 https://snapshot.debian.org/archive/debian/20260914T000000Z trixie/main amd64 node-p-limit all 4.0.0+~cs4.0.0-5 [7576 B]
Get:267 https://snapshot.debian.org/archive/debian/20260914T000000Z trixie/main amd64 node-p-locate all 6.0.0-12 [5752 B]
Get:268 https://snapshot.debian.org/archive/debian/20260914T000000Z trixie/main amd64 node-locate-path all 7.1.1-2 [5584 B]
Get:269 https://snapshot.debian.org/archive/debian/20260914T000000Z trixie/main amd64 node-path-exists all 5.0.0-8 [4732 B]
Get:270 https://snapshot.debian.org/archive/debian/20260914T000000Z trixie/main amd64 node-find-up all 6.3.0-7 [9388 B]
Get:271 https://snapshot.debian.org/archive/debian/20260914T000000Z trixie/main amd64 node-pkg-dir all 5.0.0-2 [4260 B]
Get:272 https://snapshot.debian.org/archive/debian/20260914T000000Z trixie/main amd64 node-find-cache-dir all 3.3.2+~3.2.1-1 [6152 B]
Get:273 https://snapshot.debian.org/archive/debian/20260914T000000Z trixie/main amd64 node-signal-exit all 4.1.0-7 [14.4 kB]
Get:274 https://snapshot.debian.org/archive/debian/20260914T000000Z trixie/main amd64 node-foreground-child all 3.1.1-2 [13.3 kB]
Get:275 https://snapshot.debian.org/archive/debian/20260914T000000Z trixie/main amd64 node-is-stream all 3.0.0-4 [5076 B]
Get:276 https://snapshot.debian.org/archive/debian/20260914T000000Z trixie/main amd64 node-is-windows all 1.0.2+~cs1.0.0-1 [5936 B]
Get:277 https://snapshot.debian.org/archive/debian/20260914T000000Z trixie/main amd64 node-ampproject-remapping all 2.2.0+~cs5.15.37-1 [59.4 kB]
Get:278 https://snapshot.debian.org/archive/debian/20260914T000000Z trixie/main amd64 node-sprintf-js all 1.1.2+ds1+~1.1.2-1 [4024 B]
Get:279 https://snapshot.debian.org/archive/debian/20260914T000000Z trixie/main amd64 node-argparse all 2.0.1-2 [34.6 kB]
Get:280 https://snapshot.debian.org/archive/debian/20260914T000000Z trixie/main amd64 node-js-yaml all 4.1.0+dfsg+~4.0.5-7 [66.6 kB]
Get:281 https://snapshot.debian.org/archive/debian/20260914T000000Z trixie/main amd64 node-nopt all 5.0.0-4 [12.1 kB]
Get:282 https://snapshot.debian.org/archive/debian/20260914T000000Z trixie/main amd64 node-npm-run-path all 5.1.0+~4.0.0-8 [6276 B]
Get:283 https://snapshot.debian.org/archive/debian/20260914T000000Z trixie/main amd64 node-shebang-regex all 3.0.0-2 [3528 B]
Get:284 https://snapshot.debian.org/archive/debian/20260914T000000Z trixie/main amd64 node-shebang-command all 2.0.0-1 [3500 B]
Get:285 https://snapshot.debian.org/archive/debian/20260914T000000Z trixie/main amd64 node-strip-bom all 4.0.0-2 [4144 B]
Get:286 https://snapshot.debian.org/archive/debian/20260914T000000Z trixie/main amd64 node-has-flag all 5.0.1-1 [4404 B]
Get:287 https://snapshot.debian.org/archive/debian/20260914T000000Z trixie/main amd64 node-supports-color all 8.1.1+~8.1.1-1 [6920 B]
Get:288 https://snapshot.debian.org/archive/debian/20260914T000000Z trixie/main amd64 node-util all 0.12.5+~1.0.10-1 [5700 B]
Get:289 https://snapshot.debian.org/archive/debian/20260914T000000Z trixie/main amd64 node-assert all 2.0.0+~cs3.9.8-2 [26.8 kB]
Get:290 https://snapshot.debian.org/archive/debian/20260914T000000Z trixie/main amd64 node-babel-plugin-add-module-exports all 1.0.4+dfsg1~cs5.8.0-4 [8672 B]
Get:291 https://snapshot.debian.org/archive/debian/20260914T000000Z trixie/main amd64 node-regenerator-runtime all 0.15.2+~0.10.8-1 [10.7 kB]
Get:292 https://snapshot.debian.org/archive/debian/20260914T000000Z trixie/main amd64 node-babel7-runtime all 7.20.15+ds1+~cs214.269.168-8 [116 kB]
Get:293 https://snapshot.debian.org/archive/debian/20260914T000000Z trixie/main amd64 node-babel-helper-define-polyfill-provider all 0.3.3~0~20220913+ds1-1 [27.4 kB]
Get:294 https://snapshot.debian.org/archive/debian/20260914T000000Z trixie/main amd64 node-babel-plugin-polyfill-corejs2 all 0.3.3~0~20220913+ds1-1 [17.1 kB]
Get:295 https://snapshot.debian.org/archive/debian/20260914T000000Z trixie/main amd64 node-caniuse-lite all 1.0.30001723+dfsg+~1.0.5-1 [255 kB]
Get:296 https://snapshot.debian.org/archive/debian/20260914T000000Z trixie/main amd64 node-electron-to-chromium all 1.5.166-1 [20.9 kB]
Get:297 https://snapshot.debian.org/archive/debian/20260914T000000Z trixie/main amd64 node-picocolors all 1.0.0-4 [6652 B]
Get:298 https://snapshot.debian.org/archive/debian/20260914T000000Z trixie/main amd64 node-browserslist all 4.25.0+~cs6.3.22-1 [72.3 kB]
Get:299 https://snapshot.debian.org/archive/debian/20260914T000000Z trixie/main amd64 node-core-js-compat all 3.33.2-1 [78.5 kB]
Get:300 https://snapshot.debian.org/archive/debian/20260914T000000Z trixie/main amd64 node-babel-plugin-polyfill-corejs3 all 0.6.0~0~20220913+ds1-1 [29.5 kB]
Get:301 https://snapshot.debian.org/archive/debian/20260914T000000Z trixie/main amd64 node-babel-plugin-polyfill-regenerator all 0.4.1~0~20220913+ds1-1 [5036 B]
Get:302 https://snapshot.debian.org/archive/debian/20260914T000000Z trixie/main amd64 node-color-name all 1.1.4+~1.1.1-2 [5920 B]
Get:303 https://snapshot.debian.org/archive/debian/20260914T000000Z trixie/main amd64 node-color-convert all 2.0.1+~cs2.0.0-2 [13.1 kB]
Get:304 https://snapshot.debian.org/archive/debian/20260914T000000Z trixie/main amd64 node-ansi-styles all 6.2.1-3 [8716 B]
Get:305 https://snapshot.debian.org/archive/debian/20260914T000000Z trixie/main amd64 node-chalk all 5.3.0-1 [18.2 kB]
Get:306 https://snapshot.debian.org/archive/debian/20260914T000000Z trixie/main amd64 node-for-in all 1.0.2-4 [4840 B]
Get:307 https://snapshot.debian.org/archive/debian/20260914T000000Z trixie/main amd64 node-for-own all 1.0.0-3 [4800 B]
Get:308 https://snapshot.debian.org/archive/debian/20260914T000000Z trixie/main amd64 node-is-plain-object all 5.0.0-7 [6108 B]
Get:309 https://snapshot.debian.org/archive/debian/20260914T000000Z trixie/main amd64 node-is-extendable all 1.0.1-3 [5228 B]
Get:310 https://snapshot.debian.org/archive/debian/20260914T000000Z trixie/main amd64 node-clone-deep all 4.0.1+~cs7.0.2-1 [6720 B]
Get:311 https://snapshot.debian.org/archive/debian/20260914T000000Z trixie/main amd64 node-commander all 9.4.1-1 [65.3 kB]
Get:312 https://snapshot.debian.org/archive/debian/20260914T000000Z trixie/main amd64 node-core-js all 3.33.2-1 [301 kB]
Get:313 https://snapshot.debian.org/archive/debian/20260914T000000Z trixie/main amd64 node-core-js-pure all 3.33.2-1 [282 kB]
Get:314 https://snapshot.debian.org/archive/debian/20260914T000000Z trixie/main amd64 node-fs-readdir-recursive all 1.1.0+~1.1.0-1 [4540 B]
Get:315 https://snapshot.debian.org/archive/debian/20260914T000000Z trixie/main amd64 node-js-tokens all 8.0.0-2 [14.9 kB]
Get:316 https://snapshot.debian.org/archive/debian/20260914T000000Z trixie/main amd64 node-jsesc all 3.0.2+~3.0.1-1 [17.6 kB]
Get:317 https://snapshot.debian.org/archive/debian/20260914T000000Z trixie/main amd64 node-json5 all 2.2.3+dfsg-1 [25.6 kB]
Get:318 https://snapshot.debian.org/archive/debian/20260914T000000Z trixie/main amd64 node-quick-lru all 6.1.1-4 [8076 B]
Get:319 https://snapshot.debian.org/archive/debian/20260914T000000Z trixie/main amd64 node-regenerator-transform all 0.15.2+~0.10.8-1 [24.9 kB]
Get:320 https://snapshot.debian.org/archive/debian/20260914T000000Z trixie/main amd64 node-regjsgen all 0.7.1+ds-1 [6968 B]
Get:321 https://snapshot.debian.org/archive/debian/20260914T000000Z trixie/main amd64 node-regjsparser all 0.9.1+ds-2 [22.1 kB]
Get:322 https://snapshot.debian.org/archive/debian/20260914T000000Z trixie/main amd64 node-unicode-canonical-property-names-ecmascript all 2.0.0-2 [4540 B]
Get:323 https://snapshot.debian.org/archive/debian/20260914T000000Z trixie/main amd64 node-unicode-property-aliases-ecmascript all 2.1.0+ds-1 [5256 B]
Get:324 https://snapshot.debian.org/archive/debian/20260914T000000Z trixie/main amd64 node-unicode-match-property-ecmascript all 2.0.0-2 [4440 B]
Get:325 https://snapshot.debian.org/archive/debian/20260914T000000Z trixie/main amd64 node-unicode-match-property-value-ecmascript all 2.1.0+ds-1 [7272 B]
Get:326 https://snapshot.debian.org/archive/debian/20260914T000000Z trixie/main amd64 node-regexpu-core all 5.2.2-3 [13.9 kB]
Get:327 https://snapshot.debian.org/archive/debian/20260914T000000Z trixie/main amd64 node-source-map-support all 0.5.21+ds+~0.5.10-1 [15.3 kB]
Get:328 https://snapshot.debian.org/archive/debian/20260914T000000Z trixie/main amd64 node-to-fast-properties all 3.0.1-3 [4332 B]
Get:329 https://snapshot.debian.org/archive/debian/20260914T000000Z trixie/main amd64 node-v8flags all 3.2.0+~3.1.1-1 [7612 B]
Get:330 https://snapshot.debian.org/archive/debian/20260914T000000Z trixie/main amd64 node-babel7 all 7.20.15+ds1+~cs214.269.168-8 [709 kB]
Get:331 https://snapshot.debian.org/archive/debian/20260914T000000Z trixie/main amd64 node-is-arrayish all 0.3.2-3 [3960 B]
Get:332 https://snapshot.debian.org/archive/debian/20260914T000000Z trixie/main amd64 node-error-ex all 1.3.2-4 [5656 B]
Get:333 https://snapshot.debian.org/archive/debian/20260914T000000Z trixie/main amd64 node-json-parse-better-errors all 1.0.2+~cs3.3.1-3 [7724 B]
Get:334 https://snapshot.debian.org/archive/debian/20260914T000000Z trixie/main amd64 node-parse-json all 5.2.0+~cs5.1.7-2 [7304 B]
Get:335 https://snapshot.debian.org/archive/debian/20260914T000000Z trixie/main amd64 node-hosted-git-info all 6.1.1-2 [12.6 kB]
Get:336 https://snapshot.debian.org/archive/debian/20260914T000000Z trixie/main amd64 node-spdx-license-ids all 3.0.12-1 [6276 B]
Get:337 https://snapshot.debian.org/archive/debian/20260914T000000Z trixie/main amd64 node-spdx-exceptions all 2.3.0-2 [3992 B]
Get:338 https://snapshot.debian.org/archive/debian/20260914T000000Z trixie/main amd64 node-spdx-expression-parse all 3.0.1+~3.0.1-1 [7532 B]
Get:339 https://snapshot.debian.org/archive/debian/20260914T000000Z trixie/main amd64 node-spdx-correct all 3.1.1-2 [5464 B]
Get:340 https://snapshot.debian.org/archive/debian/20260914T000000Z trixie/main amd64 node-validate-npm-package-license all 3.0.4-2 [4280 B]
Get:341 https://snapshot.debian.org/archive/debian/20260914T000000Z trixie/main amd64 node-normalize-package-data all 4.0.1+~2.4.1-1 [13.6 kB]
Get:342 https://snapshot.debian.org/archive/debian/20260914T000000Z trixie/main amd64 node-read-pkg all 5.2.0-2 [24.0 kB]
Get:343 https://snapshot.debian.org/archive/debian/20260914T000000Z trixie/main amd64 node-uuid all 8.3.2+~8.3.4-1 [44.5 kB]
Get:344 https://snapshot.debian.org/archive/debian/20260914T000000Z trixie/main amd64 node-isexe all 2.0.0+~2.0.1-5 [6084 B]
Get:345 https://snapshot.debian.org/archive/debian/20260914T000000Z trixie/main amd64 node-which all 2.0.2+~cs1.3.2-3 [8368 B]
Get:346 https://snapshot.debian.org/archive/debian/20260914T000000Z trixie/main amd64 node-is-typedarray all 1.0.0-4 [3292 B]
Get:347 https://snapshot.debian.org/archive/debian/20260914T000000Z trixie/main amd64 node-typedarray-to-buffer all 4.0.0-2 [3380 B]
Get:348 https://snapshot.debian.org/archive/debian/20260914T000000Z trixie/main amd64 node-write-file-atomic all 4.0.2+~4.0.0-2 [9308 B]
Get:349 https://snapshot.debian.org/archive/debian/20260914T000000Z trixie/main amd64 node-slice-ansi all 5.0.0+~cs9.0.0-5 [8788 B]
Get:350 https://snapshot.debian.org/archive/debian/20260914T000000Z trixie/main amd64 node-ansi-regex all 5.0.1-1 [4912 B]
Get:351 https://snapshot.debian.org/archive/debian/20260914T000000Z trixie/main amd64 node-strip-ansi all 6.0.1-2 [4120 B]
Get:352 https://snapshot.debian.org/archive/debian/20260914T000000Z trixie/main amd64 node-clone all 2.1.2+~2.1.2-1 [9140 B]
Get:353 https://snapshot.debian.org/archive/debian/20260914T000000Z trixie/main amd64 node-defaults all 1.0.4+~1.0.3-1 [4400 B]
Get:354 https://snapshot.debian.org/archive/debian/20260914T000000Z trixie/main amd64 node-wcwidth.js all 1.0.2-2 [7088 B]
Get:355 https://snapshot.debian.org/archive/debian/20260914T000000Z trixie/main amd64 node-string-width all 4.2.3+~cs13.2.3-1 [10.7 kB]
Get:356 https://snapshot.debian.org/archive/debian/20260914T000000Z trixie/main amd64 node-wrap-ansi all 8.0.1+~8.0.1-3 [11.8 kB]
Get:357 https://snapshot.debian.org/archive/debian/20260914T000000Z trixie/main amd64 node-cliui all 7.0.4+repack+1+~cs1.4.2-2 [21.6 kB]
Get:358 https://snapshot.debian.org/archive/debian/20260914T000000Z trixie/main amd64 node-get-caller-file all 2.0.5+~cs1.1.1-4 [5728 B]
Get:359 https://snapshot.debian.org/archive/debian/20260914T000000Z trixie/main amd64 node-require-directory all 2.1.1+~2.1.2-1 [7092 B]
Get:360 https://snapshot.debian.org/archive/debian/20260914T000000Z trixie/main amd64 node-y18n all 5.0.8+~5.0.0-3 [10.2 kB]
Get:361 https://snapshot.debian.org/archive/debian/20260914T000000Z trixie/main amd64 node-camelcase all 7.0.0-3 [6032 B]
Get:362 https://snapshot.debian.org/archive/debian/20260914T000000Z trixie/main amd64 node-yargs-parser all 21.1.1+~21.0.0-4 [28.4 kB]
Get:363 https://snapshot.debian.org/archive/debian/20260914T000000Z trixie/main amd64 node-yargs all 16.2.0+~16.0.4-7 [128 kB]
Get:364 https://snapshot.debian.org/archive/debian/20260914T000000Z trixie/main amd64 node-istanbul all 0.4.5+repack10+~cs98.25.59-3 [211 kB]
Get:365 https://snapshot.debian.org/archive/debian/20260914T000000Z trixie/main amd64 node-through all 2.3.8+~cs0.0.30-1 [5452 B]
Get:366 https://snapshot.debian.org/archive/debian/20260914T000000Z trixie/main amd64 node-resumer all 0.0.0-6 [4144 B]
Get:367 https://snapshot.debian.org/archive/debian/20260914T000000Z trixie/main amd64 node-tape all 5.6.1+~cs8.20.19-3 [71.0 kB]
Get:368 https://snapshot.debian.org/archive/debian/20260914T000000Z trixie/main amd64 node-deep-equal all 2.2.3+~cs43.15.94-1 [131 kB]
Get:369 https://snapshot.debian.org/archive/debian/20260914T000000Z trixie/main amd64 libjs-util all 0.12.5+~1.0.10-1 [16.0 kB]
Get:370 https://snapshot.debian.org/archive/debian/20260914T000000Z trixie/main amd64 libjsoncpp-dev amd64 1.9.6-3 [25.0 kB]
Get:371 https://snapshot.debian.org/archive/debian/20260914T000000Z trixie/main amd64 libmbedcrypto16 amd64 3.6.6-0.1~deb13u1 [365 kB]
Get:372 https://snapshot.debian.org/archive/debian/20260914T000000Z trixie/main amd64 libmbedx509-7 amd64 3.6.6-0.1~deb13u1 [155 kB]
Get:373 https://snapshot.debian.org/archive/debian/20260914T000000Z trixie/main amd64 libmbedtls21 amd64 3.6.6-0.1~deb13u1 [246 kB]
Get:374 https://snapshot.debian.org/archive/debian/20260914T000000Z trixie/main amd64 libmbedtls-dev amd64 3.6.6-0.1~deb13u1 [844 kB]
Get:375 https://snapshot.debian.org/archive/debian/20260914T000000Z trixie/main amd64 libncurses6 amd64 6.5+20250216-2 [105 kB]
Get:376 https://snapshot.debian.org/archive/debian/20260914T000000Z trixie/main amd64 libncurses-dev amd64 6.5+20250216-2 [353 kB]
Get:377 https://snapshot.debian.org/archive/debian/20260914T000000Z trixie/main amd64 libnetfilter-queue1 amd64 1.0.5-4+b1 [14.7 kB]
Get:378 https://snapshot.debian.org/archive/debian/20260914T000000Z trixie/main amd64 libnfnetlink-dev amd64 1.0.2-3 [7940 B]
Get:379 https://snapshot.debian.org/archive/debian/20260914T000000Z trixie/main amd64 pkg-config amd64 1.8.1-4 [14.0 kB]
Get:380 https://snapshot.debian.org/archive/debian/20260914T000000Z trixie/main amd64 libnetfilter-queue-dev amd64 1.0.5-4+b1 [18.2 kB]
Get:381 https://snapshot.debian.org/archive/debian/20260914T000000Z trixie/main amd64 libssl-dev amd64 3.5.7-1~deb13u2 [2965 kB]
Get:382 https://snapshot.debian.org/archive/debian/20260914T000000Z trixie/main amd64 libuv1-dev amd64 1.50.0-2 [189 kB]
Get:383 https://snapshot.debian.org/archive/debian/20260914T000000Z trixie/main amd64 libnode-dev amd64 20.19.2+dfsg-1+deb13u2 [537 kB]
Get:384 https://snapshot.debian.org/archive/debian/20260914T000000Z trixie/main amd64 zlib1g-dev amd64 1:1.3.dfsg+really1.3.1-1+b1 [920 kB]
Get:385 https://snapshot.debian.org/archive/debian/20260914T000000Z trixie/main amd64 libprotobuf32t64 amd64 3.21.12-11+deb13u1 [981 kB]
Get:386 https://snapshot.debian.org/archive/debian/20260914T000000Z trixie/main amd64 libprotobuf-lite32t64 amd64 3.21.12-11+deb13u1 [275 kB]
Get:387 https://snapshot.debian.org/archive/debian/20260914T000000Z trixie/main amd64 libprotobuf-dev amd64 3.21.12-11+deb13u1 [1329 kB]
Get:388 https://snapshot.debian.org/archive/debian/20260914T000000Z trixie/main amd64 libprotoc32t64 amd64 3.21.12-11+deb13u1 [922 kB]
Get:389 https://snapshot.debian.org/archive/debian/20260914T000000Z trixie/main amd64 libreadline-dev amd64 8.2-6 [153 kB]
Get:390 https://snapshot.debian.org/archive/debian/20260914T000000Z trixie/main amd64 libwrap0 amd64 7.6.q-36 [55.3 kB]
Get:391 https://snapshot.debian.org/archive/debian/20260914T000000Z trixie/main amd64 netcat-openbsd amd64 1.229-1 [42.5 kB]
Get:392 https://snapshot.debian.org/archive/debian/20260914T000000Z trixie/main amd64 ninja-build amd64 1.12.1-1 [142 kB]
Get:393 https://snapshot.debian.org/archive/debian/20260914T000000Z trixie/main amd64 node-agent-base all 7.1.1~0~2024040606-6+deb13u1 [11.6 kB]
Get:394 https://snapshot.debian.org/archive/debian/20260914T000000Z trixie/main amd64 node-ajv-keywords all 5.1.0-4 [32.3 kB]
Get:395 https://snapshot.debian.org/archive/debian/20260914T000000Z trixie/main amd64 node-ansi-escapes all 5.0.0+really.4.3.1-1 [8896 B]
Get:396 https://snapshot.debian.org/archive/debian/20260914T000000Z trixie/main amd64 node-aproba all 2.0.0-3 [5844 B]
Get:397 https://snapshot.debian.org/archive/debian/20260914T000000Z trixie/main amd64 node-delegates all 1.0.0-3 [4528 B]
Get:398 https://snapshot.debian.org/archive/debian/20260914T000000Z trixie/main amd64 node-are-we-there-yet all 3.0.1+~1.1.0-1 [10.0 kB]
Get:399 https://snapshot.debian.org/archive/debian/20260914T000000Z trixie/main amd64 node-async-each all 1.0.3-3 [4292 B]
Get:400 https://snapshot.debian.org/archive/debian/20260914T000000Z trixie/main amd64 node-babel-plugin-lodash all 3.3.4+~cs2.0.1-7 [11.0 kB]
Get:401 https://snapshot.debian.org/archive/debian/20260914T000000Z trixie/main amd64 node-base64-js all 1.5.1+dfsg+~1.3.0-2 [7140 B]
Get:402 https://snapshot.debian.org/archive/debian/20260914T000000Z trixie/main amd64 node-binary-extensions all 2.2.0-2 [4408 B]
Get:403 https://snapshot.debian.org/archive/debian/20260914T000000Z trixie/main amd64 node-builtins all 5.0.1-1 [4072 B]
Get:404 https://snapshot.debian.org/archive/debian/20260914T000000Z trixie/main amd64 node-chownr all 2.0.0-3 [4312 B]
Get:405 https://snapshot.debian.org/archive/debian/20260914T000000Z trixie/main amd64 node-iconv-lite all 0.6.3-3 [115 kB]
Get:406 https://snapshot.debian.org/archive/debian/20260914T000000Z trixie/main amd64 node-encoding all 0.1.13-2 [4400 B]
Get:407 https://snapshot.debian.org/archive/debian/20260914T000000Z trixie/main amd64 node-jsonparse all 1.3.1-10 [8020 B]
Get:408 https://snapshot.debian.org/archive/debian/20260914T000000Z trixie/main amd64 node-yallist all 4.0.0+~4.0.1-1 [8172 B]
Get:409 https://snapshot.debian.org/archive/debian/20260914T000000Z trixie/main amd64 node-minipass all 5.0.0+~cs10.3.21-3 [46.9 kB]
Get:410 https://snapshot.debian.org/archive/debian/20260914T000000Z trixie/main amd64 node-iferr all 1.0.2+~1.0.2-1 [4588 B]
Get:411 https://snapshot.debian.org/archive/debian/20260914T000000Z trixie/main amd64 node-fs-write-stream-atomic all 1.0.10-6 [5316 B]
Get:412 https://snapshot.debian.org/archive/debian/20260914T000000Z trixie/main amd64 node-run-queue all 2.0.0-3 [5156 B]
Get:413 https://snapshot.debian.org/archive/debian/20260914T000000Z trixie/main amd64 node-copy-concurrently all 1.0.5-9 [7100 B]
Get:414 https://snapshot.debian.org/archive/debian/20260914T000000Z trixie/main amd64 node-move-concurrently all 1.0.1-5 [5152 B]
Get:415 https://snapshot.debian.org/archive/debian/20260914T000000Z trixie/main amd64 node-promise-inflight all 1.0.1+~1.0.0-1 [4864 B]
Get:416 https://snapshot.debian.org/archive/debian/20260914T000000Z trixie/main amd64 node-ssri all 9.0.1-3 [18.1 kB]
Get:417 https://snapshot.debian.org/archive/debian/20260914T000000Z trixie/main amd64 node-unique-filename all 1.1.1+ds-2 [4032 B]
Get:418 https://snapshot.debian.org/archive/debian/20260914T000000Z trixie/main amd64 node-cacache all 17.0.3+~cs10.3.7-2 [45.2 kB]
Get:419 https://snapshot.debian.org/archive/debian/20260914T000000Z trixie/main amd64 node-is-binary-path all 2.1.0-5 [3684 B]
Get:420 https://snapshot.debian.org/archive/debian/20260914T000000Z trixie/main amd64 node-path-is-absolute all 2.0.0-2 [4068 B]
Get:421 https://snapshot.debian.org/archive/debian/20260914T000000Z trixie/main amd64 node-set-immediate-shim all 2.0.0-2 [3740 B]
Get:422 https://snapshot.debian.org/archive/debian/20260914T000000Z trixie/main amd64 node-readdirp all 3.6.0-1 [11.5 kB]
Get:423 https://snapshot.debian.org/archive/debian/20260914T000000Z trixie/main amd64 node-chokidar all 3.6.0-3 [32.4 kB]
Get:424 https://snapshot.debian.org/archive/debian/20260914T000000Z trixie/main amd64 node-tslib all 2.4.1-1 [19.5 kB]
Get:425 https://snapshot.debian.org/archive/debian/20260914T000000Z trixie/main amd64 node-chrome-trace-event all 1.0.3-2 [6984 B]
Get:426 https://snapshot.debian.org/archive/debian/20260914T000000Z trixie/main amd64 node-ci-info all 4.0.0+~cs1.1.0-1 [12.5 kB]
Get:427 https://snapshot.debian.org/archive/debian/20260914T000000Z trixie/main amd64 node-colors all 1.4.0-4 [11.9 kB]
Get:428 https://snapshot.debian.org/archive/debian/20260914T000000Z trixie/main amd64 node-cli-table all 0.3.11+~cs0.13.4-3 [23.6 kB]
Get:429 https://snapshot.debian.org/archive/debian/20260914T000000Z trixie/main amd64 node-columnify all 1.6.0+~1.5.1-1 [12.4 kB]
Get:430 https://snapshot.debian.org/archive/debian/20260914T000000Z trixie/main amd64 node-console-control-strings all 1.1.0-3 [5564 B]
Get:431 https://snapshot.debian.org/archive/debian/20260914T000000Z trixie/main amd64 node-css-selector-tokenizer all 0.8.0+~cs4.8.3-1 [13.0 kB]
Get:432 https://snapshot.debian.org/archive/debian/20260914T000000Z trixie/main amd64 node-postcss all 8.4.49+~cs9.2.32-1 [189 kB]
Get:433 https://snapshot.debian.org/archive/debian/20260914T000000Z trixie/main amd64 node-icss-utils all 5.1.0+~5.1.0-1 [7564 B]
Get:434 https://snapshot.debian.org/archive/debian/20260914T000000Z trixie/main amd64 node-postcss-modules-extract-imports all 3.0.0-2 [6584 B]
Get:435 https://snapshot.debian.org/archive/debian/20260914T000000Z trixie/main amd64 node-postcss-modules-values all 4.0.0+~4.0.0-1 [7180 B]
Get:436 https://snapshot.debian.org/archive/debian/20260914T000000Z trixie/main amd64 node-postcss-value-parser all 4.2.0-1 [10.4 kB]
Get:437 https://snapshot.debian.org/archive/debian/20260914T000000Z trixie/main amd64 node-prr all 1.0.1-3 [4352 B]
Get:438 https://snapshot.debian.org/archive/debian/20260914T000000Z trixie/main amd64 node-errno all 1.0.0-3 [7736 B]
Get:439 https://snapshot.debian.org/archive/debian/20260914T000000Z trixie/main amd64 node-memory-fs all 0.5.0+~0.3.3-2 [7676 B]
Get:440 https://snapshot.debian.org/archive/debian/20260914T000000Z trixie/main amd64 node-tapable all 2.2.1-3 [13.5 kB]
Get:441 https://snapshot.debian.org/archive/debian/20260914T000000Z trixie/main amd64 node-enhanced-resolve all 5.15.0-1 [36.4 kB]
Get:442 https://snapshot.debian.org/archive/debian/20260914T000000Z trixie/main amd64 node-es-module-lexer all 1.1.0+dfsg-3 [19.8 kB]
Get:443 https://snapshot.debian.org/archive/debian/20260914T000000Z trixie/main amd64 node-events all 3.3.0+~3.0.0-3 [5888 B]
Get:444 https://snapshot.debian.org/archive/debian/20260914T000000Z trixie/main amd64 node-resolve-cwd all 3.0.0-2 [4212 B]
Get:445 https://snapshot.debian.org/archive/debian/20260914T000000Z trixie/main amd64 node-jest-debbundle all 29.6.2~ds1+~cs73.45.28-5 [135 kB]
Get:446 https://snapshot.debian.org/archive/debian/20260914T000000Z trixie/main amd64 node-interpret all 2.2.0-3 [7660 B]
Get:447 https://snapshot.debian.org/archive/debian/20260914T000000Z trixie/main amd64 node-merge-stream all 2.0.0+~1.1.2-2 [5124 B]
Get:448 https://snapshot.debian.org/archive/debian/20260914T000000Z trixie/main amd64 node-jest-worker all 29.6.2~ds1+~cs73.45.28-5 [116 kB]
Get:449 https://snapshot.debian.org/archive/debian/20260914T000000Z trixie/main amd64 node-loader-runner all 4.3.0-1 [7644 B]
Get:450 https://snapshot.debian.org/archive/debian/20260914T000000Z trixie/main amd64 node-mime all 3.0.0+dfsg+~cs6.97.2-2 [40.3 kB]
Get:451 https://snapshot.debian.org/archive/debian/20260914T000000Z trixie/main amd64 node-mime-types all 2.1.35-2 [8752 B]
Get:452 https://snapshot.debian.org/archive/debian/20260914T000000Z trixie/main amd64 node-rechoir all 0.8.0+~0.6.1-2 [6628 B]
Get:453 https://snapshot.debian.org/archive/debian/20260914T000000Z trixie/main amd64 node-schema-utils all 4.2.0~ds-3 [22.0 kB]
Get:454 https://snapshot.debian.org/archive/debian/20260914T000000Z trixie/main amd64 node-randombytes all 2.1.0+~2.0.0-2 [4852 B]
Get:455 https://snapshot.debian.org/archive/debian/20260914T000000Z trixie/main amd64 node-serialize-javascript all 6.0.2-1 [13.0 kB]
Get:456 https://snapshot.debian.org/archive/debian/20260914T000000Z trixie/main amd64 node-watchpack all 2.4.0+~cs2.8.1-1 [20.2 kB]
Get:457 https://snapshot.debian.org/archive/debian/20260914T000000Z trixie/main amd64 node-webassemblyjs all 1.11.4+dfsg+~cs10.11.17-2 [139 kB]
Get:458 https://snapshot.debian.org/archive/debian/20260914T000000Z trixie/main amd64 node-source-list-map all 2.0.1+dfsg+~0.1.2-1 [10.1 kB]
Get:459 https://snapshot.debian.org/archive/debian/20260914T000000Z trixie/main amd64 node-webpack-sources all 3.2.3+~3.2.0-2 [23.2 kB]
Get:460 https://snapshot.debian.org/archive/debian/20260914T000000Z trixie/main amd64 node-terser all 5.38.0-1 [220 kB]
Get:461 https://snapshot.debian.org/archive/debian/20260914T000000Z trixie/main amd64 terser all 5.38.0-1 [19.4 kB]
Get:462 https://snapshot.debian.org/archive/debian/20260914T000000Z trixie/main amd64 node-get-stream all 8.0.1-11 [11.6 kB]
Get:463 https://snapshot.debian.org/archive/debian/20260914T000000Z trixie/main amd64 node-mimic-fn all 4.0.0-5 [5492 B]
Get:464 https://snapshot.debian.org/archive/debian/20260914T000000Z trixie/main amd64 node-strip-eof all 3.0.0-5 [4656 B]
Get:465 https://snapshot.debian.org/archive/debian/20260914T000000Z trixie/main amd64 node-execa all 8.0.1+dfsg1+~cs12.0.0-1 [43.9 kB]
Get:466 https://snapshot.debian.org/archive/debian/20260914T000000Z trixie/main amd64 node-envinfo all 7.11.0+~cs14.3.0-3 [32.6 kB]
Get:467 https://snapshot.debian.org/archive/debian/20260914T000000Z trixie/main amd64 webpack all 5.97.1+dfsg1+~cs11.18.27-3 [810 kB]
Get:468 https://snapshot.debian.org/archive/debian/20260914T000000Z trixie/main amd64 node-css-loader all 6.8.1+~cs14.0.17-1 [74.5 kB]
Get:469 https://snapshot.debian.org/archive/debian/20260914T000000Z trixie/main amd64 node-data-uri-to-buffer all 6.0.2~0~2024040606-6+deb13u1 [9180 B]
Get:470 https://snapshot.debian.org/archive/debian/20260914T000000Z trixie/main amd64 node-mimic-response all 3.1.0-9 [5424 B]
Get:471 https://snapshot.debian.org/archive/debian/20260914T000000Z trixie/main amd64 node-decompress-response all 6.0.0-3 [4656 B]
Get:472 https://snapshot.debian.org/archive/debian/20260914T000000Z trixie/main amd64 node-depd all 2.0.0-2 [11.2 kB]
Get:473 https://snapshot.debian.org/archive/debian/20260914T000000Z trixie/main amd64 node-diff all 5.0.0~dfsg+~5.0.1-4 [69.7 kB]
Get:474 https://snapshot.debian.org/archive/debian/20260914T000000Z trixie/main amd64 node-err-code all 2.0.3+dfsg-3 [4884 B]
Get:475 https://snapshot.debian.org/archive/debian/20260914T000000Z trixie/main amd64 node-time-stamp all 2.2.0-2 [6016 B]
Get:476 https://snapshot.debian.org/archive/debian/20260914T000000Z trixie/main amd64 node-fancy-log all 1.3.3+~cs1.3.1-2 [7940 B]
Get:477 https://snapshot.debian.org/archive/debian/20260914T000000Z trixie/main amd64 node-fetch all 3.3.2+~cs11.4.11-3 [213 kB]
Get:478 https://snapshot.debian.org/archive/debian/20260914T000000Z trixie/main amd64 node-has-unicode all 2.0.1-5 [3992 B]
Get:479 https://snapshot.debian.org/archive/debian/20260914T000000Z trixie/main amd64 node-wide-align all 1.1.3-4 [4244 B]
Get:480 https://snapshot.debian.org/archive/debian/20260914T000000Z trixie/main amd64 node-gauge all 4.0.4-2 [19.7 kB]
Get:481 https://snapshot.debian.org/archive/debian/20260914T000000Z trixie/main amd64 node-lowercase-keys all 2.0.0-2 [3768 B]
Get:482 https://snapshot.debian.org/archive/debian/20260914T000000Z trixie/main amd64 node-json-buffer all 3.0.1+~3.0.0-1 [4536 B]
Get:483 https://snapshot.debian.org/archive/debian/20260914T000000Z trixie/main amd64 node-p-cancelable all 2.1.1-1 [7272 B]
Get:484 https://snapshot.debian.org/archive/debian/20260914T000000Z trixie/main amd64 node-got all 11.8.5+~cs58.13.36-5 [121 kB]
Get:485 https://snapshot.debian.org/archive/debian/20260914T000000Z trixie/main amd64 node-https-proxy-agent all 7.0.4~0~2024040606-6+deb13u1 [13.7 kB]
Get:486 https://snapshot.debian.org/archive/debian/20260914T000000Z trixie/main amd64 node-set-blocking all 2.0.0-2 [4248 B]
Get:487 https://snapshot.debian.org/archive/debian/20260914T000000Z trixie/main amd64 node-npmlog all 7.0.1+~4.1.4-1 [11.4 kB]
Get:488 https://snapshot.debian.org/archive/debian/20260914T000000Z trixie/main amd64 node-osenv all 0.1.5+~0.1.1-1 [5884 B]
Get:489 https://snapshot.debian.org/archive/debian/20260914T000000Z trixie/main amd64 node-tar all 6.2.1+~cs7.0.8-1+deb13u1 [52.7 kB]
Get:490 https://snapshot.debian.org/archive/debian/20260914T000000Z trixie/main amd64 node-gyp all 11.1.0+~5.0.0-1 [67.6 kB]
Get:491 https://snapshot.debian.org/archive/debian/20260914T000000Z trixie/main amd64 node-http-proxy-agent all 7.0.2~0~2024040606-6+deb13u1 [10.8 kB]
Get:492 https://snapshot.debian.org/archive/debian/20260914T000000Z trixie/main amd64 node-ieee754 all 1.2.1-3 [5268 B]
Get:493 https://snapshot.debian.org/archive/debian/20260914T000000Z trixie/main amd64 node-ini all 3.0.1-2 [6928 B]
Get:494 https://snapshot.debian.org/archive/debian/20260914T000000Z trixie/main amd64 node-ip all 2.0.1+~1.1.3-3 [8616 B]
Get:495 https://snapshot.debian.org/archive/debian/20260914T000000Z trixie/main amd64 node-ip-regex all 4.3.0+~4.1.1-1 [5188 B]
Get:496 https://snapshot.debian.org/archive/debian/20260914T000000Z trixie/main amd64 node-mute-stream all 0.0.8+~0.0.1-3 [6232 B]
Get:497 https://snapshot.debian.org/archive/debian/20260914T000000Z trixie/main amd64 node-negotiator all 0.6.3+~0.6.1-1 [10.8 kB]
Get:498 https://snapshot.debian.org/archive/debian/20260914T000000Z trixie/main amd64 node-read-package-json all 5.0.2+~2.0.0-2 [11.6 kB]
Get:499 https://snapshot.debian.org/archive/debian/20260914T000000Z trixie/main amd64 node-npm-bundled all 2.0.1-2 [6408 B]
Get:500 https://snapshot.debian.org/archive/debian/20260914T000000Z trixie/main amd64 node-validate-npm-package-name all 5.0.0+~4.0.0-1 [7444 B]
Get:501 https://snapshot.debian.org/archive/debian/20260914T000000Z trixie/main amd64 node-npm-package-arg all 10.0.0+~3.0.0-2 [11.4 kB]
Get:502 https://snapshot.debian.org/archive/debian/20260914T000000Z trixie/main amd64 node-retry all 0.13.1.+~cs2.19.16-1 [14.2 kB]
Get:503 https://snapshot.debian.org/archive/debian/20260914T000000Z trixie/main amd64 node-promise-retry all 2.0.1-4 [5016 B]
Get:504 https://snapshot.debian.org/archive/debian/20260914T000000Z trixie/main amd64 node-read all 1.0.7-5 [5388 B]
Get:505 https://snapshot.debian.org/archive/debian/20260914T000000Z trixie/main amd64 node-promzard all 0.3.0-2 [6788 B]
Get:506 https://snapshot.debian.org/archive/debian/20260914T000000Z trixie/main amd64 node-text-table all 0.2.0-4 [4736 B]
Get:507 https://snapshot.debian.org/archive/debian/20260914T000000Z trixie/main amd64 npm all 9.2.0~ds1-3 [669 kB]
Get:508 https://snapshot.debian.org/archive/debian/20260914T000000Z trixie/main amd64 openssl amd64 3.5.7-1~deb13u2 [1507 kB]
Get:509 https://snapshot.debian.org/archive/debian/20260914T000000Z trixie/main amd64 protobuf-compiler amd64 3.21.12-11+deb13u1 [85.0 kB]
Get:510 https://snapshot.debian.org/archive/debian/20260914T000000Z trixie/main amd64 python3-aiohappyeyeballs all 2.6.1-1 [14.4 kB]
Get:511 https://snapshot.debian.org/archive/debian/20260914T000000Z trixie/main amd64 python3-idna all 3.10-1+deb13u1 [43.0 kB]
Get:512 https://snapshot.debian.org/archive/debian/20260914T000000Z trixie/main amd64 python3-multidict amd64 6.4.3-1 [52.8 kB]
Get:513 https://snapshot.debian.org/archive/debian/20260914T000000Z trixie/main amd64 python3-propcache amd64 0.3.1-1 [40.5 kB]
Get:514 https://snapshot.debian.org/archive/debian/20260914T000000Z trixie/main amd64 python3-yarl amd64 1.19.0-1 [96.5 kB]
Get:515 https://snapshot.debian.org/archive/debian/20260914T000000Z trixie/main amd64 python3-async-timeout all 5.0.1-1 [8324 B]
Get:516 https://snapshot.debian.org/archive/debian/20260914T000000Z trixie/main amd64 python3-frozenlist amd64 1.6.0-1 [99.7 kB]
Get:517 https://snapshot.debian.org/archive/debian/20260914T000000Z trixie/main amd64 python3-aiosignal all 1.3.2-1 [6100 B]
Get:518 https://snapshot.debian.org/archive/debian/20260914T000000Z trixie/main amd64 python3-attr all 25.3.0-1 [69.5 kB]
Get:519 https://snapshot.debian.org/archive/debian/20260914T000000Z trixie/main amd64 python3-aiohttp amd64 3.11.16-1+deb13u1 [406 kB]
Get:520 https://snapshot.debian.org/archive/debian/20260914T000000Z trixie/main amd64 python3-bcrypt amd64 4.2.0-2.1+b1 [211 kB]
Get:521 https://snapshot.debian.org/archive/debian/20260914T000000Z trixie/main amd64 python3-cffi-backend amd64 1.17.1-3 [93.4 kB]
Get:522 https://snapshot.debian.org/archive/debian/20260914T000000Z trixie/main amd64 python3-cryptography amd64 43.0.0-3+deb13u1 [942 kB]
Get:523 https://snapshot.debian.org/archive/debian/20260914T000000Z trixie/main amd64 socat amd64 1.8.0.3-1+deb13u1 [424 kB]
Fetched 192 MB in 38s (5073 kB/s)
Download complete and in download only mode
