Archive member included to satisfy reference by file (symbol)

/opt/toolchains/gcc-arm-none-eabi/bin/../lib/gcc/arm-none-eabi/14.2.1/../../../../arm-none-eabi/lib/thumb/v8-m.main+fp/hard/libc_nano.a(libc_a-assert.o)
                              CMakeFiles/slc.dir/base/opt/silabs/sdks/simplicity_sdk_2026.6.1/openthread/platform-abstraction/efr32/radio.cpp.obj (symbol from plugin) (__assert_func)
/opt/toolchains/gcc-arm-none-eabi/bin/../lib/gcc/arm-none-eabi/14.2.1/../../../../arm-none-eabi/lib/thumb/v8-m.main+fp/hard/libc_nano.a(libc_a-exit.o)
                              /opt/toolchains/gcc-arm-none-eabi/bin/../lib/gcc/arm-none-eabi/14.2.1/../../../../arm-none-eabi/lib/thumb/v8-m.main+fp/hard/crt0.o (exit)
/opt/toolchains/gcc-arm-none-eabi/bin/../lib/gcc/arm-none-eabi/14.2.1/../../../../arm-none-eabi/lib/thumb/v8-m.main+fp/hard/libc_nano.a(libc_a-strtoul.o)
                              CMakeFiles/slc.dir/base/opt/silabs/sdks/simplicity_sdk_2026.6.1/openthread_stack/util/third_party/openthread/src/lib/spinel/radio_spinel.cpp.obj (symbol from plugin) (strtoul)
/opt/toolchains/gcc-arm-none-eabi/bin/../lib/gcc/arm-none-eabi/14.2.1/../../../../arm-none-eabi/lib/thumb/v8-m.main+fp/hard/libc_nano.a(libc_a-ctype_.o)
                              /opt/toolchains/gcc-arm-none-eabi/bin/../lib/gcc/arm-none-eabi/14.2.1/../../../../arm-none-eabi/lib/thumb/v8-m.main+fp/hard/libc_nano.a(libc_a-strtoul.o) (_ctype_)
/opt/toolchains/gcc-arm-none-eabi/bin/../lib/gcc/arm-none-eabi/14.2.1/../../../../arm-none-eabi/lib/thumb/v8-m.main+fp/hard/libc_nano.a(libc_a-findfp.o)
                              /opt/toolchains/gcc-arm-none-eabi/bin/../lib/gcc/arm-none-eabi/14.2.1/../../../../arm-none-eabi/lib/thumb/v8-m.main+fp/hard/libc_nano.a(libc_a-exit.o) (__stdio_exit_handler)
/opt/toolchains/gcc-arm-none-eabi/bin/../lib/gcc/arm-none-eabi/14.2.1/../../../../arm-none-eabi/lib/thumb/v8-m.main+fp/hard/libc_nano.a(libc_a-fprintf.o)
                              /opt/toolchains/gcc-arm-none-eabi/bin/../lib/gcc/arm-none-eabi/14.2.1/../../../../arm-none-eabi/lib/thumb/v8-m.main+fp/hard/libc_nano.a(libc_a-assert.o) (fiprintf)
/opt/toolchains/gcc-arm-none-eabi/bin/../lib/gcc/arm-none-eabi/14.2.1/../../../../arm-none-eabi/lib/thumb/v8-m.main+fp/hard/libc_nano.a(libc_a-fwalk.o)
                              /opt/toolchains/gcc-arm-none-eabi/bin/../lib/gcc/arm-none-eabi/14.2.1/../../../../arm-none-eabi/lib/thumb/v8-m.main+fp/hard/libc_nano.a(libc_a-findfp.o) (_fwalk_sglue)
/opt/toolchains/gcc-arm-none-eabi/bin/../lib/gcc/arm-none-eabi/14.2.1/../../../../arm-none-eabi/lib/thumb/v8-m.main+fp/hard/libc_nano.a(libc_a-stdio.o)
                              /opt/toolchains/gcc-arm-none-eabi/bin/../lib/gcc/arm-none-eabi/14.2.1/../../../../arm-none-eabi/lib/thumb/v8-m.main+fp/hard/libc_nano.a(libc_a-findfp.o) (__sread)
/opt/toolchains/gcc-arm-none-eabi/bin/../lib/gcc/arm-none-eabi/14.2.1/../../../../arm-none-eabi/lib/thumb/v8-m.main+fp/hard/libc_nano.a(libc_a-memset.o)
                              /opt/toolchains/gcc-arm-none-eabi/bin/../lib/gcc/arm-none-eabi/14.2.1/../../../../arm-none-eabi/lib/thumb/v8-m.main+fp/hard/crt0.o (memset)
/opt/toolchains/gcc-arm-none-eabi/bin/../lib/gcc/arm-none-eabi/14.2.1/../../../../arm-none-eabi/lib/thumb/v8-m.main+fp/hard/libc_nano.a(libc_a-closer.o)
                              /opt/toolchains/gcc-arm-none-eabi/bin/../lib/gcc/arm-none-eabi/14.2.1/../../../../arm-none-eabi/lib/thumb/v8-m.main+fp/hard/libc_nano.a(libc_a-stdio.o) (_close_r)
/opt/toolchains/gcc-arm-none-eabi/bin/../lib/gcc/arm-none-eabi/14.2.1/../../../../arm-none-eabi/lib/thumb/v8-m.main+fp/hard/libc_nano.a(libc_a-reent.o)
                              /opt/toolchains/gcc-arm-none-eabi/bin/../lib/gcc/arm-none-eabi/14.2.1/../../../../arm-none-eabi/lib/thumb/v8-m.main+fp/hard/libc_nano.a(libc_a-closer.o) (errno)
/opt/toolchains/gcc-arm-none-eabi/bin/../lib/gcc/arm-none-eabi/14.2.1/../../../../arm-none-eabi/lib/thumb/v8-m.main+fp/hard/libc_nano.a(libc_a-impure.o)
                              /opt/toolchains/gcc-arm-none-eabi/bin/../lib/gcc/arm-none-eabi/14.2.1/../../../../arm-none-eabi/lib/thumb/v8-m.main+fp/hard/libc_nano.a(libc_a-assert.o) (_impure_ptr)
/opt/toolchains/gcc-arm-none-eabi/bin/../lib/gcc/arm-none-eabi/14.2.1/../../../../arm-none-eabi/lib/thumb/v8-m.main+fp/hard/libc_nano.a(libc_a-lseekr.o)
                              /opt/toolchains/gcc-arm-none-eabi/bin/../lib/gcc/arm-none-eabi/14.2.1/../../../../arm-none-eabi/lib/thumb/v8-m.main+fp/hard/libc_nano.a(libc_a-stdio.o) (_lseek_r)
/opt/toolchains/gcc-arm-none-eabi/bin/../lib/gcc/arm-none-eabi/14.2.1/../../../../arm-none-eabi/lib/thumb/v8-m.main+fp/hard/libc_nano.a(libc_a-readr.o)
                              /opt/toolchains/gcc-arm-none-eabi/bin/../lib/gcc/arm-none-eabi/14.2.1/../../../../arm-none-eabi/lib/thumb/v8-m.main+fp/hard/libc_nano.a(libc_a-stdio.o) (_read_r)
[...]
Memory Configuration

Name             Origin             Length             Attributes
FLASH            0x00004000         0x000ba000         xr
RAM              0x20000004         0x0000fffc         xrw
BOOTLOADER_RESET_REGION 0x20000000         0x00000004         xrw
DUMMY            0xfff46000         0x000ba000         !ax
*default*        0x00000000         0xffffffff

Linker script and memory map

LOAD /opt/toolchains/gcc-arm-none-eabi/bin/../lib/gcc/arm-none-eabi/14.2.1/thumb/v8-m.main+fp/hard/crti.o
LOAD /opt/toolchains/gcc-arm-none-eabi/bin/../lib/gcc/arm-none-eabi/14.2.1/thumb/v8-m.main+fp/hard/crtbegin.o
LOAD /opt/toolchains/gcc-arm-none-eabi/bin/../lib/gcc/arm-none-eabi/14.2.1/../../../../arm-none-eabi/lib/thumb/v8-m.main+fp/hard/crt0.o
LOAD CMakeFiles/slc.dir/base/opt/silabs/sdks/simplicity_sdk_2026.6.1/bootloader/platform/bootloader/api/btl_interface.c.obj
LOAD /tmp/cc54ahiT.ltrans0.ltrans.o
LOAD /tmp/cc54ahiT.ltrans1.ltrans.o
LOAD /tmp/cc54ahiT.ltrans2.ltrans.o
LOAD /tmp/cc54ahiT.ltrans3.ltrans.o
LOAD /tmp/ccfL3TNj.debug.temp.o
LOAD /tmp/cc5elxeb.debug.temp.o
LOAD /tmp/ccDvHy7l.debug.temp.o
LOAD /tmp/cc6FhITt.debug.temp.o
LOAD /tmp/cc897mqo.debug.temp.o
LOAD /tmp/ccC8Wdex.debug.temp.o
LOAD /tmp/ccDW3cB9.debug.temp.o
LOAD /tmp/cc5uGMlz.debug.temp.o
LOAD /tmp/ccMyqU0I.debug.temp.o
LOAD /tmp/ccHKmkAs.debug.temp.o
LOAD /tmp/ccjYEuAj.debug.temp.o
LOAD /tmp/cc1D9M3H.debug.temp.o
LOAD /tmp/ccHXPrw7.debug.temp.o
LOAD /tmp/ccSsO0Jj.debug.temp.o
LOAD /tmp/ccfDM0FI.debug.temp.o
LOAD /tmp/ccGFWrE7.debug.temp.o
LOAD /tmp/ccDxOpin.debug.temp.o
LOAD /tmp/ccEiwV4r.debug.temp.o
LOAD /tmp/ccptE0DG.debug.temp.o
LOAD /tmp/ccsci1vV.debug.temp.o
LOAD /tmp/ccE5kr1z.debug.temp.o
LOAD /tmp/ccM4qGbW.debug.temp.o
LOAD /tmp/ccSui6Se.debug.temp.o
LOAD /tmp/cc7tQPGD.debug.temp.o
LOAD /tmp/cc48kMXi.debug.temp.o
LOAD /tmp/ccOjySCa.debug.temp.o
LOAD /tmp/cc3BE9io.debug.temp.o
LOAD /tmp/ccbMQekG.debug.temp.o
LOAD /tmp/ccLNNEBl.debug.temp.o
LOAD /tmp/ccjWl5lj.debug.temp.o
LOAD /tmp/cc3DFhZU.debug.temp.o
LOAD /tmp/cc6zIMZx.debug.temp.o
LOAD /tmp/ccpNSUbx.debug.temp.o
LOAD /tmp/cc8EYCgn.debug.temp.o
LOAD /tmp/ccNhisfF.debug.temp.o
LOAD /tmp/ccVHvfFr.debug.temp.o
LOAD /tmp/ccZtAhwA.debug.temp.o
LOAD /tmp/ccG9wy3l.debug.temp.o
LOAD /tmp/ccYNahFo.debug.temp.o
LOAD /tmp/ccyCsxcd.debug.temp.o
LOAD /tmp/ccViwKmU.debug.temp.o
LOAD /tmp/ccduiWuq.debug.temp.o
LOAD /tmp/ccMPfz90.debug.temp.o
LOAD /tmp/ccYhMfQP.debug.temp.o
LOAD /tmp/ccKUrlS9.debug.temp.o
LOAD /tmp/cc4U9Q8o.debug.temp.o
LOAD /tmp/ccTaraUo.debug.temp.o
LOAD /tmp/ccMUyOnB.debug.temp.o
LOAD /tmp/ccXGJpKu.debug.temp.o
LOAD /tmp/ccD84nww.debug.temp.o
LOAD /tmp/ccgRwFAe.debug.temp.o
LOAD /tmp/ccek1vbk.debug.temp.o
LOAD /tmp/ccZEND9e.debug.temp.o
LOAD /tmp/ccFQ9hy6.debug.temp.o
LOAD /tmp/ccgIt4d6.debug.temp.o
LOAD /tmp/cc9IuVpa.debug.temp.o
LOAD /tmp/cc8FnKZc.debug.temp.o
LOAD /tmp/ccE8aGF7.debug.temp.o
LOAD /tmp/ccz7pcIC.debug.temp.o
LOAD /tmp/ccGdNvYw.debug.temp.o
LOAD /tmp/ccVPE4xS.debug.temp.o
LOAD /tmp/cchtmNfr.debug.temp.o
LOAD /tmp/ccNfeMNP.debug.temp.o
LOAD /tmp/ccIYq7dV.debug.temp.o
LOAD /tmp/ccrP2yH6.debug.temp.o
LOAD /tmp/cczpySxs.debug.temp.o
LOAD /tmp/ccrDZkoO.debug.temp.o
LOAD /tmp/ccvCRy37.debug.temp.o
LOAD /tmp/cc7rCwT2.debug.temp.o
LOAD /tmp/ccYIER0j.debug.temp.o
LOAD /tmp/ccISmetL.debug.temp.o
LOAD /tmp/ccuHByWv.debug.temp.o
LOAD /tmp/ccSfWo3z.debug.temp.o
LOAD /tmp/ccvok8GN.debug.temp.o
LOAD /tmp/cc0PYQvH.debug.temp.o
LOAD /tmp/cciY2aEf.debug.temp.o
LOAD /tmp/cc9Ni0Xj.debug.temp.o
LOAD /tmp/ccuvCW8H.debug.temp.o
LOAD /tmp/cccSMYIc.debug.temp.o
LOAD /tmp/ccg5GvxU.debug.temp.o
LOAD /tmp/ccOtJOo4.debug.temp.o
LOAD /tmp/cc2xD6XS.debug.temp.o
LOAD /tmp/ccrtPG1b.debug.temp.o
LOAD /tmp/cckQWot3.debug.temp.o
LOAD /tmp/ccpxR9U0.debug.temp.o
LOAD /tmp/ccr4s0Fi.debug.temp.o
LOAD /tmp/ccyRjhZU.debug.temp.o
LOAD /tmp/cch5sxIX.debug.temp.o
LOAD /tmp/cc9hvJmh.debug.temp.o
LOAD /tmp/ccXXoX63.debug.temp.o
LOAD /tmp/ccejSe8p.debug.temp.o
LOAD /tmp/ccfxXf94.debug.temp.o
LOAD /tmp/ccW07NoN.debug.temp.o
LOAD /tmp/ccxzB7dd.debug.temp.o
LOAD /tmp/cc9mMb8c.debug.temp.o
LOAD /tmp/ccrPUwzY.debug.temp.o
LOAD /tmp/ccROsy9t.debug.temp.o
LOAD /tmp/ccNakkJR.debug.temp.o
LOAD /tmp/cc2P6zwT.debug.temp.o
LOAD /tmp/ccmbWMtM.debug.temp.o
LOAD /tmp/cc3qoun2.debug.temp.o
LOAD /tmp/ccIasqdA.debug.temp.o
LOAD /tmp/cc32qY5c.debug.temp.o
LOAD /tmp/ccQJbTrb.debug.temp.o
LOAD /tmp/ccjUA4Fz.debug.temp.o
LOAD /tmp/ccb5vT8w.debug.temp.o
LOAD /tmp/cc4GQVDs.debug.temp.o
LOAD /tmp/ccY3CCnc.debug.temp.o
LOAD /tmp/ccQPXovO.debug.temp.o
LOAD /tmp/ccxS30N1.debug.temp.o
LOAD /tmp/ccqsxcYE.debug.temp.o
LOAD /tmp/ccmFiKbi.debug.temp.o
LOAD /tmp/ccyZl0t3.debug.temp.o
LOAD /tmp/ccWiafmz.debug.temp.o
LOAD /tmp/ccNIzsOD.debug.temp.o
LOAD /tmp/cc2S48uR.debug.temp.o
LOAD /tmp/cci5E3On.debug.temp.o
LOAD /tmp/cc8xE6kb.debug.temp.o
LOAD /tmp/ccPy9CIg.debug.temp.o
LOAD /tmp/ccNnEArJ.debug.temp.o
LOAD /tmp/ccIRVmxi.debug.temp.o
LOAD /tmp/ccBNUDkP.debug.temp.o
LOAD /tmp/ccErPrGi.debug.temp.o
LOAD /tmp/ccztPGmG.debug.temp.o
LOAD /tmp/ccAPwAeM.debug.temp.o
LOAD /tmp/ccRcRUOT.debug.temp.o
LOAD /tmp/cc2fQ8Sv.debug.temp.o
LOAD /tmp/ccdK1tnu.debug.temp.o
LOAD /tmp/cco06Mw5.debug.temp.o
LOAD /tmp/ccrOvigg.debug.temp.o
LOAD /tmp/ccDocq4E.debug.temp.o
LOAD /tmp/cc3vxedN.debug.temp.o
LOAD /tmp/ccI2qjtk.debug.temp.o
LOAD /tmp/cc9OUTwr.debug.temp.o
LOAD /tmp/ccf4N9JJ.debug.temp.o
LOAD /tmp/ccZI35aF.debug.temp.o
LOAD /tmp/ccbDpIql.debug.temp.o
LOAD /tmp/ccVHYv2f.debug.temp.o
LOAD /tmp/cc2WnyH5.debug.temp.o
LOAD /tmp/ccfWVhNy.debug.temp.o
LOAD /tmp/cc6mHpIQ.debug.temp.o
LOAD /tmp/ccDYIvkP.debug.temp.o
LOAD /tmp/ccWv6YhB.debug.temp.o
LOAD /tmp/ccSdwpU4.debug.temp.o
LOAD /tmp/ccUmWmUD.debug.temp.o
LOAD /tmp/ccpZfNaX.debug.temp.o
LOAD /tmp/cc8BL57X.debug.temp.o
LOAD /tmp/cc2QPpIW.debug.temp.o
LOAD /tmp/cchpthzo.debug.temp.o
LOAD /tmp/ccOrCRmr.debug.temp.o
LOAD /tmp/ccUYb9wM.debug.temp.o
LOAD /tmp/ccZzAhcs.debug.temp.o
LOAD /tmp/ccej04vh.debug.temp.o
LOAD /tmp/ccuKX6zg.debug.temp.o
LOAD /tmp/ccQoDUqL.debug.temp.o
LOAD /tmp/ccrxou1N.debug.temp.o
LOAD /tmp/ccDks4dC.debug.temp.o
LOAD /tmp/ccFbNcX9.debug.temp.o
LOAD /tmp/ccLi3THW.debug.temp.o
LOAD /tmp/ccTSPzNw.debug.temp.o
LOAD /tmp/ccBDcok3.debug.temp.o
LOAD /tmp/ccU2kNzB.debug.temp.o
LOAD /tmp/cc8pY5YQ.debug.temp.o
LOAD /tmp/ccKA9Yy7.debug.temp.o
LOAD /tmp/ccXEEcCh.debug.temp.o
LOAD /tmp/cc4GA0p4.debug.temp.o
LOAD /tmp/cceJ2nMo.debug.temp.o
LOAD /tmp/ccYMMKIe.debug.temp.o
LOAD /tmp/cc7bu7Mj.debug.temp.o
LOAD /tmp/ccJ5bAll.debug.temp.o
LOAD /tmp/ccjJDfnk.debug.temp.o
LOAD /tmp/ccwUgukx.debug.temp.o
LOAD /tmp/cc2IxAbM.debug.temp.o
LOAD /tmp/ccUWF1Z8.debug.temp.o
LOAD /tmp/cc5rmgI7.debug.temp.o
LOAD /tmp/ccN99IbH.debug.temp.o
LOAD /tmp/ccjN7CzH.debug.temp.o
LOAD /tmp/cclLTipH.debug.temp.o
LOAD /tmp/ccsI5af0.debug.temp.o
LOAD /tmp/ccclLy9m.debug.temp.o
LOAD /tmp/ccDbdXr6.debug.temp.o
LOAD /tmp/ccNxMN0B.debug.temp.o
LOAD /tmp/ccYN01AK.debug.temp.o
LOAD /tmp/cc0xGpjN.debug.temp.o
LOAD /tmp/cc1jvW0L.debug.temp.o
LOAD /tmp/ccAtQyrK.debug.temp.o
LOAD /tmp/ccTH8BG7.debug.temp.o
LOAD /tmp/ccJ0XWYi.debug.temp.o
LOAD /tmp/cchww1je.debug.temp.o
LOAD /tmp/cc0ybxwl.debug.temp.o
LOAD /tmp/ccpRF1Lh.debug.temp.o
LOAD /tmp/ccgqQTI5.debug.temp.o
LOAD /tmp/cc0VEU6m.debug.temp.o
LOAD /tmp/ccVGtwu2.debug.temp.o
LOAD /tmp/ccA7xV0C.debug.temp.o
LOAD /tmp/ccTmfxPE.debug.temp.o
LOAD /tmp/ccJEa53m.debug.temp.o
LOAD /tmp/ccCquD7X.debug.temp.o
LOAD /tmp/ccvmbiTo.debug.temp.o
LOAD /tmp/ccawuiVX.debug.temp.o
LOAD /tmp/ccb80ocE.debug.temp.o
LOAD /tmp/ccXpSpi9.debug.temp.o
LOAD /tmp/ccg9vPzH.debug.temp.o
LOAD /tmp/cctrQEfk.debug.temp.o
LOAD /tmp/ccY4BNel.debug.temp.o
LOAD /tmp/ccwYRfXO.debug.temp.o
LOAD /tmp/ccyLv9L7.debug.temp.o
LOAD /tmp/cc5WN9bv.debug.temp.o
LOAD /tmp/ccobqvRx.debug.temp.o
LOAD /tmp/ccZpTBDA.debug.temp.o
LOAD /tmp/cc0oEye2.debug.temp.o
LOAD /tmp/ccDWRGia.debug.temp.o
LOAD /tmp/ccGW6y8U.debug.temp.o
LOAD /tmp/cchJXZTV.debug.temp.o
LOAD /tmp/ccgur4WX.debug.temp.o
LOAD /tmp/ccvzhJ15.debug.temp.o
LOAD /tmp/cc0nGUUL.debug.temp.o
LOAD /tmp/ccMRlIEa.debug.temp.o
LOAD /tmp/cclBwECr.debug.temp.o
LOAD /tmp/ccq1N2pK.debug.temp.o
LOAD /tmp/ccsyhNGP.debug.temp.o
LOAD /tmp/cceyXrqB.debug.temp.o
LOAD /tmp/ccW9kGWA.debug.temp.o
LOAD /tmp/ccaz1Zx6.debug.temp.o
LOAD /tmp/cc129TUk.debug.temp.o
LOAD /tmp/ccCtnQzA.debug.temp.o
LOAD /tmp/ccz4ulbW.debug.temp.o
LOAD /tmp/ccVxJVMw.debug.temp.o
LOAD /tmp/ccKKZ8XO.debug.temp.o
LOAD /tmp/ccpWpYLN.debug.temp.o
LOAD /tmp/ccODEPXM.debug.temp.o
LOAD /tmp/cccGaXkY.debug.temp.o
LOAD /tmp/ccwAGvTD.debug.temp.o
LOAD /tmp/cczhZYp6.debug.temp.o
LOAD /tmp/ccsWlELt.debug.temp.o
LOAD /tmp/ccpfz3no.debug.temp.o
LOAD /tmp/ccUMkeH8.debug.temp.o
LOAD /tmp/ccghDcb8.debug.temp.o
LOAD /tmp/ccbOt1K3.debug.temp.o
LOAD /tmp/cc8m9rKU.debug.temp.o
LOAD /tmp/cc05caSz.debug.temp.o
LOAD /tmp/cc2bkUFI.debug.temp.o
LOAD /tmp/ccnEGNvA.debug.temp.o
LOAD /tmp/cc8ASCb8.debug.temp.o
LOAD /tmp/cc3cB6Ur.debug.temp.o
LOAD /tmp/ccvd0xTb.debug.temp.o
LOAD /tmp/cccHSlC5.debug.temp.o
LOAD /tmp/ccoKaY42.debug.temp.o
LOAD /tmp/cc6obAs5.debug.temp.o
LOAD /tmp/ccv4YX5v.debug.temp.o
LOAD /tmp/cc7j7AJz.debug.temp.o
LOAD /tmp/ccUr3GyP.debug.temp.o
LOAD /tmp/ccFjj2QM.debug.temp.o
LOAD /tmp/cc3V9zXe.debug.temp.o
LOAD /tmp/ccSFeYL6.debug.temp.o
LOAD /tmp/cclXn22A.debug.temp.o
LOAD /tmp/ccKjCVfQ.debug.temp.o
LOAD /tmp/ccgzHZwS.debug.temp.o
LOAD /tmp/cclPzJ8C.debug.temp.o
LOAD /tmp/cchUiCKQ.debug.temp.o
LOAD /tmp/ccyMwGZr.debug.temp.o
LOAD /tmp/ccBp2ict.debug.temp.o
LOAD /tmp/ccukIRJe.debug.temp.o
LOAD /tmp/ccPQRQAM.debug.temp.o
LOAD /tmp/ccTgfSpc.debug.temp.o
LOAD /tmp/cc6fVoFk.debug.temp.o
LOAD /tmp/cczSxCT5.debug.temp.o
LOAD /tmp/ccSSji8g.debug.temp.o
LOAD /tmp/ccShNPg6.debug.temp.o
LOAD /tmp/ccJ9k5DS.debug.temp.o
LOAD /tmp/ccwdcZAt.debug.temp.o
LOAD /tmp/cc9kGI2b.debug.temp.o
LOAD /tmp/ccyJZKsA.debug.temp.o
LOAD /tmp/ccAv7G3c.debug.temp.o
LOAD /tmp/cc2OftC4.debug.temp.o
LOAD /tmp/ccwORlQs.debug.temp.o
LOAD /tmp/ccD1ARqS.debug.temp.o
LOAD /tmp/ccjc7Upy.debug.temp.o
LOAD /tmp/ccEx6RnV.debug.temp.o
LOAD /tmp/ccc5ukBa.debug.temp.o
LOAD /tmp/ccCxDePR.debug.temp.o
LOAD /tmp/ccQloOaE.debug.temp.o
LOAD /tmp/ccou4XvF.debug.temp.o
LOAD /tmp/ccfjHvht.debug.temp.o
LOAD /tmp/ccqKpzo6.debug.temp.o
LOAD /tmp/cczxp7Mk.debug.temp.o
LOAD /tmp/ccA5K9L9.debug.temp.o
LOAD /tmp/ccBvXsvP.debug.temp.o
LOAD /tmp/cct0zHSu.debug.temp.o
LOAD /tmp/cc7YiMIW.debug.temp.o
LOAD /tmp/ccspQmxs.debug.temp.o
LOAD /tmp/cczq5Wl9.debug.temp.o
LOAD /tmp/ccPKU2tE.debug.temp.o
LOAD /tmp/cc7z0ATd.debug.temp.o
LOAD /tmp/cc78ciAW.debug.temp.o
LOAD /tmp/ccmnYe9v.debug.temp.o
LOAD /tmp/cceIXTHC.debug.temp.o
LOAD /tmp/ccQxx06M.debug.temp.o
LOAD /tmp/ccCLJOgT.debug.temp.o
LOAD /tmp/ccvtgPFi.debug.temp.o
LOAD /tmp/cclvr7lL.debug.temp.o
LOAD /tmp/cc0FaIxL.debug.temp.o
LOAD /tmp/ccOv9hbv.debug.temp.o
LOAD /tmp/ccERvrRr.debug.temp.o
LOAD /tmp/ccTtPF5P.debug.temp.o
LOAD /tmp/ccQ5yh1m.debug.temp.o
LOAD /tmp/ccGzwHzn.debug.temp.o
LOAD /tmp/ccIOkZHl.debug.temp.o
LOAD /tmp/ccPAbEZz.debug.temp.o
LOAD /tmp/ccmejh5D.debug.temp.o
LOAD /tmp/ccXvrg1d.debug.temp.o
LOAD /tmp/ccvWunNv.debug.temp.o
LOAD /tmp/ccc4sZ01.debug.temp.o
LOAD /tmp/ccE8nXRr.debug.temp.o
LOAD /tmp/ccgH9jGG.debug.temp.o
LOAD /tmp/ccyBTZSz.debug.temp.o
LOAD /tmp/ccSsbWX1.debug.temp.o
LOAD /tmp/cctihcxc.debug.temp.o
LOAD /tmp/ccPlhl2E.debug.temp.o
LOAD CMakeFiles/slc.dir/base/opt/silabs/sdks/simplicity_sdk_2026.6.1/bootloader/platform/bootloader/api/btl_interface_storage.c.obj
LOAD CMakeFiles/slc.dir/base/opt/silabs/sdks/simplicity_sdk_2026.6.1/bootloader/platform/bootloader/app_properties/app_properties.c.obj
LOAD CMakeFiles/slc.dir/base/opt/silabs/sdks/simplicity_sdk_2026.6.1/bootloader/platform/bootloader/core/flash/btl_internal_flash.c.obj
LOAD CMakeFiles/slc.dir/base/opt/silabs/sdks/simplicity_sdk_2026.6.1/bootloader/platform/bootloader/core/smp_switch/btl_smp_switch_flash_api.c.obj
LOAD CMakeFiles/slc.dir/base/opt/silabs/sdks/simplicity_sdk_2026.6.1/bootloader/platform/bootloader/storage/internal_flash/btl_storage_internal_flash_raw.c.obj
LOAD CMakeFiles/slc.dir/base/opt/silabs/sdks/simplicity_sdk_2026.6.1/common_15_4/plugin/security_manager/security_manager.c.obj
LOAD CMakeFiles/slc.dir/base/opt/silabs/sdks/simplicity_sdk_2026.6.1/cpc/src/sl_cpc.c.obj
LOAD CMakeFiles/slc.dir/base/opt/silabs/sdks/simplicity_sdk_2026.6.1/cpc/src/sl_cpc_crc.c.obj
LOAD CMakeFiles/slc.dir/base/opt/silabs/sdks/simplicity_sdk_2026.6.1/cpc/src/sl_cpc_dispatcher.c.obj
LOAD CMakeFiles/slc.dir/base/opt/silabs/sdks/simplicity_sdk_2026.6.1/cpc/src/sl_cpc_drv_uart.c.obj
LOAD CMakeFiles/slc.dir/base/opt/silabs/sdks/simplicity_sdk_2026.6.1/cpc/src/sl_cpc_hdlc.c.obj
LOAD CMakeFiles/slc.dir/base/opt/silabs/sdks/simplicity_sdk_2026.6.1/cpc/src/sl_cpc_instance.c.obj
LOAD CMakeFiles/slc.dir/base/opt/silabs/sdks/simplicity_sdk_2026.6.1/cpc/src/sl_cpc_memory.c.obj
LOAD CMakeFiles/slc.dir/base/opt/silabs/sdks/simplicity_sdk_2026.6.1/cpc/src/sl_cpc_security.c.obj
LOAD CMakeFiles/slc.dir/base/opt/silabs/sdks/simplicity_sdk_2026.6.1/cpc/src/sl_cpc_system_secondary.c.obj
LOAD CMakeFiles/slc.dir/base/opt/silabs/sdks/simplicity_sdk_2026.6.1/cpc/src/sl_cpc_system_secondary_efr.c.obj
LOAD CMakeFiles/slc.dir/base/opt/silabs/sdks/simplicity_sdk_2026.6.1/cpc/src/sli_cpc_assert.c.obj
LOAD CMakeFiles/slc.dir/base/opt/silabs/sdks/simplicity_sdk_2026.6.1/mbedtls/library/aes.c.obj
LOAD CMakeFiles/slc.dir/base/opt/silabs/sdks/simplicity_sdk_2026.6.1/mbedtls/library/asn1parse.c.obj
LOAD CMakeFiles/slc.dir/base/opt/silabs/sdks/simplicity_sdk_2026.6.1/mbedtls/library/asn1write.c.obj
LOAD CMakeFiles/slc.dir/base/opt/silabs/sdks/simplicity_sdk_2026.6.1/mbedtls/library/base64.c.obj
LOAD CMakeFiles/slc.dir/base/opt/silabs/sdks/simplicity_sdk_2026.6.1/mbedtls/library/bignum.c.obj
LOAD CMakeFiles/slc.dir/base/opt/silabs/sdks/simplicity_sdk_2026.6.1/mbedtls/library/bignum_core.c.obj
LOAD CMakeFiles/slc.dir/base/opt/silabs/sdks/simplicity_sdk_2026.6.1/mbedtls/library/bignum_mod.c.obj
LOAD CMakeFiles/slc.dir/base/opt/silabs/sdks/simplicity_sdk_2026.6.1/mbedtls/library/bignum_mod_raw.c.obj
LOAD CMakeFiles/slc.dir/base/opt/silabs/sdks/simplicity_sdk_2026.6.1/mbedtls/library/block_cipher.c.obj
LOAD CMakeFiles/slc.dir/base/opt/silabs/sdks/simplicity_sdk_2026.6.1/mbedtls/library/ccm.c.obj
LOAD CMakeFiles/slc.dir/base/opt/silabs/sdks/simplicity_sdk_2026.6.1/mbedtls/library/cipher.c.obj
LOAD CMakeFiles/slc.dir/base/opt/silabs/sdks/simplicity_sdk_2026.6.1/mbedtls/library/cipher_wrap.c.obj
LOAD CMakeFiles/slc.dir/base/opt/silabs/sdks/simplicity_sdk_2026.6.1/mbedtls/library/cmac.c.obj
LOAD CMakeFiles/slc.dir/base/opt/silabs/sdks/simplicity_sdk_2026.6.1/mbedtls/library/constant_time.c.obj
LOAD CMakeFiles/slc.dir/base/opt/silabs/sdks/simplicity_sdk_2026.6.1/mbedtls/library/ctr_drbg.c.obj
LOAD CMakeFiles/slc.dir/base/opt/silabs/sdks/simplicity_sdk_2026.6.1/mbedtls/library/ecdh.c.obj
LOAD CMakeFiles/slc.dir/base/opt/silabs/sdks/simplicity_sdk_2026.6.1/mbedtls/library/ecdsa.c.obj
LOAD CMakeFiles/slc.dir/base/opt/silabs/sdks/simplicity_sdk_2026.6.1/mbedtls/library/ecjpake.c.obj
LOAD CMakeFiles/slc.dir/base/opt/silabs/sdks/simplicity_sdk_2026.6.1/mbedtls/library/ecp.c.obj
LOAD CMakeFiles/slc.dir/base/opt/silabs/sdks/simplicity_sdk_2026.6.1/mbedtls/library/ecp_curves.c.obj
LOAD CMakeFiles/slc.dir/base/opt/silabs/sdks/simplicity_sdk_2026.6.1/mbedtls/library/ecp_curves_new.c.obj
LOAD CMakeFiles/slc.dir/base/opt/silabs/sdks/simplicity_sdk_2026.6.1/mbedtls/library/entropy.c.obj
LOAD CMakeFiles/slc.dir/base/opt/silabs/sdks/simplicity_sdk_2026.6.1/mbedtls/library/entropy_poll.c.obj
LOAD CMakeFiles/slc.dir/base/opt/silabs/sdks/simplicity_sdk_2026.6.1/mbedtls/library/hmac_drbg.c.obj
LOAD CMakeFiles/slc.dir/base/opt/silabs/sdks/simplicity_sdk_2026.6.1/mbedtls/library/md.c.obj
LOAD CMakeFiles/slc.dir/base/opt/silabs/sdks/simplicity_sdk_2026.6.1/mbedtls/library/memory_buffer_alloc.c.obj
LOAD CMakeFiles/slc.dir/base/opt/silabs/sdks/simplicity_sdk_2026.6.1/mbedtls/library/oid.c.obj
LOAD CMakeFiles/slc.dir/base/opt/silabs/sdks/simplicity_sdk_2026.6.1/mbedtls/library/pem.c.obj
LOAD CMakeFiles/slc.dir/base/opt/silabs/sdks/simplicity_sdk_2026.6.1/mbedtls/library/pk.c.obj
LOAD CMakeFiles/slc.dir/base/opt/silabs/sdks/simplicity_sdk_2026.6.1/mbedtls/library/pk_ecc.c.obj
LOAD CMakeFiles/slc.dir/base/opt/silabs/sdks/simplicity_sdk_2026.6.1/mbedtls/library/pk_wrap.c.obj
LOAD CMakeFiles/slc.dir/base/opt/silabs/sdks/simplicity_sdk_2026.6.1/mbedtls/library/pkparse.c.obj
LOAD CMakeFiles/slc.dir/base/opt/silabs/sdks/simplicity_sdk_2026.6.1/mbedtls/library/pkwrite.c.obj
LOAD CMakeFiles/slc.dir/base/opt/silabs/sdks/simplicity_sdk_2026.6.1/mbedtls/library/platform.c.obj
LOAD CMakeFiles/slc.dir/base/opt/silabs/sdks/simplicity_sdk_2026.6.1/mbedtls/library/platform_util.c.obj
LOAD CMakeFiles/slc.dir/base/opt/silabs/sdks/simplicity_sdk_2026.6.1/mbedtls/library/psa_crypto.c.obj
LOAD CMakeFiles/slc.dir/base/opt/silabs/sdks/simplicity_sdk_2026.6.1/mbedtls/library/psa_crypto_aead.c.obj
LOAD CMakeFiles/slc.dir/base/opt/silabs/sdks/simplicity_sdk_2026.6.1/mbedtls/library/psa_crypto_cipher.c.obj
LOAD CMakeFiles/slc.dir/base/opt/silabs/sdks/simplicity_sdk_2026.6.1/mbedtls/library/psa_crypto_client.c.obj
LOAD CMakeFiles/slc.dir/base/opt/silabs/sdks/simplicity_sdk_2026.6.1/mbedtls/library/psa_crypto_driver_wrappers_no_static.c.obj
LOAD CMakeFiles/slc.dir/base/opt/silabs/sdks/simplicity_sdk_2026.6.1/mbedtls/library/psa_crypto_ecp.c.obj
LOAD CMakeFiles/slc.dir/base/opt/silabs/sdks/simplicity_sdk_2026.6.1/mbedtls/library/psa_crypto_ffdh.c.obj
LOAD CMakeFiles/slc.dir/base/opt/silabs/sdks/simplicity_sdk_2026.6.1/mbedtls/library/psa_crypto_hash.c.obj
LOAD CMakeFiles/slc.dir/base/opt/silabs/sdks/simplicity_sdk_2026.6.1/mbedtls/library/psa_crypto_mac.c.obj
LOAD CMakeFiles/slc.dir/base/opt/silabs/sdks/simplicity_sdk_2026.6.1/mbedtls/library/psa_crypto_pake.c.obj
LOAD CMakeFiles/slc.dir/base/opt/silabs/sdks/simplicity_sdk_2026.6.1/mbedtls/library/psa_crypto_rsa.c.obj
LOAD CMakeFiles/slc.dir/base/opt/silabs/sdks/simplicity_sdk_2026.6.1/mbedtls/library/psa_crypto_se.c.obj
LOAD CMakeFiles/slc.dir/base/opt/silabs/sdks/simplicity_sdk_2026.6.1/mbedtls/library/psa_crypto_slot_management.c.obj
LOAD CMakeFiles/slc.dir/base/opt/silabs/sdks/simplicity_sdk_2026.6.1/mbedtls/library/psa_crypto_storage.c.obj
LOAD CMakeFiles/slc.dir/base/opt/silabs/sdks/simplicity_sdk_2026.6.1/mbedtls/library/psa_util.c.obj
LOAD CMakeFiles/slc.dir/base/opt/silabs/sdks/simplicity_sdk_2026.6.1/mbedtls/library/sha256.c.obj
LOAD CMakeFiles/slc.dir/base/opt/silabs/sdks/simplicity_sdk_2026.6.1/mbedtls/library/sha3.c.obj
LOAD CMakeFiles/slc.dir/base/opt/silabs/sdks/simplicity_sdk_2026.6.1/mbedtls/library/ssl_cache.c.obj
LOAD CMakeFiles/slc.dir/base/opt/silabs/sdks/simplicity_sdk_2026.6.1/mbedtls/library/ssl_ciphersuites.c.obj
LOAD CMakeFiles/slc.dir/base/opt/silabs/sdks/simplicity_sdk_2026.6.1/mbedtls/library/ssl_client.c.obj
LOAD CMakeFiles/slc.dir/base/opt/silabs/sdks/simplicity_sdk_2026.6.1/mbedtls/library/ssl_cookie.c.obj
LOAD CMakeFiles/slc.dir/base/opt/silabs/sdks/simplicity_sdk_2026.6.1/mbedtls/library/ssl_debug_helpers_generated.c.obj
LOAD CMakeFiles/slc.dir/base/opt/silabs/sdks/simplicity_sdk_2026.6.1/mbedtls/library/ssl_msg.c.obj
LOAD CMakeFiles/slc.dir/base/opt/silabs/sdks/simplicity_sdk_2026.6.1/mbedtls/library/ssl_ticket.c.obj
LOAD CMakeFiles/slc.dir/base/opt/silabs/sdks/simplicity_sdk_2026.6.1/mbedtls/library/ssl_tls.c.obj
LOAD CMakeFiles/slc.dir/base/opt/silabs/sdks/simplicity_sdk_2026.6.1/mbedtls/library/ssl_tls12_client.c.obj
LOAD CMakeFiles/slc.dir/base/opt/silabs/sdks/simplicity_sdk_2026.6.1/mbedtls/library/ssl_tls12_server.c.obj
LOAD CMakeFiles/slc.dir/base/opt/silabs/sdks/simplicity_sdk_2026.6.1/mbedtls/library/ssl_tls13_client.c.obj
LOAD CMakeFiles/slc.dir/base/opt/silabs/sdks/simplicity_sdk_2026.6.1/mbedtls/library/ssl_tls13_generic.c.obj
LOAD CMakeFiles/slc.dir/base/opt/silabs/sdks/simplicity_sdk_2026.6.1/mbedtls/library/ssl_tls13_keys.c.obj
LOAD CMakeFiles/slc.dir/base/opt/silabs/sdks/simplicity_sdk_2026.6.1/mbedtls/library/ssl_tls13_server.c.obj
LOAD CMakeFiles/slc.dir/base/opt/silabs/sdks/simplicity_sdk_2026.6.1/mbedtls/library/threading.c.obj
LOAD CMakeFiles/slc.dir/base/opt/silabs/sdks/simplicity_sdk_2026.6.1/mbedtls/library/x509.c.obj
LOAD CMakeFiles/slc.dir/base/opt/silabs/sdks/simplicity_sdk_2026.6.1/mbedtls/library/x509_create.c.obj
LOAD CMakeFiles/slc.dir/base/opt/silabs/sdks/simplicity_sdk_2026.6.1/mbedtls/library/x509_crl.c.obj
LOAD CMakeFiles/slc.dir/base/opt/silabs/sdks/simplicity_sdk_2026.6.1/mbedtls/library/x509_crt.c.obj
LOAD CMakeFiles/slc.dir/base/opt/silabs/sdks/simplicity_sdk_2026.6.1/mbedtls/library/x509_csr.c.obj
LOAD CMakeFiles/slc.dir/base/opt/silabs/sdks/simplicity_sdk_2026.6.1/mbedtls/library/x509write.c.obj
LOAD CMakeFiles/slc.dir/base/opt/silabs/sdks/simplicity_sdk_2026.6.1/mbedtls/library/x509write_crt.c.obj
LOAD CMakeFiles/slc.dir/base/opt/silabs/sdks/simplicity_sdk_2026.6.1/mbedtls/library/x509write_csr.c.obj
LOAD CMakeFiles/slc.dir/base/opt/silabs/sdks/simplicity_sdk_2026.6.1/openthread/platform-abstraction/efr32/alarm.c.obj
LOAD CMakeFiles/slc.dir/base/opt/silabs/sdks/simplicity_sdk_2026.6.1/openthread/platform-abstraction/efr32/crypto.c.obj
LOAD CMakeFiles/slc.dir/base/opt/silabs/sdks/simplicity_sdk_2026.6.1/openthread/platform-abstraction/efr32/diag.c.obj
LOAD CMakeFiles/slc.dir/base/opt/silabs/sdks/simplicity_sdk_2026.6.1/openthread/platform-abstraction/efr32/entropy.c.obj
LOAD CMakeFiles/slc.dir/base/opt/silabs/sdks/simplicity_sdk_2026.6.1/openthread/platform-abstraction/efr32/ieee802154-packet-utils.cpp.obj
LOAD CMakeFiles/slc.dir/base/opt/silabs/sdks/simplicity_sdk_2026.6.1/openthread/platform-abstraction/efr32/memory.c.obj
LOAD CMakeFiles/slc.dir/base/opt/silabs/sdks/simplicity_sdk_2026.6.1/openthread/platform-abstraction/efr32/misc.c.obj
LOAD CMakeFiles/slc.dir/base/opt/silabs/sdks/simplicity_sdk_2026.6.1/openthread/platform-abstraction/efr32/radio.cpp.obj
LOAD CMakeFiles/slc.dir/base/opt/silabs/sdks/simplicity_sdk_2026.6.1/openthread/platform-abstraction/efr32/radio_channel_switching.cpp.obj
LOAD CMakeFiles/slc.dir/base/opt/silabs/sdks/simplicity_sdk_2026.6.1/openthread/platform-abstraction/efr32/radio_coex.c.obj
LOAD CMakeFiles/slc.dir/base/opt/silabs/sdks/simplicity_sdk_2026.6.1/openthread/platform-abstraction/efr32/radio_csl.cpp.obj
LOAD CMakeFiles/slc.dir/base/opt/silabs/sdks/simplicity_sdk_2026.6.1/openthread/platform-abstraction/efr32/radio_energy_scan.cpp.obj
LOAD CMakeFiles/slc.dir/base/opt/silabs/sdks/simplicity_sdk_2026.6.1/openthread/platform-abstraction/efr32/radio_extension.c.obj
LOAD CMakeFiles/slc.dir/base/opt/silabs/sdks/simplicity_sdk_2026.6.1/openthread/platform-abstraction/efr32/radio_instance.cpp.obj
LOAD CMakeFiles/slc.dir/base/opt/silabs/sdks/simplicity_sdk_2026.6.1/openthread/platform-abstraction/efr32/radio_interface.cpp.obj
LOAD CMakeFiles/slc.dir/base/opt/silabs/sdks/simplicity_sdk_2026.6.1/openthread/platform-abstraction/efr32/radio_power_manager.cpp.obj
LOAD CMakeFiles/slc.dir/base/opt/silabs/sdks/simplicity_sdk_2026.6.1/openthread/platform-abstraction/efr32/radio_security.cpp.obj
LOAD CMakeFiles/slc.dir/base/opt/silabs/sdks/simplicity_sdk_2026.6.1/openthread/platform-abstraction/efr32/settings.cpp.obj
LOAD CMakeFiles/slc.dir/base/opt/silabs/sdks/simplicity_sdk_2026.6.1/openthread/platform-abstraction/efr32/sl_gp_interface.c.obj
LOAD CMakeFiles/slc.dir/base/opt/silabs/sdks/simplicity_sdk_2026.6.1/openthread/platform-abstraction/efr32/soft_source_match_table.c.obj
LOAD CMakeFiles/slc.dir/base/opt/silabs/sdks/simplicity_sdk_2026.6.1/openthread/platform-abstraction/efr32/startup-gcc.c.obj
LOAD CMakeFiles/slc.dir/base/opt/silabs/sdks/simplicity_sdk_2026.6.1/openthread/platform-abstraction/efr32/system.c.obj
LOAD CMakeFiles/slc.dir/base/opt/silabs/sdks/simplicity_sdk_2026.6.1/openthread/platform-abstraction/ncp/ncp_coex.cpp.obj
LOAD CMakeFiles/slc.dir/base/opt/silabs/sdks/simplicity_sdk_2026.6.1/openthread/platform-abstraction/ncp/ncp_cpc.cpp.obj
LOAD CMakeFiles/slc.dir/base/opt/silabs/sdks/simplicity_sdk_2026.6.1/openthread/platform-abstraction/ncp/ncp_dispatcher.cpp.obj
LOAD CMakeFiles/slc.dir/base/opt/silabs/sdks/simplicity_sdk_2026.6.1/openthread/platform-abstraction/ncp/ncp_init.cpp.obj
LOAD CMakeFiles/slc.dir/base/opt/silabs/sdks/simplicity_sdk_2026.6.1/openthread/platform/service/legacy_hal/src/faults.s.obj
LOAD CMakeFiles/slc.dir/base/opt/silabs/sdks/simplicity_sdk_2026.6.1/openthread/src/legacy_hal/crash_handler.c.obj
LOAD CMakeFiles/slc.dir/base/opt/silabs/sdks/simplicity_sdk_2026.6.1/openthread/src/legacy_hal/diagnostic.c.obj
LOAD CMakeFiles/slc.dir/base/opt/silabs/sdks/simplicity_sdk_2026.6.1/openthread_stack/util/third_party/openthread/examples/platforms/utils/debug_uart.c.obj
LOAD CMakeFiles/slc.dir/base/opt/silabs/sdks/simplicity_sdk_2026.6.1/openthread_stack/util/third_party/openthread/examples/platforms/utils/link_metrics.cpp.obj
LOAD CMakeFiles/slc.dir/base/opt/silabs/sdks/simplicity_sdk_2026.6.1/openthread_stack/util/third_party/openthread/examples/platforms/utils/mac_frame.cpp.obj
LOAD CMakeFiles/slc.dir/base/opt/silabs/sdks/simplicity_sdk_2026.6.1/openthread_stack/util/third_party/openthread/examples/platforms/utils/settings_ram.c.obj
LOAD CMakeFiles/slc.dir/base/opt/silabs/sdks/simplicity_sdk_2026.6.1/openthread_stack/util/third_party/openthread/examples/platforms/utils/uart_rtt.c.obj
LOAD CMakeFiles/slc.dir/base/opt/silabs/sdks/simplicity_sdk_2026.6.1/openthread_stack/util/third_party/openthread/src/core/api/diags_api.cpp.obj
LOAD CMakeFiles/slc.dir/base/opt/silabs/sdks/simplicity_sdk_2026.6.1/openthread_stack/util/third_party/openthread/src/core/api/error_api.cpp.obj
LOAD CMakeFiles/slc.dir/base/opt/silabs/sdks/simplicity_sdk_2026.6.1/openthread_stack/util/third_party/openthread/src/core/api/instance_api.cpp.obj
LOAD CMakeFiles/slc.dir/base/opt/silabs/sdks/simplicity_sdk_2026.6.1/openthread_stack/util/third_party/openthread/src/core/api/link_raw_api.cpp.obj
LOAD CMakeFiles/slc.dir/base/opt/silabs/sdks/simplicity_sdk_2026.6.1/openthread_stack/util/third_party/openthread/src/core/api/logging_api.cpp.obj
LOAD CMakeFiles/slc.dir/base/opt/silabs/sdks/simplicity_sdk_2026.6.1/openthread_stack/util/third_party/openthread/src/core/api/random_noncrypto_api.cpp.obj
LOAD CMakeFiles/slc.dir/base/opt/silabs/sdks/simplicity_sdk_2026.6.1/openthread_stack/util/third_party/openthread/src/core/api/tasklet_api.cpp.obj
LOAD CMakeFiles/slc.dir/base/opt/silabs/sdks/simplicity_sdk_2026.6.1/openthread_stack/util/third_party/openthread/src/core/common/binary_search.cpp.obj
LOAD CMakeFiles/slc.dir/base/opt/silabs/sdks/simplicity_sdk_2026.6.1/openthread_stack/util/third_party/openthread/src/core/common/error.cpp.obj
LOAD CMakeFiles/slc.dir/base/opt/silabs/sdks/simplicity_sdk_2026.6.1/openthread_stack/util/third_party/openthread/src/core/common/frame_builder.cpp.obj
LOAD CMakeFiles/slc.dir/base/opt/silabs/sdks/simplicity_sdk_2026.6.1/openthread_stack/util/third_party/openthread/src/core/common/log.cpp.obj
LOAD CMakeFiles/slc.dir/base/opt/silabs/sdks/simplicity_sdk_2026.6.1/openthread_stack/util/third_party/openthread/src/core/common/random.cpp.obj
LOAD CMakeFiles/slc.dir/base/opt/silabs/sdks/simplicity_sdk_2026.6.1/openthread_stack/util/third_party/openthread/src/core/common/string.cpp.obj
LOAD CMakeFiles/slc.dir/base/opt/silabs/sdks/simplicity_sdk_2026.6.1/openthread_stack/util/third_party/openthread/src/core/common/tasklet.cpp.obj
LOAD CMakeFiles/slc.dir/base/opt/silabs/sdks/simplicity_sdk_2026.6.1/openthread_stack/util/third_party/openthread/src/core/common/timer.cpp.obj
LOAD CMakeFiles/slc.dir/base/opt/silabs/sdks/simplicity_sdk_2026.6.1/openthread_stack/util/third_party/openthread/src/core/common/uptime.cpp.obj
LOAD CMakeFiles/slc.dir/base/opt/silabs/sdks/simplicity_sdk_2026.6.1/openthread_stack/util/third_party/openthread/src/core/crypto/aes_ccm.cpp.obj
LOAD CMakeFiles/slc.dir/base/opt/silabs/sdks/simplicity_sdk_2026.6.1/openthread_stack/util/third_party/openthread/src/core/crypto/aes_ecb.cpp.obj
LOAD CMakeFiles/slc.dir/base/opt/silabs/sdks/simplicity_sdk_2026.6.1/openthread_stack/util/third_party/openthread/src/core/crypto/crypto_platform_mbedtls.cpp.obj
LOAD CMakeFiles/slc.dir/base/opt/silabs/sdks/simplicity_sdk_2026.6.1/openthread_stack/util/third_party/openthread/src/core/crypto/crypto_platform_psa.cpp.obj
LOAD CMakeFiles/slc.dir/base/opt/silabs/sdks/simplicity_sdk_2026.6.1/openthread_stack/util/third_party/openthread/src/core/crypto/storage.cpp.obj
LOAD CMakeFiles/slc.dir/base/opt/silabs/sdks/simplicity_sdk_2026.6.1/openthread_stack/util/third_party/openthread/src/core/diags/factory_diags.cpp.obj
LOAD CMakeFiles/slc.dir/base/opt/silabs/sdks/simplicity_sdk_2026.6.1/openthread_stack/util/third_party/openthread/src/core/instance/instance.cpp.obj
LOAD CMakeFiles/slc.dir/base/opt/silabs/sdks/simplicity_sdk_2026.6.1/openthread_stack/util/third_party/openthread/src/core/mac/link_raw.cpp.obj
LOAD CMakeFiles/slc.dir/base/opt/silabs/sdks/simplicity_sdk_2026.6.1/openthread_stack/util/third_party/openthread/src/core/mac/mac_frame.cpp.obj
LOAD CMakeFiles/slc.dir/base/opt/silabs/sdks/simplicity_sdk_2026.6.1/openthread_stack/util/third_party/openthread/src/core/mac/mac_header_ie.cpp.obj
LOAD CMakeFiles/slc.dir/base/opt/silabs/sdks/simplicity_sdk_2026.6.1/openthread_stack/util/third_party/openthread/src/core/mac/mac_types.cpp.obj
LOAD CMakeFiles/slc.dir/base/opt/silabs/sdks/simplicity_sdk_2026.6.1/openthread_stack/util/third_party/openthread/src/core/mac/sub_mac.cpp.obj
LOAD CMakeFiles/slc.dir/base/opt/silabs/sdks/simplicity_sdk_2026.6.1/openthread_stack/util/third_party/openthread/src/core/mac/sub_mac_callbacks.cpp.obj
LOAD CMakeFiles/slc.dir/base/opt/silabs/sdks/simplicity_sdk_2026.6.1/openthread_stack/util/third_party/openthread/src/core/mac/sub_mac_csl_receiver.cpp.obj
LOAD CMakeFiles/slc.dir/base/opt/silabs/sdks/simplicity_sdk_2026.6.1/openthread_stack/util/third_party/openthread/src/core/radio/radio.cpp.obj
LOAD CMakeFiles/slc.dir/base/opt/silabs/sdks/simplicity_sdk_2026.6.1/openthread_stack/util/third_party/openthread/src/core/radio/radio_callbacks.cpp.obj
LOAD CMakeFiles/slc.dir/base/opt/silabs/sdks/simplicity_sdk_2026.6.1/openthread_stack/util/third_party/openthread/src/core/radio/radio_platform.cpp.obj
LOAD CMakeFiles/slc.dir/base/opt/silabs/sdks/simplicity_sdk_2026.6.1/openthread_stack/util/third_party/openthread/src/core/thread/link_quality.cpp.obj
LOAD CMakeFiles/slc.dir/base/opt/silabs/sdks/simplicity_sdk_2026.6.1/openthread_stack/util/third_party/openthread/src/core/utils/parse_cmdline.cpp.obj
LOAD CMakeFiles/slc.dir/base/opt/silabs/sdks/simplicity_sdk_2026.6.1/openthread_stack/util/third_party/openthread/src/core/utils/power_calibration.cpp.obj
LOAD CMakeFiles/slc.dir/base/opt/silabs/sdks/simplicity_sdk_2026.6.1/openthread_stack/util/third_party/openthread/src/lib/hdlc/hdlc.cpp.obj
LOAD CMakeFiles/slc.dir/base/opt/silabs/sdks/simplicity_sdk_2026.6.1/openthread_stack/util/third_party/openthread/src/lib/spinel/logger.cpp.obj
LOAD CMakeFiles/slc.dir/base/opt/silabs/sdks/simplicity_sdk_2026.6.1/openthread_stack/util/third_party/openthread/src/lib/spinel/radio_spinel.cpp.obj
LOAD CMakeFiles/slc.dir/base/opt/silabs/sdks/simplicity_sdk_2026.6.1/openthread_stack/util/third_party/openthread/src/lib/spinel/spinel.c.obj
LOAD CMakeFiles/slc.dir/base/opt/silabs/sdks/simplicity_sdk_2026.6.1/openthread_stack/util/third_party/openthread/src/lib/spinel/spinel_buffer.cpp.obj
LOAD CMakeFiles/slc.dir/base/opt/silabs/sdks/simplicity_sdk_2026.6.1/openthread_stack/util/third_party/openthread/src/lib/spinel/spinel_decoder.cpp.obj
LOAD CMakeFiles/slc.dir/base/opt/silabs/sdks/simplicity_sdk_2026.6.1/openthread_stack/util/third_party/openthread/src/lib/spinel/spinel_driver.cpp.obj
LOAD CMakeFiles/slc.dir/base/opt/silabs/sdks/simplicity_sdk_2026.6.1/openthread_stack/util/third_party/openthread/src/lib/spinel/spinel_encoder.cpp.obj
LOAD CMakeFiles/slc.dir/base/opt/silabs/sdks/simplicity_sdk_2026.6.1/openthread_stack/util/third_party/openthread/src/lib/spinel/spinel_helper.cpp.obj
LOAD CMakeFiles/slc.dir/base/opt/silabs/sdks/simplicity_sdk_2026.6.1/openthread_stack/util/third_party/openthread/src/lib/spinel/spinel_prop_codec.cpp.obj
LOAD CMakeFiles/slc.dir/base/opt/silabs/sdks/simplicity_sdk_2026.6.1/openthread_stack/util/third_party/openthread/src/ncp/changed_props_set.cpp.obj
LOAD CMakeFiles/slc.dir/base/opt/silabs/sdks/simplicity_sdk_2026.6.1/openthread_stack/util/third_party/openthread/src/ncp/multipan_platform.cpp.obj
LOAD CMakeFiles/slc.dir/base/opt/silabs/sdks/simplicity_sdk_2026.6.1/openthread_stack/util/third_party/openthread/src/ncp/ncp_base.cpp.obj
LOAD CMakeFiles/slc.dir/base/opt/silabs/sdks/simplicity_sdk_2026.6.1/openthread_stack/util/third_party/openthread/src/ncp/ncp_base_dispatcher.cpp.obj
LOAD CMakeFiles/slc.dir/base/opt/silabs/sdks/simplicity_sdk_2026.6.1/openthread_stack/util/third_party/openthread/src/ncp/ncp_base_ftd.cpp.obj
LOAD CMakeFiles/slc.dir/base/opt/silabs/sdks/simplicity_sdk_2026.6.1/openthread_stack/util/third_party/openthread/src/ncp/ncp_base_mtd.cpp.obj
LOAD CMakeFiles/slc.dir/base/opt/silabs/sdks/simplicity_sdk_2026.6.1/openthread_stack/util/third_party/openthread/src/ncp/ncp_base_radio.cpp.obj
LOAD CMakeFiles/slc.dir/base/opt/silabs/sdks/simplicity_sdk_2026.6.1/openthread_stack/util/third_party/openthread/src/ncp/ncp_hdlc.cpp.obj
LOAD CMakeFiles/slc.dir/base/opt/silabs/sdks/simplicity_sdk_2026.6.1/openthread_stack/util/third_party/openthread/src/ncp/ncp_spi.cpp.obj
LOAD CMakeFiles/slc.dir/base/opt/silabs/sdks/simplicity_sdk_2026.6.1/openthread_stack/util/third_party/openthread/src/ncp/platform/border_routing.cpp.obj
LOAD CMakeFiles/slc.dir/base/opt/silabs/sdks/simplicity_sdk_2026.6.1/openthread_stack/util/third_party/openthread/src/ncp/platform/dns.cpp.obj
LOAD CMakeFiles/slc.dir/base/opt/silabs/sdks/simplicity_sdk_2026.6.1/openthread_stack/util/third_party/openthread/src/ncp/platform/dnssd.cpp.obj
LOAD CMakeFiles/slc.dir/base/opt/silabs/sdks/simplicity_sdk_2026.6.1/openthread_stack/util/third_party/openthread/src/ncp/platform/infra_if.cpp.obj
LOAD CMakeFiles/slc.dir/base/opt/silabs/sdks/simplicity_sdk_2026.6.1/openthread_stack/util/third_party/openthread/src/ncp/platform/mdns_socket.cpp.obj
LOAD CMakeFiles/slc.dir/base/opt/silabs/sdks/simplicity_sdk_2026.6.1/openthread_stack/util/third_party/openthread/src/ncp/platform/trel.cpp.obj
LOAD CMakeFiles/slc.dir/base/opt/silabs/sdks/simplicity_sdk_2026.6.1/platform_core/platform/common/src/sl_assert.c.obj
LOAD CMakeFiles/slc.dir/base/opt/silabs/sdks/simplicity_sdk_2026.6.1/platform_core/platform/common/src/sl_core_cortexm.c.obj
LOAD CMakeFiles/slc.dir/base/opt/silabs/sdks/simplicity_sdk_2026.6.1/platform_core/platform/common/src/sl_slist.c.obj
LOAD CMakeFiles/slc.dir/base/opt/silabs/sdks/simplicity_sdk_2026.6.1/platform_core/platform/common/src/sl_syscalls.c.obj
LOAD CMakeFiles/slc.dir/base/opt/silabs/sdks/simplicity_sdk_2026.6.1/platform_core/platform/Device/SiliconLabs/EFR32MG21/Source/startup_efr32mg21.c.obj
LOAD CMakeFiles/slc.dir/base/opt/silabs/sdks/simplicity_sdk_2026.6.1/platform_core/platform/Device/SiliconLabs/EFR32MG21/Source/system_efr32mg21.c.obj
LOAD CMakeFiles/slc.dir/base/opt/silabs/sdks/simplicity_sdk_2026.6.1/platform_core/platform/driver/gpio/src/sl_gpio.c.obj
LOAD CMakeFiles/slc.dir/base/opt/silabs/sdks/simplicity_sdk_2026.6.1/platform_core/platform/emdrv/nvm3/src/nvm3.c.obj
LOAD CMakeFiles/slc.dir/base/opt/silabs/sdks/simplicity_sdk_2026.6.1/platform_core/platform/emdrv/nvm3/src/nvm3_cache.c.obj
LOAD CMakeFiles/slc.dir/base/opt/silabs/sdks/simplicity_sdk_2026.6.1/platform_core/platform/emdrv/nvm3/src/nvm3_default_common_linker.c.obj
LOAD CMakeFiles/slc.dir/base/opt/silabs/sdks/simplicity_sdk_2026.6.1/platform_core/platform/emdrv/nvm3/src/nvm3_hal_flash.c.obj
LOAD CMakeFiles/slc.dir/base/opt/silabs/sdks/simplicity_sdk_2026.6.1/platform_core/platform/emdrv/nvm3/src/nvm3_lock.c.obj
LOAD CMakeFiles/slc.dir/base/opt/silabs/sdks/simplicity_sdk_2026.6.1/platform_core/platform/emdrv/nvm3/src/nvm3_object.c.obj
LOAD CMakeFiles/slc.dir/base/opt/silabs/sdks/simplicity_sdk_2026.6.1/platform_core/platform/emdrv/nvm3/src/nvm3_page.c.obj
LOAD CMakeFiles/slc.dir/base/opt/silabs/sdks/simplicity_sdk_2026.6.1/platform_core/platform/emdrv/nvm3/src/nvm3_utils.c.obj
LOAD CMakeFiles/slc.dir/base/opt/silabs/sdks/simplicity_sdk_2026.6.1/platform_core/platform/emlib/src/em_burtc.c.obj
LOAD CMakeFiles/slc.dir/base/opt/silabs/sdks/simplicity_sdk_2026.6.1/platform_core/platform/emlib/src/em_cmu.c.obj
LOAD CMakeFiles/slc.dir/base/opt/silabs/sdks/simplicity_sdk_2026.6.1/platform_core/platform/emlib/src/em_emu.c.obj
LOAD CMakeFiles/slc.dir/base/opt/silabs/sdks/simplicity_sdk_2026.6.1/platform_core/platform/emlib/src/em_gpio.c.obj
LOAD CMakeFiles/slc.dir/base/opt/silabs/sdks/simplicity_sdk_2026.6.1/platform_core/platform/emlib/src/em_msc.c.obj
LOAD CMakeFiles/slc.dir/base/opt/silabs/sdks/simplicity_sdk_2026.6.1/platform_core/platform/emlib/src/em_prs.c.obj
LOAD CMakeFiles/slc.dir/base/opt/silabs/sdks/simplicity_sdk_2026.6.1/platform_core/platform/emlib/src/em_rmu.c.obj
LOAD CMakeFiles/slc.dir/base/opt/silabs/sdks/simplicity_sdk_2026.6.1/platform_core/platform/emlib/src/em_rtcc.c.obj
LOAD CMakeFiles/slc.dir/base/opt/silabs/sdks/simplicity_sdk_2026.6.1/platform_core/platform/emlib/src/em_system.c.obj
LOAD CMakeFiles/slc.dir/base/opt/silabs/sdks/simplicity_sdk_2026.6.1/platform_core/platform/emlib/src/em_timer.c.obj
LOAD CMakeFiles/slc.dir/base/opt/silabs/sdks/simplicity_sdk_2026.6.1/platform_core/platform/peripheral/src/sl_hal_gpio.c.obj
LOAD CMakeFiles/slc.dir/base/opt/silabs/sdks/simplicity_sdk_2026.6.1/platform_core/platform/peripheral/src/sl_hal_ldma.c.obj
LOAD CMakeFiles/slc.dir/base/opt/silabs/sdks/simplicity_sdk_2026.6.1/platform_core/platform/peripheral/src/sl_hal_prs.c.obj
LOAD CMakeFiles/slc.dir/base/opt/silabs/sdks/simplicity_sdk_2026.6.1/platform_core/platform/peripheral/src/sl_hal_syscfg.c.obj
LOAD CMakeFiles/slc.dir/base/opt/silabs/sdks/simplicity_sdk_2026.6.1/platform_core/platform/peripheral/src/sl_hal_system.c.obj
LOAD CMakeFiles/slc.dir/base/opt/silabs/sdks/simplicity_sdk_2026.6.1/platform_core/platform/peripheral/src/sl_hal_timer.c.obj
LOAD CMakeFiles/slc.dir/base/opt/silabs/sdks/simplicity_sdk_2026.6.1/platform_core/platform/peripheral/src/sl_hal_usart.c.obj
LOAD CMakeFiles/slc.dir/base/opt/silabs/sdks/simplicity_sdk_2026.6.1/platform_core/platform/security/sl_component/se_manager/src/sl_se_manager.c.obj
LOAD CMakeFiles/slc.dir/base/opt/silabs/sdks/simplicity_sdk_2026.6.1/platform_core/platform/security/sl_component/se_manager/src/sl_se_manager_attestation.c.obj
LOAD CMakeFiles/slc.dir/base/opt/silabs/sdks/simplicity_sdk_2026.6.1/platform_core/platform/security/sl_component/se_manager/src/sl_se_manager_cipher.c.obj
LOAD CMakeFiles/slc.dir/base/opt/silabs/sdks/simplicity_sdk_2026.6.1/platform_core/platform/security/sl_component/se_manager/src/sl_se_manager_entropy.c.obj
LOAD CMakeFiles/slc.dir/base/opt/silabs/sdks/simplicity_sdk_2026.6.1/platform_core/platform/security/sl_component/se_manager/src/sl_se_manager_hash.c.obj
LOAD CMakeFiles/slc.dir/base/opt/silabs/sdks/simplicity_sdk_2026.6.1/platform_core/platform/security/sl_component/se_manager/src/sl_se_manager_key_derivation.c.obj
LOAD CMakeFiles/slc.dir/base/opt/silabs/sdks/simplicity_sdk_2026.6.1/platform_core/platform/security/sl_component/se_manager/src/sl_se_manager_key_handling.c.obj
LOAD CMakeFiles/slc.dir/base/opt/silabs/sdks/simplicity_sdk_2026.6.1/platform_core/platform/security/sl_component/se_manager/src/sl_se_manager_signature.c.obj
LOAD CMakeFiles/slc.dir/base/opt/silabs/sdks/simplicity_sdk_2026.6.1/platform_core/platform/security/sl_component/se_manager/src/sl_se_manager_util.c.obj
LOAD CMakeFiles/slc.dir/base/opt/silabs/sdks/simplicity_sdk_2026.6.1/platform_core/platform/security/sl_component/se_manager/src/sli_se_manager_mailbox.c.obj
LOAD CMakeFiles/slc.dir/base/opt/silabs/sdks/simplicity_sdk_2026.6.1/platform_core/platform/security/sl_component/sl_mbedtls_support/src/mbedtls_ccm.c.obj
LOAD CMakeFiles/slc.dir/base/opt/silabs/sdks/simplicity_sdk_2026.6.1/platform_core/platform/security/sl_component/sl_mbedtls_support/src/mbedtls_cmac.c.obj
LOAD CMakeFiles/slc.dir/base/opt/silabs/sdks/simplicity_sdk_2026.6.1/platform_core/platform/security/sl_component/sl_mbedtls_support/src/mbedtls_ecdsa_ecdh.c.obj
LOAD CMakeFiles/slc.dir/base/opt/silabs/sdks/simplicity_sdk_2026.6.1/platform_core/platform/security/sl_component/sl_mbedtls_support/src/mbedtls_sha.c.obj
LOAD CMakeFiles/slc.dir/base/opt/silabs/sdks/simplicity_sdk_2026.6.1/platform_core/platform/security/sl_component/sl_mbedtls_support/src/se_aes.c.obj
LOAD CMakeFiles/slc.dir/base/opt/silabs/sdks/simplicity_sdk_2026.6.1/platform_core/platform/security/sl_component/sl_mbedtls_support/src/se_jpake.c.obj
LOAD CMakeFiles/slc.dir/base/opt/silabs/sdks/simplicity_sdk_2026.6.1/platform_core/platform/security/sl_component/sl_mbedtls_support/src/sl_entropy_hardware.c.obj
LOAD CMakeFiles/slc.dir/base/opt/silabs/sdks/simplicity_sdk_2026.6.1/platform_core/platform/security/sl_component/sl_mbedtls_support/src/sl_mbedtls.c.obj
LOAD CMakeFiles/slc.dir/base/opt/silabs/sdks/simplicity_sdk_2026.6.1/platform_core/platform/security/sl_component/sl_mbedtls_support/src/sl_psa_crypto.c.obj
LOAD CMakeFiles/slc.dir/base/opt/silabs/sdks/simplicity_sdk_2026.6.1/platform_core/platform/security/sl_component/sl_mbedtls_support/src/sli_psa_crypto.c.obj
LOAD CMakeFiles/slc.dir/base/opt/silabs/sdks/simplicity_sdk_2026.6.1/platform_core/platform/security/sl_component/sl_protocol_crypto/src/sli_protocol_crypto_radioaes.c.obj
LOAD CMakeFiles/slc.dir/base/opt/silabs/sdks/simplicity_sdk_2026.6.1/platform_core/platform/security/sl_component/sl_protocol_crypto/src/sli_radioaes_management.c.obj
LOAD CMakeFiles/slc.dir/base/opt/silabs/sdks/simplicity_sdk_2026.6.1/platform_core/platform/security/sl_component/sl_psa_driver/src/sl_psa_its_nvm3.c.obj
LOAD CMakeFiles/slc.dir/base/opt/silabs/sdks/simplicity_sdk_2026.6.1/platform_core/platform/security/sl_component/sl_psa_driver/src/sli_psa_driver_common.c.obj
LOAD CMakeFiles/slc.dir/base/opt/silabs/sdks/simplicity_sdk_2026.6.1/platform_core/platform/security/sl_component/sl_psa_driver/src/sli_psa_driver_init.c.obj
LOAD CMakeFiles/slc.dir/base/opt/silabs/sdks/simplicity_sdk_2026.6.1/platform_core/platform/security/sl_component/sl_psa_driver/src/sli_psa_trng.c.obj
LOAD CMakeFiles/slc.dir/base/opt/silabs/sdks/simplicity_sdk_2026.6.1/platform_core/platform/security/sl_component/sl_psa_driver/src/sli_se_driver_aead.c.obj
LOAD CMakeFiles/slc.dir/base/opt/silabs/sdks/simplicity_sdk_2026.6.1/platform_core/platform/security/sl_component/sl_psa_driver/src/sli_se_driver_builtin_keys.c.obj
LOAD CMakeFiles/slc.dir/base/opt/silabs/sdks/simplicity_sdk_2026.6.1/platform_core/platform/security/sl_component/sl_psa_driver/src/sli_se_driver_cipher.c.obj
LOAD CMakeFiles/slc.dir/base/opt/silabs/sdks/simplicity_sdk_2026.6.1/platform_core/platform/security/sl_component/sl_psa_driver/src/sli_se_driver_key_derivation.c.obj
LOAD CMakeFiles/slc.dir/base/opt/silabs/sdks/simplicity_sdk_2026.6.1/platform_core/platform/security/sl_component/sl_psa_driver/src/sli_se_driver_key_management.c.obj
LOAD CMakeFiles/slc.dir/base/opt/silabs/sdks/simplicity_sdk_2026.6.1/platform_core/platform/security/sl_component/sl_psa_driver/src/sli_se_driver_mac.c.obj
LOAD CMakeFiles/slc.dir/base/opt/silabs/sdks/simplicity_sdk_2026.6.1/platform_core/platform/security/sl_component/sl_psa_driver/src/sli_se_driver_signature.c.obj
LOAD CMakeFiles/slc.dir/base/opt/silabs/sdks/simplicity_sdk_2026.6.1/platform_core/platform/security/sl_component/sl_psa_driver/src/sli_se_opaque_driver_aead.c.obj
LOAD CMakeFiles/slc.dir/base/opt/silabs/sdks/simplicity_sdk_2026.6.1/platform_core/platform/security/sl_component/sl_psa_driver/src/sli_se_opaque_driver_cipher.c.obj
LOAD CMakeFiles/slc.dir/base/opt/silabs/sdks/simplicity_sdk_2026.6.1/platform_core/platform/security/sl_component/sl_psa_driver/src/sli_se_opaque_driver_mac.c.obj
LOAD CMakeFiles/slc.dir/base/opt/silabs/sdks/simplicity_sdk_2026.6.1/platform_core/platform/security/sl_component/sl_psa_driver/src/sli_se_opaque_key_derivation.c.obj
LOAD CMakeFiles/slc.dir/base/opt/silabs/sdks/simplicity_sdk_2026.6.1/platform_core/platform/security/sl_component/sl_psa_driver/src/sli_se_transparent_driver_aead.c.obj
LOAD CMakeFiles/slc.dir/base/opt/silabs/sdks/simplicity_sdk_2026.6.1/platform_core/platform/security/sl_component/sl_psa_driver/src/sli_se_transparent_driver_cipher.c.obj
LOAD CMakeFiles/slc.dir/base/opt/silabs/sdks/simplicity_sdk_2026.6.1/platform_core/platform/security/sl_component/sl_psa_driver/src/sli_se_transparent_driver_hash.c.obj
LOAD CMakeFiles/slc.dir/base/opt/silabs/sdks/simplicity_sdk_2026.6.1/platform_core/platform/security/sl_component/sl_psa_driver/src/sli_se_transparent_driver_mac.c.obj
LOAD CMakeFiles/slc.dir/base/opt/silabs/sdks/simplicity_sdk_2026.6.1/platform_core/platform/security/sl_component/sl_psa_driver/src/sli_se_transparent_key_derivation.c.obj
LOAD CMakeFiles/slc.dir/base/opt/silabs/sdks/simplicity_sdk_2026.6.1/platform_core/platform/security/sl_component/sl_psa_driver/src/sli_se_version_dependencies.c.obj
LOAD CMakeFiles/slc.dir/base/opt/silabs/sdks/simplicity_sdk_2026.6.1/platform_core/platform/service/clock_manager/src/sl_clock_manager.c.obj
LOAD CMakeFiles/slc.dir/base/opt/silabs/sdks/simplicity_sdk_2026.6.1/platform_core/platform/service/clock_manager/src/sl_clock_manager_hal_s2.c.obj
LOAD CMakeFiles/slc.dir/base/opt/silabs/sdks/simplicity_sdk_2026.6.1/platform_core/platform/service/clock_manager/src/sl_clock_manager_init.c.obj
LOAD CMakeFiles/slc.dir/base/opt/silabs/sdks/simplicity_sdk_2026.6.1/platform_core/platform/service/clock_manager/src/sl_clock_manager_init_hal_s2.c.obj
LOAD CMakeFiles/slc.dir/base/opt/silabs/sdks/simplicity_sdk_2026.6.1/platform_core/platform/service/device_init/src/sl_device_init_emu_s2.c.obj
LOAD CMakeFiles/slc.dir/base/opt/silabs/sdks/simplicity_sdk_2026.6.1/platform_core/platform/service/device_manager/devices/sl_device_peripheral_hal_efr32xg21.c.obj
LOAD CMakeFiles/slc.dir/base/opt/silabs/sdks/simplicity_sdk_2026.6.1/platform_core/platform/service/device_manager/dma/sl_device_dma_s2.c.obj
LOAD CMakeFiles/slc.dir/base/opt/silabs/sdks/simplicity_sdk_2026.6.1/platform_core/platform/service/device_manager/src/sl_device_clock.c.obj
LOAD CMakeFiles/slc.dir/base/opt/silabs/sdks/simplicity_sdk_2026.6.1/platform_core/platform/service/device_manager/src/sl_device_dma.c.obj
LOAD CMakeFiles/slc.dir/base/opt/silabs/sdks/simplicity_sdk_2026.6.1/platform_core/platform/service/device_manager/src/sl_device_gpio.c.obj
LOAD CMakeFiles/slc.dir/base/opt/silabs/sdks/simplicity_sdk_2026.6.1/platform_core/platform/service/device_manager/src/sl_device_peripheral.c.obj
LOAD CMakeFiles/slc.dir/base/opt/silabs/sdks/simplicity_sdk_2026.6.1/platform_core/platform/service/dma_manager/src/sl_dma_manager.c.obj
LOAD CMakeFiles/slc.dir/base/opt/silabs/sdks/simplicity_sdk_2026.6.1/platform_core/platform/service/dma_manager/src/sl_dma_manager_hal_ldma.c.obj
LOAD CMakeFiles/slc.dir/base/opt/silabs/sdks/simplicity_sdk_2026.6.1/platform_core/platform/service/interrupt_manager/src/sl_interrupt_manager_cortexm.c.obj
LOAD CMakeFiles/slc.dir/base/opt/silabs/sdks/simplicity_sdk_2026.6.1/platform_core/platform/service/memory_manager/src/sl_memory_manager.c.obj
LOAD CMakeFiles/slc.dir/base/opt/silabs/sdks/simplicity_sdk_2026.6.1/platform_core/platform/service/memory_manager/src/sl_memory_manager_cpp.cpp.obj
LOAD CMakeFiles/slc.dir/base/opt/silabs/sdks/simplicity_sdk_2026.6.1/platform_core/platform/service/memory_manager/src/sl_memory_manager_dynamic_reservation.c.obj
LOAD CMakeFiles/slc.dir/base/opt/silabs/sdks/simplicity_sdk_2026.6.1/platform_core/platform/service/memory_manager/src/sl_memory_manager_pool.c.obj
LOAD CMakeFiles/slc.dir/base/opt/silabs/sdks/simplicity_sdk_2026.6.1/platform_core/platform/service/memory_manager/src/sl_memory_manager_pool_common.c.obj
LOAD CMakeFiles/slc.dir/base/opt/silabs/sdks/simplicity_sdk_2026.6.1/platform_core/platform/service/memory_manager/src/sl_memory_manager_region.c.obj
LOAD CMakeFiles/slc.dir/base/opt/silabs/sdks/simplicity_sdk_2026.6.1/platform_core/platform/service/memory_manager/src/sl_memory_manager_retarget.c.obj
LOAD CMakeFiles/slc.dir/base/opt/silabs/sdks/simplicity_sdk_2026.6.1/platform_core/platform/service/memory_manager/src/sli_memory_manager_common.c.obj
LOAD CMakeFiles/slc.dir/base/opt/silabs/sdks/simplicity_sdk_2026.6.1/platform_core/platform/service/mpu/src/sl_mpu_s2.c.obj
LOAD CMakeFiles/slc.dir/base/opt/silabs/sdks/simplicity_sdk_2026.6.1/platform_core/platform/service/sl_main/src/sl_main_init.c.obj
LOAD CMakeFiles/slc.dir/base/opt/silabs/sdks/simplicity_sdk_2026.6.1/platform_core/platform/service/sl_main/src/sl_main_init_memory.c.obj
LOAD CMakeFiles/slc.dir/base/opt/silabs/sdks/simplicity_sdk_2026.6.1/platform_core/platform/service/sl_main/src/sl_main_process_action.c.obj
LOAD CMakeFiles/slc.dir/base/opt/silabs/sdks/simplicity_sdk_2026.6.1/platform_core/platform/service/sleeptimer/src/sl_sleeptimer.c.obj
LOAD CMakeFiles/slc.dir/base/opt/silabs/sdks/simplicity_sdk_2026.6.1/platform_core/platform/service/sleeptimer/src/sl_sleeptimer_hal_burtc.c.obj
LOAD CMakeFiles/slc.dir/base/opt/silabs/sdks/simplicity_sdk_2026.6.1/platform_core/platform/service/sleeptimer/src/sl_sleeptimer_hal_prortc.c.obj
LOAD CMakeFiles/slc.dir/base/opt/silabs/sdks/simplicity_sdk_2026.6.1/platform_core/platform/service/sleeptimer/src/sl_sleeptimer_hal_rtcc.c.obj
LOAD CMakeFiles/slc.dir/base/opt/silabs/sdks/simplicity_sdk_2026.6.1/platform_core/platform/service/sleeptimer/src/sl_sleeptimer_hal_timer.c.obj
LOAD CMakeFiles/slc.dir/base/opt/silabs/sdks/simplicity_sdk_2026.6.1/platform_core/util/silicon_labs/silabs_core/queue/circular_queue.c.obj
LOAD CMakeFiles/slc.dir/base/opt/silabs/sdks/simplicity_sdk_2026.6.1/rail_library/plugin/coexistence/common/coexistence-pwm.c.obj
LOAD CMakeFiles/slc.dir/base/opt/silabs/sdks/simplicity_sdk_2026.6.1/rail_library/plugin/coexistence/common/coexistence.c.obj
LOAD CMakeFiles/slc.dir/base/opt/silabs/sdks/simplicity_sdk_2026.6.1/rail_library/plugin/coexistence/hal/efr32/coexistence-directional-priority.c.obj
LOAD CMakeFiles/slc.dir/base/opt/silabs/sdks/simplicity_sdk_2026.6.1/rail_library/plugin/coexistence/hal/efr32/coexistence-hal.c.obj
LOAD CMakeFiles/slc.dir/base/opt/silabs/sdks/simplicity_sdk_2026.6.1/rail_library/plugin/coexistence/protocol/ieee802154_uc/coexistence-802154.c.obj
LOAD CMakeFiles/slc.dir/base/opt/silabs/sdks/simplicity_sdk_2026.6.1/rail_library/plugin/coexistence/protocol/ieee802154_uc/coexistence-ot.c.obj
LOAD CMakeFiles/slc.dir/base/opt/silabs/sdks/simplicity_sdk_2026.6.1/rail_library/plugin/sl_rail_util_built_in_phys/efr32xg21/sl_rail_ble_config.c.obj
LOAD CMakeFiles/slc.dir/base/opt/silabs/sdks/simplicity_sdk_2026.6.1/rail_library/plugin/sl_rail_util_built_in_phys/efr32xg21/sl_rail_ieee802154_config.c.obj
LOAD CMakeFiles/slc.dir/base/opt/silabs/sdks/simplicity_sdk_2026.6.1/rail_library/plugin/sl_rail_util_built_in_phys/sl_rail_util_built_in_phys.c.obj
LOAD CMakeFiles/slc.dir/base/opt/silabs/sdks/simplicity_sdk_2026.6.1/rail_library/plugin/sl_rail_util_dma/sl_rail_util_dma.c.obj
LOAD CMakeFiles/slc.dir/base/opt/silabs/sdks/simplicity_sdk_2026.6.1/rail_library/plugin/sl_rail_util_ieee802154/sl_rail_util_ieee802154_fast_channel_switching.c.obj
LOAD CMakeFiles/slc.dir/base/opt/silabs/sdks/simplicity_sdk_2026.6.1/rail_library/plugin/sl_rail_util_pa_conversions/sl_rail_util_pa_conversions.c.obj
LOAD CMakeFiles/slc.dir/base/opt/silabs/sdks/simplicity_sdk_2026.6.1/rail_library/plugin/sl_rail_util_pa_conversions/sl_rail_util_pa_tables.c.obj
LOAD CMakeFiles/slc.dir/base/opt/silabs/sdks/simplicity_sdk_2026.6.1/rail_library/plugin/sl_rail_util_pti/sl_rail_util_pti.c.obj
LOAD CMakeFiles/slc.dir/base/opt/silabs/sdks/simplicity_sdk_2026.6.1/rail_library/plugin/sl_rail_util_rf_path/sl_rail_util_rf_path.c.obj
LOAD CMakeFiles/slc.dir/base/opt/silabs/sdks/simplicity_sdk_2026.6.1/rail_library/plugin/sl_rail_util_rssi/sl_rail_util_rssi.c.obj
LOAD CMakeFiles/slc.dir/base/sdk2026-firmware/candidate-v3/source/app.c.obj
LOAD CMakeFiles/slc.dir/base/sdk2026-firmware/candidate-v3/generated/autogen/coexistence_event.c.obj
LOAD CMakeFiles/slc.dir/base/sdk2026-firmware/candidate-v3/generated/autogen/sl_cpc_instance_handles.c.obj
LOAD CMakeFiles/slc.dir/base/sdk2026-firmware/candidate-v3/generated/autogen/sl_dma_manager_instances.c.obj
LOAD CMakeFiles/slc.dir/base/sdk2026-firmware/candidate-v3/generated/autogen/sl_event_handler.c.obj
LOAD CMakeFiles/slc.dir/base/sdk2026-firmware/candidate-v3/generated/autogen/sl_ot_init.c.obj
LOAD CMakeFiles/slc.dir/base/sdk2026-firmware/candidate-v3/generated/autogen/sl_rail_util_ieee802154_phy_select.c.obj
LOAD CMakeFiles/slc.dir/base/sdk2026-firmware/candidate-v3/generated/autogen/sl_rail_util_ieee802154_stack_event.c.obj
LOAD CMakeFiles/slc.dir/base/sdk2026-firmware/candidate-v3/generated/main.c.obj
START GROUP
LOAD /opt/toolchains/gcc-arm-none-eabi/bin/../lib/gcc/arm-none-eabi/14.2.1/../../../../arm-none-eabi/lib/thumb/v8-m.main+fp/hard/libstdc++_nano.a
LOAD /opt/toolchains/gcc-arm-none-eabi/bin/../lib/gcc/arm-none-eabi/14.2.1/thumb/v8-m.main+fp/hard/libgcc.a
LOAD /opt/toolchains/gcc-arm-none-eabi/bin/../lib/gcc/arm-none-eabi/14.2.1/../../../../arm-none-eabi/lib/thumb/v8-m.main+fp/hard/libc_nano.a
LOAD /opt/toolchains/gcc-arm-none-eabi/bin/../lib/gcc/arm-none-eabi/14.2.1/../../../../arm-none-eabi/lib/thumb/v8-m.main+fp/hard/libm.a
LOAD /opt/toolchains/gcc-arm-none-eabi/bin/../lib/gcc/arm-none-eabi/14.2.1/../../../../arm-none-eabi/lib/thumb/v8-m.main+fp/hard/libnosys.a
LOAD /opt/silabs/sdks/simplicity_sdk_2026.6.1/openthread/libs/build/gcc/cortex-m33/sl-openthread-library/Release/libsl_openthread.a
LOAD /opt/silabs/sdks/simplicity_sdk_2026.6.1/rail_library/autogen/librail_release/librail_efr32xg21_gcc_release.a
END GROUP
START GROUP
LOAD /opt/toolchains/gcc-arm-none-eabi/bin/../lib/gcc/arm-none-eabi/14.2.1/thumb/v8-m.main+fp/hard/libgcc.a
LOAD /opt/toolchains/gcc-arm-none-eabi/bin/../lib/gcc/arm-none-eabi/14.2.1/../../../../arm-none-eabi/lib/thumb/v8-m.main+fp/hard/libc_nano.a
END GROUP
START GROUP
LOAD /opt/toolchains/gcc-arm-none-eabi/bin/../lib/gcc/arm-none-eabi/14.2.1/thumb/v8-m.main+fp/hard/libgcc.a
LOAD /opt/toolchains/gcc-arm-none-eabi/bin/../lib/gcc/arm-none-eabi/14.2.1/../../../../arm-none-eabi/lib/thumb/v8-m.main+fp/hard/libc_nano.a
END GROUP
LOAD /opt/toolchains/gcc-arm-none-eabi/bin/../lib/gcc/arm-none-eabi/14.2.1/thumb/v8-m.main+fp/hard/crtend.o
LOAD /opt/toolchains/gcc-arm-none-eabi/bin/../lib/gcc/arm-none-eabi/14.2.1/thumb/v8-m.main+fp/hard/crtn.o

.vectors        0x00004000      0x134
                0x00004000                        linker_vectors_begin = .
 *(.vectors)
 .vectors       0x00004000      0x134 /tmp/cc54ahiT.ltrans0.ltrans.o
                0x00004000                __Vectors
                0x00004134                        linker_vectors_end = .
                0x00004134                        __Vectors_End = .
                0x00004134                        __Vectors_Size = (__Vectors_End - __Vectors)

.bootloader_reset_section
                0x20000000        0x4
                0x20000000                        __ResetReasonStart__ = .
                0x20000004                        . = (. + 0x4)
 *fill*         0x20000000        0x4 
                0x20000004                        . = ALIGN (0x4)
                0x20000004                        __ResetReasonEnd__ = .

.stack          0x20000008      0xac0
                0x20000008                        . = ALIGN (0x8)
                0x20000008                        __stack_limit = .
                0x20000008                        __StackLimit = .
 *(.stack*)
 .stack         0x20000008      0xac0 /tmp/cc54ahiT.ltrans3.ltrans.o
                0x20000ac8                        . = ALIGN (0x4)
                0x20000ac8                        __stack = .
                0x20000ac8                        __StackTop = .

.bss            0x20000ac8     0x32b8
                0x20000ac8                        . = ALIGN (0x4)
                0x20000ac8                        __bss_start__ = .
 *(SORT_BY_ALIGNMENT(.bss*))
 .bss           0x20000ac8      0x2c8 /tmp/cc54ahiT.ltrans0.ltrans.o
                0x20000ad2                bootloader_ppusatdConfigstate.lto_priv.0
                0x20000ad8                nvm3_defaultHandleData
                0x20000b5c                default_dma_handle
                0x20000b80                security_ep.lto_priv.0
                0x20000b8c                security_endpoint_in_error.lto_priv.0
                0x20000b94                security_state.lto_priv.0
                0x20000b98                on_state_change.lto_priv.1
                0x20000b9c                security_ctx.lto_priv.0
                0x20000bb0                mbedtls_ct_zero
                0x20000bc0                global_data.lto_priv.1
                0x20000cb4                session_key_id.lto_priv.0
                0x20000d88                max_millisecond_conversion.lto_priv.0
                0x20000d8c                timer_frequency.lto_priv.0
 .bss           0x20000d90      0xc20 /tmp/cc54ahiT.ltrans1.ltrans.o
                0x20000d90                sMsAlarmHandles.lto_priv.0
                0x20000dd8                _ZN2otL17gMultiInstanceRawE.lto_priv.0
                0x20000fb8                sUsAlarmHandles.lto_priv.0
                0x20001004                srcMatchShortEntry.lto_priv.0
                0x20001084                srcMatchExtEntry.lto_priv.0
                0x20001104                sDiagMode.lto_priv.0
                0x20001108                ot::Ncp::NcpBase::sNcpInstance
                0x2000110c                emPhyRailHandle
                0x2000111c                _ZL12sPromiscuous.lto_priv.0
                0x2000111e                savedResetCause.lto_priv.0
                0x20001124                _ZL16sCurrentTxPacket.lto_priv.0
                0x20001128                _ZL12sEnergyScans.lto_priv.0
                0x20001130                _ZL19sCurrentEventConfig.lto_priv.0
                0x20001138                _ZL20sChannelSwitchingCfg.lto_priv.0
                0x2000114c                _ZL11sBandConfig.lto_priv.0
                0x20001158                _ZL8sReceive.lto_priv.0
                0x20001188                _ZL11sReceiveAck.lto_priv.0
                0x200011b8                _ZL8sMacKeys.lto_priv.0
                0x200012e0                ot::Random::Manager::sInitCount
                0x200012e4                ot::Random::Manager::sPrng
                0x200012e8                gp_state.lto_priv.0
                0x200012f0                gpStateTimeOut.lto_priv.0
                0x200012f8                _ZL15sTransmitBuffer.lto_priv.0
                0x20001358                _ZL13sReceiveError.lto_priv.0
                0x20001369                _ZL18sIsSrcMatchEnabled.lto_priv.0
                0x2000136a                _ZL8sLastLqi.lto_priv.0
                0x2000136b                _ZL9sLastRssi.lto_priv.0
                0x2000137d                _ZL20sli_default_tx_power.lto_priv.0
                0x2000137f                _ZL21sli_max_channel_power.lto_priv.0
                0x20001420                active_radio_config.lto_priv.0
                0x20001424                sResetCause.lto_priv.0
                0x20001430                sBufferedTxInstance.lto_priv.0
                0x20001534                _ZL20sPendingCommandQueue.lto_priv.0
                0x20001598                _ZL14sRxPacketQueue.lto_priv.0
                0x200015e4                _ZL22sRxPacketMemPoolHandle.lto_priv.0
                0x20001698                _ZL10rail_timer.lto_priv.0
                0x20001970                sli_general_purpose_heap
                0x20001998                ot::gActiveInstance
                0x200019a0                sPendingTimeMs.lto_priv.0
 .bss           0x200019b0     0x1418 /tmp/cc54ahiT.ltrans3.ltrans.o
 .bss.sli_rail_f5d6bd4b87b830444924423a67685a3c
                0x20002dc8      0x1a8 /opt/silabs/sdks/simplicity_sdk_2026.6.1/rail_library/autogen/librail_release/librail_efr32xg21_gcc_release.a(rail_rf.o)
 .bss.sli_rail_9fd4b577a88245688a41c225ff145d2d
                0x20002f70       0x80 /opt/silabs/sdks/simplicity_sdk_2026.6.1/rail_library/autogen/librail_release/librail_efr32xg21_gcc_release.a(rail_data.o)
 .bss.sli_rail_777a68850e0def020883ab472a8f9826
                0x20002ff0        0x8 /opt/silabs/sdks/simplicity_sdk_2026.6.1/rail_library/autogen/librail_release/librail_efr32xg21_gcc_release.a(generic_phy.o)
                0x20002ff0                sli_rail_777a68850e0def020883ab472a8f9826
 .bss.object.0  0x20002ff8       0x18 /opt/toolchains/gcc-arm-none-eabi/bin/../lib/gcc/arm-none-eabi/14.2.1/thumb/v8-m.main+fp/hard/crtbegin.o
 .bss           0x20003010      0x860 /tmp/cc54ahiT.ltrans2.ltrans.o
                0x20003138                timer_head.lto_priv.0
                0x2000313c                irqState
                0x20003198                nvm3_internalObjectHandleA
                0x200031f0                ctuneDelta.lto_priv.0
                0x200031f4                sli_radioaes_mask
                0x200031f8                dma_handle_list
                0x20003204                region_nbr.lto_priv.0
                0x2000320c                overflow_counter.lto_priv.0
                0x20003210                last_delta_update_count.lto_priv.0
 .bss.__sf      0x20003870      0x138 /opt/toolchains/gcc-arm-none-eabi/bin/../lib/gcc/arm-none-eabi/14.2.1/../../../../arm-none-eabi/lib/thumb/v8-m.main+fp/hard/libc_nano.a(libc_a-findfp.o)
                0x20003870                __sf
 .bss.__stdio_exit_handler
                0x200039a8        0x4 /opt/toolchains/gcc-arm-none-eabi/bin/../lib/gcc/arm-none-eabi/14.2.1/../../../../arm-none-eabi/lib/thumb/v8-m.main+fp/hard/libc_nano.a(libc_a-findfp.o)
                0x200039a8                __stdio_exit_handler
 .bss.errno     0x200039ac        0x4 /opt/toolchains/gcc-arm-none-eabi/bin/../lib/gcc/arm-none-eabi/14.2.1/../../../../arm-none-eabi/lib/thumb/v8-m.main+fp/hard/libc_nano.a(libc_a-reent.o)
                0x200039ac                errno
 .bss.sli_rail_af3c6973dddd532ce508e3f9924571a4
                0x200039b0        0x4 /opt/silabs/sdks/simplicity_sdk_2026.6.1/rail_library/autogen/librail_release/librail_efr32xg21_gcc_release.a(rail_singleprotocol.o)
 .bss.RAIL_ActiveHandle
                0x200039b4        0x4 /opt/silabs/sdks/simplicity_sdk_2026.6.1/rail_library/autogen/librail_release/librail_efr32xg21_gcc_release.a(rail_singleprotocol.o)
                0x200039b4                RAIL_ActiveHandle
 .bss.sli_rail_40239c088b63e28dca4ffa1c3ebff3f8
                0x200039b8       0x18 /opt/silabs/sdks/simplicity_sdk_2026.6.1/rail_library/autogen/librail_release/librail_efr32xg21_gcc_release.a(rail_singleprotocol.o)
 .bss.sli_rail_b2d4e2f0808167209d1dba530e0bb939
                0x200039d0      0x200 /opt/silabs/sdks/simplicity_sdk_2026.6.1/rail_library/autogen/librail_release/librail_efr32xg21_gcc_release.a(rail_data.o)
 .bss.sli_rail_assert_rail_handle
                0x20003bd0        0x4 /opt/silabs/sdks/simplicity_sdk_2026.6.1/rail_library/autogen/librail_release/librail_efr32xg21_gcc_release.a(rail_assert.o)
                0x20003bd0                sli_rail_assert_rail_handle
 .bss.sli_rail_assert_line_number
                0x20003bd4        0x4 /opt/silabs/sdks/simplicity_sdk_2026.6.1/rail_library/autogen/librail_release/librail_efr32xg21_gcc_release.a(rail_assert.o)
                0x20003bd4                sli_rail_assert_line_number
 .bss.sli_rail_3cd6e3eb26b79066c57acbc15bb361a0
                0x20003bd8        0x4 /opt/silabs/sdks/simplicity_sdk_2026.6.1/rail_library/autogen/librail_release/librail_efr32xg21_gcc_release.a(tmrdrv.o)
 .bss.sli_rail_d620a81264ef4c96820fe504d41a4ec3
                0x20003bdc        0x4 /opt/silabs/sdks/simplicity_sdk_2026.6.1/rail_library/autogen/librail_release/librail_efr32xg21_gcc_release.a(tmrdrv.o)
 .bss.sli_rail_54d89e3959a4bbc543e302fea6710f95
                0x20003be0        0x4 /opt/silabs/sdks/simplicity_sdk_2026.6.1/rail_library/autogen/librail_release/librail_efr32xg21_gcc_release.a(sli_rail_power_manager.o)
                0x20003be0                sli_rail_54d89e3959a4bbc543e302fea6710f95
 .bss.sli_rail_ff5397f38ac9ffe78ebd137a9facd21f
                0x20003be4        0x4 /opt/silabs/sdks/simplicity_sdk_2026.6.1/rail_library/autogen/librail_release/librail_efr32xg21_gcc_release.a(rail_rf_hal.o)
 .bss.sli_rail_dbb82339d422f9efde7344caa6224fa6
                0x20003be8        0x4 /opt/silabs/sdks/simplicity_sdk_2026.6.1/rail_library/autogen/librail_release/librail_efr32xg21_gcc_release.a(rail_rf_hal.o)
                0x20003be8                sli_rail_dbb82339d422f9efde7344caa6224fa6
 .bss.sli_rail_2c64439bef0520ed6b99a1cb60a3db45
                0x20003bec        0x4 /opt/silabs/sdks/simplicity_sdk_2026.6.1/rail_library/autogen/librail_release/librail_efr32xg21_gcc_release.a(rail_rf_hal.o)
 .bss.sli_rail_f220d21fdb41383218da79e92497d6e0
                0x20003bf0        0x4 /opt/silabs/sdks/simplicity_sdk_2026.6.1/rail_library/autogen/librail_release/librail_efr32xg21_gcc_release.a(rail_rf_hal.o)
                0x20003bf0                sli_rail_f220d21fdb41383218da79e92497d6e0
 .bss.sli_rail_3ea1310630094970e045419dd399cb93
                0x20003bf4        0x4 /opt/silabs/sdks/simplicity_sdk_2026.6.1/rail_library/autogen/librail_release/librail_efr32xg21_gcc_release.a(rail_rf_hal.o)
                0x20003bf4                sli_rail_3ea1310630094970e045419dd399cb93
 .bss.sli_rail_ed16766c587fa63e77da03f1b51ef62a
                0x20003bf8        0x4 /opt/silabs/sdks/simplicity_sdk_2026.6.1/rail_library/autogen/librail_release/librail_efr32xg21_gcc_release.a(rail_rf_hal.o)
 .bss.sli_rail_8b603bfacbd416d9fed4157d0fe5952f
                0x20003bfc        0x4 /opt/silabs/sdks/simplicity_sdk_2026.6.1/rail_library/autogen/librail_release/librail_efr32xg21_gcc_release.a(rail_rf_hal.o)
 .bss.sli_rail_e596de4f8292ec5a59bf4d802ccf94ce
                0x20003c00        0x4 /opt/silabs/sdks/simplicity_sdk_2026.6.1/rail_library/autogen/librail_release/librail_efr32xg21_gcc_release.a(rail_rf_hal.o)
 .bss.sli_rail_748909c08d80a1f9858aa109ddb16d16
                0x20003c04        0x4 /opt/silabs/sdks/simplicity_sdk_2026.6.1/rail_library/autogen/librail_release/librail_efr32xg21_gcc_release.a(rail_rf_hal.o)
 .bss.sli_rail_a38a6265fbc5cbe2cc3228410b65ace5
                0x20003c08        0x4 /opt/silabs/sdks/simplicity_sdk_2026.6.1/rail_library/autogen/librail_release/librail_efr32xg21_gcc_release.a(rail_rf_hal.o)
                0x20003c08                sli_rail_a38a6265fbc5cbe2cc3228410b65ace5
 .bss.sli_rail_dcde16df7cedd595b97bd2a7aa082524
                0x20003c0c        0x4 /opt/silabs/sdks/simplicity_sdk_2026.6.1/rail_library/autogen/librail_release/librail_efr32xg21_gcc_release.a(rail_ieee802154_rf_hal.o)
                0x20003c0c                sli_rail_dcde16df7cedd595b97bd2a7aa082524
 .bss.sli_rail_2c83a429df0ac09a485d2660685c629a
                0x20003c10        0x4 /opt/silabs/sdks/simplicity_sdk_2026.6.1/rail_library/autogen/librail_release/librail_efr32xg21_gcc_release.a(rail_ieee802154_rf_hal.o)
                0x20003c10                sli_rail_2c83a429df0ac09a485d2660685c629a
 .bss.sli_rail_8e5f92557b02add76aa494081820c844
                0x20003c14        0x4 /opt/silabs/sdks/simplicity_sdk_2026.6.1/rail_library/autogen/librail_release/librail_efr32xg21_gcc_release.a(rail_ieee802154_rf_hal.o)
                0x20003c14                sli_rail_8e5f92557b02add76aa494081820c844
 .bss.sli_rail_416b8bd069a196e46ab21a61f0b8399d
                0x20003c18        0x4 /opt/silabs/sdks/simplicity_sdk_2026.6.1/rail_library/autogen/librail_release/librail_efr32xg21_gcc_release.a(rail_ieee802154_rf_hal.o)
 .bss.sli_rail_1f4b458cd70474e6143b1726fe373f2d
                0x20003c1c        0x4 /opt/silabs/sdks/simplicity_sdk_2026.6.1/rail_library/autogen/librail_release/librail_efr32xg21_gcc_release.a(rail_ieee802154_rf_hal.o)
 .bss.sli_rail_101f4b3f7ec22758e9c3af4867b037bf
                0x20003c20        0x4 /opt/silabs/sdks/simplicity_sdk_2026.6.1/rail_library/autogen/librail_release/librail_efr32xg21_gcc_release.a(rfhal_bufc.o)
 .bss.sli_rail_e119b6e8991410a924ce1e2fa666a230
                0x20003c24        0x4 /opt/silabs/sdks/simplicity_sdk_2026.6.1/rail_library/autogen/librail_release/librail_efr32xg21_gcc_release.a(rfhal_pa.o)
 .bss.sli_rail_4ceed477bbf6903223af2cc67199ad53
                0x20003c28       0x2c /opt/silabs/sdks/simplicity_sdk_2026.6.1/rail_library/autogen/librail_release/librail_efr32xg21_gcc_release.a(rfhal_pa.o)
 .bss.sli_rail_3082dc03578b7e93b8446658db7d9dfc
                0x20003c54        0x4 /opt/silabs/sdks/simplicity_sdk_2026.6.1/rail_library/autogen/librail_release/librail_efr32xg21_gcc_release.a(rfhal_pa.o)
 .bss.sli_rail_a6f5c273b65932798e9fe42a4135c816
                0x20003c58        0x4 /opt/silabs/sdks/simplicity_sdk_2026.6.1/rail_library/autogen/librail_release/librail_efr32xg21_gcc_release.a(rfhal_pa.o)
 .bss.sli_rail_a7ecbdc9460bec98d7781dd81a879a8b
                0x20003c5c       0x14 /opt/silabs/sdks/simplicity_sdk_2026.6.1/rail_library/autogen/librail_release/librail_efr32xg21_gcc_release.a(rfhal_pti.o)
 .bss.sli_rail_77815a23ee974b1b058991f6802f3a27
                0x20003c70        0x4 /opt/silabs/sdks/simplicity_sdk_2026.6.1/rail_library/autogen/librail_release/librail_efr32xg21_gcc_release.a(rfhal_protimer.o)
                0x20003c70                sli_rail_77815a23ee974b1b058991f6802f3a27
 .bss.sli_rail_ba76bc65df776304e41de87b98615d59
                0x20003c74        0x4 /opt/silabs/sdks/simplicity_sdk_2026.6.1/rail_library/autogen/librail_release/librail_efr32xg21_gcc_release.a(rfhal_protimer.o)
                0x20003c74                sli_rail_ba76bc65df776304e41de87b98615d59
 .bss.sli_rail_b12f64a1631cb80aaba93bc7e62c5401
                0x20003c78        0x4 /opt/silabs/sdks/simplicity_sdk_2026.6.1/rail_library/autogen/librail_release/librail_efr32xg21_gcc_release.a(rfhal_protimer.o)
                0x20003c78                sli_rail_b12f64a1631cb80aaba93bc7e62c5401
 .bss.sli_rail_cd01ef0a536530215319ced12540ac0b
                0x20003c7c        0x4 /opt/silabs/sdks/simplicity_sdk_2026.6.1/rail_library/autogen/librail_release/librail_efr32xg21_gcc_release.a(rfhal_protimer.o)
                0x20003c7c                sli_rail_cd01ef0a536530215319ced12540ac0b
 .bss.sli_rail_28b654493fd84ce3d4a1eafa51d2de06
                0x20003c80        0x4 /opt/silabs/sdks/simplicity_sdk_2026.6.1/rail_library/autogen/librail_release/librail_efr32xg21_gcc_release.a(rfhal_protimer.o)
                0x20003c80                sli_rail_28b654493fd84ce3d4a1eafa51d2de06
 .bss.sli_rail_053617c4332bb6c7cf6732ee3488f196
                0x20003c84       0x30 /opt/silabs/sdks/simplicity_sdk_2026.6.1/rail_library/autogen/librail_release/librail_efr32xg21_gcc_release.a(rfhal_radio.o)
 .bss.sli_rail_552258c80e16b1b784f1f040fd6885cd
                0x20003cb4        0x4 /opt/silabs/sdks/simplicity_sdk_2026.6.1/rail_library/autogen/librail_release/librail_efr32xg21_gcc_release.a(rfhal_rftest.o)
 .bss.sli_rail_5ba9f850d8c5f4ae1b7ed68ba1fe90f6
                0x20003cb8       0x34 /opt/silabs/sdks/simplicity_sdk_2026.6.1/rail_library/autogen/librail_release/librail_efr32xg21_gcc_release.a(rfhal_rftest.o)
 .bss.sli_rail_9772a56348ac5169cecf98cbd5bf354a
                0x20003cec        0x4 /opt/silabs/sdks/simplicity_sdk_2026.6.1/rail_library/autogen/librail_release/librail_efr32xg21_gcc_release.a(rfhal_synth.o)
                0x20003cec                sli_rail_9772a56348ac5169cecf98cbd5bf354a
 .bss.sli_rail_b3277c249eebb2d1a759007533fcb3d2
                0x20003cf0        0x4 /opt/silabs/sdks/simplicity_sdk_2026.6.1/rail_library/autogen/librail_release/librail_efr32xg21_gcc_release.a(rfhal_synth.o)
                0x20003cf0                sli_rail_b3277c249eebb2d1a759007533fcb3d2
 .bss.sli_rail_00d3800686ee7f0a79e72c9204583cdc
                0x20003cf4        0x4 /opt/silabs/sdks/simplicity_sdk_2026.6.1/rail_library/autogen/librail_release/librail_efr32xg21_gcc_release.a(rfhal_synth.o)
 .bss.sli_rail_1735c4d38e84f6ce03a9829499886986
                0x20003cf8        0x4 /opt/silabs/sdks/simplicity_sdk_2026.6.1/rail_library/autogen/librail_release/librail_efr32xg21_gcc_release.a(rfhal_timings.o)
 .bss.sli_rail_47896168e6dbe435d165160d7966f6c0
                0x20003cfc       0x10 /opt/silabs/sdks/simplicity_sdk_2026.6.1/rail_library/autogen/librail_release/librail_efr32xg21_gcc_release.a(rfhal_timings.o)
                0x20003cfc                sli_rail_47896168e6dbe435d165160d7966f6c0
 .bss.sli_rail_9c2a5a1193e307c22559a2580488663c
                0x20003d0c        0x4 /opt/silabs/sdks/simplicity_sdk_2026.6.1/rail_library/autogen/librail_release/librail_efr32xg21_gcc_release.a(rfhal_timings.o)
 .bss.sli_rail_e313b55611f42bb8fd6c98edfa75cd8f
                0x20003d10        0x4 /opt/silabs/sdks/simplicity_sdk_2026.6.1/rail_library/autogen/librail_release/librail_efr32xg21_gcc_release.a(generic_phy.o)
                0x20003d10                sli_rail_e313b55611f42bb8fd6c98edfa75cd8f
 .bss.sli_rail_816fb3358beb788e76bc036b9c8db526
                0x20003d14        0x4 /opt/silabs/sdks/simplicity_sdk_2026.6.1/rail_library/autogen/librail_release/librail_efr32xg21_gcc_release.a(generic_phy.o)
                0x20003d14                sli_rail_816fb3358beb788e76bc036b9c8db526
 .bss.sli_rail_b1a34801bf30cc1514fb2857dcf77060
                0x20003d18       0x18 /opt/silabs/sdks/simplicity_sdk_2026.6.1/rail_library/autogen/librail_release/librail_efr32xg21_gcc_release.a(generic_phy.o)
                0x20003d18                sli_rail_b1a34801bf30cc1514fb2857dcf77060
 .bss.sli_rail_984a073d072f71c72895558117076777
                0x20003d30       0x18 /opt/silabs/sdks/simplicity_sdk_2026.6.1/rail_library/autogen/librail_release/librail_efr32xg21_gcc_release.a(rfhal_radio.o)
 .bss.completed.1
                0x20003d48        0x1 /opt/toolchains/gcc-arm-none-eabi/bin/../lib/gcc/arm-none-eabi/14.2.1/thumb/v8-m.main+fp/hard/crtbegin.o
 .bss.__lock___sfp_recursive_mutex
                0x20003d49        0x1 /opt/toolchains/gcc-arm-none-eabi/bin/../lib/gcc/arm-none-eabi/14.2.1/../../../../arm-none-eabi/lib/thumb/v8-m.main+fp/hard/libc_nano.a(libc_a-lock.o)
                0x20003d49                __lock___sfp_recursive_mutex
 .bss.sli_rail_67e005ae340f1cf9d4319aacdd52dba7
                0x20003d4a        0x1 /opt/silabs/sdks/simplicity_sdk_2026.6.1/rail_library/autogen/librail_release/librail_efr32xg21_gcc_release.a(rail_singleprotocol.o)
 .bss.sli_rail_5782d0243456f19238863d289b193327
                0x20003d4b        0x1 /opt/silabs/sdks/simplicity_sdk_2026.6.1/rail_library/autogen/librail_release/librail_efr32xg21_gcc_release.a(tmrdrv.o)
 .bss.sli_rail_35985d5e207085bd0b2732f22402317a
                0x20003d4c        0x1 /opt/silabs/sdks/simplicity_sdk_2026.6.1/rail_library/autogen/librail_release/librail_efr32xg21_gcc_release.a(tmrdrv.o)
 .bss.sli_rail_b8fbc7affa20b169b7320e9641707b1c
                0x20003d4d        0x1 /opt/silabs/sdks/simplicity_sdk_2026.6.1/rail_library/autogen/librail_release/librail_efr32xg21_gcc_release.a(rail_rf_hal.o)
 .bss.sli_rail_4620eb31d733876a66d1a9d48e34ef2a
                0x20003d4e        0x1 /opt/silabs/sdks/simplicity_sdk_2026.6.1/rail_library/autogen/librail_release/librail_efr32xg21_gcc_release.a(rail_rf_hal.o)
                0x20003d4e                sli_rail_4620eb31d733876a66d1a9d48e34ef2a
 .bss.sli_rail_348ebb28a100959ee4629b27b2e3128a
                0x20003d4f        0x1 /opt/silabs/sdks/simplicity_sdk_2026.6.1/rail_library/autogen/librail_release/librail_efr32xg21_gcc_release.a(rail_rf_hal.o)
 .bss.sli_rail_2812b456ae2a79085f3b9be10c31771b
                0x20003d50        0x1 /opt/silabs/sdks/simplicity_sdk_2026.6.1/rail_library/autogen/librail_release/librail_efr32xg21_gcc_release.a(rail_rf_hal.o)
                0x20003d50                sli_rail_2812b456ae2a79085f3b9be10c31771b
 .bss.sli_rail_788a850e8c59ec185d8b5df36a1937cc
                0x20003d51        0x1 /opt/silabs/sdks/simplicity_sdk_2026.6.1/rail_library/autogen/librail_release/librail_efr32xg21_gcc_release.a(rail_rf_hal.o)
 .bss.sli_rail_1064803b7b3c377c1013551302bdd324
                0x20003d52        0x1 /opt/silabs/sdks/simplicity_sdk_2026.6.1/rail_library/autogen/librail_release/librail_efr32xg21_gcc_release.a(rail_rf_hal.o)
 .bss.sli_rail_9285fbec2c29262a83ab36f1bc6d2ef6
                0x20003d53        0x1 /opt/silabs/sdks/simplicity_sdk_2026.6.1/rail_library/autogen/librail_release/librail_efr32xg21_gcc_release.a(rail_rf_hal_shared.o)
                0x20003d53                sli_rail_9285fbec2c29262a83ab36f1bc6d2ef6
 .bss.sli_rail_4f035f7b636407302a73e486ed07742f
                0x20003d54        0x1 /opt/silabs/sdks/simplicity_sdk_2026.6.1/rail_library/autogen/librail_release/librail_efr32xg21_gcc_release.a(rfhal_pa.o)
                0x20003d54                sli_rail_4f035f7b636407302a73e486ed07742f
 .bss.sli_rail_4faa7d5d81fd9c1006f9e5e2bda93984
                0x20003d55        0x1 /opt/silabs/sdks/simplicity_sdk_2026.6.1/rail_library/autogen/librail_release/librail_efr32xg21_gcc_release.a(rfhal_pa.o)
 .bss.sli_rail_ca93d10fbac202c6d87c88a8ed8c25d9
                0x20003d56        0x1 /opt/silabs/sdks/simplicity_sdk_2026.6.1/rail_library/autogen/librail_release/librail_efr32xg21_gcc_release.a(rfhal_pti.o)
 .bss.sli_rail_d44ce05629f0f82a46113aea09cf992c
                0x20003d57        0x1 /opt/silabs/sdks/simplicity_sdk_2026.6.1/rail_library/autogen/librail_release/librail_efr32xg21_gcc_release.a(rfhal_pti.o)
 .bss.sli_rail_ea7533e6ad3698e4f549d24be413d623
                0x20003d58        0x1 /opt/silabs/sdks/simplicity_sdk_2026.6.1/rail_library/autogen/librail_release/librail_efr32xg21_gcc_release.a(rfhal_protimer.o)
 .bss.sli_rail_e557063ab17d1848a26f3a64413bbbf6
                0x20003d59        0x8 /opt/silabs/sdks/simplicity_sdk_2026.6.1/rail_library/autogen/librail_release/librail_efr32xg21_gcc_release.a(rfhal_protimer.o)
                0x20003d59                sli_rail_e557063ab17d1848a26f3a64413bbbf6
 .bss.sli_rail_0d06f1ee4ad18ea63440e3dab85db2cd
                0x20003d61        0x1 /opt/silabs/sdks/simplicity_sdk_2026.6.1/rail_library/autogen/librail_release/librail_efr32xg21_gcc_release.a(rfhal_protimer.o)
 .bss.sli_rail_593e373bf5850c483a387bbc8cd5b8b0
                0x20003d62        0x1 /opt/silabs/sdks/simplicity_sdk_2026.6.1/rail_library/autogen/librail_release/librail_efr32xg21_gcc_release.a(rfhal_rtccsync.o)
 .bss.sli_rail_8ed89e150b2a95dd76301cb373efd805
                0x20003d63        0x1 /opt/silabs/sdks/simplicity_sdk_2026.6.1/rail_library/autogen/librail_release/librail_efr32xg21_gcc_release.a(rfhal_rtccsync_shared.o)
 .bss.sli_rail_7877da65213ae45da502cb4f7cdbd93a
                0x20003d64        0x1 /opt/silabs/sdks/simplicity_sdk_2026.6.1/rail_library/autogen/librail_release/librail_efr32xg21_gcc_release.a(rfhal_rtccsync_shared.o)
 .bss.sli_rail_ad6c515376a389eda8c30c522717e072
                0x20003d65        0x1 /opt/silabs/sdks/simplicity_sdk_2026.6.1/rail_library/autogen/librail_release/librail_efr32xg21_gcc_release.a(rfhal_synth.o)
 .bss.sli_rail_f81301e4f4d2dee94d38f9c26af603f0
                0x20003d66        0x2 /opt/silabs/sdks/simplicity_sdk_2026.6.1/rail_library/autogen/librail_release/librail_efr32xg21_gcc_release.a(generic_phy.o)
                0x20003d66                sli_rail_f81301e4f4d2dee94d38f9c26af603f0
 .bss.sli_rail_1d14cf0425d0164ab238fe4d6ce00e93
                0x20003d68        0x1 /opt/silabs/sdks/simplicity_sdk_2026.6.1/rail_library/autogen/librail_release/librail_efr32xg21_gcc_release.a(generic_phy.o)
 .bss.sli_rail_e6aee15ae7814f2f54e328c05aba128b
                0x20003d69        0x1 /opt/silabs/sdks/simplicity_sdk_2026.6.1/rail_library/autogen/librail_release/librail_efr32xg21_gcc_release.a(generic_phy.o)
 .bss.sli_rail_0c38576adf8db7eb0672207aa84c11cf
                0x20003d6a        0x1 /opt/silabs/sdks/simplicity_sdk_2026.6.1/rail_library/autogen/librail_release/librail_efr32xg21_gcc_release.a(generic_phy.o)
 .bss.sli_rail_ecb9f3f5a3454d17e04468f1ac1c0956
                0x20003d6b        0x1 /opt/silabs/sdks/simplicity_sdk_2026.6.1/rail_library/autogen/librail_release/librail_efr32xg21_gcc_release.a(generic_phy.o)
 .bss.sli_rail_4b72faa85e26b531f083bbbb46531f17
                0x20003d6c        0x1 /opt/silabs/sdks/simplicity_sdk_2026.6.1/rail_library/autogen/librail_release/librail_efr32xg21_gcc_release.a(generic_phy.o)
 .bss.sli_rail_010ea335d5b5f21fc1f3ad668fb57fb5
                0x20003d6d        0x1 /opt/silabs/sdks/simplicity_sdk_2026.6.1/rail_library/autogen/librail_release/librail_efr32xg21_gcc_release.a(generic_phy.o)
                0x20003d6d                sli_rail_010ea335d5b5f21fc1f3ad668fb57fb5
 .bss.sli_rail_031a1db1c9ae0d8e153238a8d63edd3e
                0x20003d6e        0x1 /opt/silabs/sdks/simplicity_sdk_2026.6.1/rail_library/autogen/librail_release/librail_efr32xg21_gcc_release.a(generic_phy.o)
                0x20003d6e                sli_rail_031a1db1c9ae0d8e153238a8d63edd3e
 .bss.sli_rail_45d7f5dfa3d7def00dc8e0348389e5b4
                0x20003d6f        0x1 /opt/silabs/sdks/simplicity_sdk_2026.6.1/rail_library/autogen/librail_release/librail_efr32xg21_gcc_release.a(generic_phy.o)
                0x20003d6f                sli_rail_45d7f5dfa3d7def00dc8e0348389e5b4
 *(COMMON)
                0x20003d80                        . = ALIGN (0x20)
 *fill*         0x20003d70       0x10 
                0x20003d80                        __bss_end__ = .

.noinit         0x20003d80       0x98
 *(.noinit*)
 .noinit        0x20003d80       0x98 /tmp/cc54ahiT.ltrans1.ltrans.o
                0x20003d80                halCrashInfo

text_application_ram
                0x20003e20       0x60 load address 0x00004140
                0x20003e20                        . = ALIGN (0x20)
                0x20003e20                        __vma_ramfuncs_start__ = .
 *(text_application_ram)
 text_application_ram
                0x20003e20       0x50 /tmp/cc54ahiT.ltrans2.ltrans.o
                0x20003e80                        . = ALIGN (0x20)
 *fill*         0x20003e70       0x10 
                0x20003e80                        __vma_ramfuncs_end__ = .
                0x00004140                        __lma_ramfuncs_start__ = LOADADDR (text_application_ram)
                0x000041a0                        __lma_ramfuncs_end__ = (LOADADDR (text_application_ram) + SIZEOF (text_application_ram))

.rodata

.text           0x000041a0    0x264a8
                0x000041a0                        linker_code_begin = .
 *(SORT_BY_ALIGNMENT(.text*))
 .text.startup  0x000041a0     0x1f94 /tmp/cc54ahiT.ltrans3.ltrans.o
                0x000041a0                main
 .text.deregister_tm_clones
                0x00006134       0x1c /opt/toolchains/gcc-arm-none-eabi/bin/../lib/gcc/arm-none-eabi/14.2.1/thumb/v8-m.main+fp/hard/crtbegin.o
 .text.register_tm_clones
                0x00006150       0x28 /opt/toolchains/gcc-arm-none-eabi/bin/../lib/gcc/arm-none-eabi/14.2.1/thumb/v8-m.main+fp/hard/crtbegin.o
 .text.__do_global_dtors_aux
                0x00006178       0x28 /opt/toolchains/gcc-arm-none-eabi/bin/../lib/gcc/arm-none-eabi/14.2.1/thumb/v8-m.main+fp/hard/crtbegin.o
 .text.frame_dummy
                0x000061a0       0x24 /opt/toolchains/gcc-arm-none-eabi/bin/../lib/gcc/arm-none-eabi/14.2.1/thumb/v8-m.main+fp/hard/crtbegin.o
 .text          0x000061c4       0x7c /opt/toolchains/gcc-arm-none-eabi/bin/../lib/gcc/arm-none-eabi/14.2.1/../../../../arm-none-eabi/lib/thumb/v8-m.main+fp/hard/crt0.o
                0x000061c4                _stack_init
                0x000061cc                _mainCRTStartup
                0x000061cc                _start
 .text          0x00006240     0x7038 /tmp/cc54ahiT.ltrans0.ltrans.o
                0x00006624                SMU_SECURE_IRQHandler
                0x00006ab6                bootloader_getInfo
                0x00006ae4                bootloader_rebootAndInstall
                0x00006bb8                bootloader_getAllocatedDMAChannel
                0x00006c0c                find_instance_endpoint.lto_priv.0
                0x00006c60                on_state_change.lto_priv.0
                0x00006e60                is_endpoint_empty.lto_priv.0
                0x00006e86                cpc_exit_api.lto_priv.0
                0x00006ea0                handle_to_ep_enter_api.lto_priv.0
                0x00006ede                sli_cpc_dispatcher_cancel
                0x00006f14                sli_cpc_get_buffer_handle
                0x00007070                sl_cpc_write
                0x000070dc                sl_cpc_free_rx_buffer
                0x00007104                sli_cpc_pop_core_buffer_handle
                0x00007118                sli_cpc_push_back_core_buffer_handle
                0x0000720a                psa_key_attributes_init.lto_priv.0
                0x0000721a                psa_extend_key_usage_flags.lto_priv.0.lto_priv.0
                0x0000721a                psa_extend_key_usage_flags.lto_priv.1.lto_priv.0
                0x00007232                send_request.lto_priv.0
                0x00007232                send_response.lto_priv.0
                0x00007264                security_open_endpoint.lto_priv.0
                0x000072b4                psa_status_to_sl_status.lto_priv.0
                0x00007314                set_state.lto_priv.0
                0x00007330                process_tx_queue.lto_priv.0
                0x0000764c                send_endpoint_state.lto_priv.0
                0x0000777a                mbedtls_ct_bool.lto_priv.1.lto_priv.0
                0x0000777a                mbedtls_ct_bool.lto_priv.0.lto_priv.0
                0x00007794                mbedtls_mpi_write_binary_le
                0x000077fa                mbedtls_mpi_write_binary
                0x00007862                mbedtls_mpi_cmp_int
                0x0000787c                mbedtls_ct_uint_lt.lto_priv.0
                0x000078b4                mbedtls_mpi_core_bitlen
                0x000078d0                mbedtls_mpi_bitlen
                0x000078d6                mbedtls_mpi_core_shift_r
                0x00007946                mbedtls_mpi_shift_r
                0x00007958                mbedtls_mpi_core_bigendian_to_host.part.0
                0x0000797c                mbedtls_ecp_get_type
                0x0000798e                mbedtls_ecp_point_init
                0x000079a0                mbedtls_ecp_group_init
                0x000079d4                mbedtls_ecp_check_privkey
                0x00007a54                mbedtls_ecp_write_key_ext
                0x00007aac                mbedtls_platform_zeroize.part.0
                0x00007ac0                mbedtls_zeroize_and_free
                0x00007ad6                mbedtls_mpi_free
                0x00007af2                mbedtls_ecp_point_free.part.0
                0x00007b0c                mbedtls_ecp_point_free
                0x00007b58                mbedtls_mpi_safe_cond_assign
                0x00007c9c                mbedtls_mpi_resize_clear.lto_priv.0
                0x00007cd0                mbedtls_mpi_read_binary_le
                0x00007d3a                mbedtls_mpi_read_binary
                0x00007d9c                mbedtls_mpi_copy
                0x00007e08                mbedtls_ecp_copy
                0x00007e36                mbedtls_mpi_lset
                0x00007e5e                mbedtls_ecp_set_zero
                0x00007e88                mbedtls_mpi_set_bit
                0x00007eda                mbedtls_mpi_shift_l
                0x00008066                mbedtls_mpi_mul_int_mod.part.0.lto_priv.0
                0x00008066                mbedtls_mpi_shift_l_mod.part.0.lto_priv.0
                0x0000820e                ecp_safe_invert_jac.lto_priv.0
                0x00008eba                mbedtls_mpi_mul_mod.lto_priv.0
                0x000094bc                mbedtls_ecp_check_pubkey
                0x000096b4                mbedtls_ecp_group_free
                0x00009714                mbedtls_ecp_keypair_free
                0x00009734                mbedtls_ecp_group_load
                0x0000986c                mbedtls_to_psa_error
                0x00009a82                psa_validate_unstructured_key_bit_size
                0x00009ae0                psa_allocate_buffer_to_slot
                0x00009b06                psa_get_and_lock_key_slot_with_policy
                0x00009b6c                psa_wipe_key_slot
                0x00009bac                psa_destroy_key
                0x00009bf6                mbedtls_block_cipher_free
                0x00009c98                psa_generate_random_internal.lto_priv.0
                0x00009cd4                mbedtls_psa_random_free.lto_priv.0
                0x00009cd4                sli_memory_metadata_init
                0x00009cdc                psa_crypto_init
                0x00009d34                mbedtls_psa_ecp_export_key.part.0
                0x0000a450                mbedtls_psa_hash_abort
                0x0000a478                psa_register_read.lto_priv.0
                0x0000a492                psa_reserve_free_key_slot
                0x0000a514                psa_import_key
                0x0000a764                mbedtls_block_cipher_encrypt
                0x0000ade8                mbedtls_ccm_finish
                0x0000ae6a                ccm_calculate_first_block_if_ready.lto_priv.0
                0x0000aee8                mbedtls_ccm_starts
                0x0000af50                mbedtls_ccm_update.part.0
                0x0000b438                sl_cpc_close_endpoint
                0x0000b536                security_recover_endpoint.lto_priv.0
                0x0000b560                sli_cpc_system_start
                0x0000c730                USART0_TX_IRQHandler
                0x0000ca44                decode_packet.lto_priv.0
 .text          0x0000d278     0x5e48 /tmp/cc54ahiT.ltrans1.ltrans.o
                0x0000d278                msTimerGetMaxTime.lto_priv.0
                0x0000d284                usTimerGetMaxTime.lto_priv.0
                0x0000d2d6                otPlatAlarmMilliGetNow
                0x0000d2e0                otPlatAlarmMilliStop
                0x0000d3de                otPlatAlarmMilliStartAt
                0x0000d68a                otPlatAlarmMilliFired
                0x0000d6a4                otPlatAlarmMicroFired
                0x0000d6d0                otPlatDiagAlarmFired
                0x0000d8ae                otError ot::Ncp::NcpBase::HandlePropertySet<50ul>()
                0x0000d8b6                otError ot::Ncp::NcpBase::HandlePropertySet<7ul>()
                0x0000d8ba                otError ot::Ncp::NcpBase::HandlePropertySet<44ul>()
                0x0000d8d8                otError ot::Ncp::NcpBase::HandlePropertySet<16387ul>()
                0x0000d9d2                otError ot::Ncp::NcpBase::HandlePropertySet<60ul>()
                0x0000da04                mbedtls_psa_get_random
                0x0000da18                msTimerGetNow.lto_priv.0
                0x0000da74                usTimerStart.lto_priv.0
                0x0000daa4                usTimerGetNow.lto_priv.0
                0x0000daac                usTimerStop.lto_priv.0
                0x0000dcae                otError ot::Ncp::NcpBase::HandlePropertySet<4868ul>()
                0x0000de0c                ot::Ncp::NcpCPC::HandleEndpointError(ot::Tasklet&)
                0x0000e2e4                otError ot::Ncp::NcpBase::HandlePropertySet<178ul>()
                0x0000e37c                psa_get_and_lock_key_slot
                0x0000e5f4                psa_unregister_read
                0x0000e61e                psa_is_key_present_in_storage
                0x0000e634                psa_destroy_persistent_key
                0x0000e66a                psa_save_persistent_key
                0x0000e7dc                GetNextFiredAlarm.lto_priv.0
                0x0000e808                ProcessAlarm.part.0.lto_priv.0
                0x0000e834                isTxDataOngoing() [clone .lto_priv.0]
                0x0000e83a                sli_ot_radio_state_is_transmitting_or_scanning
                0x0000e874                sli_ot_radio_events_update_config
                0x0000e8bc                otPlatRadioSetPanId
                0x0000e908                otError ot::Ncp::NcpBase::HandlePropertySet<54ul>()
                0x0000e940                otPlatRadioSetShortAddress
                0x0000e968                otError ot::Ncp::NcpBase::HandlePropertySet<53ul>()
                0x0000e99e                sli_ot_radio_channel_switching_is_multi_channel_enabled
                0x0000eb84                (anonymous namespace)::processCompletion(EnergyScan*) [clone .lto_priv.0]
                0x0000ebe8                (anonymous namespace)::timer_handler(sl_rail_multi_timer*, unsigned long, void*) [clone .lto_priv.0]
                0x0000ec6c                (anonymous namespace)::getSymbolDurationUs() [clone .lto_priv.0]
                0x0000ec94                sli_ot_radio_interface_load_rail_config
                0x0000ee96                sli_ot_energy_scan_async(otInstance*, unsigned short, unsigned long)
                0x0000f088                sli_ot_radio_security_set_mac_frame_counter
                0x0000f0bc                halInternalSysReset
                0x0000f0d8                halInternalCrashHandler
                0x0000f2b4                void ot::ClearAllBytes<ot::Mac::Key>(ot::Mac::Key&)
                0x0000f2b4                void ot::ClearAllBytes<LinkMetricsDataInfo>(LinkMetricsDataInfo&)
                0x0000f31c                ot::Radio::Sleep()
                0x0000f334                ot::Random::Manager::NonCryptoGetUint32()
                0x0000f360                ot::Tasklet::Post()
                0x0000f37c                ot::Ncp::NcpCPC::HandleOpenEndpoint()
                0x0000f418                ot::Ncp::NcpCPC::HandleOpenEndpoint(ot::Tasklet&)
                0x0000f44e                ot::Timer::Scheduler::Add(ot::Timer&, ot::Timer::Scheduler::AlarmApi const&)